Archive member included to satisfy reference by file (symbol)

C:/ST/STM32CubeIDE_1.18.1/STM32CubeIDE/plugins/com.st.stm32cube.ide.mcu.externaltools.gnu-tools-for-stm32.13.3.rel1.win32_1.0.0.202411081344/tools/bin/../lib/gcc/arm-none-eabi/13.3.1/../../../../arm-none-eabi/lib/thumb/v7e-m+dp/hard\libc_nano.a(libc_a-exit.o)
                              C:/ST/STM32CubeIDE_1.18.1/STM32CubeIDE/plugins/com.st.stm32cube.ide.mcu.externaltools.gnu-tools-for-stm32.13.3.rel1.win32_1.0.0.202411081344/tools/bin/../lib/gcc/arm-none-eabi/13.3.1/../../../../arm-none-eabi/lib/thumb/v7e-m+dp/hard/crt0.o (exit)
C:/ST/STM32CubeIDE_1.18.1/STM32CubeIDE/plugins/com.st.stm32cube.ide.mcu.externaltools.gnu-tools-for-stm32.13.3.rel1.win32_1.0.0.202411081344/tools/bin/../lib/gcc/arm-none-eabi/13.3.1/../../../../arm-none-eabi/lib/thumb/v7e-m+dp/hard\libc_nano.a(libc_a-findfp.o)
                              C:/ST/STM32CubeIDE_1.18.1/STM32CubeIDE/plugins/com.st.stm32cube.ide.mcu.externaltools.gnu-tools-for-stm32.13.3.rel1.win32_1.0.0.202411081344/tools/bin/../lib/gcc/arm-none-eabi/13.3.1/../../../../arm-none-eabi/lib/thumb/v7e-m+dp/hard\libc_nano.a(libc_a-exit.o) (__stdio_exit_handler)
C:/ST/STM32CubeIDE_1.18.1/STM32CubeIDE/plugins/com.st.stm32cube.ide.mcu.externaltools.gnu-tools-for-stm32.13.3.rel1.win32_1.0.0.202411081344/tools/bin/../lib/gcc/arm-none-eabi/13.3.1/../../../../arm-none-eabi/lib/thumb/v7e-m+dp/hard\libc_nano.a(libc_a-fwalk.o)
                              C:/ST/STM32CubeIDE_1.18.1/STM32CubeIDE/plugins/com.st.stm32cube.ide.mcu.externaltools.gnu-tools-for-stm32.13.3.rel1.win32_1.0.0.202411081344/tools/bin/../lib/gcc/arm-none-eabi/13.3.1/../../../../arm-none-eabi/lib/thumb/v7e-m+dp/hard\libc_nano.a(libc_a-findfp.o) (_fwalk_sglue)
C:/ST/STM32CubeIDE_1.18.1/STM32CubeIDE/plugins/com.st.stm32cube.ide.mcu.externaltools.gnu-tools-for-stm32.13.3.rel1.win32_1.0.0.202411081344/tools/bin/../lib/gcc/arm-none-eabi/13.3.1/../../../../arm-none-eabi/lib/thumb/v7e-m+dp/hard\libc_nano.a(libc_a-stdio.o)
                              C:/ST/STM32CubeIDE_1.18.1/STM32CubeIDE/plugins/com.st.stm32cube.ide.mcu.externaltools.gnu-tools-for-stm32.13.3.rel1.win32_1.0.0.202411081344/tools/bin/../lib/gcc/arm-none-eabi/13.3.1/../../../../arm-none-eabi/lib/thumb/v7e-m+dp/hard\libc_nano.a(libc_a-findfp.o) (__sread)
C:/ST/STM32CubeIDE_1.18.1/STM32CubeIDE/plugins/com.st.stm32cube.ide.mcu.externaltools.gnu-tools-for-stm32.13.3.rel1.win32_1.0.0.202411081344/tools/bin/../lib/gcc/arm-none-eabi/13.3.1/../../../../arm-none-eabi/lib/thumb/v7e-m+dp/hard\libc_nano.a(libc_a-memset.o)
                              C:/ST/STM32CubeIDE_1.18.1/STM32CubeIDE/plugins/com.st.stm32cube.ide.mcu.externaltools.gnu-tools-for-stm32.13.3.rel1.win32_1.0.0.202411081344/tools/bin/../lib/gcc/arm-none-eabi/13.3.1/../../../../arm-none-eabi/lib/thumb/v7e-m+dp/hard/crt0.o (memset)
C:/ST/STM32CubeIDE_1.18.1/STM32CubeIDE/plugins/com.st.stm32cube.ide.mcu.externaltools.gnu-tools-for-stm32.13.3.rel1.win32_1.0.0.202411081344/tools/bin/../lib/gcc/arm-none-eabi/13.3.1/../../../../arm-none-eabi/lib/thumb/v7e-m+dp/hard\libc_nano.a(libc_a-closer.o)
                              C:/ST/STM32CubeIDE_1.18.1/STM32CubeIDE/plugins/com.st.stm32cube.ide.mcu.externaltools.gnu-tools-for-stm32.13.3.rel1.win32_1.0.0.202411081344/tools/bin/../lib/gcc/arm-none-eabi/13.3.1/../../../../arm-none-eabi/lib/thumb/v7e-m+dp/hard\libc_nano.a(libc_a-stdio.o) (_close_r)
C:/ST/STM32CubeIDE_1.18.1/STM32CubeIDE/plugins/com.st.stm32cube.ide.mcu.externaltools.gnu-tools-for-stm32.13.3.rel1.win32_1.0.0.202411081344/tools/bin/../lib/gcc/arm-none-eabi/13.3.1/../../../../arm-none-eabi/lib/thumb/v7e-m+dp/hard\libc_nano.a(libc_a-reent.o)
                              C:/ST/STM32CubeIDE_1.18.1/STM32CubeIDE/plugins/com.st.stm32cube.ide.mcu.externaltools.gnu-tools-for-stm32.13.3.rel1.win32_1.0.0.202411081344/tools/bin/../lib/gcc/arm-none-eabi/13.3.1/../../../../arm-none-eabi/lib/thumb/v7e-m+dp/hard\libc_nano.a(libc_a-closer.o) (errno)
C:/ST/STM32CubeIDE_1.18.1/STM32CubeIDE/plugins/com.st.stm32cube.ide.mcu.externaltools.gnu-tools-for-stm32.13.3.rel1.win32_1.0.0.202411081344/tools/bin/../lib/gcc/arm-none-eabi/13.3.1/../../../../arm-none-eabi/lib/thumb/v7e-m+dp/hard\libc_nano.a(libc_a-impure.o)
                              C:/ST/STM32CubeIDE_1.18.1/STM32CubeIDE/plugins/com.st.stm32cube.ide.mcu.externaltools.gnu-tools-for-stm32.13.3.rel1.win32_1.0.0.202411081344/tools/bin/../lib/gcc/arm-none-eabi/13.3.1/../../../../arm-none-eabi/lib/thumb/v7e-m+dp/hard\libc_nano.a(libc_a-reent.o) (_impure_ptr)
C:/ST/STM32CubeIDE_1.18.1/STM32CubeIDE/plugins/com.st.stm32cube.ide.mcu.externaltools.gnu-tools-for-stm32.13.3.rel1.win32_1.0.0.202411081344/tools/bin/../lib/gcc/arm-none-eabi/13.3.1/../../../../arm-none-eabi/lib/thumb/v7e-m+dp/hard\libc_nano.a(libc_a-lseekr.o)
[...]
Memory Configuration

Name             Origin             Length             Attributes
RAM              0x20000000         0x00080000         xrw
FLASH            0x08000000         0x00200000         xr
*default*        0x00000000         0xffffffff

Linker script and memory map

LOAD C:/ST/STM32CubeIDE_1.18.1/STM32CubeIDE/plugins/com.st.stm32cube.ide.mcu.externaltools.gnu-tools-for-stm32.13.3.rel1.win32_1.0.0.202411081344/tools/bin/../lib/gcc/arm-none-eabi/13.3.1/thumb/v7e-m+dp/hard/crti.o
LOAD C:/ST/STM32CubeIDE_1.18.1/STM32CubeIDE/plugins/com.st.stm32cube.ide.mcu.externaltools.gnu-tools-for-stm32.13.3.rel1.win32_1.0.0.202411081344/tools/bin/../lib/gcc/arm-none-eabi/13.3.1/thumb/v7e-m+dp/hard/crtbegin.o
LOAD C:/ST/STM32CubeIDE_1.18.1/STM32CubeIDE/plugins/com.st.stm32cube.ide.mcu.externaltools.gnu-tools-for-stm32.13.3.rel1.win32_1.0.0.202411081344/tools/bin/../lib/gcc/arm-none-eabi/13.3.1/../../../../arm-none-eabi/lib/thumb/v7e-m+dp/hard/crt0.o
LOAD ./Core/Src/ball_detector_task.o
LOAD ./Core/Src/drive_task.o
LOAD ./Core/Src/freertos.o
LOAD ./Core/Src/kick_task.o
LOAD ./Core/Src/main.o
LOAD ./Core/Src/radio_task.o
LOAD ./Core/Src/stm32f7xx_hal_msp.o
LOAD ./Core/Src/stm32f7xx_hal_timebase_tim.o
LOAD ./Core/Src/stm32f7xx_it.o
LOAD ./Core/Src/syscalls.o
LOAD ./Core/Src/sysmem.o
LOAD ./Core/Src/system_globals.o
LOAD ./Core/Src/system_init.o
LOAD ./Core/Src/system_stm32f7xx.o
LOAD ./Core/Startup/startup_stm32f767bitx.o
LOAD ./Drivers/STM32F7xx_HAL_Driver/Src/stm32f7xx_hal.o
LOAD ./Drivers/STM32F7xx_HAL_Driver/Src/stm32f7xx_hal_cortex.o
LOAD ./Drivers/STM32F7xx_HAL_Driver/Src/stm32f7xx_hal_dma.o
LOAD ./Drivers/STM32F7xx_HAL_Driver/Src/stm32f7xx_hal_dma_ex.o
LOAD ./Drivers/STM32F7xx_HAL_Driver/Src/stm32f7xx_hal_exti.o
LOAD ./Drivers/STM32F7xx_HAL_Driver/Src/stm32f7xx_hal_flash.o
LOAD ./Drivers/STM32F7xx_HAL_Driver/Src/stm32f7xx_hal_flash_ex.o
LOAD ./Drivers/STM32F7xx_HAL_Driver/Src/stm32f7xx_hal_gpio.o
LOAD ./Drivers/STM32F7xx_HAL_Driver/Src/stm32f7xx_hal_i2c.o
LOAD ./Drivers/STM32F7xx_HAL_Driver/Src/stm32f7xx_hal_i2c_ex.o
LOAD ./Drivers/STM32F7xx_HAL_Driver/Src/stm32f7xx_hal_pwr.o
LOAD ./Drivers/STM32F7xx_HAL_Driver/Src/stm32f7xx_hal_pwr_ex.o
LOAD ./Drivers/STM32F7xx_HAL_Driver/Src/stm32f7xx_hal_rcc.o
LOAD ./Drivers/STM32F7xx_HAL_Driver/Src/stm32f7xx_hal_rcc_ex.o
LOAD ./Drivers/STM32F7xx_HAL_Driver/Src/stm32f7xx_hal_spi.o
LOAD ./Drivers/STM32F7xx_HAL_Driver/Src/stm32f7xx_hal_spi_ex.o
LOAD ./Drivers/STM32F7xx_HAL_Driver/Src/stm32f7xx_hal_tim.o
LOAD ./Drivers/STM32F7xx_HAL_Driver/Src/stm32f7xx_hal_tim_ex.o
LOAD ./Drivers/STM32F7xx_HAL_Driver/Src/stm32f7xx_hal_uart.o
LOAD ./Drivers/STM32F7xx_HAL_Driver/Src/stm32f7xx_hal_uart_ex.o
LOAD ./Middlewares/Third_Party/FreeRTOS/Source/CMSIS_RTOS/cmsis_os.o
LOAD ./Middlewares/Third_Party/FreeRTOS/Source/croutine.o
LOAD ./Middlewares/Third_Party/FreeRTOS/Source/event_groups.o
LOAD ./Middlewares/Third_Party/FreeRTOS/Source/list.o
LOAD ./Middlewares/Third_Party/FreeRTOS/Source/queue.o
LOAD ./Middlewares/Third_Party/FreeRTOS/Source/stream_buffer.o
LOAD ./Middlewares/Third_Party/FreeRTOS/Source/tasks.o
LOAD ./Middlewares/Third_Party/FreeRTOS/Source/timers.o
LOAD ./Middlewares/Third_Party/FreeRTOS/Source/portable/GCC/ARM_CM7/r0p1/port.o
LOAD ./Middlewares/Third_Party/FreeRTOS/Source/portable/MemMang/heap_4.o
LOAD ./Tools/MAX5814.o
LOAD ./Tools/MAX581x.o
LOAD ./Tools/PID.o
LOAD ./Tools/board.o
LOAD ./Tools/encoder.o
LOAD ./Tools/motor.o
LOAD ./Tools/nrf24.o
LOAD ./Tools/vl6180x.o
START GROUP
LOAD C:/ST/STM32CubeIDE_1.18.1/STM32CubeIDE/plugins/com.st.stm32cube.ide.mcu.externaltools.gnu-tools-for-stm32.13.3.rel1.win32_1.0.0.202411081344/tools/bin/../lib/gcc/arm-none-eabi/13.3.1/../../../../arm-none-eabi/lib/thumb/v7e-m+dp/hard\libc_nano.a
LOAD C:/ST/STM32CubeIDE_1.18.1/STM32CubeIDE/plugins/com.st.stm32cube.ide.mcu.externaltools.gnu-tools-for-stm32.13.3.rel1.win32_1.0.0.202411081344/tools/bin/../lib/gcc/arm-none-eabi/13.3.1/../../../../arm-none-eabi/lib/thumb/v7e-m+dp/hard\libm.a
END GROUP
START GROUP
LOAD C:/ST/STM32CubeIDE_1.18.1/STM32CubeIDE/plugins/com.st.stm32cube.ide.mcu.externaltools.gnu-tools-for-stm32.13.3.rel1.win32_1.0.0.202411081344/tools/bin/../lib/gcc/arm-none-eabi/13.3.1/thumb/v7e-m+dp/hard\libgcc.a
LOAD C:/ST/STM32CubeIDE_1.18.1/STM32CubeIDE/plugins/com.st.stm32cube.ide.mcu.externaltools.gnu-tools-for-stm32.13.3.rel1.win32_1.0.0.202411081344/tools/bin/../lib/gcc/arm-none-eabi/13.3.1/../../../../arm-none-eabi/lib/thumb/v7e-m+dp/hard\libc_nano.a
END GROUP
START GROUP
LOAD C:/ST/STM32CubeIDE_1.18.1/STM32CubeIDE/plugins/com.st.stm32cube.ide.mcu.externaltools.gnu-tools-for-stm32.13.3.rel1.win32_1.0.0.202411081344/tools/bin/../lib/gcc/arm-none-eabi/13.3.1/thumb/v7e-m+dp/hard\libgcc.a
LOAD C:/ST/STM32CubeIDE_1.18.1/STM32CubeIDE/plugins/com.st.stm32cube.ide.mcu.externaltools.gnu-tools-for-stm32.13.3.rel1.win32_1.0.0.202411081344/tools/bin/../lib/gcc/arm-none-eabi/13.3.1/../../../../arm-none-eabi/lib/thumb/v7e-m+dp/hard\libc_nano.a
LOAD C:/ST/STM32CubeIDE_1.18.1/STM32CubeIDE/plugins/com.st.stm32cube.ide.mcu.externaltools.gnu-tools-for-stm32.13.3.rel1.win32_1.0.0.202411081344/tools/bin/../lib/gcc/arm-none-eabi/13.3.1/../../../../arm-none-eabi/lib/thumb/v7e-m+dp/hard\libnosys.a
END GROUP
START GROUP
LOAD C:/ST/STM32CubeIDE_1.18.1/STM32CubeIDE/plugins/com.st.stm32cube.ide.mcu.externaltools.gnu-tools-for-stm32.13.3.rel1.win32_1.0.0.202411081344/tools/bin/../lib/gcc/arm-none-eabi/13.3.1/thumb/v7e-m+dp/hard\libgcc.a
LOAD C:/ST/STM32CubeIDE_1.18.1/STM32CubeIDE/plugins/com.st.stm32cube.ide.mcu.externaltools.gnu-tools-for-stm32.13.3.rel1.win32_1.0.0.202411081344/tools/bin/../lib/gcc/arm-none-eabi/13.3.1/../../../../arm-none-eabi/lib/thumb/v7e-m+dp/hard\libc_nano.a
LOAD C:/ST/STM32CubeIDE_1.18.1/STM32CubeIDE/plugins/com.st.stm32cube.ide.mcu.externaltools.gnu-tools-for-stm32.13.3.rel1.win32_1.0.0.202411081344/tools/bin/../lib/gcc/arm-none-eabi/13.3.1/../../../../arm-none-eabi/lib/thumb/v7e-m+dp/hard\libnosys.a
END GROUP
LOAD C:/ST/STM32CubeIDE_1.18.1/STM32CubeIDE/plugins/com.st.stm32cube.ide.mcu.externaltools.gnu-tools-for-stm32.13.3.rel1.win32_1.0.0.202411081344/tools/bin/../lib/gcc/arm-none-eabi/13.3.1/thumb/v7e-m+dp/hard/crtend.o
LOAD C:/ST/STM32CubeIDE_1.18.1/STM32CubeIDE/plugins/com.st.stm32cube.ide.mcu.externaltools.gnu-tools-for-stm32.13.3.rel1.win32_1.0.0.202411081344/tools/bin/../lib/gcc/arm-none-eabi/13.3.1/thumb/v7e-m+dp/hard/crtn.o
                0x20080000                        _estack = (ORIGIN (RAM) + LENGTH (RAM))
                0x00000200                        _Min_Heap_Size = 0x200
                0x00000400                        _Min_Stack_Size = 0x400

.isr_vector     0x08000000      0x1f8
                0x08000000                        . = ALIGN (0x4)
 *(.isr_vector)
 .isr_vector    0x08000000      0x1f8 ./Core/Startup/startup_stm32f767bitx.o
                0x08000000                g_pfnVectors
                0x080001f8                        . = ALIGN (0x4)

.text           0x08000200     0xa620
                0x08000200                        . = ALIGN (0x4)
 *(.text)
 .text          0x08000200       0x40 C:/ST/STM32CubeIDE_1.18.1/STM32CubeIDE/plugins/com.st.stm32cube.ide.mcu.externaltools.gnu-tools-for-stm32.13.3.rel1.win32_1.0.0.202411081344/tools/bin/../lib/gcc/arm-none-eabi/13.3.1/thumb/v7e-m+dp/hard/crtbegin.o
 .text          0x08000240       0x30 C:/ST/STM32CubeIDE_1.18.1/STM32CubeIDE/plugins/com.st.stm32cube.ide.mcu.externaltools.gnu-tools-for-stm32.13.3.rel1.win32_1.0.0.202411081344/tools/bin/../lib/gcc/arm-none-eabi/13.3.1/thumb/v7e-m+dp/hard\libgcc.a(_aeabi_uldivmod.o)
                0x08000240                __aeabi_uldivmod
 .text          0x08000270      0x2f8 C:/ST/STM32CubeIDE_1.18.1/STM32CubeIDE/plugins/com.st.stm32cube.ide.mcu.externaltools.gnu-tools-for-stm32.13.3.rel1.win32_1.0.0.202411081344/tools/bin/../lib/gcc/arm-none-eabi/13.3.1/thumb/v7e-m+dp/hard\libgcc.a(_udivmoddi4.o)
                0x08000270                __udivmoddi4
 .text          0x08000568        0x4 C:/ST/STM32CubeIDE_1.18.1/STM32CubeIDE/plugins/com.st.stm32cube.ide.mcu.externaltools.gnu-tools-for-stm32.13.3.rel1.win32_1.0.0.202411081344/tools/bin/../lib/gcc/arm-none-eabi/13.3.1/thumb/v7e-m+dp/hard\libgcc.a(_dvmd_tls.o)
                0x08000568                __aeabi_idiv0
                0x08000568                __aeabi_ldiv0
 *(.text*)
 .text.BallDetectorFunction
                0x0800056c       0xc8 ./Core/Src/ball_detector_task.o
                0x0800056c                BallDetectorFunction
 .text.DriveFunction
                0x08000634      0x448 ./Core/Src/drive_task.o
                0x08000634                DriveFunction
 .text.setSpeed
                0x08000a7c      0x36c ./Core/Src/drive_task.o
                0x08000a7c                setSpeed
 .text.KickFunction
                0x08000de8       0xb8 ./Core/Src/kick_task.o
                0x08000de8                KickFunction
 .text.getDribbler_speed
                0x08000ea0       0x24 ./Core/Src/kick_task.o
                0x08000ea0                getDribbler_speed
 .text.getKickerStatus
                0x08000ec4       0x24 ./Core/Src/kick_task.o
                0x08000ec4                getKickerStatus
 .text.main     0x08000ee8      0x22c ./Core/Src/main.o
                0x08000ee8                main
 .text.HAL_TIM_PeriodElapsedCallback
                0x08001114       0x24 ./Core/Src/main.o
                0x08001114                HAL_TIM_PeriodElapsedCallback
 .text.Error_Handler
                0x08001138        0xe ./Core/Src/main.o
                0x08001138                Error_Handler
 *fill*         0x08001146        0x2 
 .text.RadioFunction
                0x08001148      0x1ec ./Core/Src/radio_task.o
                0x08001148                RadioFunction
 .text.updateBuffer
                0x08001334       0x8c ./Core/Src/radio_task.o
                0x08001334                updateBuffer
 .text.nRF24_TxPacket
                0x080013c0       0xa4 ./Core/Src/radio_task.o
                0x080013c0                nRF24_TxPacket
 .text.HAL_MspInit
                0x08001464       0x50 ./Core/Src/stm32f7xx_hal_msp.o
                0x08001464                HAL_MspInit
 .text.HAL_I2C_MspInit
                0x080014b4      0x1dc ./Core/Src/stm32f7xx_hal_msp.o
                0x080014b4                HAL_I2C_MspInit
 .text.HAL_SPI_MspInit
                0x08001690       0x88 ./Core/Src/stm32f7xx_hal_msp.o
                0x08001690                HAL_SPI_MspInit
 .text.HAL_TIM_Encoder_MspInit
                0x08001718      0x1b0 ./Core/Src/stm32f7xx_hal_msp.o
                0x08001718                HAL_TIM_Encoder_MspInit
 .text.HAL_UART_MspInit
                0x080018c8      0x17c ./Core/Src/stm32f7xx_hal_msp.o
                0x080018c8                HAL_UART_MspInit
 .text.HAL_InitTick
                0x08001a44       0xe4 ./Core/Src/stm32f7xx_hal_timebase_tim.o
                0x08001a44                HAL_InitTick
 .text.NMI_Handler
                0x08001b28        0xe ./Core/Src/stm32f7xx_it.o
                0x08001b28                NMI_Handler
 .text.HardFault_Handler
                0x08001b36        0x8 ./Core/Src/stm32f7xx_it.o
                0x08001b36                HardFault_Handler
 .text.MemManage_Handler
                0x08001b3e        0x8 ./Core/Src/stm32f7xx_it.o
                0x08001b3e                MemManage_Handler
 .text.BusFault_Handler
                0x08001b46        0x8 ./Core/Src/stm32f7xx_it.o
                0x08001b46                BusFault_Handler
 .text.UsageFault_Handler
                0x08001b4e        0x8 ./Core/Src/stm32f7xx_it.o
                0x08001b4e                UsageFault_Handler
 .text.DebugMon_Handler
                0x08001b56        0xe ./Core/Src/stm32f7xx_it.o
                0x08001b56                DebugMon_Handler
 .text.TIM1_UP_TIM10_IRQHandler
                0x08001b64       0x14 ./Core/Src/stm32f7xx_it.o
                0x08001b64                TIM1_UP_TIM10_IRQHandler
 .text.DMA1_Stream7_IRQHandler
                0x08001b78       0x14 ./Core/Src/stm32f7xx_it.o
                0x08001b78                DMA1_Stream7_IRQHandler
 .text.SystemClock_Config
                0x08001b8c       0xdc ./Core/Src/system_init.o
                0x08001b8c                SystemClock_Config
 .text.MX_I2C1_Init
                0x08001c68       0x80 ./Core/Src/system_init.o
                0x08001c68                MX_I2C1_Init
 .text.MX_I2C2_Init
                0x08001ce8       0x80 ./Core/Src/system_init.o
                0x08001ce8                MX_I2C2_Init
 .text.MX_I2C3_Init
                0x08001d68       0x80 ./Core/Src/system_init.o
                0x08001d68                MX_I2C3_Init
 .text.MX_SPI1_Init
                0x08001de8       0x84 ./Core/Src/system_init.o
                0x08001de8                MX_SPI1_Init
 .text.MX_UART5_Init
                0x08001e6c       0x68 ./Core/Src/system_init.o
                0x08001e6c                MX_UART5_Init
 .text.MX_TIM2_Init
                0x08001ed4       0xa8 ./Core/Src/system_init.o
                0x08001ed4                MX_TIM2_Init
 .text.MX_TIM3_Init
                0x08001f7c       0xac ./Core/Src/system_init.o
                0x08001f7c                MX_TIM3_Init
 .text.MX_TIM5_Init
                0x08002028       0xac ./Core/Src/system_init.o
                0x08002028                MX_TIM5_Init
 .text.MX_TIM8_Init
                0x080020d4       0xb4 ./Core/Src/system_init.o
                0x080020d4                MX_TIM8_Init
 .text.MX_GPIO_Init
                0x08002188      0x330 ./Core/Src/system_init.o
                0x08002188                MX_GPIO_Init
 .text.SystemInit
                0x080024b8       0x6c ./Core/Src/system_stm32f7xx.o
                0x080024b8                SystemInit
 .text.Reset_Handler
                0x08002524       0x50 ./Core/Startup/startup_stm32f767bitx.o
                0x08002524                Reset_Handler
 .text.Default_Handler
                0x08002574        0x2 ./Core/Startup/startup_stm32f767bitx.o
                0x08002574                RTC_Alarm_IRQHandler
                0x08002574                EXTI2_IRQHandler
                0x08002574                TIM8_CC_IRQHandler
                0x08002574                UART8_IRQHandler
                0x08002574                SPI4_IRQHandler
                0x08002574                TIM1_CC_IRQHandler
                0x08002574                DMA2_Stream5_IRQHandler
                0x08002574                JPEG_IRQHandler
                0x08002574                DMA1_Stream5_IRQHandler
                0x08002574                CAN3_RX1_IRQHandler
                0x08002574                PVD_IRQHandler
                0x08002574                TAMP_STAMP_IRQHandler
                0x08002574                CAN2_RX1_IRQHandler
                0x08002574                EXTI3_IRQHandler
                0x08002574                TIM8_TRG_COM_TIM14_IRQHandler
                0x08002574                DFSDM1_FLT1_IRQHandler
                0x08002574                TIM8_UP_TIM13_IRQHandler
                0x08002574                I2C3_ER_IRQHandler
                0x08002574                DFSDM1_FLT2_IRQHandler
                0x08002574                EXTI0_IRQHandler
                0x08002574                I2C2_EV_IRQHandler
                0x08002574                DMA1_Stream2_IRQHandler
                0x08002574                CAN1_RX0_IRQHandler
                0x08002574                FPU_IRQHandler
                0x08002574                OTG_HS_WKUP_IRQHandler
                0x08002574                CAN3_SCE_IRQHandler
                0x08002574                LTDC_ER_IRQHandler
                0x08002574                CAN2_SCE_IRQHandler
                0x08002574                DMA2_Stream2_IRQHandler
                0x08002574                SPI1_IRQHandler
                0x08002574                TIM6_DAC_IRQHandler
                0x08002574                TIM1_BRK_TIM9_IRQHandler
                0x08002574                DCMI_IRQHandler
                0x08002574                CAN2_RX0_IRQHandler
                0x08002574                DMA2_Stream3_IRQHandler
                0x08002574                SAI2_IRQHandler
                0x08002574                DFSDM1_FLT3_IRQHandler
                0x08002574                USART6_IRQHandler
                0x08002574                CAN3_RX0_IRQHandler
                0x08002574                USART3_IRQHandler
                0x08002574                CAN1_RX1_IRQHandler
                0x08002574                UART5_IRQHandler
                0x08002574                DMA2_Stream0_IRQHandler
                0x08002574                TIM4_IRQHandler
                0x08002574                QUADSPI_IRQHandler
                0x08002574                I2C1_EV_IRQHandler
                0x08002574                DMA1_Stream6_IRQHandler
                0x08002574                DMA1_Stream1_IRQHandler
                0x08002574                UART4_IRQHandler
                0x08002574                TIM3_IRQHandler
                0x08002574                RCC_IRQHandler
                0x08002574                TIM8_BRK_TIM12_IRQHandler
                0x08002574                Default_Handler
                0x08002574                CEC_IRQHandler
                0x08002574                EXTI15_10_IRQHandler
                0x08002574                ADC_IRQHandler
                0x08002574                SPI5_IRQHandler
                0x08002574                TIM7_IRQHandler
                0x08002574                SDMMC1_IRQHandler
                0x08002574                CAN2_TX_IRQHandler
                0x08002574                TIM5_IRQHandler
                0x08002574                DMA2_Stream7_IRQHandler
                0x08002574                I2C3_EV_IRQHandler
                0x08002574                EXTI9_5_IRQHandler
                0x08002574                RTC_WKUP_IRQHandler
                0x08002574                LTDC_IRQHandler
                0x08002574                ETH_WKUP_IRQHandler
                0x08002574                SPDIF_RX_IRQHandler
                0x08002574                SPI2_IRQHandler
                0x08002574                OTG_HS_EP1_IN_IRQHandler
                0x08002574                DMA1_Stream0_IRQHandler
                0x08002574                CAN1_TX_IRQHandler
                0x08002574                EXTI4_IRQHandler
                0x08002574                RNG_IRQHandler
                0x08002574                ETH_IRQHandler
                0x08002574                OTG_HS_EP1_OUT_IRQHandler
                0x08002574                WWDG_IRQHandler
                0x08002574                SPI6_IRQHandler
                0x08002574                MDIOS_IRQHandler
                0x08002574                I2C4_EV_IRQHandler
                0x08002574                CAN3_TX_IRQHandler
                0x08002574                TIM2_IRQHandler
                0x08002574                OTG_FS_WKUP_IRQHandler
                0x08002574                TIM1_TRG_COM_TIM11_IRQHandler
                0x08002574                OTG_HS_IRQHandler
                0x08002574                DMA2D_IRQHandler
                0x08002574                EXTI1_IRQHandler
                0x08002574                SDMMC2_IRQHandler
                0x08002574                UART7_IRQHandler
                0x08002574                USART2_IRQHandler
                0x08002574                DFSDM1_FLT0_IRQHandler
                0x08002574                I2C2_ER_IRQHandler
                0x08002574                DMA2_Stream1_IRQHandler
                0x08002574                CAN1_SCE_IRQHandler
                0x08002574                FLASH_IRQHandler
                0x08002574                DMA2_Stream4_IRQHandler
                0x08002574                USART1_IRQHandler
                0x08002574                OTG_FS_IRQHandler
                0x08002574                SPI3_IRQHandler
                0x08002574                DMA1_Stream4_IRQHandler
                0x08002574                I2C1_ER_IRQHandler
                0x08002574                FMC_IRQHandler
                0x08002574                LPTIM1_IRQHandler
                0x08002574                I2C4_ER_IRQHandler
                0x08002574                DMA2_Stream6_IRQHandler
                0x08002574                SAI1_IRQHandler
                0x08002574                DMA1_Stream3_IRQHandler
 .text.HAL_Init
                0x08002576       0x1a ./Drivers/STM32F7xx_HAL_Driver/Src/stm32f7xx_hal.o
                0x08002576                HAL_Init
 .text.HAL_IncTick
                0x08002590       0x28 ./Drivers/STM32F7xx_HAL_Driver/Src/stm32f7xx_hal.o
                0x08002590                HAL_IncTick
 .text.HAL_GetTick
                0x080025b8       0x18 ./Drivers/STM32F7xx_HAL_Driver/Src/stm32f7xx_hal.o
                0x080025b8                HAL_GetTick
 .text.HAL_Delay
                0x080025d0       0x48 ./Drivers/STM32F7xx_HAL_Driver/Src/stm32f7xx_hal.o
                0x080025d0                HAL_Delay
 .text.__NVIC_SetPriorityGrouping
                0x08002618       0x48 ./Drivers/STM32F7xx_HAL_Driver/Src/stm32f7xx_hal_cortex.o
 .text.__NVIC_GetPriorityGrouping
                0x08002660       0x1c ./Drivers/STM32F7xx_HAL_Driver/Src/stm32f7xx_hal_cortex.o
 .text.__NVIC_EnableIRQ
                0x0800267c       0x3c ./Drivers/STM32F7xx_HAL_Driver/Src/stm32f7xx_hal_cortex.o
 .text.__NVIC_SetPriority
                0x080026b8       0x54 ./Drivers/STM32F7xx_HAL_Driver/Src/stm32f7xx_hal_cortex.o
 .text.NVIC_EncodePriority
                0x0800270c       0x66 ./Drivers/STM32F7xx_HAL_Driver/Src/stm32f7xx_hal_cortex.o
 .text.HAL_NVIC_SetPriorityGrouping
                0x08002772       0x16 ./Drivers/STM32F7xx_HAL_Driver/Src/stm32f7xx_hal_cortex.o
                0x08002772                HAL_NVIC_SetPriorityGrouping
 .text.HAL_NVIC_SetPriority
                0x08002788       0x38 ./Drivers/STM32F7xx_HAL_Driver/Src/stm32f7xx_hal_cortex.o
                0x08002788                HAL_NVIC_SetPriority
 .text.HAL_NVIC_EnableIRQ
                0x080027c0       0x1c ./Drivers/STM32F7xx_HAL_Driver/Src/stm32f7xx_hal_cortex.o
                0x080027c0                HAL_NVIC_EnableIRQ
 .text.HAL_DMA_Init
                0x080027dc      0x15c ./Drivers/STM32F7xx_HAL_Driver/Src/stm32f7xx_hal_dma.o
                0x080027dc                HAL_DMA_Init
 .text.HAL_DMA_IRQHandler
                0x08002938      0x314 ./Drivers/STM32F7xx_HAL_Driver/Src/stm32f7xx_hal_dma.o
                0x08002938                HAL_DMA_IRQHandler
 .text.DMA_CalcBaseAndBitshift
                0x08002c4c       0x6c ./Drivers/STM32F7xx_HAL_Driver/Src/stm32f7xx_hal_dma.o
 .text.DMA_CheckFifoParam
                0x08002cb8       0xf8 ./Drivers/STM32F7xx_HAL_Driver/Src/stm32f7xx_hal_dma.o
 .text.HAL_GPIO_Init
                0x08002db0      0x358 ./Drivers/STM32F7xx_HAL_Driver/Src/stm32f7xx_hal_gpio.o
                0x08002db0                HAL_GPIO_Init
 .text.HAL_GPIO_ReadPin
                0x08003108       0x30 ./Drivers/STM32F7xx_HAL_Driver/Src/stm32f7xx_hal_gpio.o
                0x08003108                HAL_GPIO_ReadPin
 .text.HAL_GPIO_WritePin
                0x08003138       0x32 ./Drivers/STM32F7xx_HAL_Driver/Src/stm32f7xx_hal_gpio.o
                0x08003138                HAL_GPIO_WritePin
 .text.HAL_GPIO_TogglePin
                0x0800316a       0x34 ./Drivers/STM32F7xx_HAL_Driver/Src/stm32f7xx_hal_gpio.o
                0x0800316a                HAL_GPIO_TogglePin
 *fill*         0x0800319e        0x2 
 .text.HAL_I2C_Init
                0x080031a0      0x120 ./Drivers/STM32F7xx_HAL_Driver/Src/stm32f7xx_hal_i2c.o
                0x080031a0                HAL_I2C_Init
 .text.HAL_I2C_Master_Transmit
                0x080032c0      0x1e8 ./Drivers/STM32F7xx_HAL_Driver/Src/stm32f7xx_hal_i2c.o
                0x080032c0                HAL_I2C_Master_Transmit
 .text.HAL_I2C_Master_Receive
                0x080034a8      0x1ec ./Drivers/STM32F7xx_HAL_Driver/Src/stm32f7xx_hal_i2c.o
                0x080034a8                HAL_I2C_Master_Receive
 .text.I2C_Flush_TXDR
                0x08003694       0x48 ./Drivers/STM32F7xx_HAL_Driver/Src/stm32f7xx_hal_i2c.o
 .text.I2C_WaitOnFlagUntilTimeout
                0x080036dc       0x80 ./Drivers/STM32F7xx_HAL_Driver/Src/stm32f7xx_hal_i2c.o
 .text.I2C_WaitOnTXISFlagUntilTimeout
                0x0800375c       0x80 ./Drivers/STM32F7xx_HAL_Driver/Src/stm32f7xx_hal_i2c.o
 .text.I2C_WaitOnSTOPFlagUntilTimeout
                0x080037dc       0x78 ./Drivers/STM32F7xx_HAL_Driver/Src/stm32f7xx_hal_i2c.o
 .text.I2C_WaitOnRXNEFlagUntilTimeout
                0x08003854       0xf4 ./Drivers/STM32F7xx_HAL_Driver/Src/stm32f7xx_hal_i2c.o
 .text.I2C_IsErrorOccurred
                0x08003948      0x1c0 ./Drivers/STM32F7xx_HAL_Driver/Src/stm32f7xx_hal_i2c.o
 .text.I2C_TransferConfig
                0x08003b08       0x64 ./Drivers/STM32F7xx_HAL_Driver/Src/stm32f7xx_hal_i2c.o
 .text.HAL_I2CEx_ConfigAnalogFilter
                0x08003b6c       0x96 ./Drivers/STM32F7xx_HAL_Driver/Src/stm32f7xx_hal_i2c_ex.o
                0x08003b6c                HAL_I2CEx_ConfigAnalogFilter
 .text.HAL_I2CEx_ConfigDigitalFilter
                0x08003c02       0x98 ./Drivers/STM32F7xx_HAL_Driver/Src/stm32f7xx_hal_i2c_ex.o
                0x08003c02                HAL_I2CEx_ConfigDigitalFilter
 *fill*         0x08003c9a        0x2 
 .text.HAL_PWREx_EnableOverDrive
                0x08003c9c       0xa0 ./Drivers/STM32F7xx_HAL_Driver/Src/stm32f7xx_hal_pwr_ex.o
                0x08003c9c                HAL_PWREx_EnableOverDrive
 .text.HAL_RCC_OscConfig
                0x08003d3c      0x55c ./Drivers/STM32F7xx_HAL_Driver/Src/stm32f7xx_hal_rcc.o
                0x08003d3c                HAL_RCC_OscConfig
 .text.HAL_RCC_ClockConfig
                0x08004298      0x1d8 ./Drivers/STM32F7xx_HAL_Driver/Src/stm32f7xx_hal_rcc.o
                0x08004298                HAL_RCC_ClockConfig
 .text.HAL_RCC_GetSysClockFreq
                0x08004470      0x20c ./Drivers/STM32F7xx_HAL_Driver/Src/stm32f7xx_hal_rcc.o
                0x08004470                HAL_RCC_GetSysClockFreq
 .text.HAL_RCC_GetHCLKFreq
                0x0800467c       0x18 ./Drivers/STM32F7xx_HAL_Driver/Src/stm32f7xx_hal_rcc.o
                0x0800467c                HAL_RCC_GetHCLKFreq
 .text.HAL_RCC_GetPCLK1Freq
                0x08004694       0x28 ./Drivers/STM32F7xx_HAL_Driver/Src/stm32f7xx_hal_rcc.o
                0x08004694                HAL_RCC_GetPCLK1Freq
 .text.HAL_RCC_GetPCLK2Freq
                0x080046bc       0x28 ./Drivers/STM32F7xx_HAL_Driver/Src/stm32f7xx_hal_rcc.o
                0x080046bc                HAL_RCC_GetPCLK2Freq
 .text.HAL_RCC_GetClockConfig
                0x080046e4       0x64 ./Drivers/STM32F7xx_HAL_Driver/Src/stm32f7xx_hal_rcc.o
                0x080046e4                HAL_RCC_GetClockConfig
 .text.HAL_RCCEx_PeriphCLKConfig
                0x08004748      0x850 ./Drivers/STM32F7xx_HAL_Driver/Src/stm32f7xx_hal_rcc_ex.o
                0x08004748                HAL_RCCEx_PeriphCLKConfig
 .text.HAL_SPI_Init
                0x08004f98      0x156 ./Drivers/STM32F7xx_HAL_Driver/Src/stm32f7xx_hal_spi.o
                0x08004f98                HAL_SPI_Init
 .text.HAL_SPI_TransmitReceive
                0x080050ee      0x426 ./Drivers/STM32F7xx_HAL_Driver/Src/stm32f7xx_hal_spi.o
                0x080050ee                HAL_SPI_TransmitReceive
 .text.SPI_WaitFlagStateUntilTimeout
                0x08005514      0x110 ./Drivers/STM32F7xx_HAL_Driver/Src/stm32f7xx_hal_spi.o
 .text.SPI_WaitFifoStateUntilTimeout
                0x08005624      0x12c ./Drivers/STM32F7xx_HAL_Driver/Src/stm32f7xx_hal_spi.o
 .text.SPI_EndRxTxTransaction
                0x08005750       0xd4 ./Drivers/STM32F7xx_HAL_Driver/Src/stm32f7xx_hal_spi.o
 .text.HAL_TIM_Base_Init
                0x08005824       0xae ./Drivers/STM32F7xx_HAL_Driver/Src/stm32f7xx_hal_tim.o
                0x08005824                HAL_TIM_Base_Init
 .text.HAL_TIM_Base_MspInit
                0x080058d2       0x14 ./Drivers/STM32F7xx_HAL_Driver/Src/stm32f7xx_hal_tim.o
                0x080058d2                HAL_TIM_Base_MspInit
 *fill*         0x080058e6        0x2 
 .text.HAL_TIM_Base_Start_IT
                0x080058e8       0xf0 ./Drivers/STM32F7xx_HAL_Driver/Src/stm32f7xx_hal_tim.o
                0x080058e8                HAL_TIM_Base_Start_IT
 .text.HAL_TIM_Encoder_Init
                0x080059d8      0x14c ./Drivers/STM32F7xx_HAL_Driver/Src/stm32f7xx_hal_tim.o
                0x080059d8                HAL_TIM_Encoder_Init
 .text.HAL_TIM_IRQHandler
                0x08005b24      0x23e ./Drivers/STM32F7xx_HAL_Driver/Src/stm32f7xx_hal_tim.o
                0x08005b24                HAL_TIM_IRQHandler
 .text.HAL_TIM_OC_DelayElapsedCallback
                0x08005d62       0x14 ./Drivers/STM32F7xx_HAL_Driver/Src/stm32f7xx_hal_tim.o
                0x08005d62                HAL_TIM_OC_DelayElapsedCallback
 .text.HAL_TIM_IC_CaptureCallback
                0x08005d76       0x14 ./Drivers/STM32F7xx_HAL_Driver/Src/stm32f7xx_hal_tim.o
                0x08005d76                HAL_TIM_IC_CaptureCallback
 .text.HAL_TIM_PWM_PulseFinishedCallback
                0x08005d8a       0x14 ./Drivers/STM32F7xx_HAL_Driver/Src/stm32f7xx_hal_tim.o
                0x08005d8a                HAL_TIM_PWM_PulseFinishedCallback
 .text.HAL_TIM_TriggerCallback
                0x08005d9e       0x14 ./Drivers/STM32F7xx_HAL_Driver/Src/stm32f7xx_hal_tim.o
                0x08005d9e                HAL_TIM_TriggerCallback
 *fill*         0x08005db2        0x2 
 .text.TIM_Base_SetConfig
                0x08005db4      0x140 ./Drivers/STM32F7xx_HAL_Driver/Src/stm32f7xx_hal_tim.o
                0x08005db4                TIM_Base_SetConfig
 .text.HAL_TIMEx_MasterConfigSynchronization
                0x08005ef4      0x11c ./Drivers/STM32F7xx_HAL_Driver/Src/stm32f7xx_hal_tim_ex.o
                0x08005ef4                HAL_TIMEx_MasterConfigSynchronization
 .text.HAL_TIMEx_CommutCallback
                0x08006010       0x14 ./Drivers/STM32F7xx_HAL_Driver/Src/stm32f7xx_hal_tim_ex.o
                0x08006010                HAL_TIMEx_CommutCallback
 .text.HAL_TIMEx_BreakCallback
                0x08006024       0x14 ./Drivers/STM32F7xx_HAL_Driver/Src/stm32f7xx_hal_tim_ex.o
                0x08006024                HAL_TIMEx_BreakCallback
 .text.HAL_TIMEx_Break2Callback
                0x08006038       0x14 ./Drivers/STM32F7xx_HAL_Driver/Src/stm32f7xx_hal_tim_ex.o
                0x08006038                HAL_TIMEx_Break2Callback
 .text.HAL_UART_Init
                0x0800604c       0x9c ./Drivers/STM32F7xx_HAL_Driver/Src/stm32f7xx_hal_uart.o
                0x0800604c                HAL_UART_Init
 .text.UART_SetConfig
                0x080060e8      0x4c8 ./Drivers/STM32F7xx_HAL_Driver/Src/stm32f7xx_hal_uart.o
                0x080060e8                UART_SetConfig
 .text.UART_AdvFeatureConfig
                0x080065b0      0x144 ./Drivers/STM32F7xx_HAL_Driver/Src/stm32f7xx_hal_uart.o
                0x080065b0                UART_AdvFeatureConfig
 .text.UART_CheckIdleState
                0x080066f4       0x9a ./Drivers/STM32F7xx_HAL_Driver/Src/stm32f7xx_hal_uart.o
                0x080066f4                UART_CheckIdleState
 .text.UART_WaitOnFlagUntilTimeout
                0x0800678e      0x18c ./Drivers/STM32F7xx_HAL_Driver/Src/stm32f7xx_hal_uart.o
                0x0800678e                UART_WaitOnFlagUntilTimeout
 .text.makeFreeRtosPriority
                0x0800691a       0x30 ./Middlewares/Third_Party/FreeRTOS/Source/CMSIS_RTOS/cmsis_os.o
 .text.inHandlerMode
                0x0800694a       0x24 ./Middlewares/Third_Party/FreeRTOS/Source/CMSIS_RTOS/cmsis_os.o
 .text.osKernelStart
                0x0800696e        0xe ./Middlewares/Third_Party/FreeRTOS/Source/CMSIS_RTOS/cmsis_os.o
                0x0800696e                osKernelStart
 .text.osKernelSysTick
                0x0800697c       0x20 ./Middlewares/Third_Party/FreeRTOS/Source/CMSIS_RTOS/cmsis_os.o
                0x0800697c                osKernelSysTick
 .text.osThreadCreate
                0x0800699c       0x4e ./Middlewares/Third_Party/FreeRTOS/Source/CMSIS_RTOS/cmsis_os.o
                0x0800699c                osThreadCreate
 .text.osDelay  0x080069ea       0x28 ./Middlewares/Third_Party/FreeRTOS/Source/CMSIS_RTOS/cmsis_os.o
                0x080069ea                osDelay
 .text.osMutexCreate
                0x08006a12       0x18 ./Middlewares/Third_Party/FreeRTOS/Source/CMSIS_RTOS/cmsis_os.o
                0x08006a12                osMutexCreate
 *fill*         0x08006a2a        0x2 
 .text.osMutexWait
                0x08006a2c       0x9c ./Middlewares/Third_Party/FreeRTOS/Source/CMSIS_RTOS/cmsis_os.o
                0x08006a2c                osMutexWait
 .text.osMutexRelease
                0x08006ac8       0x6c ./Middlewares/Third_Party/FreeRTOS/Source/CMSIS_RTOS/cmsis_os.o
                0x08006ac8                osMutexRelease
 .text.osMessageCreate
                0x08006b34       0x24 ./Middlewares/Third_Party/FreeRTOS/Source/CMSIS_RTOS/cmsis_os.o
                0x08006b34                osMessageCreate
 .text.osMessagePut
                0x08006b58       0x80 ./Middlewares/Third_Party/FreeRTOS/Source/CMSIS_RTOS/cmsis_os.o
                0x08006b58                osMessagePut
 .text.osMessageGet
                0x08006bd8       0xe8 ./Middlewares/Third_Party/FreeRTOS/Source/CMSIS_RTOS/cmsis_os.o
                0x08006bd8                osMessageGet
 .text.osDelayUntil
                0x08006cc0       0x2c ./Middlewares/Third_Party/FreeRTOS/Source/CMSIS_RTOS/cmsis_os.o
                0x08006cc0                osDelayUntil
 .text.vListInitialise
                0x08006cec       0x40 ./Middlewares/Third_Party/FreeRTOS/Source/list.o
                0x08006cec                vListInitialise
 .text.vListInitialiseItem
                0x08006d2c       0x1a ./Middlewares/Third_Party/FreeRTOS/Source/list.o
                0x08006d2c                vListInitialiseItem
 .text.vListInsertEnd
                0x08006d46       0x48 ./Middlewares/Third_Party/FreeRTOS/Source/list.o
                0x08006d46                vListInsertEnd
 .text.vListInsert
                0x08006d8e       0x72 ./Middlewares/Third_Party/FreeRTOS/Source/list.o
                0x08006d8e                vListInsert
 .text.uxListRemove
                0x08006e00       0x54 ./Middlewares/Third_Party/FreeRTOS/Source/list.o
                0x08006e00                uxListRemove
 .text.xQueueGenericReset
                0x08006e54       0xd8 ./Middlewares/Third_Party/FreeRTOS/Source/queue.o
                0x08006e54                xQueueGenericReset
 .text.xQueueGenericCreate
                0x08006f2c       0x7e ./Middlewares/Third_Party/FreeRTOS/Source/queue.o
                0x08006f2c                xQueueGenericCreate
 .text.prvInitialiseNewQueue
                0x08006faa       0x3e ./Middlewares/Third_Party/FreeRTOS/Source/queue.o
 .text.prvInitialiseMutex
                0x08006fe8       0x34 ./Middlewares/Third_Party/FreeRTOS/Source/queue.o
 .text.xQueueCreateMutex
                0x0800701c       0x30 ./Middlewares/Third_Party/FreeRTOS/Source/queue.o
                0x0800701c                xQueueCreateMutex
 .text.xQueueGenericSend
                0x0800704c      0x214 ./Middlewares/Third_Party/FreeRTOS/Source/queue.o
                0x0800704c                xQueueGenericSend
 .text.xQueueGenericSendFromISR
                0x08007260      0x146 ./Middlewares/Third_Party/FreeRTOS/Source/queue.o
                0x08007260                xQueueGenericSendFromISR
 .text.xQueueGiveFromISR
                0x080073a6      0x130 ./Middlewares/Third_Party/FreeRTOS/Source/queue.o
                0x080073a6                xQueueGiveFromISR
 *fill*         0x080074d6        0x2 
 .text.xQueueReceive
                0x080074d8      0x1d0 ./Middlewares/Third_Party/FreeRTOS/Source/queue.o
                0x080074d8                xQueueReceive
 .text.xQueueSemaphoreTake
                0x080076a8      0x230 ./Middlewares/Third_Party/FreeRTOS/Source/queue.o
                0x080076a8                xQueueSemaphoreTake
 .text.xQueueReceiveFromISR
                0x080078d8      0x110 ./Middlewares/Third_Party/FreeRTOS/Source/queue.o
                0x080078d8                xQueueReceiveFromISR
 .text.prvGetDisinheritPriorityAfterTimeout
                0x080079e8       0x30 ./Middlewares/Third_Party/FreeRTOS/Source/queue.o
 .text.prvCopyDataToQueue
                0x08007a18       0xd4 ./Middlewares/Third_Party/FreeRTOS/Source/queue.o
 .text.prvCopyDataFromQueue
                0x08007aec       0x4c ./Middlewares/Third_Party/FreeRTOS/Source/queue.o
 .text.prvUnlockQueue
                0x08007b38       0xa4 ./Middlewares/Third_Party/FreeRTOS/Source/queue.o
 .text.prvIsQueueEmpty
                0x08007bdc       0x2c ./Middlewares/Third_Party/FreeRTOS/Source/queue.o
 .text.prvIsQueueFull
                0x08007c08       0x30 ./Middlewares/Third_Party/FreeRTOS/Source/queue.o
 .text.xTaskCreate
                0x08007c38       0x82 ./Middlewares/Third_Party/FreeRTOS/Source/tasks.o
                0x08007c38                xTaskCreate
 .text.prvInitialiseNewTask
                0x08007cba      0x114 ./Middlewares/Third_Party/FreeRTOS/Source/tasks.o
 *fill*         0x08007dce        0x2 
 .text.prvAddNewTaskToReadyList
                0x08007dd0       0xd4 ./Middlewares/Third_Party/FreeRTOS/Source/tasks.o
 .text.vTaskDelayUntil
                0x08007ea4      0x10c ./Middlewares/Third_Party/FreeRTOS/Source/tasks.o
                0x08007ea4                vTaskDelayUntil
 .text.vTaskDelay
                0x08007fb0       0x70 ./Middlewares/Third_Party/FreeRTOS/Source/tasks.o
                0x08007fb0                vTaskDelay
 .text.vTaskStartScheduler
                0x08008020       0x98 ./Middlewares/Third_Party/FreeRTOS/Source/tasks.o
                0x08008020                vTaskStartScheduler
 .text.vTaskSuspendAll
                0x080080b8       0x1c ./Middlewares/Third_Party/FreeRTOS/Source/tasks.o
                0x080080b8                vTaskSuspendAll
 .text.xTaskResumeAll
                0x080080d4      0x140 ./Middlewares/Third_Party/FreeRTOS/Source/tasks.o
                0x080080d4                xTaskResumeAll
 .text.xTaskGetTickCount
                0x08008214       0x20 ./Middlewares/Third_Party/FreeRTOS/Source/tasks.o
                0x08008214                xTaskGetTickCount
 .text.xTaskGetTickCountFromISR
                0x08008234       0x24 ./Middlewares/Third_Party/FreeRTOS/Source/tasks.o
                0x08008234                xTaskGetTickCountFromISR
 .text.xTaskIncrementTick
                0x08008258      0x178 ./Middlewares/Third_Party/FreeRTOS/Source/tasks.o
                0x08008258                xTaskIncrementTick
 .text.vTaskSwitchContext
                0x080083d0       0xbc ./Middlewares/Third_Party/FreeRTOS/Source/tasks.o
                0x080083d0                vTaskSwitchContext
 .text.vTaskPlaceOnEventList
                0x0800848c       0x50 ./Middlewares/Third_Party/FreeRTOS/Source/tasks.o
                0x0800848c                vTaskPlaceOnEventList
 .text.xTaskRemoveFromEventList
                0x080084dc       0xcc ./Middlewares/Third_Party/FreeRTOS/Source/tasks.o
                0x080084dc                xTaskRemoveFromEventList
 .text.vTaskInternalSetTimeOutState
                0x080085a8       0x2c ./Middlewares/Third_Party/FreeRTOS/Source/tasks.o
                0x080085a8                vTaskInternalSetTimeOutState
 .text.xTaskCheckForTimeOut
                0x080085d4       0xd0 ./Middlewares/Third_Party/FreeRTOS/Source/tasks.o
                0x080085d4                xTaskCheckForTimeOut
 .text.vTaskMissedYield
                0x080086a4       0x18 ./Middlewares/Third_Party/FreeRTOS/Source/tasks.o
                0x080086a4                vTaskMissedYield
 .text.prvIdleTask
                0x080086bc       0x30 ./Middlewares/Third_Party/FreeRTOS/Source/tasks.o
 .text.prvInitialiseTaskLists
                0x080086ec       0x80 ./Middlewares/Third_Party/FreeRTOS/Source/tasks.o
 .text.prvCheckTasksWaitingTermination
                0x0800876c       0x5c ./Middlewares/Third_Party/FreeRTOS/Source/tasks.o
 .text.prvDeleteTCB
                0x080087c8       0x20 ./Middlewares/Third_Party/FreeRTOS/Source/tasks.o
 .text.prvResetNextTaskUnblockTime
                0x080087e8       0x40 ./Middlewares/Third_Party/FreeRTOS/Source/tasks.o
 .text.xTaskGetSchedulerState
                0x08008828       0x3c ./Middlewares/Third_Party/FreeRTOS/Source/tasks.o
                0x08008828                xTaskGetSchedulerState
 .text.xTaskPriorityInherit
                0x08008864      0x100 ./Middlewares/Third_Party/FreeRTOS/Source/tasks.o
                0x08008864                xTaskPriorityInherit
 .text.xTaskPriorityDisinherit
                0x08008964      0x118 ./Middlewares/Third_Party/FreeRTOS/Source/tasks.o
                0x08008964                xTaskPriorityDisinherit
 .text.vTaskPriorityDisinheritAfterTimeout
                0x08008a7c      0x140 ./Middlewares/Third_Party/FreeRTOS/Source/tasks.o
                0x08008a7c                vTaskPriorityDisinheritAfterTimeout
 .text.pvTaskIncrementMutexHeldCount
                0x08008bbc       0x28 ./Middlewares/Third_Party/FreeRTOS/Source/tasks.o
                0x08008bbc                pvTaskIncrementMutexHeldCount
 .text.prvAddCurrentTaskToDelayedList
                0x08008be4       0xcc ./Middlewares/Third_Party/FreeRTOS/Source/tasks.o
 .text.pxPortInitialiseStack
                0x08008cb0       0x68 ./Middlewares/Third_Party/FreeRTOS/Source/portable/GCC/ARM_CM7/r0p1/port.o
                0x08008cb0                pxPortInitialiseStack
 .text.prvTaskExitError
                0x08008d18       0x64 ./Middlewares/Third_Party/FreeRTOS/Source/portable/GCC/ARM_CM7/r0p1/port.o
 *fill*         0x08008d7c        0x4 
 .text.SVC_Handler
                0x08008d80       0x28 ./Middlewares/Third_Party/FreeRTOS/Source/portable/GCC/ARM_CM7/r0p1/port.o
                0x08008d80                SVC_Handler
 .text.prvPortStartFirstTask
                0x08008da8       0x28 ./Middlewares/Third_Party/FreeRTOS/Source/portable/GCC/ARM_CM7/r0p1/port.o
 .text.xPortStartScheduler
                0x08008dd0       0xfc ./Middlewares/Third_Party/FreeRTOS/Source/portable/GCC/ARM_CM7/r0p1/port.o
                0x08008dd0                xPortStartScheduler
 .text.vPortEnterCritical
                0x08008ecc       0x6c ./Middlewares/Third_Party/FreeRTOS/Source/portable/GCC/ARM_CM7/r0p1/port.o
                0x08008ecc                vPortEnterCritical
 .text.vPortExitCritical
                0x08008f38       0x58 ./Middlewares/Third_Party/FreeRTOS/Source/portable/GCC/ARM_CM7/r0p1/port.o
                0x08008f38                vPortExitCritical
 .text.PendSV_Handler
                0x08008f90       0x68 ./Middlewares/Third_Party/FreeRTOS/Source/portable/GCC/ARM_CM7/r0p1/port.o
                0x08008f90                PendSV_Handler
 .text.SysTick_Handler
                0x08008ff8       0x48 ./Middlewares/Third_Party/FreeRTOS/Source/portable/GCC/ARM_CM7/r0p1/port.o
                0x08008ff8                SysTick_Handler
 .text.vPortSetupTimerInterrupt
                0x08009040       0x48 ./Middlewares/Third_Party/FreeRTOS/Source/portable/GCC/ARM_CM7/r0p1/port.o
                0x08009040                vPortSetupTimerInterrupt
 .text.vPortEnableVFP
                0x08009088       0x14 ./Middlewares/Third_Party/FreeRTOS/Source/portable/GCC/ARM_CM7/r0p1/port.o
 .text.vPortValidateInterruptPriority
                0x0800909c       0x8c ./Middlewares/Third_Party/FreeRTOS/Source/portable/GCC/ARM_CM7/r0p1/port.o
                0x0800909c                vPortValidateInterruptPriority
 .text.pvPortMalloc
                0x08009128      0x19c ./Middlewares/Third_Party/FreeRTOS/Source/portable/MemMang/heap_4.o
                0x08009128                pvPortMalloc
 .text.vPortFree
                0x080092c4       0xc0 ./Middlewares/Third_Party/FreeRTOS/Source/portable/MemMang/heap_4.o
                0x080092c4                vPortFree
 .text.prvHeapInit
                0x08009384       0xc4 ./Middlewares/Third_Party/FreeRTOS/Source/portable/MemMang/heap_4.o
 .text.prvInsertBlockIntoFreeList
                0x08009448       0xb4 ./Middlewares/Third_Party/FreeRTOS/Source/portable/MemMang/heap_4.o
 .text.MAX581x_WriteCommand
                0x080094fc       0x30 ./Tools/MAX581x.o
                0x080094fc                MAX581x_WriteCommand
 .text.MAX581x_Init
                0x0800952c       0x36 ./Tools/MAX581x.o
                0x0800952c                MAX581x_Init
 .text.MAX581x_Config
                0x08009562       0x36 ./Tools/MAX581x.o
                0x08009562                MAX581x_Config
 .text.MAX581x_Reference
                0x08009598       0x32 ./Tools/MAX581x.o
                0x08009598                MAX581x_Reference
 .text.MAX581x_Code
                0x080095ca       0x3c ./Tools/MAX581x.o
                0x080095ca                MAX581x_Code
 .text.MAX581x_CodeLoad
                0x08009606       0x42 ./Tools/MAX581x.o
                0x08009606                MAX581x_CodeLoad
 .text.PID_Init
                0x08009648       0x66 ./Tools/PID.o
                0x08009648                PID_Init
 .text.PID_CloseLoop
                0x080096ae      0x13e ./Tools/PID.o
                0x080096ae                PID_CloseLoop
 .text.Board_LedToggle
                0x080097ec       0x1e ./Tools/board.o
                0x080097ec                Board_LedToggle
 *fill*         0x0800980a        0x2 
 .text.Board_GetID
                0x0800980c       0x90 ./Tools/board.o
                0x0800980c                Board_GetID
 *fill*         0x0800989c        0x4 
 .text.Encoder_Update
                0x080098a0       0xb8 ./Tools/encoder.o
                0x080098a0                Encoder_Update
 .text.Motor_Init
                0x08009958       0x42 ./Tools/motor.o
                0x08009958                Motor_Init
 *fill*         0x0800999a        0x2 
 .text.Motor_CLDrive
                0x0800999c       0x9c ./Tools/motor.o
                0x0800999c                Motor_CLDrive
 .text.Motor_Enable
                0x08009a38       0x48 ./Tools/motor.o
                0x08009a38                Motor_Enable
 .text.Motor_SetBrake
                0x08009a80       0x40 ./Tools/motor.o
                0x08009a80                Motor_SetBrake
 .text.Motor_SetVoltage
                0x08009ac0       0x9e ./Tools/motor.o
                0x08009ac0                Motor_SetVoltage
 .text.nRF24_CE_State
                0x08009b5e       0x24 ./Tools/nrf24.o
                0x08009b5e                nRF24_CE_State
 .text.nRF24_CSN_State
                0x08009b82       0x24 ./Tools/nrf24.o
                0x08009b82                nRF24_CSN_State
 .text.nRF24_HW_Init
                0x08009ba6       0x44 ./Tools/nrf24.o
                0x08009ba6                nRF24_HW_Init
 .text.nRF24_LL_RW
                0x08009bea       0x2c ./Tools/nrf24.o
                0x08009bea                nRF24_LL_RW
 .text.nRF24_ReadReg
                0x08009c16       0x42 ./Tools/nrf24.o
                0x08009c16                nRF24_ReadReg
 .text.nRF24_WriteReg
                0x08009c58       0x80 ./Tools/nrf24.o
                0x08009c58                nRF24_WriteReg
 .text.nRF24_ReadMBReg
                0x08009cd8       0x54 ./Tools/nrf24.o
                0x08009cd8                nRF24_ReadMBReg
 .text.nRF24_WriteMBReg
                0x08009d2c       0x52 ./Tools/nrf24.o
                0x08009d2c                nRF24_WriteMBReg
 .text.nRF24_Init
                0x08009d7e       0xca ./Tools/nrf24.o
                0x08009d7e                nRF24_Init
 .text.nRF24_SetPowerMode
                0x08009e48       0x44 ./Tools/nrf24.o
                0x08009e48                nRF24_SetPowerMode
 .text.nRF24_SetOperationalMode
                0x08009e8c       0x48 ./Tools/nrf24.o
                0x08009e8c                nRF24_SetOperationalMode
 .text.nRF24_SetRFChannel
                0x08009ed4       0x20 ./Tools/nrf24.o
                0x08009ed4                nRF24_SetRFChannel
 .text.nRF24_SetAddr
                0x08009ef4      0x2a0 ./Tools/nrf24.o
                0x08009ef4                nRF24_SetAddr
 .text.nRF24_SetRXPipe
                0x0800a194       0xb8 ./Tools/nrf24.o
                0x0800a194                nRF24_SetRXPipe
 .text.nRF24_DisableAA
                0x0800a24c       0x56 ./Tools/nrf24.o
                0x0800a24c                nRF24_DisableAA
 .text.nRF24_GetStatus
                0x0800a2a2       0x1a ./Tools/nrf24.o
                0x0800a2a2                nRF24_GetStatus
 .text.nRF24_GetConfig
                0x0800a2bc       0x1a ./Tools/nrf24.o
                0x0800a2bc                nRF24_GetConfig
 .text.nRF24_FlushTX
                0x0800a2d6       0x1a ./Tools/nrf24.o
                0x0800a2d6                nRF24_FlushTX
 .text.nRF24_FlushRX
                0x0800a2f0       0x1a ./Tools/nrf24.o
                0x0800a2f0                nRF24_FlushRX
 .text.nRF24_ClearIRQFlags
                0x0800a30a       0x30 ./Tools/nrf24.o
                0x0800a30a                nRF24_ClearIRQFlags
 .text.nRF24_ClearIRQFlagsTx
                0x0800a33a       0x30 ./Tools/nrf24.o
                0x0800a33a                nRF24_ClearIRQFlagsTx
 .text.nRF24_ClearIRQFlagsRx
                0x0800a36a       0x30 ./Tools/nrf24.o
                0x0800a36a                nRF24_ClearIRQFlagsRx
 .text.nRF24_WritePayload
                0x0800a39a       0x22 ./Tools/nrf24.o
                0x0800a39a                nRF24_WritePayload
 .text.nRF24_ReadPayload
                0x0800a3bc       0x6c ./Tools/nrf24.o
                0x0800a3bc                nRF24_ReadPayload
 .text.VL6180X_Read8
                0x0800a428       0x66 ./Tools/vl6180x.o
                0x0800a428                VL6180X_Read8
 .text.VL6180X_Write8
                0x0800a48e       0x54 ./Tools/vl6180x.o
                0x0800a48e                VL6180X_Write8
 .text.VL6180X_Init
                0x0800a4e2       0x58 ./Tools/vl6180x.o
                0x0800a4e2                VL6180X_Init
 .text.VL6180X_LoadSettings
                0x0800a53a      0x1ac ./Tools/vl6180x.o
                0x0800a53a                VL6180X_LoadSettings
 .text.VL6180X_ReadRange
                0x0800a6e6       0x5a ./Tools/vl6180x.o
                0x0800a6e6                VL6180X_ReadRange
 .text.memset   0x0800a740       0x10 C:/ST/STM32CubeIDE_1.18.1/STM32CubeIDE/plugins/com.st.stm32cube.ide.mcu.externaltools.gnu-tools-for-stm32.13.3.rel1.win32_1.0.0.202411081344/tools/bin/../lib/gcc/arm-none-eabi/13.3.1/../../../../arm-none-eabi/lib/thumb/v7e-m+dp/hard\libc_nano.a(libc_a-memset.o)
                0x0800a740                memset
 .text.__errno  0x0800a750        0xc C:/ST/STM32CubeIDE_1.18.1/STM32CubeIDE/plugins/com.st.stm32cube.ide.mcu.externaltools.gnu-tools-for-stm32.13.3.rel1.win32_1.0.0.202411081344/tools/bin/../lib/gcc/arm-none-eabi/13.3.1/../../../../arm-none-eabi/lib/thumb/v7e-m+dp/hard\libc_nano.a(libc_a-errno.o)
                0x0800a750                __errno
 .text.__libc_init_array
                0x0800a75c       0x48 C:/ST/STM32CubeIDE_1.18.1/STM32CubeIDE/plugins/com.st.stm32cube.ide.mcu.externaltools.gnu-tools-for-stm32.13.3.rel1.win32_1.0.0.202411081344/tools/bin/../lib/gcc/arm-none-eabi/13.3.1/../../../../arm-none-eabi/lib/thumb/v7e-m+dp/hard\libc_nano.a(libc_a-init.o)
                0x0800a75c                __libc_init_array
 .text.memcpy   0x0800a7a4       0x1c C:/ST/STM32CubeIDE_1.18.1/STM32CubeIDE/plugins/com.st.stm32cube.ide.mcu.externaltools.gnu-tools-for-stm32.13.3.rel1.win32_1.0.0.202411081344/tools/bin/../lib/gcc/arm-none-eabi/13.3.1/../../../../arm-none-eabi/lib/thumb/v7e-m+dp/hard\libc_nano.a(libc_a-memcpy-stub.o)
                0x0800a7a4                memcpy
 .text.sqrt     0x0800a7c0       0x40 C:/ST/STM32CubeIDE_1.18.1/STM32CubeIDE/plugins/com.st.stm32cube.ide.mcu.externaltools.gnu-tools-for-stm32.13.3.rel1.win32_1.0.0.202411081344/tools/bin/../lib/gcc/arm-none-eabi/13.3.1/../../../../arm-none-eabi/lib/thumb/v7e-m+dp/hard\libm.a(libm_a-w_sqrt.o)
                0x0800a7c0                sqrt
 .text.__ieee754_sqrt
                0x0800a800        0x6 C:/ST/STM32CubeIDE_1.18.1/STM32CubeIDE/plugins/com.st.stm32cube.ide.mcu.externaltools.gnu-tools-for-stm32.13.3.rel1.win32_1.0.0.202411081344/tools/bin/../lib/gcc/arm-none-eabi/13.3.1/../../../../arm-none-eabi/lib/thumb/v7e-m+dp/hard\libm.a(libm_a-e_sqrt.o)
                0x0800a800                __ieee754_sqrt
 *(.glue_7)
 .glue_7        0x0800a806        0x0 linker stubs
 *(.glue_7t)
 .glue_7t       0x0800a806        0x0 linker stubs
 *(.eh_frame)
 *fill*         0x0800a806        0x2 
 .eh_frame      0x0800a808        0x0 C:/ST/STM32CubeIDE_1.18.1/STM32CubeIDE/plugins/com.st.stm32cube.ide.mcu.externaltools.gnu-tools-for-stm32.13.3.rel1.win32_1.0.0.202411081344/tools/bin/../lib/gcc/arm-none-eabi/13.3.1/thumb/v7e-m+dp/hard/crtbegin.o
 *(.init)
 .init          0x0800a808        0x4 C:/ST/STM32CubeIDE_1.18.1/STM32CubeIDE/plugins/com.st.stm32cube.ide.mcu.externaltools.gnu-tools-for-stm32.13.3.rel1.win32_1.0.0.202411081344/tools/bin/../lib/gcc/arm-none-eabi/13.3.1/thumb/v7e-m+dp/hard/crti.o
                0x0800a808                _init
 .init          0x0800a80c        0x8 C:/ST/STM32CubeIDE_1.18.1/STM32CubeIDE/plugins/com.st.stm32cube.ide.mcu.externaltools.gnu-tools-for-stm32.13.3.rel1.win32_1.0.0.202411081344/tools/bin/../lib/gcc/arm-none-eabi/13.3.1/thumb/v7e-m+dp/hard/crtn.o
 *(.fini)
 .fini          0x0800a814        0x4 C:/ST/STM32CubeIDE_1.18.1/STM32CubeIDE/plugins/com.st.stm32cube.ide.mcu.externaltools.gnu-tools-for-stm32.13.3.rel1.win32_1.0.0.202411081344/tools/bin/../lib/gcc/arm-none-eabi/13.3.1/thumb/v7e-m+dp/hard/crti.o
                0x0800a814                _fini
 .fini          0x0800a818        0x8 C:/ST/STM32CubeIDE_1.18.1/STM32CubeIDE/plugins/com.st.stm32cube.ide.mcu.externaltools.gnu-tools-for-stm32.13.3.rel1.win32_1.0.0.202411081344/tools/bin/../lib/gcc/arm-none-eabi/13.3.1/thumb/v7e-m+dp/hard/crtn.o
                0x0800a820                        . = ALIGN (0x4)
                0x0800a820                        _etext = .

.vfp11_veneer   0x0800a820        0x0
 .vfp11_veneer  0x0800a820        0x0 linker stubs

.v4_bx          0x0800a820        0x0
 .v4_bx         0x0800a820        0x0 linker stubs

.iplt           0x0800a820        0x0
 .iplt          0x0800a820        0x0 C:/ST/STM32CubeIDE_1.18.1/STM32CubeIDE/plugins/com.st.stm32cube.ide.mcu.externaltools.gnu-tools-for-stm32.13.3.rel1.win32_1.0.0.202411081344/tools/bin/../lib/gcc/arm-none-eabi/13.3.1/thumb/v7e-m+dp/hard/crtbegin.o

.rodata         0x0800a820       0xdc
                0x0800a820                        . = ALIGN (0x4)
 *(.rodata)
 .rodata        0x0800a820       0x98 ./Core/Src/main.o
 .rodata        0x0800a8b8        0x5 ./Middlewares/Third_Party/FreeRTOS/Source/tasks.o
 *(.rodata*)
 *fill*         0x0800a8bd        0x3 
 .rodata.Dribbler_SpeedSet
                0x0800a8c0        0xc ./Core/Src/system_globals.o
                0x0800a8c0                Dribbler_SpeedSet
 .rodata.AHBPrescTable
                0x0800a8cc       0x10 ./Core/Src/system_stm32f7xx.o
                0x0800a8cc                AHBPrescTable
 .rodata.APBPrescTable
                0x0800a8dc        0x8 ./Core/Src/system_stm32f7xx.o
                0x0800a8dc                APBPrescTable
 .rodata.flagBitshiftOffset.0
                0x0800a8e4        0x8 ./Drivers/STM32F7xx_HAL_Driver/Src/stm32f7xx_hal_dma.o
 .rodata.nRF24_RX_PW_PIPE
                0x0800a8ec        0x6 ./Tools/nrf24.o
 *fill*         0x0800a8f2        0x2 
 .rodata.nRF24_ADDR_REGS
                0x0800a8f4        0x7 ./Tools/nrf24.o
                0x0800a8fc                        . = ALIGN (0x4)
 *fill*         0x0800a8fb        0x1 

.ARM.extab      0x0800a8fc        0x0
                0x0800a8fc                        . = ALIGN (0x4)
 *(.ARM.extab* .gnu.linkonce.armextab.*)
                0x0800a8fc                        . = ALIGN (0x4)

.ARM            0x0800a8fc        0x8
                0x0800a8fc                        . = ALIGN (0x4)
                0x0800a8fc                        __exidx_start = .
 *(.ARM.exidx*)
 .ARM.exidx     0x0800a8fc        0x8 C:/ST/STM32CubeIDE_1.18.1/STM32CubeIDE/plugins/com.st.stm32cube.ide.mcu.externaltools.gnu-tools-for-stm32.13.3.rel1.win32_1.0.0.202411081344/tools/bin/../lib/gcc/arm-none-eabi/13.3.1/thumb/v7e-m+dp/hard\libgcc.a(_udivmoddi4.o)
                0x0800a904                        __exidx_end = .
                0x0800a904                        . = ALIGN (0x4)

.rel.dyn        0x0800a904        0x0
 .rel.iplt      0x0800a904        0x0 C:/ST/STM32CubeIDE_1.18.1/STM32CubeIDE/plugins/com.st.stm32cube.ide.mcu.externaltools.gnu-tools-for-stm32.13.3.rel1.win32_1.0.0.202411081344/tools/bin/../lib/gcc/arm-none-eabi/13.3.1/thumb/v7e-m+dp/hard/crtbegin.o

.preinit_array  0x0800a904        0x0
                0x0800a904                        . = ALIGN (0x4)
                0x0800a904                        PROVIDE (__preinit_array_start = .)
 *(.preinit_array*)
                0x0800a904                        PROVIDE (__preinit_array_end = .)
                0x0800a904                        . = ALIGN (0x4)

.init_array     0x0800a904        0x4
                0x0800a904                        . = ALIGN (0x4)
                0x0800a904                        PROVIDE (__init_array_start = .)
 *(SORT_BY_NAME(.init_array.*))
 *(.init_array*)
 .init_array    0x0800a904        0x4 C:/ST/STM32CubeIDE_1.18.1/STM32CubeIDE/plugins/com.st.stm32cube.ide.mcu.externaltools.gnu-tools-for-stm32.13.3.rel1.win32_1.0.0.202411081344/tools/bin/../lib/gcc/arm-none-eabi/13.3.1/thumb/v7e-m+dp/hard/crtbegin.o
                0x0800a908                        PROVIDE (__init_array_end = .)
                0x0800a908                        . = ALIGN (0x4)

.fini_array     0x0800a908        0x4
                0x0800a908                        . = ALIGN (0x4)
                [!provide]                        PROVIDE (__fini_array_start = .)
 *(SORT_BY_NAME(.fini_array.*))
 *(.fini_array*)
 .fini_array    0x0800a908        0x4 C:/ST/STM32CubeIDE_1.18.1/STM32CubeIDE/plugins/com.st.stm32cube.ide.mcu.externaltools.gnu-tools-for-stm32.13.3.rel1.win32_1.0.0.202411081344/tools/bin/../lib/gcc/arm-none-eabi/13.3.1/thumb/v7e-m+dp/hard/crtbegin.o
                [!provide]                        PROVIDE (__fini_array_end = .)
                0x0800a90c                        . = ALIGN (0x4)
                0x0800a90c                        _sidata = LOADADDR (.data)

.data           0x20000000       0x90 load address 0x0800a90c
                0x20000000                        . = ALIGN (0x4)
                0x20000000                        _sdata = .
 *(.data)
 *(.data*)
 .data.txBuffer
                0x20000000       0x20 ./Core/Src/system_globals.o
                0x20000000                txBuffer
 .data.tx_node_addr
                0x20000020        0x5 ./Core/Src/system_globals.o
                0x20000020                tx_node_addr
 *fill*         0x20000025        0x3 
 .data.rx_node_addr
                0x20000028        0x5 ./Core/Src/system_globals.o
                0x20000028                rx_node_addr
 *fill*         0x2000002d        0x3 
 .data.SystemCoreClock
                0x20000030        0x4 ./Core/Src/system_stm32f7xx.o
                0x20000030                SystemCoreClock
 .data.uwTickPrio
                0x20000034        0x4 ./Drivers/STM32F7xx_HAL_Driver/Src/stm32f7xx_hal.o
                0x20000034                uwTickPrio
 .data.uwTickFreq
                0x20000038        0x1 ./Drivers/STM32F7xx_HAL_Driver/Src/stm32f7xx_hal.o
                0x20000038                uwTickFreq
 *fill*         0x20000039        0x3 
 .data.uxCriticalNesting
                0x2000003c        0x4 ./Middlewares/Third_Party/FreeRTOS/Source/portable/GCC/ARM_CM7/r0p1/port.o
 .data._impure_ptr
                0x20000040        0x4 C:/ST/STM32CubeIDE_1.18.1/STM32CubeIDE/plugins/com.st.stm32cube.ide.mcu.externaltools.gnu-tools-for-stm32.13.3.rel1.win32_1.0.0.202411081344/tools/bin/../lib/gcc/arm-none-eabi/13.3.1/../../../../arm-none-eabi/lib/thumb/v7e-m+dp/hard\libc_nano.a(libc_a-impure.o)
                0x20000040                _impure_ptr
 .data._impure_data
                0x20000044       0x4c C:/ST/STM32CubeIDE_1.18.1/STM32CubeIDE/plugins/com.st.stm32cube.ide.mcu.externaltools.gnu-tools-for-stm32.13.3.rel1.win32_1.0.0.202411081344/tools/bin/../lib/gcc/arm-none-eabi/13.3.1/../../../../arm-none-eabi/lib/thumb/v7e-m+dp/hard\libc_nano.a(libc_a-impure.o)
                0x20000044                _impure_data
 *(.RamFunc)
 *(.RamFunc*)
                0x20000090                        . = ALIGN (0x4)
                0x20000090                        _edata = .

.igot.plt       0x20000090        0x0 load address 0x0800a99c
 .igot.plt      0x20000090        0x0 C:/ST/STM32CubeIDE_1.18.1/STM32CubeIDE/plugins/com.st.stm32cube.ide.mcu.externaltools.gnu-tools-for-stm32.13.3.rel1.win32_1.0.0.202411081344/tools/bin/../lib/gcc/arm-none-eabi/13.3.1/thumb/v7e-m+dp/hard/crtbegin.o
                0x20000090                        . = ALIGN (0x4)

.bss            0x20000090     0x4550 load address 0x0800a99c
                0x20000090                        _sbss = .
                0x20000090                        __bss_start__ = _sbss
 *(.bss)
 .bss           0x20000090       0x1c C:/ST/STM32CubeIDE_1.18.1/STM32CubeIDE/plugins/com.st.stm32cube.ide.mcu.externaltools.gnu-tools-for-stm32.13.3.rel1.win32_1.0.0.202411081344/tools/bin/../lib/gcc/arm-none-eabi/13.3.1/thumb/v7e-m+dp/hard/crtbegin.o
 *(.bss*)
 .bss.htim1     0x200000ac       0x4c ./Core/Src/stm32f7xx_hal_timebase_tim.o
                0x200000ac                htim1
 .bss.robot_id  0x200000f8        0x2 ./Core/Src/system_globals.o
                0x200000f8                robot_id
 .bss.rx_len    0x200000fa        0x1 ./Core/Src/system_globals.o
                0x200000fa                rx_len
 .bss.nrf_status
                0x200000fb        0x1 ./Core/Src/system_globals.o
                0x200000fb                nrf_status
 .bss.nrf_config
                0x200000fc        0x1 ./Core/Src/system_globals.o
                0x200000fc                nrf_config
 *fill*         0x200000fd        0x3 
 .bss.nrf_device
                0x20000100       0x58 ./Core/Src/system_globals.o
                0x20000100                nrf_device
 .bss.nrf24CheckHandle
                0x20000158        0x4 ./Core/Src/system_globals.o
                0x20000158                nrf24CheckHandle
 .bss.direction
                0x2000015c        0x4 ./Core/Src/system_globals.o
                0x2000015c                direction
 .bss.speed     0x20000160       0x10 ./Core/Src/system_globals.o
                0x20000160                speed
 .bss.kinematic
                0x20000170       0x30 ./Core/Src/system_globals.o
                0x20000170                kinematic
 .bss.motor     0x200001a0      0x1f0 ./Core/Src/system_globals.o
                0x200001a0                motor
 .bss.v_vel     0x20000390        0xc ./Core/Src/system_globals.o
                0x20000390                v_vel
 .bss.dribbler_sel
                0x2000039c        0x1 ./Core/Src/system_globals.o
                0x2000039c                dribbler_sel
 .bss.kick_sel  0x2000039d        0x1 ./Core/Src/system_globals.o
                0x2000039d                kick_sel
 .bss.kick_flag
                0x2000039e        0x1 ./Core/Src/system_globals.o
                0x2000039e                kick_flag
 *fill*         0x2000039f        0x1 
 .bss.kick_count
                0x200003a0        0x2 ./Core/Src/system_globals.o
                0x200003a0                kick_count
 *fill*         0x200003a2        0x2 
 .bss.kickQueueHandle
                0x200003a4        0x4 ./Core/Src/system_globals.o
                0x200003a4                kickQueueHandle
 .bss.kickFlagHandle
                0x200003a8        0x4 ./Core/Src/system_globals.o
                0x200003a8                kickFlagHandle
 .bss.range_sensor
                0x200003ac       0x10 ./Core/Src/system_globals.o
                0x200003ac                range_sensor
 .bss.ball_posession
                0x200003bc        0x1 ./Core/Src/system_globals.o
                0x200003bc                ball_posession
 *fill*         0x200003bd        0x1 
 .bss.ball_range
                0x200003be        0x2 ./Core/Src/system_globals.o
                0x200003be                ball_range
 .bss.ball_accum
                0x200003c0        0x2 ./Core/Src/system_globals.o
                0x200003c0                ball_accum
 *fill*         0x200003c2        0x2 
 .bss.ball_meas_set
                0x200003c4        0xa ./Core/Src/system_globals.o
                0x200003c4                ball_meas_set
 *fill*         0x200003ce        0x2 
 .bss.ballDetectorTaskHandle
                0x200003d0        0x4 ./Core/Src/system_globals.o
                0x200003d0                ballDetectorTaskHandle
 .bss.driveTaskHandle
                0x200003d4        0x4 ./Core/Src/system_globals.o
                0x200003d4                driveTaskHandle
 .bss.radioTaskHandle
                0x200003d8        0x4 ./Core/Src/system_globals.o
                0x200003d8                radioTaskHandle
 .bss.kickTaskHandle
                0x200003dc        0x4 ./Core/Src/system_globals.o
                0x200003dc                kickTaskHandle
 .bss.hi2c1     0x200003e0       0x54 ./Core/Src/system_globals.o
                0x200003e0                hi2c1
 .bss.hi2c2     0x20000434       0x54 ./Core/Src/system_globals.o
                0x20000434                hi2c2
 .bss.hi2c3     0x20000488       0x54 ./Core/Src/system_globals.o
                0x20000488                hi2c3
 .bss.hspi1     0x200004dc       0x64 ./Core/Src/system_globals.o
                0x200004dc                hspi1
 .bss.htim2     0x20000540       0x4c ./Core/Src/system_globals.o
                0x20000540                htim2
 .bss.htim3     0x2000058c       0x4c ./Core/Src/system_globals.o
                0x2000058c                htim3
 .bss.htim5     0x200005d8       0x4c ./Core/Src/system_globals.o
                0x200005d8                htim5
 .bss.htim8     0x20000624       0x4c ./Core/Src/system_globals.o
                0x20000624                htim8
 .bss.huart5    0x20000670       0x88 ./Core/Src/system_globals.o
                0x20000670                huart5
 .bss.hdma_uart5_tx
                0x200006f8       0x60 ./Core/Src/system_globals.o
                0x200006f8                hdma_uart5_tx
 .bss.uwTick    0x20000758        0x4 ./Drivers/STM32F7xx_HAL_Driver/Src/stm32f7xx_hal.o
                0x20000758                uwTick
 .bss.pxCurrentTCB
                0x2000075c        0x4 ./Middlewares/Third_Party/FreeRTOS/Source/tasks.o
                0x2000075c                pxCurrentTCB
 .bss.pxReadyTasksLists
                0x20000760       0x8c ./Middlewares/Third_Party/FreeRTOS/Source/tasks.o
 .bss.xDelayedTaskList1
                0x200007ec       0x14 ./Middlewares/Third_Party/FreeRTOS/Source/tasks.o
 .bss.xDelayedTaskList2
                0x20000800       0x14 ./Middlewares/Third_Party/FreeRTOS/Source/tasks.o
 .bss.pxDelayedTaskList
                0x20000814        0x4 ./Middlewares/Third_Party/FreeRTOS/Source/tasks.o
 .bss.pxOverflowDelayedTaskList
                0x20000818        0x4 ./Middlewares/Third_Party/FreeRTOS/Source/tasks.o
 .bss.xPendingReadyList
                0x2000081c       0x14 ./Middlewares/Third_Party/FreeRTOS/Source/tasks.o
 .bss.xTasksWaitingTermination
                0x20000830       0x14 ./Middlewares/Third_Party/FreeRTOS/Source/tasks.o
 .bss.uxDeletedTasksWaitingCleanUp
                0x20000844        0x4 ./Middlewares/Third_Party/FreeRTOS/Source/tasks.o
 .bss.xSuspendedTaskList
                0x20000848       0x14 ./Middlewares/Third_Party/FreeRTOS/Source/tasks.o
 .bss.uxCurrentNumberOfTasks
                0x2000085c        0x4 ./Middlewares/Third_Party/FreeRTOS/Source/tasks.o
 .bss.xTickCount
                0x20000860        0x4 ./Middlewares/Third_Party/FreeRTOS/Source/tasks.o
 .bss.uxTopReadyPriority
                0x20000864        0x4 ./Middlewares/Third_Party/FreeRTOS/Source/tasks.o
 .bss.xSchedulerRunning
                0x20000868        0x4 ./Middlewares/Third_Party/FreeRTOS/Source/tasks.o
 .bss.uxPendedTicks
                0x2000086c        0x4 ./Middlewares/Third_Party/FreeRTOS/Source/tasks.o
 .bss.xYieldPending
                0x20000870        0x4 ./Middlewares/Third_Party/FreeRTOS/Source/tasks.o
 .bss.xNumOfOverflows
                0x20000874        0x4 ./Middlewares/Third_Party/FreeRTOS/Source/tasks.o
 .bss.uxTaskNumber
                0x20000878        0x4 ./Middlewares/Third_Party/FreeRTOS/Source/tasks.o
 .bss.xNextTaskUnblockTime
                0x2000087c        0x4 ./Middlewares/Third_Party/FreeRTOS/Source/tasks.o
 .bss.xIdleTaskHandle
                0x20000880        0x4 ./Middlewares/Third_Party/FreeRTOS/Source/tasks.o
 .bss.uxSchedulerSuspended
                0x20000884        0x4 ./Middlewares/Third_Party/FreeRTOS/Source/tasks.o
 .bss.ucMaxSysCallPriority
                0x20000888        0x1 ./Middlewares/Third_Party/FreeRTOS/Source/portable/GCC/ARM_CM7/r0p1/port.o
 *fill*         0x20000889        0x3 
 .bss.ulMaxPRIGROUPValue
                0x2000088c        0x4 ./Middlewares/Third_Party/FreeRTOS/Source/portable/GCC/ARM_CM7/r0p1/port.o
 .bss.ucHeap    0x20000890     0x3c00 ./Middlewares/Third_Party/FreeRTOS/Source/portable/MemMang/heap_4.o
 .bss.xStart    0x20004490        0x8 ./Middlewares/Third_Party/FreeRTOS/Source/portable/MemMang/heap_4.o
 .bss.pxEnd     0x20004498        0x4 ./Middlewares/Third_Party/FreeRTOS/Source/portable/MemMang/heap_4.o
 .bss.xFreeBytesRemaining
                0x2000449c        0x4 ./Middlewares/Third_Party/FreeRTOS/Source/portable/MemMang/heap_4.o
 .bss.xMinimumEverFreeBytesRemaining
                0x200044a0        0x4 ./Middlewares/Third_Party/FreeRTOS/Source/portable/MemMang/heap_4.o
 .bss.xBlockAllocatedBit
                0x200044a4        0x4 ./Middlewares/Third_Party/FreeRTOS/Source/portable/MemMang/heap_4.o
 .bss.__sf      0x200044a8      0x138 C:/ST/STM32CubeIDE_1.18.1/STM32CubeIDE/plugins/com.st.stm32cube.ide.mcu.externaltools.gnu-tools-for-stm32.13.3.rel1.win32_1.0.0.202411081344/tools/bin/../lib/gcc/arm-none-eabi/13.3.1/../../../../arm-none-eabi/lib/thumb/v7e-m+dp/hard\libc_nano.a(libc_a-findfp.o)
                0x200044a8                __sf
 *(COMMON)
                0x200045e0                        . = ALIGN (0x4)
                0x200045e0                        _ebss = .
                0x200045e0                        __bss_end__ = _ebss

._user_heap_stack
                0x200045e0      0x600 load address 0x0800a99c
                0x200045e0                        . = ALIGN (0x8)
                [!provide]                        PROVIDE (end = .)
                0x200045e0                        PROVIDE (_end = .)
                0x200047e0                        . = (. + _Min_Heap_Size)
 *fill*         0x200045e0      0x200 
                0x20004be0                        . = (. + _Min_Stack_Size)
 *fill*         0x200047e0      0x400 
                0x20004be0                        . = ALIGN (0x8)

/DISCARD/
 libc.a(*)
 libm.a(*)
 libgcc.a(*)

.ARM.attributes
                0x00000000       0x2e
 *(.ARM.attributes)
 .ARM.attributes
                0x00000000       0x20 C:/ST/STM32CubeIDE_1.18.1/STM32CubeIDE/plugins/com.st.stm32cube.ide.mcu.externaltools.gnu-tools-for-stm32.13.3.rel1.win32_1.0.0.202411081344/tools/bin/../lib/gcc/arm-none-eabi/13.3.1/thumb/v7e-m+dp/hard/crti.o
 .ARM.attributes
                0x00000020       0x32 C:/ST/STM32CubeIDE_1.18.1/STM32CubeIDE/plugins/com.st.stm32cube.ide.mcu.externaltools.gnu-tools-for-stm32.13.3.rel1.win32_1.0.0.202411081344/tools/bin/../lib/gcc/arm-none-eabi/13.3.1/thumb/v7e-m+dp/hard/crtbegin.o
 .ARM.attributes
                0x00000052       0x32 ./Core/Src/ball_detector_task.o
 .ARM.attributes
                0x00000084       0x32 ./Core/Src/drive_task.o
 .ARM.attributes
                0x000000b6       0x32 ./Core/Src/kick_task.o
 .ARM.attributes
                0x000000e8       0x32 ./Core/Src/main.o
 .ARM.attributes
                0x0000011a       0x32 ./Core/Src/radio_task.o
 .ARM.attributes
                0x0000014c       0x32 ./Core/Src/stm32f7xx_hal_msp.o
 .ARM.attributes
                0x0000017e       0x32 ./Core/Src/stm32f7xx_hal_timebase_tim.o
 .ARM.attributes
                0x000001b0       0x32 ./Core/Src/stm32f7xx_it.o
 .ARM.attributes
                0x000001e2       0x32 ./Core/Src/system_globals.o
 .ARM.attributes
                0x00000214       0x32 ./Core/Src/system_init.o
 .ARM.attributes
                0x00000246       0x32 ./Core/Src/system_stm32f7xx.o
 .ARM.attributes
                0x00000278       0x21 ./Core/Startup/startup_stm32f767bitx.o
 .ARM.attributes
                0x00000299       0x32 ./Drivers/STM32F7xx_HAL_Driver/Src/stm32f7xx_hal.o
 .ARM.attributes
                0x000002cb       0x32 ./Drivers/STM32F7xx_HAL_Driver/Src/stm32f7xx_hal_cortex.o
 .ARM.attributes
                0x000002fd       0x32 ./Drivers/STM32F7xx_HAL_Driver/Src/stm32f7xx_hal_dma.o
 .ARM.attributes
                0x0000032f       0x32 ./Drivers/STM32F7xx_HAL_Driver/Src/stm32f7xx_hal_gpio.o
 .ARM.attributes
                0x00000361       0x32 ./Drivers/STM32F7xx_HAL_Driver/Src/stm32f7xx_hal_i2c.o
 .ARM.attributes
                0x00000393       0x32 ./Drivers/STM32F7xx_HAL_Driver/Src/stm32f7xx_hal_i2c_ex.o
 .ARM.attributes
                0x000003c5       0x32 ./Drivers/STM32F7xx_HAL_Driver/Src/stm32f7xx_hal_pwr_ex.o
 .ARM.attributes
                0x000003f7       0x32 ./Drivers/STM32F7xx_HAL_Driver/Src/stm32f7xx_hal_rcc.o
 .ARM.attributes
                0x00000429       0x32 ./Drivers/STM32F7xx_HAL_Driver/Src/stm32f7xx_hal_rcc_ex.o
 .ARM.attributes
                0x0000045b       0x32 ./Drivers/STM32F7xx_HAL_Driver/Src/stm32f7xx_hal_spi.o
 .ARM.attributes
                0x0000048d       0x32 ./Drivers/STM32F7xx_HAL_Driver/Src/stm32f7xx_hal_tim.o
 .ARM.attributes
                0x000004bf       0x32 ./Drivers/STM32F7xx_HAL_Driver/Src/stm32f7xx_hal_tim_ex.o
 .ARM.attributes
                0x000004f1       0x32 ./Drivers/STM32F7xx_HAL_Driver/Src/stm32f7xx_hal_uart.o
 .ARM.attributes
                0x00000523       0x32 ./Middlewares/Third_Party/FreeRTOS/Source/CMSIS_RTOS/cmsis_os.o
 .ARM.attributes
                0x00000555       0x32 ./Middlewares/Third_Party/FreeRTOS/Source/list.o
 .ARM.attributes
                0x00000587       0x32 ./Middlewares/Third_Party/FreeRTOS/Source/queue.o
 .ARM.attributes
                0x000005b9       0x32 ./Middlewares/Third_Party/FreeRTOS/Source/tasks.o
 .ARM.attributes
                0x000005eb       0x32 ./Middlewares/Third_Party/FreeRTOS/Source/portable/GCC/ARM_CM7/r0p1/port.o
 .ARM.attributes
                0x0000061d       0x32 ./Middlewares/Third_Party/FreeRTOS/Source/portable/MemMang/heap_4.o
 .ARM.attributes
                0x0000064f       0x32 ./Tools/MAX581x.o
 .ARM.attributes
                0x00000681       0x32 ./Tools/PID.o
 .ARM.attributes
                0x000006b3       0x32 ./Tools/board.o
 .ARM.attributes
                0x000006e5       0x32 ./Tools/encoder.o
 .ARM.attributes
                0x00000717       0x32 ./Tools/motor.o
 .ARM.attributes
                0x00000749       0x32 ./Tools/nrf24.o
 .ARM.attributes
                0x0000077b       0x32 ./Tools/vl6180x.o
 .ARM.attributes
                0x000007ad       0x32 C:/ST/STM32CubeIDE_1.18.1/STM32CubeIDE/plugins/com.st.stm32cube.ide.mcu.externaltools.gnu-tools-for-stm32.13.3.rel1.win32_1.0.0.202411081344/tools/bin/../lib/gcc/arm-none-eabi/13.3.1/../../../../arm-none-eabi/lib/thumb/v7e-m+dp/hard\libc_nano.a(libc_a-findfp.o)
 .ARM.attributes
                0x000007df       0x32 C:/ST/STM32CubeIDE_1.18.1/STM32CubeIDE/plugins/com.st.stm32cube.ide.mcu.externaltools.gnu-tools-for-stm32.13.3.rel1.win32_1.0.0.202411081344/tools/bin/../lib/gcc/arm-none-eabi/13.3.1/../../../../arm-none-eabi/lib/thumb/v7e-m+dp/hard\libc_nano.a(libc_a-memset.o)
 .ARM.attributes
                0x00000811       0x32 C:/ST/STM32CubeIDE_1.18.1/STM32CubeIDE/plugins/com.st.stm32cube.ide.mcu.externaltools.gnu-tools-for-stm32.13.3.rel1.win32_1.0.0.202411081344/tools/bin/../lib/gcc/arm-none-eabi/13.3.1/../../../../arm-none-eabi/lib/thumb/v7e-m+dp/hard\libc_nano.a(libc_a-impure.o)
 .ARM.attributes
                0x00000843       0x32 C:/ST/STM32CubeIDE_1.18.1/STM32CubeIDE/plugins/com.st.stm32cube.ide.mcu.externaltools.gnu-tools-for-stm32.13.3.rel1.win32_1.0.0.202411081344/tools/bin/../lib/gcc/arm-none-eabi/13.3.1/../../../../arm-none-eabi/lib/thumb/v7e-m+dp/hard\libc_nano.a(libc_a-errno.o)
 .ARM.attributes
                0x00000875       0x32 C:/ST/STM32CubeIDE_1.18.1/STM32CubeIDE/plugins/com.st.stm32cube.ide.mcu.externaltools.gnu-tools-for-stm32.13.3.rel1.win32_1.0.0.202411081344/tools/bin/../lib/gcc/arm-none-eabi/13.3.1/../../../../arm-none-eabi/lib/thumb/v7e-m+dp/hard\libc_nano.a(libc_a-init.o)
 .ARM.attributes
                0x000008a7       0x32 C:/ST/STM32CubeIDE_1.18.1/STM32CubeIDE/plugins/com.st.stm32cube.ide.mcu.externaltools.gnu-tools-for-stm32.13.3.rel1.win32_1.0.0.202411081344/tools/bin/../lib/gcc/arm-none-eabi/13.3.1/../../../../arm-none-eabi/lib/thumb/v7e-m+dp/hard\libc_nano.a(libc_a-memcpy-stub.o)
 .ARM.attributes
                0x000008d9       0x32 C:/ST/STM32CubeIDE_1.18.1/STM32CubeIDE/plugins/com.st.stm32cube.ide.mcu.externaltools.gnu-tools-for-stm32.13.3.rel1.win32_1.0.0.202411081344/tools/bin/../lib/gcc/arm-none-eabi/13.3.1/../../../../arm-none-eabi/lib/thumb/v7e-m+dp/hard\libm.a(libm_a-w_sqrt.o)
 .ARM.attributes
                0x0000090b       0x32 C:/ST/STM32CubeIDE_1.18.1/STM32CubeIDE/plugins/com.st.stm32cube.ide.mcu.externaltools.gnu-tools-for-stm32.13.3.rel1.win32_1.0.0.202411081344/tools/bin/../lib/gcc/arm-none-eabi/13.3.1/../../../../arm-none-eabi/lib/thumb/v7e-m+dp/hard\libm.a(libm_a-e_sqrt.o)
 .ARM.attributes
                0x0000093d       0x20 C:/ST/STM32CubeIDE_1.18.1/STM32CubeIDE/plugins/com.st.stm32cube.ide.mcu.externaltools.gnu-tools-for-stm32.13.3.rel1.win32_1.0.0.202411081344/tools/bin/../lib/gcc/arm-none-eabi/13.3.1/thumb/v7e-m+dp/hard\libgcc.a(_aeabi_uldivmod.o)
 .ARM.attributes
                0x0000095d       0x32 C:/ST/STM32CubeIDE_1.18.1/STM32CubeIDE/plugins/com.st.stm32cube.ide.mcu.externaltools.gnu-tools-for-stm32.13.3.rel1.win32_1.0.0.202411081344/tools/bin/../lib/gcc/arm-none-eabi/13.3.1/thumb/v7e-m+dp/hard\libgcc.a(_udivmoddi4.o)
 .ARM.attributes
                0x0000098f       0x20 C:/ST/STM32CubeIDE_1.18.1/STM32CubeIDE/plugins/com.st.stm32cube.ide.mcu.externaltools.gnu-tools-for-stm32.13.3.rel1.win32_1.0.0.202411081344/tools/bin/../lib/gcc/arm-none-eabi/13.3.1/thumb/v7e-m+dp/hard\libgcc.a(_dvmd_tls.o)
 .ARM.attributes
                0x000009af       0x20 C:/ST/STM32CubeIDE_1.18.1/STM32CubeIDE/plugins/com.st.stm32cube.ide.mcu.externaltools.gnu-tools-for-stm32.13.3.rel1.win32_1.0.0.202411081344/tools/bin/../lib/gcc/arm-none-eabi/13.3.1/thumb/v7e-m+dp/hard/crtn.o
OUTPUT(robot-firmware.elf elf32-littlearm)
LOAD linker stubs
LOAD C:/ST/STM32CubeIDE_1.18.1/STM32CubeIDE/plugins/com.st.stm32cube.ide.mcu.externaltools.gnu-tools-for-stm32.13.3.rel1.win32_1.0.0.202411081344/tools/bin/../lib/gcc/arm-none-eabi/13.3.1/../../../../arm-none-eabi/lib/thumb/v7e-m+dp/hard\libc.a
LOAD C:/ST/STM32CubeIDE_1.18.1/STM32CubeIDE/plugins/com.st.stm32cube.ide.mcu.externaltools.gnu-tools-for-stm32.13.3.rel1.win32_1.0.0.202411081344/tools/bin/../lib/gcc/arm-none-eabi/13.3.1/../../../../arm-none-eabi/lib/thumb/v7e-m+dp/hard\libm.a
LOAD C:/ST/STM32CubeIDE_1.18.1/STM32CubeIDE/plugins/com.st.stm32cube.ide.mcu.externaltools.gnu-tools-for-stm32.13.3.rel1.win32_1.0.0.202411081344/tools/bin/../lib/gcc/arm-none-eabi/13.3.1/thumb/v7e-m+dp/hard\libgcc.a

.debug_info     0x00000000    0x24211
 .debug_info    0x00000000      0x884 ./Core/Src/ball_detector_task.o
 .debug_info    0x00000884     0x10c2 ./Core/Src/drive_task.o
 .debug_info    0x00001946      0x4c7 ./Core/Src/kick_task.o
 .debug_info    0x00001e0d     0x12bf ./Core/Src/main.o
 .debug_info    0x000030cc     0x145e ./Core/Src/radio_task.o
 .debug_info    0x0000452a     0x1c7c ./Core/Src/stm32f7xx_hal_msp.o
 .debug_info    0x000061a6      0xd0f ./Core/Src/stm32f7xx_hal_timebase_tim.o
 .debug_info    0x00006eb5      0xb22 ./Core/Src/stm32f7xx_it.o
 .debug_info    0x000079d7     0x1b4b ./Core/Src/system_globals.o
 .debug_info    0x00009522     0x1ce7 ./Core/Src/system_init.o
 .debug_info    0x0000b209      0x6ed ./Core/Src/system_stm32f7xx.o
 .debug_info    0x0000b8f6       0x30 ./Core/Startup/startup_stm32f767bitx.o
 .debug_info    0x0000b926      0xa4c ./Drivers/STM32F7xx_HAL_Driver/Src/stm32f7xx_hal.o
 .debug_info    0x0000c372      0xf8b ./Drivers/STM32F7xx_HAL_Driver/Src/stm32f7xx_hal_cortex.o
 .debug_info    0x0000d2fd      0x8e7 ./Drivers/STM32F7xx_HAL_Driver/Src/stm32f7xx_hal_dma.o
 .debug_info    0x0000dbe4      0x6f3 ./Drivers/STM32F7xx_HAL_Driver/Src/stm32f7xx_hal_gpio.o
 .debug_info    0x0000e2d7     0x20b3 ./Drivers/STM32F7xx_HAL_Driver/Src/stm32f7xx_hal_i2c.o
 .debug_info    0x0001038a      0x93a ./Drivers/STM32F7xx_HAL_Driver/Src/stm32f7xx_hal_i2c_ex.o
 .debug_info    0x00010cc4      0x8cd ./Drivers/STM32F7xx_HAL_Driver/Src/stm32f7xx_hal_pwr_ex.o
 .debug_info    0x00011591      0x937 ./Drivers/STM32F7xx_HAL_Driver/Src/stm32f7xx_hal_rcc.o
 .debug_info    0x00011ec8      0x6e1 ./Drivers/STM32F7xx_HAL_Driver/Src/stm32f7xx_hal_rcc_ex.o
 .debug_info    0x000125a9     0x169b ./Drivers/STM32F7xx_HAL_Driver/Src/stm32f7xx_hal_spi.o
 .debug_info    0x00013c44     0x2ab2 ./Drivers/STM32F7xx_HAL_Driver/Src/stm32f7xx_hal_tim.o
 .debug_info    0x000166f6     0x16bb ./Drivers/STM32F7xx_HAL_Driver/Src/stm32f7xx_hal_tim_ex.o
 .debug_info    0x00017db1     0x3a6d ./Drivers/STM32F7xx_HAL_Driver/Src/stm32f7xx_hal_uart.o
 .debug_info    0x0001b81e     0x1721 ./Middlewares/Third_Party/FreeRTOS/Source/CMSIS_RTOS/cmsis_os.o
 .debug_info    0x0001cf3f      0x2af ./Middlewares/Third_Party/FreeRTOS/Source/list.o
 .debug_info    0x0001d1ee     0x14d5 ./Middlewares/Third_Party/FreeRTOS/Source/queue.o
 .debug_info    0x0001e6c3     0x1a02 ./Middlewares/Third_Party/FreeRTOS/Source/tasks.o
 .debug_info    0x000200c5      0x4a7 ./Middlewares/Third_Party/FreeRTOS/Source/portable/GCC/ARM_CM7/r0p1/port.o
 .debug_info    0x0002056c      0x3c3 ./Middlewares/Third_Party/FreeRTOS/Source/portable/MemMang/heap_4.o
 .debug_info    0x0002092f      0x92d ./Tools/MAX581x.o
 .debug_info    0x0002125c      0x2c2 ./Tools/PID.o
 .debug_info    0x0002151e      0x264 ./Tools/board.o
 .debug_info    0x00021782      0x24a ./Tools/encoder.o
 .debug_info    0x000219cc      0xc22 ./Tools/motor.o
 .debug_info    0x000225ee     0x117e ./Tools/nrf24.o
 .debug_info    0x0002376c      0xaa5 ./Tools/vl6180x.o

.debug_abbrev   0x00000000     0x4fdd
 .debug_abbrev  0x00000000      0x1c6 ./Core/Src/ball_detector_task.o
 .debug_abbrev  0x000001c6      0x253 ./Core/Src/drive_task.o
 .debug_abbrev  0x00000419      0x1c0 ./Core/Src/kick_task.o
 .debug_abbrev  0x000005d9      0x27f ./Core/Src/main.o
 .debug_abbrev  0x00000858      0x291 ./Core/Src/radio_task.o
 .debug_abbrev  0x00000ae9      0x268 ./Core/Src/stm32f7xx_hal_msp.o
 .debug_abbrev  0x00000d51      0x1f4 ./Core/Src/stm32f7xx_hal_timebase_tim.o
 .debug_abbrev  0x00000f45      0x1c7 ./Core/Src/stm32f7xx_it.o
 .debug_abbrev  0x0000110c      0x1f6 ./Core/Src/system_globals.o
 .debug_abbrev  0x00001302      0x288 ./Core/Src/system_init.o
 .debug_abbrev  0x0000158a      0x13b ./Core/Src/system_stm32f7xx.o
 .debug_abbrev  0x000016c5       0x24 ./Core/Startup/startup_stm32f767bitx.o
 .debug_abbrev  0x000016e9      0x213 ./Drivers/STM32F7xx_HAL_Driver/Src/stm32f7xx_hal.o
 .debug_abbrev  0x000018fc      0x329 ./Drivers/STM32F7xx_HAL_Driver/Src/stm32f7xx_hal_cortex.o
 .debug_abbrev  0x00001c25      0x264 ./Drivers/STM32F7xx_HAL_Driver/Src/stm32f7xx_hal_dma.o
 .debug_abbrev  0x00001e89      0x1d4 ./Drivers/STM32F7xx_HAL_Driver/Src/stm32f7xx_hal_gpio.o
 .debug_abbrev  0x0000205d      0x259 ./Drivers/STM32F7xx_HAL_Driver/Src/stm32f7xx_hal_i2c.o
 .debug_abbrev  0x000022b6      0x19c ./Drivers/STM32F7xx_HAL_Driver/Src/stm32f7xx_hal_i2c_ex.o
 .debug_abbrev  0x00002452      0x1d5 ./Drivers/STM32F7xx_HAL_Driver/Src/stm32f7xx_hal_pwr_ex.o
 .debug_abbrev  0x00002627      0x2de ./Drivers/STM32F7xx_HAL_Driver/Src/stm32f7xx_hal_rcc.o
 .debug_abbrev  0x00002905      0x1c9 ./Drivers/STM32F7xx_HAL_Driver/Src/stm32f7xx_hal_rcc_ex.o
 .debug_abbrev  0x00002ace      0x269 ./Drivers/STM32F7xx_HAL_Driver/Src/stm32f7xx_hal_spi.o
 .debug_abbrev  0x00002d37      0x278 ./Drivers/STM32F7xx_HAL_Driver/Src/stm32f7xx_hal_tim.o
 .debug_abbrev  0x00002faf      0x283 ./Drivers/STM32F7xx_HAL_Driver/Src/stm32f7xx_hal_tim_ex.o
 .debug_abbrev  0x00003232      0x2e6 ./Drivers/STM32F7xx_HAL_Driver/Src/stm32f7xx_hal_uart.o
 .debug_abbrev  0x00003518      0x39c ./Middlewares/Third_Party/FreeRTOS/Source/CMSIS_RTOS/cmsis_os.o
 .debug_abbrev  0x000038b4       0xf5 ./Middlewares/Third_Party/FreeRTOS/Source/list.o
 .debug_abbrev  0x000039a9      0x351 ./Middlewares/Third_Party/FreeRTOS/Source/queue.o
 .debug_abbrev  0x00003cfa      0x34b ./Middlewares/Third_Party/FreeRTOS/Source/tasks.o
 .debug_abbrev  0x00004045      0x26f ./Middlewares/Third_Party/FreeRTOS/Source/portable/GCC/ARM_CM7/r0p1/port.o
 .debug_abbrev  0x000042b4      0x205 ./Middlewares/Third_Party/FreeRTOS/Source/portable/MemMang/heap_4.o
 .debug_abbrev  0x000044b9      0x179 ./Tools/MAX581x.o
 .debug_abbrev  0x00004632      0x103 ./Tools/PID.o
 .debug_abbrev  0x00004735      0x155 ./Tools/board.o
 .debug_abbrev  0x0000488a      0x148 ./Tools/encoder.o
 .debug_abbrev  0x000049d2      0x19f ./Tools/motor.o
 .debug_abbrev  0x00004b71      0x25f ./Tools/nrf24.o
 .debug_abbrev  0x00004dd0      0x20d ./Tools/vl6180x.o

.debug_aranges  0x00000000     0x1c28
 .debug_aranges
                0x00000000       0x20 ./Core/Src/ball_detector_task.o
 .debug_aranges
                0x00000020       0x28 ./Core/Src/drive_task.o
 .debug_aranges
                0x00000048       0x30 ./Core/Src/kick_task.o
 .debug_aranges
                0x00000078       0x30 ./Core/Src/main.o
 .debug_aranges
                0x000000a8       0x30 ./Core/Src/radio_task.o
 .debug_aranges
                0x000000d8       0x60 ./Core/Src/stm32f7xx_hal_msp.o
 .debug_aranges
                0x00000138       0x30 ./Core/Src/stm32f7xx_hal_timebase_tim.o
 .debug_aranges
                0x00000168       0x60 ./Core/Src/stm32f7xx_it.o
 .debug_aranges
                0x000001c8       0x18 ./Core/Src/system_globals.o
 .debug_aranges
                0x000001e0       0x78 ./Core/Src/system_init.o
 .debug_aranges
                0x00000258       0x28 ./Core/Src/system_stm32f7xx.o
 .debug_aranges
                0x00000280       0x28 ./Core/Startup/startup_stm32f767bitx.o
 .debug_aranges
                0x000002a8      0x110 ./Drivers/STM32F7xx_HAL_Driver/Src/stm32f7xx_hal.o
 .debug_aranges
                0x000003b8      0x118 ./Drivers/STM32F7xx_HAL_Driver/Src/stm32f7xx_hal_cortex.o
 .debug_aranges
                0x000004d0       0x90 ./Drivers/STM32F7xx_HAL_Driver/Src/stm32f7xx_hal_dma.o
 .debug_aranges
                0x00000560       0x58 ./Drivers/STM32F7xx_HAL_Driver/Src/stm32f7xx_hal_gpio.o
 .debug_aranges
                0x000005b8      0x2a0 ./Drivers/STM32F7xx_HAL_Driver/Src/stm32f7xx_hal_i2c.o
 .debug_aranges
                0x00000858       0x38 ./Drivers/STM32F7xx_HAL_Driver/Src/stm32f7xx_hal_i2c_ex.o
 .debug_aranges
                0x00000890       0x80 ./Drivers/STM32F7xx_HAL_Driver/Src/stm32f7xx_hal_pwr_ex.o
 .debug_aranges
                0x00000910       0x88 ./Drivers/STM32F7xx_HAL_Driver/Src/stm32f7xx_hal_rcc.o
 .debug_aranges
                0x00000998       0x50 ./Drivers/STM32F7xx_HAL_Driver/Src/stm32f7xx_hal_rcc_ex.o
 .debug_aranges
                0x000009e8      0x1d8 ./Drivers/STM32F7xx_HAL_Driver/Src/stm32f7xx_hal_spi.o
 .debug_aranges
                0x00000bc0      0x3e0 ./Drivers/STM32F7xx_HAL_Driver/Src/stm32f7xx_hal_tim.o
 .debug_aranges
                0x00000fa0      0x180 ./Drivers/STM32F7xx_HAL_Driver/Src/stm32f7xx_hal_tim_ex.o
 .debug_aranges
                0x00001120      0x230 ./Drivers/STM32F7xx_HAL_Driver/Src/stm32f7xx_hal_uart.o
 .debug_aranges
                0x00001350      0x1d8 ./Middlewares/Third_Party/FreeRTOS/Source/CMSIS_RTOS/cmsis_os.o
 .debug_aranges
                0x00001528       0x40 ./Middlewares/Third_Party/FreeRTOS/Source/list.o
 .debug_aranges
                0x00001568       0xf8 ./Middlewares/Third_Party/FreeRTOS/Source/queue.o
 .debug_aranges
                0x00001660      0x1a8 ./Middlewares/Third_Party/FreeRTOS/Source/tasks.o
 .debug_aranges
                0x00001808       0x80 ./Middlewares/Third_Party/FreeRTOS/Source/portable/GCC/ARM_CM7/r0p1/port.o
 .debug_aranges
                0x00001888       0x50 ./Middlewares/Third_Party/FreeRTOS/Source/portable/MemMang/heap_4.o
 .debug_aranges
                0x000018d8       0x78 ./Tools/MAX581x.o
 .debug_aranges
                0x00001950       0x40 ./Tools/PID.o
 .debug_aranges
                0x00001990       0x38 ./Tools/board.o
 .debug_aranges
                0x000019c8       0x30 ./Tools/encoder.o
 .debug_aranges
                0x000019f8       0x48 ./Tools/motor.o
 .debug_aranges
                0x00001a40      0x148 ./Tools/nrf24.o
 .debug_aranges
                0x00001b88       0xa0 ./Tools/vl6180x.o

.debug_rnglists
                0x00000000     0x15c1
 .debug_rnglists
                0x00000000       0x14 ./Core/Src/ball_detector_task.o
 .debug_rnglists
                0x00000014       0x1b ./Core/Src/drive_task.o
 .debug_rnglists
                0x0000002f       0x20 ./Core/Src/kick_task.o
 .debug_rnglists
                0x0000004f       0x20 ./Core/Src/main.o
 .debug_rnglists
                0x0000006f       0x22 ./Core/Src/radio_task.o
 .debug_rnglists
                0x00000091       0x49 ./Core/Src/stm32f7xx_hal_msp.o
 .debug_rnglists
                0x000000da       0x20 ./Core/Src/stm32f7xx_hal_timebase_tim.o
 .debug_rnglists
                0x000000fa       0x43 ./Core/Src/stm32f7xx_it.o
 .debug_rnglists
                0x0000013d       0x5f ./Core/Src/system_init.o
 .debug_rnglists
                0x0000019c       0x1a ./Core/Src/system_stm32f7xx.o
 .debug_rnglists
                0x000001b6       0x19 ./Core/Startup/startup_stm32f767bitx.o
 .debug_rnglists
                0x000001cf       0xc7 ./Drivers/STM32F7xx_HAL_Driver/Src/stm32f7xx_hal.o
 .debug_rnglists
                0x00000296       0xce ./Drivers/STM32F7xx_HAL_Driver/Src/stm32f7xx_hal_cortex.o
 .debug_rnglists
                0x00000364       0x70 ./Drivers/STM32F7xx_HAL_Driver/Src/stm32f7xx_hal_dma.o
 .debug_rnglists
                0x000003d4       0x3f ./Drivers/STM32F7xx_HAL_Driver/Src/stm32f7xx_hal_gpio.o
 .debug_rnglists
                0x00000413      0x227 ./Drivers/STM32F7xx_HAL_Driver/Src/stm32f7xx_hal_i2c.o
 .debug_rnglists
                0x0000063a       0x27 ./Drivers/STM32F7xx_HAL_Driver/Src/stm32f7xx_hal_i2c_ex.o
 .debug_rnglists
                0x00000661       0x5f ./Drivers/STM32F7xx_HAL_Driver/Src/stm32f7xx_hal_pwr_ex.o
 .debug_rnglists
                0x000006c0       0x67 ./Drivers/STM32F7xx_HAL_Driver/Src/stm32f7xx_hal_rcc.o
 .debug_rnglists
                0x00000727       0x3c ./Drivers/STM32F7xx_HAL_Driver/Src/stm32f7xx_hal_rcc_ex.o
 .debug_rnglists
                0x00000763      0x178 ./Drivers/STM32F7xx_HAL_Driver/Src/stm32f7xx_hal_spi.o
 .debug_rnglists
                0x000008db      0x328 ./Drivers/STM32F7xx_HAL_Driver/Src/stm32f7xx_hal_tim.o
 .debug_rnglists
                0x00000c03      0x138 ./Drivers/STM32F7xx_HAL_Driver/Src/stm32f7xx_hal_tim_ex.o
 .debug_rnglists
                0x00000d3b      0x1e0 ./Drivers/STM32F7xx_HAL_Driver/Src/stm32f7xx_hal_uart.o
 .debug_rnglists
                0x00000f1b      0x169 ./Middlewares/Third_Party/FreeRTOS/Source/CMSIS_RTOS/cmsis_os.o
 .debug_rnglists
                0x00001084       0x2b ./Middlewares/Third_Party/FreeRTOS/Source/list.o
 .debug_rnglists
                0x000010af       0xc0 ./Middlewares/Third_Party/FreeRTOS/Source/queue.o
 .debug_rnglists
                0x0000116f      0x154 ./Middlewares/Third_Party/FreeRTOS/Source/tasks.o
 .debug_rnglists
                0x000012c3       0x5d ./Middlewares/Third_Party/FreeRTOS/Source/portable/GCC/ARM_CM7/r0p1/port.o
 .debug_rnglists
                0x00001320       0x3b ./Middlewares/Third_Party/FreeRTOS/Source/portable/MemMang/heap_4.o
 .debug_rnglists
                0x0000135b       0x55 ./Tools/MAX581x.o
 .debug_rnglists
                0x000013b0       0x2c ./Tools/PID.o
 .debug_rnglists
                0x000013dc       0x26 ./Tools/board.o
 .debug_rnglists
                0x00001402       0x21 ./Tools/encoder.o
 .debug_rnglists
                0x00001423       0x33 ./Tools/motor.o
 .debug_rnglists
                0x00001456       0xf5 ./Tools/nrf24.o
 .debug_rnglists
                0x0000154b       0x76 ./Tools/vl6180x.o

.debug_macro    0x00000000    0x2de6e
 .debug_macro   0x00000000      0x429 ./Core/Src/ball_detector_task.o
 .debug_macro   0x00000429      0xaf0 ./Core/Src/ball_detector_task.o
 .debug_macro   0x00000f19      0x190 ./Core/Src/ball_detector_task.o
 .debug_macro   0x000010a9       0x22 ./Core/Src/ball_detector_task.o
 .debug_macro   0x000010cb       0x8e ./Core/Src/ball_detector_task.o
 .debug_macro   0x00001159       0x51 ./Core/Src/ball_detector_task.o
 .debug_macro   0x000011aa      0x103 ./Core/Src/ball_detector_task.o
 .debug_macro   0x000012ad       0x6a ./Core/Src/ball_detector_task.o
 .debug_macro   0x00001317      0x1df ./Core/Src/ball_detector_task.o
 .debug_macro   0x000014f6       0xea ./Core/Src/ball_detector_task.o