Archive member included to satisfy reference by file (symbol)

c:/st/stm32cubeide_1.9.0/stm32cubeide/plugins/com.st.stm32cube.ide.mcu.externaltools.gnu-tools-for-stm32.10.3-2021.10.win32_1.0.200.202301161003/tools/bin/../lib/gcc/arm-none-eabi/10.3.1/../../../../arm-none-eabi/lib/thumb/v7e-m+dp/hard\libc_nano.a(lib_a-errno.o)
                              ./Core/Src/syscalls.o (__errno)
c:/st/stm32cubeide_1.9.0/stm32cubeide/plugins/com.st.stm32cube.ide.mcu.externaltools.gnu-tools-for-stm32.10.3-2021.10.win32_1.0.200.202301161003/tools/bin/../lib/gcc/arm-none-eabi/10.3.1/../../../../arm-none-eabi/lib/thumb/v7e-m+dp/hard\libc_nano.a(lib_a-exit.o)
                              c:/st/stm32cubeide_1.9.0/stm32cubeide/plugins/com.st.stm32cube.ide.mcu.externaltools.gnu-tools-for-stm32.10.3-2021.10.win32_1.0.200.202301161003/tools/bin/../lib/gcc/arm-none-eabi/10.3.1/../../../../arm-none-eabi/lib/thumb/v7e-m+dp/hard/crt0.o (exit)
c:/st/stm32cubeide_1.9.0/stm32cubeide/plugins/com.st.stm32cube.ide.mcu.externaltools.gnu-tools-for-stm32.10.3-2021.10.win32_1.0.200.202301161003/tools/bin/../lib/gcc/arm-none-eabi/10.3.1/../../../../arm-none-eabi/lib/thumb/v7e-m+dp/hard\libc_nano.a(lib_a-impure.o)
                              c:/st/stm32cubeide_1.9.0/stm32cubeide/plugins/com.st.stm32cube.ide.mcu.externaltools.gnu-tools-for-stm32.10.3-2021.10.win32_1.0.200.202301161003/tools/bin/../lib/gcc/arm-none-eabi/10.3.1/../../../../arm-none-eabi/lib/thumb/v7e-m+dp/hard\libc_nano.a(lib_a-exit.o) (_global_impure_ptr)
c:/st/stm32cubeide_1.9.0/stm32cubeide/plugins/com.st.stm32cube.ide.mcu.externaltools.gnu-tools-for-stm32.10.3-2021.10.win32_1.0.200.202301161003/tools/bin/../lib/gcc/arm-none-eabi/10.3.1/../../../../arm-none-eabi/lib/thumb/v7e-m+dp/hard\libc_nano.a(lib_a-init.o)
                              c:/st/stm32cubeide_1.9.0/stm32cubeide/plugins/com.st.stm32cube.ide.mcu.externaltools.gnu-tools-for-stm32.10.3-2021.10.win32_1.0.200.202301161003/tools/bin/../lib/gcc/arm-none-eabi/10.3.1/../../../../arm-none-eabi/lib/thumb/v7e-m+dp/hard/crt0.o (__libc_init_array)
c:/st/stm32cubeide_1.9.0/stm32cubeide/plugins/com.st.stm32cube.ide.mcu.externaltools.gnu-tools-for-stm32.10.3-2021.10.win32_1.0.200.202301161003/tools/bin/../lib/gcc/arm-none-eabi/10.3.1/../../../../arm-none-eabi/lib/thumb/v7e-m+dp/hard\libc_nano.a(lib_a-memcpy-stub.o)
                              ./Middlewares/Third_Party/FreeRTOS/Source/queue.o (memcpy)
c:/st/stm32cubeide_1.9.0/stm32cubeide/plugins/com.st.stm32cube.ide.mcu.externaltools.gnu-tools-for-stm32.10.3-2021.10.win32_1.0.200.202301161003/tools/bin/../lib/gcc/arm-none-eabi/10.3.1/../../../../arm-none-eabi/lib/thumb/v7e-m+dp/hard\libc_nano.a(lib_a-memset.o)
                              c:/st/stm32cubeide_1.9.0/stm32cubeide/plugins/com.st.stm32cube.ide.mcu.externaltools.gnu-tools-for-stm32.10.3-2021.10.win32_1.0.200.202301161003/tools/bin/../lib/gcc/arm-none-eabi/10.3.1/../../../../arm-none-eabi/lib/thumb/v7e-m+dp/hard/crt0.o (memset)
c:/st/stm32cubeide_1.9.0/stm32cubeide/plugins/com.st.stm32cube.ide.mcu.externaltools.gnu-tools-for-stm32.10.3-2021.10.win32_1.0.200.202301161003/tools/bin/../lib/gcc/arm-none-eabi/10.3.1/../../../../arm-none-eabi/lib/thumb/v7e-m+dp/hard\libm.a(lib_a-sf_floor.o)
                              ./Tools/encoder.o (floorf)
c:/st/stm32cubeide_1.9.0/stm32cubeide/plugins/com.st.stm32cube.ide.mcu.externaltools.gnu-tools-for-stm32.10.3-2021.10.win32_1.0.200.202301161003/tools/bin/../lib/gcc/arm-none-eabi/10.3.1/../../../../arm-none-eabi/lib/thumb/v7e-m+dp/hard\libm.a(lib_a-w_sqrt.o)
                              ./Core/Src/main.o (sqrt)
c:/st/stm32cubeide_1.9.0/stm32cubeide/plugins/com.st.stm32cube.ide.mcu.externaltools.gnu-tools-for-stm32.10.3-2021.10.win32_1.0.200.202301161003/tools/bin/../lib/gcc/arm-none-eabi/10.3.1/../../../../arm-none-eabi/lib/thumb/v7e-m+dp/hard\libm.a(lib_a-e_sqrt.o)
                              c:/st/stm32cubeide_1.9.0/stm32cubeide/plugins/com.st.stm32cube.ide.mcu.externaltools.gnu-tools-for-stm32.10.3-2021.10.win32_1.0.200.202301161003/tools/bin/../lib/gcc/arm-none-eabi/10.3.1/../../../../arm-none-eabi/lib/thumb/v7e-m+dp/hard\libm.a(lib_a-w_sqrt.o) (__ieee754_sqrt)
c:/st/stm32cubeide_1.9.0/stm32cubeide/plugins/com.st.stm32cube.ide.mcu.externaltools.gnu-tools-for-stm32.10.3-2021.10.win32_1.0.200.202301161003/tools/bin/../lib/gcc/arm-none-eabi/10.3.1/thumb/v7e-m+dp/hard\libgcc.a(_aeabi_uldivmod.o)
                              ./Drivers/STM32F7xx_HAL_Driver/Src/stm32f7xx_hal_rcc.o (__aeabi_uldivmod)
c:/st/stm32cubeide_1.9.0/stm32cubeide/plugins/com.st.stm32cube.ide.mcu.externaltools.gnu-tools-for-stm32.10.3-2021.10.win32_1.0.200.202301161003/tools/bin/../lib/gcc/arm-none-eabi/10.3.1/thumb/v7e-m+dp/hard\libgcc.a(_udivmoddi4.o)
[...]
Memory Configuration

Name             Origin             Length             Attributes
RAM              0x0000000020000000 0x0000000000080000 xrw
FLASH            0x0000000008000000 0x0000000000200000 xr
*default*        0x0000000000000000 0xffffffffffffffff

Linker script and memory map

LOAD c:/st/stm32cubeide_1.9.0/stm32cubeide/plugins/com.st.stm32cube.ide.mcu.externaltools.gnu-tools-for-stm32.10.3-2021.10.win32_1.0.200.202301161003/tools/bin/../lib/gcc/arm-none-eabi/10.3.1/thumb/v7e-m+dp/hard/crti.o
LOAD c:/st/stm32cubeide_1.9.0/stm32cubeide/plugins/com.st.stm32cube.ide.mcu.externaltools.gnu-tools-for-stm32.10.3-2021.10.win32_1.0.200.202301161003/tools/bin/../lib/gcc/arm-none-eabi/10.3.1/thumb/v7e-m+dp/hard/crtbegin.o
LOAD c:/st/stm32cubeide_1.9.0/stm32cubeide/plugins/com.st.stm32cube.ide.mcu.externaltools.gnu-tools-for-stm32.10.3-2021.10.win32_1.0.200.202301161003/tools/bin/../lib/gcc/arm-none-eabi/10.3.1/../../../../arm-none-eabi/lib/thumb/v7e-m+dp/hard/crt0.o
LOAD ./Core/Src/freertos.o
LOAD ./Core/Src/main.o
LOAD ./Core/Src/stm32f7xx_hal_msp.o
LOAD ./Core/Src/stm32f7xx_hal_timebase_tim.o
LOAD ./Core/Src/stm32f7xx_it.o
LOAD ./Core/Src/syscalls.o
LOAD ./Core/Src/sysmem.o
LOAD ./Core/Src/system_stm32f7xx.o
LOAD ./Core/Startup/startup_stm32f767bitx.o
LOAD ./Drivers/STM32F7xx_HAL_Driver/Src/stm32f7xx_hal.o
LOAD ./Drivers/STM32F7xx_HAL_Driver/Src/stm32f7xx_hal_cortex.o
LOAD ./Drivers/STM32F7xx_HAL_Driver/Src/stm32f7xx_hal_dma.o
LOAD ./Drivers/STM32F7xx_HAL_Driver/Src/stm32f7xx_hal_dma_ex.o
LOAD ./Drivers/STM32F7xx_HAL_Driver/Src/stm32f7xx_hal_exti.o
LOAD ./Drivers/STM32F7xx_HAL_Driver/Src/stm32f7xx_hal_flash.o
LOAD ./Drivers/STM32F7xx_HAL_Driver/Src/stm32f7xx_hal_flash_ex.o
LOAD ./Drivers/STM32F7xx_HAL_Driver/Src/stm32f7xx_hal_gpio.o
LOAD ./Drivers/STM32F7xx_HAL_Driver/Src/stm32f7xx_hal_i2c.o
LOAD ./Drivers/STM32F7xx_HAL_Driver/Src/stm32f7xx_hal_i2c_ex.o
LOAD ./Drivers/STM32F7xx_HAL_Driver/Src/stm32f7xx_hal_pwr.o
LOAD ./Drivers/STM32F7xx_HAL_Driver/Src/stm32f7xx_hal_pwr_ex.o
LOAD ./Drivers/STM32F7xx_HAL_Driver/Src/stm32f7xx_hal_rcc.o
LOAD ./Drivers/STM32F7xx_HAL_Driver/Src/stm32f7xx_hal_rcc_ex.o
LOAD ./Drivers/STM32F7xx_HAL_Driver/Src/stm32f7xx_hal_spi.o
LOAD ./Drivers/STM32F7xx_HAL_Driver/Src/stm32f7xx_hal_spi_ex.o
LOAD ./Drivers/STM32F7xx_HAL_Driver/Src/stm32f7xx_hal_tim.o
LOAD ./Drivers/STM32F7xx_HAL_Driver/Src/stm32f7xx_hal_tim_ex.o
LOAD ./Middlewares/Third_Party/FreeRTOS/Source/CMSIS_RTOS/cmsis_os.o
LOAD ./Middlewares/Third_Party/FreeRTOS/Source/croutine.o
LOAD ./Middlewares/Third_Party/FreeRTOS/Source/event_groups.o
LOAD ./Middlewares/Third_Party/FreeRTOS/Source/list.o
LOAD ./Middlewares/Third_Party/FreeRTOS/Source/queue.o
LOAD ./Middlewares/Third_Party/FreeRTOS/Source/stream_buffer.o
LOAD ./Middlewares/Third_Party/FreeRTOS/Source/tasks.o
LOAD ./Middlewares/Third_Party/FreeRTOS/Source/timers.o
LOAD ./Middlewares/Third_Party/FreeRTOS/Source/portable/GCC/ARM_CM7/r0p1/port.o
LOAD ./Middlewares/Third_Party/FreeRTOS/Source/portable/MemMang/heap_4.o
LOAD ./Tools/MAX5814.o
LOAD ./Tools/MAX581x.o
LOAD ./Tools/PID.o
LOAD ./Tools/board.o
LOAD ./Tools/encoder.o
LOAD ./Tools/motor.o
LOAD ./Tools/nrf24.o
LOAD ./Tools/vl6180x.o
START GROUP
LOAD c:/st/stm32cubeide_1.9.0/stm32cubeide/plugins/com.st.stm32cube.ide.mcu.externaltools.gnu-tools-for-stm32.10.3-2021.10.win32_1.0.200.202301161003/tools/bin/../lib/gcc/arm-none-eabi/10.3.1/../../../../arm-none-eabi/lib/thumb/v7e-m+dp/hard\libc_nano.a
LOAD c:/st/stm32cubeide_1.9.0/stm32cubeide/plugins/com.st.stm32cube.ide.mcu.externaltools.gnu-tools-for-stm32.10.3-2021.10.win32_1.0.200.202301161003/tools/bin/../lib/gcc/arm-none-eabi/10.3.1/../../../../arm-none-eabi/lib/thumb/v7e-m+dp/hard\libm.a
END GROUP
START GROUP
LOAD c:/st/stm32cubeide_1.9.0/stm32cubeide/plugins/com.st.stm32cube.ide.mcu.externaltools.gnu-tools-for-stm32.10.3-2021.10.win32_1.0.200.202301161003/tools/bin/../lib/gcc/arm-none-eabi/10.3.1/thumb/v7e-m+dp/hard\libgcc.a
LOAD c:/st/stm32cubeide_1.9.0/stm32cubeide/plugins/com.st.stm32cube.ide.mcu.externaltools.gnu-tools-for-stm32.10.3-2021.10.win32_1.0.200.202301161003/tools/bin/../lib/gcc/arm-none-eabi/10.3.1/../../../../arm-none-eabi/lib/thumb/v7e-m+dp/hard\libc_nano.a
END GROUP
START GROUP
LOAD c:/st/stm32cubeide_1.9.0/stm32cubeide/plugins/com.st.stm32cube.ide.mcu.externaltools.gnu-tools-for-stm32.10.3-2021.10.win32_1.0.200.202301161003/tools/bin/../lib/gcc/arm-none-eabi/10.3.1/thumb/v7e-m+dp/hard\libgcc.a
LOAD c:/st/stm32cubeide_1.9.0/stm32cubeide/plugins/com.st.stm32cube.ide.mcu.externaltools.gnu-tools-for-stm32.10.3-2021.10.win32_1.0.200.202301161003/tools/bin/../lib/gcc/arm-none-eabi/10.3.1/../../../../arm-none-eabi/lib/thumb/v7e-m+dp/hard\libc_nano.a
LOAD c:/st/stm32cubeide_1.9.0/stm32cubeide/plugins/com.st.stm32cube.ide.mcu.externaltools.gnu-tools-for-stm32.10.3-2021.10.win32_1.0.200.202301161003/tools/bin/../lib/gcc/arm-none-eabi/10.3.1/../../../../arm-none-eabi/lib/thumb/v7e-m+dp/hard\libnosys.a
END GROUP
START GROUP
LOAD c:/st/stm32cubeide_1.9.0/stm32cubeide/plugins/com.st.stm32cube.ide.mcu.externaltools.gnu-tools-for-stm32.10.3-2021.10.win32_1.0.200.202301161003/tools/bin/../lib/gcc/arm-none-eabi/10.3.1/thumb/v7e-m+dp/hard\libgcc.a
LOAD c:/st/stm32cubeide_1.9.0/stm32cubeide/plugins/com.st.stm32cube.ide.mcu.externaltools.gnu-tools-for-stm32.10.3-2021.10.win32_1.0.200.202301161003/tools/bin/../lib/gcc/arm-none-eabi/10.3.1/../../../../arm-none-eabi/lib/thumb/v7e-m+dp/hard\libc_nano.a
LOAD c:/st/stm32cubeide_1.9.0/stm32cubeide/plugins/com.st.stm32cube.ide.mcu.externaltools.gnu-tools-for-stm32.10.3-2021.10.win32_1.0.200.202301161003/tools/bin/../lib/gcc/arm-none-eabi/10.3.1/../../../../arm-none-eabi/lib/thumb/v7e-m+dp/hard\libnosys.a
END GROUP
LOAD c:/st/stm32cubeide_1.9.0/stm32cubeide/plugins/com.st.stm32cube.ide.mcu.externaltools.gnu-tools-for-stm32.10.3-2021.10.win32_1.0.200.202301161003/tools/bin/../lib/gcc/arm-none-eabi/10.3.1/thumb/v7e-m+dp/hard/crtend.o
LOAD c:/st/stm32cubeide_1.9.0/stm32cubeide/plugins/com.st.stm32cube.ide.mcu.externaltools.gnu-tools-for-stm32.10.3-2021.10.win32_1.0.200.202301161003/tools/bin/../lib/gcc/arm-none-eabi/10.3.1/thumb/v7e-m+dp/hard/crtn.o
                0x0000000020080000                _estack = (ORIGIN (RAM) + LENGTH (RAM))
                0x0000000000000200                _Min_Heap_Size = 0x200
                0x0000000000000400                _Min_Stack_Size = 0x400

.isr_vector     0x0000000008000000      0x1f8
                0x0000000008000000                . = ALIGN (0x4)
 *(.isr_vector)
 .isr_vector    0x0000000008000000      0x1f8 ./Core/Startup/startup_stm32f767bitx.o
                0x0000000008000000                g_pfnVectors
                0x00000000080001f8                . = ALIGN (0x4)

.text           0x0000000008000200     0x9018
                0x0000000008000200                . = ALIGN (0x4)
 *(.text)
 .text          0x0000000008000200       0x40 c:/st/stm32cubeide_1.9.0/stm32cubeide/plugins/com.st.stm32cube.ide.mcu.externaltools.gnu-tools-for-stm32.10.3-2021.10.win32_1.0.200.202301161003/tools/bin/../lib/gcc/arm-none-eabi/10.3.1/thumb/v7e-m+dp/hard/crtbegin.o
 .text          0x0000000008000240       0x30 c:/st/stm32cubeide_1.9.0/stm32cubeide/plugins/com.st.stm32cube.ide.mcu.externaltools.gnu-tools-for-stm32.10.3-2021.10.win32_1.0.200.202301161003/tools/bin/../lib/gcc/arm-none-eabi/10.3.1/thumb/v7e-m+dp/hard\libgcc.a(_aeabi_uldivmod.o)
                0x0000000008000240                __aeabi_uldivmod
 .text          0x0000000008000270      0x2d0 c:/st/stm32cubeide_1.9.0/stm32cubeide/plugins/com.st.stm32cube.ide.mcu.externaltools.gnu-tools-for-stm32.10.3-2021.10.win32_1.0.200.202301161003/tools/bin/../lib/gcc/arm-none-eabi/10.3.1/thumb/v7e-m+dp/hard\libgcc.a(_udivmoddi4.o)
                0x0000000008000270                __udivmoddi4
 .text          0x0000000008000540        0x4 c:/st/stm32cubeide_1.9.0/stm32cubeide/plugins/com.st.stm32cube.ide.mcu.externaltools.gnu-tools-for-stm32.10.3-2021.10.win32_1.0.200.202301161003/tools/bin/../lib/gcc/arm-none-eabi/10.3.1/thumb/v7e-m+dp/hard\libgcc.a(_dvmd_tls.o)
                0x0000000008000540                __aeabi_idiv0
                0x0000000008000540                __aeabi_ldiv0
 *(.text*)
 .text.main     0x0000000008000544      0x1f0 ./Core/Src/main.o
                0x0000000008000544                main
 .text.SystemClock_Config
                0x0000000008000734       0xdc ./Core/Src/main.o
                0x0000000008000734                SystemClock_Config
 .text.MX_I2C1_Init
                0x0000000008000810       0x80 ./Core/Src/main.o
 .text.MX_I2C2_Init
                0x0000000008000890       0x80 ./Core/Src/main.o
 .text.MX_I2C3_Init
                0x0000000008000910       0x80 ./Core/Src/main.o
 .text.MX_SPI1_Init
                0x0000000008000990       0x84 ./Core/Src/main.o
 .text.MX_TIM2_Init
                0x0000000008000a14       0xa8 ./Core/Src/main.o
 .text.MX_TIM3_Init
                0x0000000008000abc       0xac ./Core/Src/main.o
 .text.MX_TIM5_Init
                0x0000000008000b68       0xac ./Core/Src/main.o
 .text.MX_TIM8_Init
                0x0000000008000c14       0xb4 ./Core/Src/main.o
 .text.MX_GPIO_Init
                0x0000000008000cc8      0x330 ./Core/Src/main.o
 .text.setSpeed
                0x0000000008000ff8      0x2e8 ./Core/Src/main.o
                0x0000000008000ff8                setSpeed
 .text.getDribbler_speed
                0x00000000080012e0       0x24 ./Core/Src/main.o
                0x00000000080012e0                getDribbler_speed
 .text.getKickerStatus
                0x0000000008001304       0x24 ./Core/Src/main.o
                0x0000000008001304                getKickerStatus
 .text.BallDetectorFunction
                0x0000000008001328       0xc8 ./Core/Src/main.o
                0x0000000008001328                BallDetectorFunction
 .text.DriveFunction
                0x00000000080013f0      0x454 ./Core/Src/main.o
                0x00000000080013f0                DriveFunction
 .text.RadioFunction
                0x0000000008001844      0x140 ./Core/Src/main.o
                0x0000000008001844                RadioFunction
 .text.KickFunction
                0x0000000008001984       0xc4 ./Core/Src/main.o
                0x0000000008001984                KickFunction
 .text.HAL_TIM_PeriodElapsedCallback
                0x0000000008001a48       0x24 ./Core/Src/main.o
                0x0000000008001a48                HAL_TIM_PeriodElapsedCallback
 .text.Error_Handler
                0x0000000008001a6c        0xe ./Core/Src/main.o
                0x0000000008001a6c                Error_Handler
 *fill*         0x0000000008001a7a        0x2 
 .text.HAL_MspInit
                0x0000000008001a7c       0x50 ./Core/Src/stm32f7xx_hal_msp.o
                0x0000000008001a7c                HAL_MspInit
 .text.HAL_I2C_MspInit
                0x0000000008001acc      0x1dc ./Core/Src/stm32f7xx_hal_msp.o
                0x0000000008001acc                HAL_I2C_MspInit
 .text.HAL_SPI_MspInit
                0x0000000008001ca8       0x88 ./Core/Src/stm32f7xx_hal_msp.o
                0x0000000008001ca8                HAL_SPI_MspInit
 .text.HAL_TIM_Encoder_MspInit
                0x0000000008001d30      0x1b0 ./Core/Src/stm32f7xx_hal_msp.o
                0x0000000008001d30                HAL_TIM_Encoder_MspInit
 .text.HAL_InitTick
                0x0000000008001ee0       0xe4 ./Core/Src/stm32f7xx_hal_timebase_tim.o
                0x0000000008001ee0                HAL_InitTick
 .text.NMI_Handler
                0x0000000008001fc4        0xe ./Core/Src/stm32f7xx_it.o
                0x0000000008001fc4                NMI_Handler
 .text.HardFault_Handler
                0x0000000008001fd2        0x6 ./Core/Src/stm32f7xx_it.o
                0x0000000008001fd2                HardFault_Handler
 .text.MemManage_Handler
                0x0000000008001fd8        0x6 ./Core/Src/stm32f7xx_it.o
                0x0000000008001fd8                MemManage_Handler
 .text.BusFault_Handler
                0x0000000008001fde        0x6 ./Core/Src/stm32f7xx_it.o
                0x0000000008001fde                BusFault_Handler
 .text.UsageFault_Handler
                0x0000000008001fe4        0x6 ./Core/Src/stm32f7xx_it.o
                0x0000000008001fe4                UsageFault_Handler
 .text.DebugMon_Handler
                0x0000000008001fea        0xe ./Core/Src/stm32f7xx_it.o
                0x0000000008001fea                DebugMon_Handler
 .text.TIM1_UP_TIM10_IRQHandler
                0x0000000008001ff8       0x14 ./Core/Src/stm32f7xx_it.o
                0x0000000008001ff8                TIM1_UP_TIM10_IRQHandler
 .text.SystemInit
                0x000000000800200c       0x6c ./Core/Src/system_stm32f7xx.o
                0x000000000800200c                SystemInit
 .text.Reset_Handler
                0x0000000008002078       0x50 ./Core/Startup/startup_stm32f767bitx.o
                0x0000000008002078                Reset_Handler
 .text.Default_Handler
                0x00000000080020c8        0x2 ./Core/Startup/startup_stm32f767bitx.o
                0x00000000080020c8                RTC_Alarm_IRQHandler
                0x00000000080020c8                EXTI2_IRQHandler
                0x00000000080020c8                TIM8_CC_IRQHandler
                0x00000000080020c8                UART8_IRQHandler
                0x00000000080020c8                SPI4_IRQHandler
                0x00000000080020c8                TIM1_CC_IRQHandler
                0x00000000080020c8                DMA2_Stream5_IRQHandler
                0x00000000080020c8                JPEG_IRQHandler
                0x00000000080020c8                DMA1_Stream5_IRQHandler
                0x00000000080020c8                CAN3_RX1_IRQHandler
                0x00000000080020c8                PVD_IRQHandler
                0x00000000080020c8                TAMP_STAMP_IRQHandler
                0x00000000080020c8                CAN2_RX1_IRQHandler
                0x00000000080020c8                EXTI3_IRQHandler
                0x00000000080020c8                TIM8_TRG_COM_TIM14_IRQHandler
                0x00000000080020c8                DFSDM1_FLT1_IRQHandler
                0x00000000080020c8                TIM8_UP_TIM13_IRQHandler
                0x00000000080020c8                I2C3_ER_IRQHandler
                0x00000000080020c8                DFSDM1_FLT2_IRQHandler
                0x00000000080020c8                EXTI0_IRQHandler
                0x00000000080020c8                I2C2_EV_IRQHandler
                0x00000000080020c8                DMA1_Stream2_IRQHandler
                0x00000000080020c8                CAN1_RX0_IRQHandler
                0x00000000080020c8                FPU_IRQHandler
                0x00000000080020c8                OTG_HS_WKUP_IRQHandler
                0x00000000080020c8                CAN3_SCE_IRQHandler
                0x00000000080020c8                LTDC_ER_IRQHandler
                0x00000000080020c8                CAN2_SCE_IRQHandler
                0x00000000080020c8                DMA2_Stream2_IRQHandler
                0x00000000080020c8                SPI1_IRQHandler
                0x00000000080020c8                TIM6_DAC_IRQHandler
                0x00000000080020c8                TIM1_BRK_TIM9_IRQHandler
                0x00000000080020c8                DCMI_IRQHandler
                0x00000000080020c8                CAN2_RX0_IRQHandler
                0x00000000080020c8                DMA2_Stream3_IRQHandler
                0x00000000080020c8                SAI2_IRQHandler
                0x00000000080020c8                DFSDM1_FLT3_IRQHandler
                0x00000000080020c8                USART6_IRQHandler
                0x00000000080020c8                CAN3_RX0_IRQHandler
                0x00000000080020c8                USART3_IRQHandler
                0x00000000080020c8                CAN1_RX1_IRQHandler
                0x00000000080020c8                UART5_IRQHandler
                0x00000000080020c8                DMA2_Stream0_IRQHandler
                0x00000000080020c8                TIM4_IRQHandler
                0x00000000080020c8                QUADSPI_IRQHandler
                0x00000000080020c8                I2C1_EV_IRQHandler
                0x00000000080020c8                DMA1_Stream6_IRQHandler
                0x00000000080020c8                DMA1_Stream1_IRQHandler
                0x00000000080020c8                UART4_IRQHandler
                0x00000000080020c8                TIM3_IRQHandler
                0x00000000080020c8                RCC_IRQHandler
                0x00000000080020c8                TIM8_BRK_TIM12_IRQHandler
                0x00000000080020c8                Default_Handler
                0x00000000080020c8                CEC_IRQHandler
                0x00000000080020c8                EXTI15_10_IRQHandler
                0x00000000080020c8                ADC_IRQHandler
                0x00000000080020c8                DMA1_Stream7_IRQHandler
                0x00000000080020c8                SPI5_IRQHandler
                0x00000000080020c8                TIM7_IRQHandler
                0x00000000080020c8                SDMMC1_IRQHandler
                0x00000000080020c8                CAN2_TX_IRQHandler
                0x00000000080020c8                TIM5_IRQHandler
                0x00000000080020c8                DMA2_Stream7_IRQHandler
                0x00000000080020c8                I2C3_EV_IRQHandler
                0x00000000080020c8                EXTI9_5_IRQHandler
                0x00000000080020c8                RTC_WKUP_IRQHandler
                0x00000000080020c8                LTDC_IRQHandler
                0x00000000080020c8                ETH_WKUP_IRQHandler
                0x00000000080020c8                SPDIF_RX_IRQHandler
                0x00000000080020c8                SPI2_IRQHandler
                0x00000000080020c8                OTG_HS_EP1_IN_IRQHandler
                0x00000000080020c8                DMA1_Stream0_IRQHandler
                0x00000000080020c8                CAN1_TX_IRQHandler
                0x00000000080020c8                EXTI4_IRQHandler
                0x00000000080020c8                RNG_IRQHandler
                0x00000000080020c8                ETH_IRQHandler
                0x00000000080020c8                OTG_HS_EP1_OUT_IRQHandler
                0x00000000080020c8                WWDG_IRQHandler
                0x00000000080020c8                SPI6_IRQHandler
                0x00000000080020c8                MDIOS_IRQHandler
                0x00000000080020c8                I2C4_EV_IRQHandler
                0x00000000080020c8                CAN3_TX_IRQHandler
                0x00000000080020c8                TIM2_IRQHandler
                0x00000000080020c8                OTG_FS_WKUP_IRQHandler
                0x00000000080020c8                TIM1_TRG_COM_TIM11_IRQHandler
                0x00000000080020c8                OTG_HS_IRQHandler
                0x00000000080020c8                DMA2D_IRQHandler
                0x00000000080020c8                EXTI1_IRQHandler
                0x00000000080020c8                SDMMC2_IRQHandler
                0x00000000080020c8                UART7_IRQHandler
                0x00000000080020c8                USART2_IRQHandler
                0x00000000080020c8                DFSDM1_FLT0_IRQHandler
                0x00000000080020c8                I2C2_ER_IRQHandler
                0x00000000080020c8                DMA2_Stream1_IRQHandler
                0x00000000080020c8                CAN1_SCE_IRQHandler
                0x00000000080020c8                FLASH_IRQHandler
                0x00000000080020c8                DMA2_Stream4_IRQHandler
                0x00000000080020c8                USART1_IRQHandler
                0x00000000080020c8                OTG_FS_IRQHandler
                0x00000000080020c8                SPI3_IRQHandler
                0x00000000080020c8                DMA1_Stream4_IRQHandler
                0x00000000080020c8                I2C1_ER_IRQHandler
                0x00000000080020c8                FMC_IRQHandler
                0x00000000080020c8                LPTIM1_IRQHandler
                0x00000000080020c8                I2C4_ER_IRQHandler
                0x00000000080020c8                DMA2_Stream6_IRQHandler
                0x00000000080020c8                SAI1_IRQHandler
                0x00000000080020c8                DMA1_Stream3_IRQHandler
 .text.HAL_Init
                0x00000000080020ca       0x1a ./Drivers/STM32F7xx_HAL_Driver/Src/stm32f7xx_hal.o
                0x00000000080020ca                HAL_Init
 .text.HAL_IncTick
                0x00000000080020e4       0x28 ./Drivers/STM32F7xx_HAL_Driver/Src/stm32f7xx_hal.o
                0x00000000080020e4                HAL_IncTick
 .text.HAL_GetTick
                0x000000000800210c       0x18 ./Drivers/STM32F7xx_HAL_Driver/Src/stm32f7xx_hal.o
                0x000000000800210c                HAL_GetTick
 .text.HAL_Delay
                0x0000000008002124       0x48 ./Drivers/STM32F7xx_HAL_Driver/Src/stm32f7xx_hal.o
                0x0000000008002124                HAL_Delay
 .text.__NVIC_SetPriorityGrouping
                0x000000000800216c       0x48 ./Drivers/STM32F7xx_HAL_Driver/Src/stm32f7xx_hal_cortex.o
 .text.__NVIC_GetPriorityGrouping
                0x00000000080021b4       0x1c ./Drivers/STM32F7xx_HAL_Driver/Src/stm32f7xx_hal_cortex.o
 .text.__NVIC_EnableIRQ
                0x00000000080021d0       0x3c ./Drivers/STM32F7xx_HAL_Driver/Src/stm32f7xx_hal_cortex.o
 .text.__NVIC_SetPriority
                0x000000000800220c       0x54 ./Drivers/STM32F7xx_HAL_Driver/Src/stm32f7xx_hal_cortex.o
 .text.NVIC_EncodePriority
                0x0000000008002260       0x66 ./Drivers/STM32F7xx_HAL_Driver/Src/stm32f7xx_hal_cortex.o
 .text.HAL_NVIC_SetPriorityGrouping
                0x00000000080022c6       0x16 ./Drivers/STM32F7xx_HAL_Driver/Src/stm32f7xx_hal_cortex.o
                0x00000000080022c6                HAL_NVIC_SetPriorityGrouping
 .text.HAL_NVIC_SetPriority
                0x00000000080022dc       0x38 ./Drivers/STM32F7xx_HAL_Driver/Src/stm32f7xx_hal_cortex.o
                0x00000000080022dc                HAL_NVIC_SetPriority
 .text.HAL_NVIC_EnableIRQ
                0x0000000008002314       0x1c ./Drivers/STM32F7xx_HAL_Driver/Src/stm32f7xx_hal_cortex.o
                0x0000000008002314                HAL_NVIC_EnableIRQ
 .text.HAL_GPIO_Init
                0x0000000008002330      0x358 ./Drivers/STM32F7xx_HAL_Driver/Src/stm32f7xx_hal_gpio.o
                0x0000000008002330                HAL_GPIO_Init
 .text.HAL_GPIO_ReadPin
                0x0000000008002688       0x30 ./Drivers/STM32F7xx_HAL_Driver/Src/stm32f7xx_hal_gpio.o
                0x0000000008002688                HAL_GPIO_ReadPin
 .text.HAL_GPIO_WritePin
                0x00000000080026b8       0x32 ./Drivers/STM32F7xx_HAL_Driver/Src/stm32f7xx_hal_gpio.o
                0x00000000080026b8                HAL_GPIO_WritePin
 .text.HAL_GPIO_TogglePin
                0x00000000080026ea       0x34 ./Drivers/STM32F7xx_HAL_Driver/Src/stm32f7xx_hal_gpio.o
                0x00000000080026ea                HAL_GPIO_TogglePin
 *fill*         0x000000000800271e        0x2 
 .text.HAL_I2C_Init
                0x0000000008002720      0x120 ./Drivers/STM32F7xx_HAL_Driver/Src/stm32f7xx_hal_i2c.o
                0x0000000008002720                HAL_I2C_Init
 .text.HAL_I2C_Master_Transmit
                0x0000000008002840      0x1e8 ./Drivers/STM32F7xx_HAL_Driver/Src/stm32f7xx_hal_i2c.o
                0x0000000008002840                HAL_I2C_Master_Transmit
 .text.HAL_I2C_Master_Receive
                0x0000000008002a28      0x1ec ./Drivers/STM32F7xx_HAL_Driver/Src/stm32f7xx_hal_i2c.o
                0x0000000008002a28                HAL_I2C_Master_Receive
 .text.I2C_Flush_TXDR
                0x0000000008002c14       0x48 ./Drivers/STM32F7xx_HAL_Driver/Src/stm32f7xx_hal_i2c.o
 .text.I2C_WaitOnFlagUntilTimeout
                0x0000000008002c5c       0x80 ./Drivers/STM32F7xx_HAL_Driver/Src/stm32f7xx_hal_i2c.o
 .text.I2C_WaitOnTXISFlagUntilTimeout
                0x0000000008002cdc       0x80 ./Drivers/STM32F7xx_HAL_Driver/Src/stm32f7xx_hal_i2c.o
 .text.I2C_WaitOnSTOPFlagUntilTimeout
                0x0000000008002d5c       0x78 ./Drivers/STM32F7xx_HAL_Driver/Src/stm32f7xx_hal_i2c.o
 .text.I2C_WaitOnRXNEFlagUntilTimeout
                0x0000000008002dd4       0xf4 ./Drivers/STM32F7xx_HAL_Driver/Src/stm32f7xx_hal_i2c.o
 .text.I2C_IsErrorOccurred
                0x0000000008002ec8      0x1c0 ./Drivers/STM32F7xx_HAL_Driver/Src/stm32f7xx_hal_i2c.o
 .text.I2C_TransferConfig
                0x0000000008003088       0x64 ./Drivers/STM32F7xx_HAL_Driver/Src/stm32f7xx_hal_i2c.o
 .text.HAL_I2CEx_ConfigAnalogFilter
                0x00000000080030ec       0x96 ./Drivers/STM32F7xx_HAL_Driver/Src/stm32f7xx_hal_i2c_ex.o
                0x00000000080030ec                HAL_I2CEx_ConfigAnalogFilter
 .text.HAL_I2CEx_ConfigDigitalFilter
                0x0000000008003182       0x98 ./Drivers/STM32F7xx_HAL_Driver/Src/stm32f7xx_hal_i2c_ex.o
                0x0000000008003182                HAL_I2CEx_ConfigDigitalFilter
 *fill*         0x000000000800321a        0x2 
 .text.HAL_PWREx_EnableOverDrive
                0x000000000800321c       0xa0 ./Drivers/STM32F7xx_HAL_Driver/Src/stm32f7xx_hal_pwr_ex.o
                0x000000000800321c                HAL_PWREx_EnableOverDrive
 .text.HAL_RCC_OscConfig
                0x00000000080032bc      0x55c ./Drivers/STM32F7xx_HAL_Driver/Src/stm32f7xx_hal_rcc.o
                0x00000000080032bc                HAL_RCC_OscConfig
 .text.HAL_RCC_ClockConfig
                0x0000000008003818      0x1d8 ./Drivers/STM32F7xx_HAL_Driver/Src/stm32f7xx_hal_rcc.o
                0x0000000008003818                HAL_RCC_ClockConfig
 .text.HAL_RCC_GetSysClockFreq
                0x00000000080039f0      0x20c ./Drivers/STM32F7xx_HAL_Driver/Src/stm32f7xx_hal_rcc.o
                0x00000000080039f0                HAL_RCC_GetSysClockFreq
 .text.HAL_RCC_GetHCLKFreq
                0x0000000008003bfc       0x18 ./Drivers/STM32F7xx_HAL_Driver/Src/stm32f7xx_hal_rcc.o
                0x0000000008003bfc                HAL_RCC_GetHCLKFreq
 .text.HAL_RCC_GetPCLK2Freq
                0x0000000008003c14       0x28 ./Drivers/STM32F7xx_HAL_Driver/Src/stm32f7xx_hal_rcc.o
                0x0000000008003c14                HAL_RCC_GetPCLK2Freq
 .text.HAL_RCC_GetClockConfig
                0x0000000008003c3c       0x64 ./Drivers/STM32F7xx_HAL_Driver/Src/stm32f7xx_hal_rcc.o
                0x0000000008003c3c                HAL_RCC_GetClockConfig
 .text.HAL_RCCEx_PeriphCLKConfig
                0x0000000008003ca0      0x850 ./Drivers/STM32F7xx_HAL_Driver/Src/stm32f7xx_hal_rcc_ex.o
                0x0000000008003ca0                HAL_RCCEx_PeriphCLKConfig
 .text.HAL_SPI_Init
                0x00000000080044f0      0x156 ./Drivers/STM32F7xx_HAL_Driver/Src/stm32f7xx_hal_spi.o
                0x00000000080044f0                HAL_SPI_Init
 .text.HAL_SPI_TransmitReceive
                0x0000000008004646      0x426 ./Drivers/STM32F7xx_HAL_Driver/Src/stm32f7xx_hal_spi.o
                0x0000000008004646                HAL_SPI_TransmitReceive
 .text.SPI_WaitFlagStateUntilTimeout
                0x0000000008004a6c      0x110 ./Drivers/STM32F7xx_HAL_Driver/Src/stm32f7xx_hal_spi.o
 .text.SPI_WaitFifoStateUntilTimeout
                0x0000000008004b7c      0x12c ./Drivers/STM32F7xx_HAL_Driver/Src/stm32f7xx_hal_spi.o
 .text.SPI_EndRxTxTransaction
                0x0000000008004ca8       0xd4 ./Drivers/STM32F7xx_HAL_Driver/Src/stm32f7xx_hal_spi.o
 .text.HAL_TIM_Base_Init
                0x0000000008004d7c       0xae ./Drivers/STM32F7xx_HAL_Driver/Src/stm32f7xx_hal_tim.o
                0x0000000008004d7c                HAL_TIM_Base_Init
 .text.HAL_TIM_Base_MspInit
                0x0000000008004e2a       0x14 ./Drivers/STM32F7xx_HAL_Driver/Src/stm32f7xx_hal_tim.o
                0x0000000008004e2a                HAL_TIM_Base_MspInit
 *fill*         0x0000000008004e3e        0x2 
 .text.HAL_TIM_Base_Start_IT
                0x0000000008004e40       0xf0 ./Drivers/STM32F7xx_HAL_Driver/Src/stm32f7xx_hal_tim.o
                0x0000000008004e40                HAL_TIM_Base_Start_IT
 .text.HAL_TIM_Encoder_Init
                0x0000000008004f30      0x14c ./Drivers/STM32F7xx_HAL_Driver/Src/stm32f7xx_hal_tim.o
                0x0000000008004f30                HAL_TIM_Encoder_Init
 .text.HAL_TIM_IRQHandler
                0x000000000800507c      0x23e ./Drivers/STM32F7xx_HAL_Driver/Src/stm32f7xx_hal_tim.o
                0x000000000800507c                HAL_TIM_IRQHandler
 .text.HAL_TIM_OC_DelayElapsedCallback
                0x00000000080052ba       0x14 ./Drivers/STM32F7xx_HAL_Driver/Src/stm32f7xx_hal_tim.o
                0x00000000080052ba                HAL_TIM_OC_DelayElapsedCallback
 .text.HAL_TIM_IC_CaptureCallback
                0x00000000080052ce       0x14 ./Drivers/STM32F7xx_HAL_Driver/Src/stm32f7xx_hal_tim.o
                0x00000000080052ce                HAL_TIM_IC_CaptureCallback
 .text.HAL_TIM_PWM_PulseFinishedCallback
                0x00000000080052e2       0x14 ./Drivers/STM32F7xx_HAL_Driver/Src/stm32f7xx_hal_tim.o
                0x00000000080052e2                HAL_TIM_PWM_PulseFinishedCallback
 .text.HAL_TIM_TriggerCallback
                0x00000000080052f6       0x14 ./Drivers/STM32F7xx_HAL_Driver/Src/stm32f7xx_hal_tim.o
                0x00000000080052f6                HAL_TIM_TriggerCallback
 *fill*         0x000000000800530a        0x2 
 .text.TIM_Base_SetConfig
                0x000000000800530c      0x140 ./Drivers/STM32F7xx_HAL_Driver/Src/stm32f7xx_hal_tim.o
                0x000000000800530c                TIM_Base_SetConfig
 .text.HAL_TIMEx_MasterConfigSynchronization
                0x000000000800544c      0x11c ./Drivers/STM32F7xx_HAL_Driver/Src/stm32f7xx_hal_tim_ex.o
                0x000000000800544c                HAL_TIMEx_MasterConfigSynchronization
 .text.HAL_TIMEx_CommutCallback
                0x0000000008005568       0x14 ./Drivers/STM32F7xx_HAL_Driver/Src/stm32f7xx_hal_tim_ex.o
                0x0000000008005568                HAL_TIMEx_CommutCallback
 .text.HAL_TIMEx_BreakCallback
                0x000000000800557c       0x14 ./Drivers/STM32F7xx_HAL_Driver/Src/stm32f7xx_hal_tim_ex.o
                0x000000000800557c                HAL_TIMEx_BreakCallback
 .text.HAL_TIMEx_Break2Callback
                0x0000000008005590       0x14 ./Drivers/STM32F7xx_HAL_Driver/Src/stm32f7xx_hal_tim_ex.o
                0x0000000008005590                HAL_TIMEx_Break2Callback
 .text.makeFreeRtosPriority
                0x00000000080055a4       0x30 ./Middlewares/Third_Party/FreeRTOS/Source/CMSIS_RTOS/cmsis_os.o
 .text.inHandlerMode
                0x00000000080055d4       0x24 ./Middlewares/Third_Party/FreeRTOS/Source/CMSIS_RTOS/cmsis_os.o
 .text.osKernelStart
                0x00000000080055f8        0xe ./Middlewares/Third_Party/FreeRTOS/Source/CMSIS_RTOS/cmsis_os.o
                0x00000000080055f8                osKernelStart
 .text.osKernelSysTick
                0x0000000008005606       0x20 ./Middlewares/Third_Party/FreeRTOS/Source/CMSIS_RTOS/cmsis_os.o
                0x0000000008005606                osKernelSysTick
 .text.osThreadCreate
                0x0000000008005626       0x4e ./Middlewares/Third_Party/FreeRTOS/Source/CMSIS_RTOS/cmsis_os.o
                0x0000000008005626                osThreadCreate
 .text.osDelay  0x0000000008005674       0x28 ./Middlewares/Third_Party/FreeRTOS/Source/CMSIS_RTOS/cmsis_os.o
                0x0000000008005674                osDelay
 .text.osMutexCreate
                0x000000000800569c       0x18 ./Middlewares/Third_Party/FreeRTOS/Source/CMSIS_RTOS/cmsis_os.o
                0x000000000800569c                osMutexCreate
 .text.osMutexWait
                0x00000000080056b4       0x9c ./Middlewares/Third_Party/FreeRTOS/Source/CMSIS_RTOS/cmsis_os.o
                0x00000000080056b4                osMutexWait
 .text.osMutexRelease
                0x0000000008005750       0x6c ./Middlewares/Third_Party/FreeRTOS/Source/CMSIS_RTOS/cmsis_os.o
                0x0000000008005750                osMutexRelease
 .text.osMessageCreate
                0x00000000080057bc       0x24 ./Middlewares/Third_Party/FreeRTOS/Source/CMSIS_RTOS/cmsis_os.o
                0x00000000080057bc                osMessageCreate
 .text.osMessagePut
                0x00000000080057e0       0x80 ./Middlewares/Third_Party/FreeRTOS/Source/CMSIS_RTOS/cmsis_os.o
                0x00000000080057e0                osMessagePut
 .text.osMessageGet
                0x0000000008005860       0xe8 ./Middlewares/Third_Party/FreeRTOS/Source/CMSIS_RTOS/cmsis_os.o
                0x0000000008005860                osMessageGet
 .text.osDelayUntil
                0x0000000008005948       0x2c ./Middlewares/Third_Party/FreeRTOS/Source/CMSIS_RTOS/cmsis_os.o
                0x0000000008005948                osDelayUntil
 .text.vListInitialise
                0x0000000008005974       0x40 ./Middlewares/Third_Party/FreeRTOS/Source/list.o
                0x0000000008005974                vListInitialise
 .text.vListInitialiseItem
                0x00000000080059b4       0x1a ./Middlewares/Third_Party/FreeRTOS/Source/list.o
                0x00000000080059b4                vListInitialiseItem
 .text.vListInsertEnd
                0x00000000080059ce       0x48 ./Middlewares/Third_Party/FreeRTOS/Source/list.o
                0x00000000080059ce                vListInsertEnd
 .text.vListInsert
                0x0000000008005a16       0x72 ./Middlewares/Third_Party/FreeRTOS/Source/list.o
                0x0000000008005a16                vListInsert
 .text.uxListRemove
                0x0000000008005a88       0x54 ./Middlewares/Third_Party/FreeRTOS/Source/list.o
                0x0000000008005a88                uxListRemove
 .text.xQueueGenericReset
                0x0000000008005adc       0xd4 ./Middlewares/Third_Party/FreeRTOS/Source/queue.o
                0x0000000008005adc                xQueueGenericReset
 .text.xQueueGenericCreate
                0x0000000008005bb0       0x7c ./Middlewares/Third_Party/FreeRTOS/Source/queue.o
                0x0000000008005bb0                xQueueGenericCreate
 .text.prvInitialiseNewQueue
                0x0000000008005c2c       0x3e ./Middlewares/Third_Party/FreeRTOS/Source/queue.o
 .text.prvInitialiseMutex
                0x0000000008005c6a       0x34 ./Middlewares/Third_Party/FreeRTOS/Source/queue.o
 .text.xQueueCreateMutex
                0x0000000008005c9e       0x30 ./Middlewares/Third_Party/FreeRTOS/Source/queue.o
                0x0000000008005c9e                xQueueCreateMutex
 *fill*         0x0000000008005cce        0x2 
 .text.xQueueGenericSend
                0x0000000008005cd0      0x20c ./Middlewares/Third_Party/FreeRTOS/Source/queue.o
                0x0000000008005cd0                xQueueGenericSend
 .text.xQueueGenericSendFromISR
                0x0000000008005edc      0x140 ./Middlewares/Third_Party/FreeRTOS/Source/queue.o
                0x0000000008005edc                xQueueGenericSendFromISR
 .text.xQueueGiveFromISR
                0x000000000800601c      0x12a ./Middlewares/Third_Party/FreeRTOS/Source/queue.o
                0x000000000800601c                xQueueGiveFromISR
 *fill*         0x0000000008006146        0x2 
 .text.xQueueReceive
                0x0000000008006148      0x1cc ./Middlewares/Third_Party/FreeRTOS/Source/queue.o
                0x0000000008006148                xQueueReceive
 .text.xQueueSemaphoreTake
                0x0000000008006314      0x228 ./Middlewares/Third_Party/FreeRTOS/Source/queue.o
                0x0000000008006314                xQueueSemaphoreTake
 .text.xQueueReceiveFromISR
                0x000000000800653c      0x10c ./Middlewares/Third_Party/FreeRTOS/Source/queue.o
                0x000000000800653c                xQueueReceiveFromISR
 .text.prvGetDisinheritPriorityAfterTimeout
                0x0000000008006648       0x30 ./Middlewares/Third_Party/FreeRTOS/Source/queue.o
 .text.prvCopyDataToQueue
                0x0000000008006678       0xd4 ./Middlewares/Third_Party/FreeRTOS/Source/queue.o
 .text.prvCopyDataFromQueue
                0x000000000800674c       0x4c ./Middlewares/Third_Party/FreeRTOS/Source/queue.o
 .text.prvUnlockQueue
                0x0000000008006798       0xa4 ./Middlewares/Third_Party/FreeRTOS/Source/queue.o
 .text.prvIsQueueEmpty
                0x000000000800683c       0x2c ./Middlewares/Third_Party/FreeRTOS/Source/queue.o
 .text.prvIsQueueFull
                0x0000000008006868       0x30 ./Middlewares/Third_Party/FreeRTOS/Source/queue.o
 .text.xTaskCreate
                0x0000000008006898       0x82 ./Middlewares/Third_Party/FreeRTOS/Source/tasks.o
                0x0000000008006898                xTaskCreate
 .text.prvInitialiseNewTask
                0x000000000800691a      0x112 ./Middlewares/Third_Party/FreeRTOS/Source/tasks.o
 .text.prvAddNewTaskToReadyList
                0x0000000008006a2c       0xd4 ./Middlewares/Third_Party/FreeRTOS/Source/tasks.o
 .text.vTaskDelayUntil
                0x0000000008006b00      0x108 ./Middlewares/Third_Party/FreeRTOS/Source/tasks.o
                0x0000000008006b00                vTaskDelayUntil
 .text.vTaskDelay
                0x0000000008006c08       0x6c ./Middlewares/Third_Party/FreeRTOS/Source/tasks.o
                0x0000000008006c08                vTaskDelay
 .text.vTaskStartScheduler
                0x0000000008006c74       0x98 ./Middlewares/Third_Party/FreeRTOS/Source/tasks.o
                0x0000000008006c74                vTaskStartScheduler
 .text.vTaskSuspendAll
                0x0000000008006d0c       0x1c ./Middlewares/Third_Party/FreeRTOS/Source/tasks.o
                0x0000000008006d0c                vTaskSuspendAll
 .text.xTaskResumeAll
                0x0000000008006d28      0x13c ./Middlewares/Third_Party/FreeRTOS/Source/tasks.o
                0x0000000008006d28                xTaskResumeAll
 .text.xTaskGetTickCount
                0x0000000008006e64       0x20 ./Middlewares/Third_Party/FreeRTOS/Source/tasks.o
                0x0000000008006e64                xTaskGetTickCount
 .text.xTaskGetTickCountFromISR
                0x0000000008006e84       0x24 ./Middlewares/Third_Party/FreeRTOS/Source/tasks.o
                0x0000000008006e84                xTaskGetTickCountFromISR
 .text.xTaskIncrementTick
                0x0000000008006ea8      0x174 ./Middlewares/Third_Party/FreeRTOS/Source/tasks.o
                0x0000000008006ea8                xTaskIncrementTick
 .text.vTaskSwitchContext
                0x000000000800701c       0xbc ./Middlewares/Third_Party/FreeRTOS/Source/tasks.o
                0x000000000800701c                vTaskSwitchContext
 .text.vTaskPlaceOnEventList
                0x00000000080070d8       0x4c ./Middlewares/Third_Party/FreeRTOS/Source/tasks.o
                0x00000000080070d8                vTaskPlaceOnEventList
 .text.xTaskRemoveFromEventList
                0x0000000008007124       0xc8 ./Middlewares/Third_Party/FreeRTOS/Source/tasks.o
                0x0000000008007124                xTaskRemoveFromEventList
 .text.vTaskInternalSetTimeOutState
                0x00000000080071ec       0x2c ./Middlewares/Third_Party/FreeRTOS/Source/tasks.o
                0x00000000080071ec                vTaskInternalSetTimeOutState
 .text.xTaskCheckForTimeOut
                0x0000000008007218       0xcc ./Middlewares/Third_Party/FreeRTOS/Source/tasks.o
                0x0000000008007218                xTaskCheckForTimeOut
 .text.vTaskMissedYield
                0x00000000080072e4       0x18 ./Middlewares/Third_Party/FreeRTOS/Source/tasks.o
                0x00000000080072e4                vTaskMissedYield
 .text.prvIdleTask
                0x00000000080072fc       0x30 ./Middlewares/Third_Party/FreeRTOS/Source/tasks.o
 .text.prvInitialiseTaskLists
                0x000000000800732c       0x80 ./Middlewares/Third_Party/FreeRTOS/Source/tasks.o
 .text.prvCheckTasksWaitingTermination
                0x00000000080073ac       0x5c ./Middlewares/Third_Party/FreeRTOS/Source/tasks.o
 .text.prvDeleteTCB
                0x0000000008007408       0x20 ./Middlewares/Third_Party/FreeRTOS/Source/tasks.o
 .text.prvResetNextTaskUnblockTime
                0x0000000008007428       0x40 ./Middlewares/Third_Party/FreeRTOS/Source/tasks.o
 .text.xTaskGetSchedulerState
                0x0000000008007468       0x3c ./Middlewares/Third_Party/FreeRTOS/Source/tasks.o
                0x0000000008007468                xTaskGetSchedulerState
 .text.xTaskPriorityInherit
                0x00000000080074a4      0x100 ./Middlewares/Third_Party/FreeRTOS/Source/tasks.o
                0x00000000080074a4                xTaskPriorityInherit
 .text.xTaskPriorityDisinherit
                0x00000000080075a4      0x114 ./Middlewares/Third_Party/FreeRTOS/Source/tasks.o
                0x00000000080075a4                xTaskPriorityDisinherit
 .text.vTaskPriorityDisinheritAfterTimeout
                0x00000000080076b8      0x13c ./Middlewares/Third_Party/FreeRTOS/Source/tasks.o
                0x00000000080076b8                vTaskPriorityDisinheritAfterTimeout
 .text.pvTaskIncrementMutexHeldCount
                0x00000000080077f4       0x28 ./Middlewares/Third_Party/FreeRTOS/Source/tasks.o
                0x00000000080077f4                pvTaskIncrementMutexHeldCount
 .text.prvAddCurrentTaskToDelayedList
                0x000000000800781c       0xcc ./Middlewares/Third_Party/FreeRTOS/Source/tasks.o
 .text.pxPortInitialiseStack
                0x00000000080078e8       0x68 ./Middlewares/Third_Party/FreeRTOS/Source/portable/GCC/ARM_CM7/r0p1/port.o
                0x00000000080078e8                pxPortInitialiseStack
 .text.prvTaskExitError
                0x0000000008007950       0x60 ./Middlewares/Third_Party/FreeRTOS/Source/portable/GCC/ARM_CM7/r0p1/port.o
 .text.SVC_Handler
                0x00000000080079b0       0x28 ./Middlewares/Third_Party/FreeRTOS/Source/portable/GCC/ARM_CM7/r0p1/port.o
                0x00000000080079b0                SVC_Handler
 .text.prvPortStartFirstTask
                0x00000000080079d8       0x28 ./Middlewares/Third_Party/FreeRTOS/Source/portable/GCC/ARM_CM7/r0p1/port.o
 .text.xPortStartScheduler
                0x0000000008007a00       0xfc ./Middlewares/Third_Party/FreeRTOS/Source/portable/GCC/ARM_CM7/r0p1/port.o
                0x0000000008007a00                xPortStartScheduler
 .text.vPortEnterCritical
                0x0000000008007afc       0x68 ./Middlewares/Third_Party/FreeRTOS/Source/portable/GCC/ARM_CM7/r0p1/port.o
                0x0000000008007afc                vPortEnterCritical
 .text.vPortExitCritical
                0x0000000008007b64       0x58 ./Middlewares/Third_Party/FreeRTOS/Source/portable/GCC/ARM_CM7/r0p1/port.o
                0x0000000008007b64                vPortExitCritical
 *fill*         0x0000000008007bbc        0x4 
 .text.PendSV_Handler
                0x0000000008007bc0       0x68 ./Middlewares/Third_Party/FreeRTOS/Source/portable/GCC/ARM_CM7/r0p1/port.o
                0x0000000008007bc0                PendSV_Handler
 .text.SysTick_Handler
                0x0000000008007c28       0x48 ./Middlewares/Third_Party/FreeRTOS/Source/portable/GCC/ARM_CM7/r0p1/port.o
                0x0000000008007c28                SysTick_Handler
 .text.vPortSetupTimerInterrupt
                0x0000000008007c70       0x48 ./Middlewares/Third_Party/FreeRTOS/Source/portable/GCC/ARM_CM7/r0p1/port.o
                0x0000000008007c70                vPortSetupTimerInterrupt
 .text.vPortEnableVFP
                0x0000000008007cb8       0x14 ./Middlewares/Third_Party/FreeRTOS/Source/portable/GCC/ARM_CM7/r0p1/port.o
 .text.vPortValidateInterruptPriority
                0x0000000008007ccc       0x88 ./Middlewares/Third_Party/FreeRTOS/Source/portable/GCC/ARM_CM7/r0p1/port.o
                0x0000000008007ccc                vPortValidateInterruptPriority
 .text.pvPortMalloc
                0x0000000008007d54      0x194 ./Middlewares/Third_Party/FreeRTOS/Source/portable/MemMang/heap_4.o
                0x0000000008007d54                pvPortMalloc
 .text.vPortFree
                0x0000000008007ee8       0xbc ./Middlewares/Third_Party/FreeRTOS/Source/portable/MemMang/heap_4.o
                0x0000000008007ee8                vPortFree
 .text.prvHeapInit
                0x0000000008007fa4       0xc4 ./Middlewares/Third_Party/FreeRTOS/Source/portable/MemMang/heap_4.o
 .text.prvInsertBlockIntoFreeList
                0x0000000008008068       0xb4 ./Middlewares/Third_Party/FreeRTOS/Source/portable/MemMang/heap_4.o
 .text.MAX581x_WriteCommand
                0x000000000800811c       0x30 ./Tools/MAX581x.o
                0x000000000800811c                MAX581x_WriteCommand
 .text.MAX581x_Init
                0x000000000800814c       0x36 ./Tools/MAX581x.o
                0x000000000800814c                MAX581x_Init
 .text.MAX581x_Config
                0x0000000008008182       0x36 ./Tools/MAX581x.o
                0x0000000008008182                MAX581x_Config
 .text.MAX581x_Reference
                0x00000000080081b8       0x32 ./Tools/MAX581x.o
                0x00000000080081b8                MAX581x_Reference
 .text.MAX581x_Code
                0x00000000080081ea       0x40 ./Tools/MAX581x.o
                0x00000000080081ea                MAX581x_Code
 .text.MAX581x_CodeLoad
                0x000000000800822a       0x46 ./Tools/MAX581x.o
                0x000000000800822a                MAX581x_CodeLoad
 .text.PID_Init
                0x0000000008008270       0x66 ./Tools/PID.o
                0x0000000008008270                PID_Init
 .text.PID_CloseLoop
                0x00000000080082d6      0x13e ./Tools/PID.o
                0x00000000080082d6                PID_CloseLoop
 .text.Board_LedToggle
                0x0000000008008414       0x1e ./Tools/board.o
                0x0000000008008414                Board_LedToggle
 *fill*         0x0000000008008432        0x2 
 .text.Board_GetID
                0x0000000008008434       0x88 ./Tools/board.o
                0x0000000008008434                Board_GetID
 *fill*         0x00000000080084bc        0x4 
 .text.Encoder_Update
                0x00000000080084c0       0xb8 ./Tools/encoder.o
                0x00000000080084c0                Encoder_Update
 .text.Motor_Init
                0x0000000008008578       0x42 ./Tools/motor.o
                0x0000000008008578                Motor_Init
 *fill*         0x00000000080085ba        0x2 
 .text.Motor_CLDrive
                0x00000000080085bc       0xa4 ./Tools/motor.o
                0x00000000080085bc                Motor_CLDrive
 .text.Motor_Enable
                0x0000000008008660       0x48 ./Tools/motor.o
                0x0000000008008660                Motor_Enable
 .text.Motor_SetBrake
                0x00000000080086a8       0x40 ./Tools/motor.o
                0x00000000080086a8                Motor_SetBrake
 .text.Motor_SetVoltage
                0x00000000080086e8       0x9e ./Tools/motor.o
                0x00000000080086e8                Motor_SetVoltage
 .text.nRF24_CE_State
                0x0000000008008786       0x24 ./Tools/nrf24.o
                0x0000000008008786                nRF24_CE_State
 .text.nRF24_CSN_State
                0x00000000080087aa       0x24 ./Tools/nrf24.o
                0x00000000080087aa                nRF24_CSN_State
 .text.nRF24_HW_Init
                0x00000000080087ce       0x44 ./Tools/nrf24.o
                0x00000000080087ce                nRF24_HW_Init
 .text.nRF24_LL_RW
                0x0000000008008812       0x2c ./Tools/nrf24.o
                0x0000000008008812                nRF24_LL_RW
 .text.nRF24_ReadReg
                0x000000000800883e       0x42 ./Tools/nrf24.o
                0x000000000800883e                nRF24_ReadReg
 .text.nRF24_WriteReg
                0x0000000008008880       0x80 ./Tools/nrf24.o
                0x0000000008008880                nRF24_WriteReg
 .text.nRF24_ReadMBReg
                0x0000000008008900       0x54 ./Tools/nrf24.o
                0x0000000008008900                nRF24_ReadMBReg
 .text.nRF24_Init
                0x0000000008008954       0xca ./Tools/nrf24.o
                0x0000000008008954                nRF24_Init
 .text.nRF24_SetPowerMode
                0x0000000008008a1e       0x44 ./Tools/nrf24.o
                0x0000000008008a1e                nRF24_SetPowerMode
 .text.nRF24_SetOperationalMode
                0x0000000008008a62       0x48 ./Tools/nrf24.o
                0x0000000008008a62                nRF24_SetOperationalMode
 .text.nRF24_SetRFChannel
                0x0000000008008aaa       0x20 ./Tools/nrf24.o
                0x0000000008008aaa                nRF24_SetRFChannel
 *fill*         0x0000000008008aca        0x2 
 .text.nRF24_SetAddr
                0x0000000008008acc      0x15c ./Tools/nrf24.o
                0x0000000008008acc                nRF24_SetAddr
 .text.nRF24_SetRXPipe
                0x0000000008008c28       0xb8 ./Tools/nrf24.o
                0x0000000008008c28                nRF24_SetRXPipe
 .text.nRF24_DisableAA
                0x0000000008008ce0       0x56 ./Tools/nrf24.o
                0x0000000008008ce0                nRF24_DisableAA
 .text.nRF24_GetStatus
                0x0000000008008d36       0x1a ./Tools/nrf24.o
                0x0000000008008d36                nRF24_GetStatus
 .text.nRF24_FlushTX
                0x0000000008008d50       0x1a ./Tools/nrf24.o
                0x0000000008008d50                nRF24_FlushTX
 .text.nRF24_FlushRX
                0x0000000008008d6a       0x1a ./Tools/nrf24.o
                0x0000000008008d6a                nRF24_FlushRX
 .text.nRF24_ClearIRQFlags
                0x0000000008008d84       0x30 ./Tools/nrf24.o
                0x0000000008008d84                nRF24_ClearIRQFlags
 .text.nRF24_ReadPayload
                0x0000000008008db4       0x6c ./Tools/nrf24.o
                0x0000000008008db4                nRF24_ReadPayload
 .text.VL6180X_Read8
                0x0000000008008e20       0x66 ./Tools/vl6180x.o
                0x0000000008008e20                VL6180X_Read8
 .text.VL6180X_Write8
                0x0000000008008e86       0x54 ./Tools/vl6180x.o
                0x0000000008008e86                VL6180X_Write8
 .text.VL6180X_Init
                0x0000000008008eda       0x58 ./Tools/vl6180x.o
                0x0000000008008eda                VL6180X_Init
 .text.VL6180X_LoadSettings
                0x0000000008008f32      0x1ac ./Tools/vl6180x.o
                0x0000000008008f32                VL6180X_LoadSettings
 .text.VL6180X_ReadRange
                0x00000000080090de       0x5a ./Tools/vl6180x.o
                0x00000000080090de                VL6180X_ReadRange
 .text.__errno  0x0000000008009138        0xc c:/st/stm32cubeide_1.9.0/stm32cubeide/plugins/com.st.stm32cube.ide.mcu.externaltools.gnu-tools-for-stm32.10.3-2021.10.win32_1.0.200.202301161003/tools/bin/../lib/gcc/arm-none-eabi/10.3.1/../../../../arm-none-eabi/lib/thumb/v7e-m+dp/hard\libc_nano.a(lib_a-errno.o)
                0x0000000008009138                __errno
 .text.__libc_init_array
                0x0000000008009144       0x48 c:/st/stm32cubeide_1.9.0/stm32cubeide/plugins/com.st.stm32cube.ide.mcu.externaltools.gnu-tools-for-stm32.10.3-2021.10.win32_1.0.200.202301161003/tools/bin/../lib/gcc/arm-none-eabi/10.3.1/../../../../arm-none-eabi/lib/thumb/v7e-m+dp/hard\libc_nano.a(lib_a-init.o)
                0x0000000008009144                __libc_init_array
 .text.memcpy   0x000000000800918c       0x1c c:/st/stm32cubeide_1.9.0/stm32cubeide/plugins/com.st.stm32cube.ide.mcu.externaltools.gnu-tools-for-stm32.10.3-2021.10.win32_1.0.200.202301161003/tools/bin/../lib/gcc/arm-none-eabi/10.3.1/../../../../arm-none-eabi/lib/thumb/v7e-m+dp/hard\libc_nano.a(lib_a-memcpy-stub.o)
                0x000000000800918c                memcpy
 .text.memset   0x00000000080091a8       0x10 c:/st/stm32cubeide_1.9.0/stm32cubeide/plugins/com.st.stm32cube.ide.mcu.externaltools.gnu-tools-for-stm32.10.3-2021.10.win32_1.0.200.202301161003/tools/bin/../lib/gcc/arm-none-eabi/10.3.1/../../../../arm-none-eabi/lib/thumb/v7e-m+dp/hard\libc_nano.a(lib_a-memset.o)
                0x00000000080091a8                memset
 .text.sqrt     0x00000000080091b8       0x40 c:/st/stm32cubeide_1.9.0/stm32cubeide/plugins/com.st.stm32cube.ide.mcu.externaltools.gnu-tools-for-stm32.10.3-2021.10.win32_1.0.200.202301161003/tools/bin/../lib/gcc/arm-none-eabi/10.3.1/../../../../arm-none-eabi/lib/thumb/v7e-m+dp/hard\libm.a(lib_a-w_sqrt.o)
                0x00000000080091b8                sqrt
 .text.__ieee754_sqrt
                0x00000000080091f8        0x6 c:/st/stm32cubeide_1.9.0/stm32cubeide/plugins/com.st.stm32cube.ide.mcu.externaltools.gnu-tools-for-stm32.10.3-2021.10.win32_1.0.200.202301161003/tools/bin/../lib/gcc/arm-none-eabi/10.3.1/../../../../arm-none-eabi/lib/thumb/v7e-m+dp/hard\libm.a(lib_a-e_sqrt.o)
                0x00000000080091f8                __ieee754_sqrt
 *(.glue_7)
 .glue_7        0x00000000080091fe        0x0 linker stubs
 *(.glue_7t)
 .glue_7t       0x00000000080091fe        0x0 linker stubs
 *(.eh_frame)
 *fill*         0x00000000080091fe        0x2 
 .eh_frame      0x0000000008009200        0x0 c:/st/stm32cubeide_1.9.0/stm32cubeide/plugins/com.st.stm32cube.ide.mcu.externaltools.gnu-tools-for-stm32.10.3-2021.10.win32_1.0.200.202301161003/tools/bin/../lib/gcc/arm-none-eabi/10.3.1/thumb/v7e-m+dp/hard/crtbegin.o
 *(.init)
 .init          0x0000000008009200        0x4 c:/st/stm32cubeide_1.9.0/stm32cubeide/plugins/com.st.stm32cube.ide.mcu.externaltools.gnu-tools-for-stm32.10.3-2021.10.win32_1.0.200.202301161003/tools/bin/../lib/gcc/arm-none-eabi/10.3.1/thumb/v7e-m+dp/hard/crti.o
                0x0000000008009200                _init
 .init          0x0000000008009204        0x8 c:/st/stm32cubeide_1.9.0/stm32cubeide/plugins/com.st.stm32cube.ide.mcu.externaltools.gnu-tools-for-stm32.10.3-2021.10.win32_1.0.200.202301161003/tools/bin/../lib/gcc/arm-none-eabi/10.3.1/thumb/v7e-m+dp/hard/crtn.o
 *(.fini)
 .fini          0x000000000800920c        0x4 c:/st/stm32cubeide_1.9.0/stm32cubeide/plugins/com.st.stm32cube.ide.mcu.externaltools.gnu-tools-for-stm32.10.3-2021.10.win32_1.0.200.202301161003/tools/bin/../lib/gcc/arm-none-eabi/10.3.1/thumb/v7e-m+dp/hard/crti.o
                0x000000000800920c                _fini
 .fini          0x0000000008009210        0x8 c:/st/stm32cubeide_1.9.0/stm32cubeide/plugins/com.st.stm32cube.ide.mcu.externaltools.gnu-tools-for-stm32.10.3-2021.10.win32_1.0.200.202301161003/tools/bin/../lib/gcc/arm-none-eabi/10.3.1/thumb/v7e-m+dp/hard/crtn.o
                0x0000000008009218                . = ALIGN (0x4)
                0x0000000008009218                _etext = .

.vfp11_veneer   0x0000000008009218        0x0
 .vfp11_veneer  0x0000000008009218        0x0 linker stubs

.v4_bx          0x0000000008009218        0x0
 .v4_bx         0x0000000008009218        0x0 linker stubs

.iplt           0x0000000008009218        0x0
 .iplt          0x0000000008009218        0x0 c:/st/stm32cubeide_1.9.0/stm32cubeide/plugins/com.st.stm32cube.ide.mcu.externaltools.gnu-tools-for-stm32.10.3-2021.10.win32_1.0.200.202301161003/tools/bin/../lib/gcc/arm-none-eabi/10.3.1/thumb/v7e-m+dp/hard/crtbegin.o

.rodata         0x0000000008009218       0xd8
                0x0000000008009218                . = ALIGN (0x4)
 *(.rodata)
 .rodata        0x0000000008009218       0x98 ./Core/Src/main.o
 .rodata        0x00000000080092b0        0x5 ./Middlewares/Third_Party/FreeRTOS/Source/tasks.o
 *(.rodata*)
 *fill*         0x00000000080092b5        0x3 
 .rodata.Dribbler_SpeedSet
                0x00000000080092b8       0x10 ./Core/Src/main.o
                0x00000000080092b8                Dribbler_SpeedSet
 .rodata.AHBPrescTable
                0x00000000080092c8       0x10 ./Core/Src/system_stm32f7xx.o
                0x00000000080092c8                AHBPrescTable
 .rodata.APBPrescTable
                0x00000000080092d8        0x8 ./Core/Src/system_stm32f7xx.o
                0x00000000080092d8                APBPrescTable
 .rodata.nRF24_RX_PW_PIPE
                0x00000000080092e0        0x6 ./Tools/nrf24.o
 *fill*         0x00000000080092e6        0x2 
 .rodata.nRF24_ADDR_REGS
                0x00000000080092e8        0x7 ./Tools/nrf24.o
                0x00000000080092f0                . = ALIGN (0x4)
 *fill*         0x00000000080092ef        0x1 

.ARM.extab      0x00000000080092f0        0x0
                0x00000000080092f0                . = ALIGN (0x4)
 *(.ARM.extab* .gnu.linkonce.armextab.*)
                0x00000000080092f0                . = ALIGN (0x4)

.ARM            0x00000000080092f0        0x8
                0x00000000080092f0                . = ALIGN (0x4)
                0x00000000080092f0                __exidx_start = .
 *(.ARM.exidx*)
 .ARM.exidx     0x00000000080092f0        0x8 c:/st/stm32cubeide_1.9.0/stm32cubeide/plugins/com.st.stm32cube.ide.mcu.externaltools.gnu-tools-for-stm32.10.3-2021.10.win32_1.0.200.202301161003/tools/bin/../lib/gcc/arm-none-eabi/10.3.1/thumb/v7e-m+dp/hard\libgcc.a(_udivmoddi4.o)
                0x00000000080092f8                __exidx_end = .
                0x00000000080092f8                . = ALIGN (0x4)

.rel.dyn        0x00000000080092f8        0x0
 .rel.iplt      0x00000000080092f8        0x0 c:/st/stm32cubeide_1.9.0/stm32cubeide/plugins/com.st.stm32cube.ide.mcu.externaltools.gnu-tools-for-stm32.10.3-2021.10.win32_1.0.200.202301161003/tools/bin/../lib/gcc/arm-none-eabi/10.3.1/thumb/v7e-m+dp/hard/crtbegin.o

.preinit_array  0x00000000080092f8        0x0
                0x00000000080092f8                . = ALIGN (0x4)
                0x00000000080092f8                PROVIDE (__preinit_array_start = .)
 *(.preinit_array*)
                0x00000000080092f8                PROVIDE (__preinit_array_end = .)
                0x00000000080092f8                . = ALIGN (0x4)

.init_array     0x00000000080092f8        0x4
                0x00000000080092f8                . = ALIGN (0x4)
                0x00000000080092f8                PROVIDE (__init_array_start = .)
 *(SORT_BY_NAME(.init_array.*))
 *(.init_array*)
 .init_array    0x00000000080092f8        0x4 c:/st/stm32cubeide_1.9.0/stm32cubeide/plugins/com.st.stm32cube.ide.mcu.externaltools.gnu-tools-for-stm32.10.3-2021.10.win32_1.0.200.202301161003/tools/bin/../lib/gcc/arm-none-eabi/10.3.1/thumb/v7e-m+dp/hard/crtbegin.o
                0x00000000080092fc                PROVIDE (__init_array_end = .)
                0x00000000080092fc                . = ALIGN (0x4)

.fini_array     0x00000000080092fc        0x4
                0x00000000080092fc                . = ALIGN (0x4)
                [!provide]                        PROVIDE (__fini_array_start = .)
 *(SORT_BY_NAME(.fini_array.*))
 *(.fini_array*)
 .fini_array    0x00000000080092fc        0x4 c:/st/stm32cubeide_1.9.0/stm32cubeide/plugins/com.st.stm32cube.ide.mcu.externaltools.gnu-tools-for-stm32.10.3-2021.10.win32_1.0.200.202301161003/tools/bin/../lib/gcc/arm-none-eabi/10.3.1/thumb/v7e-m+dp/hard/crtbegin.o
                [!provide]                        PROVIDE (__fini_array_end = .)
                0x0000000008009300                . = ALIGN (0x4)
                0x0000000008009300                _sidata = LOADADDR (.data)

.data           0x0000000020000000       0x7c load address 0x0000000008009300
                0x0000000020000000                . = ALIGN (0x4)
                0x0000000020000000                _sdata = .
 *(.data)
 *(.data*)
 .data.rx_node_addr
                0x0000000020000000        0x5 ./Core/Src/main.o
                0x0000000020000000                rx_node_addr
 *fill*         0x0000000020000005        0x3 
 .data.SystemCoreClock
                0x0000000020000008        0x4 ./Core/Src/system_stm32f7xx.o
                0x0000000020000008                SystemCoreClock
 .data.uwTickPrio
                0x000000002000000c        0x4 ./Drivers/STM32F7xx_HAL_Driver/Src/stm32f7xx_hal.o
                0x000000002000000c                uwTickPrio
 .data.uwTickFreq
                0x0000000020000010        0x1 ./Drivers/STM32F7xx_HAL_Driver/Src/stm32f7xx_hal.o
                0x0000000020000010                uwTickFreq
 *fill*         0x0000000020000011        0x3 
 .data.uxCriticalNesting
                0x0000000020000014        0x4 ./Middlewares/Third_Party/FreeRTOS/Source/portable/GCC/ARM_CM7/r0p1/port.o
 .data._impure_ptr
                0x0000000020000018        0x4 c:/st/stm32cubeide_1.9.0/stm32cubeide/plugins/com.st.stm32cube.ide.mcu.externaltools.gnu-tools-for-stm32.10.3-2021.10.win32_1.0.200.202301161003/tools/bin/../lib/gcc/arm-none-eabi/10.3.1/../../../../arm-none-eabi/lib/thumb/v7e-m+dp/hard\libc_nano.a(lib_a-impure.o)
                0x0000000020000018                _impure_ptr
 .data.impure_data
                0x000000002000001c       0x60 c:/st/stm32cubeide_1.9.0/stm32cubeide/plugins/com.st.stm32cube.ide.mcu.externaltools.gnu-tools-for-stm32.10.3-2021.10.win32_1.0.200.202301161003/tools/bin/../lib/gcc/arm-none-eabi/10.3.1/../../../../arm-none-eabi/lib/thumb/v7e-m+dp/hard\libc_nano.a(lib_a-impure.o)
 *(.RamFunc)
 *(.RamFunc*)
                0x000000002000007c                . = ALIGN (0x4)
                0x000000002000007c                _edata = .

.igot.plt       0x000000002000007c        0x0 load address 0x000000000800937c
 .igot.plt      0x000000002000007c        0x0 c:/st/stm32cubeide_1.9.0/stm32cubeide/plugins/com.st.stm32cube.ide.mcu.externaltools.gnu-tools-for-stm32.10.3-2021.10.win32_1.0.200.202301161003/tools/bin/../lib/gcc/arm-none-eabi/10.3.1/thumb/v7e-m+dp/hard/crtbegin.o
                0x000000002000007c                . = ALIGN (0x4)

.bss            0x000000002000007c     0x4338 load address 0x000000000800937c
                0x000000002000007c                _sbss = .
                0x000000002000007c                __bss_start__ = _sbss
 *(.bss)
 .bss           0x000000002000007c       0x1c c:/st/stm32cubeide_1.9.0/stm32cubeide/plugins/com.st.stm32cube.ide.mcu.externaltools.gnu-tools-for-stm32.10.3-2021.10.win32_1.0.200.202301161003/tools/bin/../lib/gcc/arm-none-eabi/10.3.1/thumb/v7e-m+dp/hard/crtbegin.o
 *(.bss*)
 .bss.hi2c1     0x0000000020000098       0x54 ./Core/Src/main.o
                0x0000000020000098                hi2c1
 .bss.hi2c2     0x00000000200000ec       0x54 ./Core/Src/main.o
                0x00000000200000ec                hi2c2
 .bss.hi2c3     0x0000000020000140       0x54 ./Core/Src/main.o
                0x0000000020000140                hi2c3
 .bss.hspi1     0x0000000020000194       0x64 ./Core/Src/main.o
                0x0000000020000194                hspi1
 .bss.htim2     0x00000000200001f8       0x4c ./Core/Src/main.o
                0x00000000200001f8                htim2
 .bss.htim3     0x0000000020000244       0x4c ./Core/Src/main.o
                0x0000000020000244                htim3
 .bss.htim5     0x0000000020000290       0x4c ./Core/Src/main.o
                0x0000000020000290                htim5
 .bss.htim8     0x00000000200002dc       0x4c ./Core/Src/main.o
                0x00000000200002dc                htim8
 .bss.driveTaskHandle
                0x0000000020000328        0x4 ./Core/Src/main.o
                0x0000000020000328                driveTaskHandle
 .bss.radioTaskHandle
                0x000000002000032c        0x4 ./Core/Src/main.o
                0x000000002000032c                radioTaskHandle
 .bss.kickTaskHandle
                0x0000000020000330        0x4 ./Core/Src/main.o
                0x0000000020000330                kickTaskHandle
 .bss.kickQueueHandle
                0x0000000020000334        0x4 ./Core/Src/main.o
                0x0000000020000334                kickQueueHandle
 .bss.kickFlagHandle
                0x0000000020000338        0x4 ./Core/Src/main.o
                0x0000000020000338                kickFlagHandle
 .bss.ballDetectorTaskHandle
                0x000000002000033c        0x4 ./Core/Src/main.o
                0x000000002000033c                ballDetectorTaskHandle
 .bss.nrf24CheckHandle
                0x0000000020000340        0x4 ./Core/Src/main.o
                0x0000000020000340                nrf24CheckHandle
 .bss.rx_len    0x0000000020000344        0x1 ./Core/Src/main.o
                0x0000000020000344                rx_len
 .bss.status    0x0000000020000345        0x1 ./Core/Src/main.o
                0x0000000020000345                status
 *fill*         0x0000000020000346        0x2 
 .bss.direction
                0x0000000020000348        0x4 ./Core/Src/main.o
                0x0000000020000348                direction
 .bss.speed     0x000000002000034c       0x10 ./Core/Src/main.o
                0x000000002000034c                speed
 .bss.kinematic
                0x000000002000035c       0x30 ./Core/Src/main.o
                0x000000002000035c                kinematic
 .bss.motor     0x000000002000038c      0x1f0 ./Core/Src/main.o
                0x000000002000038c                motor
 .bss.robot_id  0x000000002000057c        0x2 ./Core/Src/main.o
                0x000000002000057c                robot_id
 .bss.dribbler_sel
                0x000000002000057e        0x1 ./Core/Src/main.o
                0x000000002000057e                dribbler_sel
 .bss.kick_sel  0x000000002000057f        0x1 ./Core/Src/main.o
                0x000000002000057f                kick_sel
 .bss.kick_flag
                0x0000000020000580        0x1 ./Core/Src/main.o
                0x0000000020000580                kick_flag
 *fill*         0x0000000020000581        0x1 
 .bss.kick_count
                0x0000000020000582        0x2 ./Core/Src/main.o
                0x0000000020000582                kick_count
 .bss.nrf_device
                0x0000000020000584       0x58 ./Core/Src/main.o
                0x0000000020000584                nrf_device
 .bss.range_sensor
                0x00000000200005dc       0x10 ./Core/Src/main.o
                0x00000000200005dc                range_sensor
 .bss.ball_posession
                0x00000000200005ec        0x1 ./Core/Src/main.o
                0x00000000200005ec                ball_posession
 *fill*         0x00000000200005ed        0x3 
 .bss.v_vel     0x00000000200005f0        0xc ./Core/Src/main.o
                0x00000000200005f0                v_vel
 .bss.ball_range
                0x00000000200005fc        0x2 ./Core/Src/main.o
                0x00000000200005fc                ball_range
 .bss.ball_accum
                0x00000000200005fe        0x2 ./Core/Src/main.o
                0x00000000200005fe                ball_accum
 .bss.ball_meas_set
                0x0000000020000600        0xa ./Core/Src/main.o
                0x0000000020000600                ball_meas_set
 *fill*         0x000000002000060a        0x2 
 .bss.kicker_side
                0x000000002000060c        0xc ./Core/Src/main.o
                0x000000002000060c                kicker_side
 .bss.htim1     0x0000000020000618       0x4c ./Core/Src/stm32f7xx_hal_timebase_tim.o
                0x0000000020000618                htim1
 .bss.uwTick    0x0000000020000664        0x4 ./Drivers/STM32F7xx_HAL_Driver/Src/stm32f7xx_hal.o
                0x0000000020000664                uwTick
 .bss.pxCurrentTCB
                0x0000000020000668        0x4 ./Middlewares/Third_Party/FreeRTOS/Source/tasks.o
                0x0000000020000668                pxCurrentTCB
 .bss.pxReadyTasksLists
                0x000000002000066c       0x8c ./Middlewares/Third_Party/FreeRTOS/Source/tasks.o
 .bss.xDelayedTaskList1
                0x00000000200006f8       0x14 ./Middlewares/Third_Party/FreeRTOS/Source/tasks.o
 .bss.xDelayedTaskList2
                0x000000002000070c       0x14 ./Middlewares/Third_Party/FreeRTOS/Source/tasks.o
 .bss.pxDelayedTaskList
                0x0000000020000720        0x4 ./Middlewares/Third_Party/FreeRTOS/Source/tasks.o
 .bss.pxOverflowDelayedTaskList
                0x0000000020000724        0x4 ./Middlewares/Third_Party/FreeRTOS/Source/tasks.o
 .bss.xPendingReadyList
                0x0000000020000728       0x14 ./Middlewares/Third_Party/FreeRTOS/Source/tasks.o
 .bss.xTasksWaitingTermination
                0x000000002000073c       0x14 ./Middlewares/Third_Party/FreeRTOS/Source/tasks.o
 .bss.uxDeletedTasksWaitingCleanUp
                0x0000000020000750        0x4 ./Middlewares/Third_Party/FreeRTOS/Source/tasks.o
 .bss.xSuspendedTaskList
                0x0000000020000754       0x14 ./Middlewares/Third_Party/FreeRTOS/Source/tasks.o
 .bss.uxCurrentNumberOfTasks
                0x0000000020000768        0x4 ./Middlewares/Third_Party/FreeRTOS/Source/tasks.o
 .bss.xTickCount
                0x000000002000076c        0x4 ./Middlewares/Third_Party/FreeRTOS/Source/tasks.o
 .bss.uxTopReadyPriority
                0x0000000020000770        0x4 ./Middlewares/Third_Party/FreeRTOS/Source/tasks.o
 .bss.xSchedulerRunning
                0x0000000020000774        0x4 ./Middlewares/Third_Party/FreeRTOS/Source/tasks.o
 .bss.uxPendedTicks
                0x0000000020000778        0x4 ./Middlewares/Third_Party/FreeRTOS/Source/tasks.o
 .bss.xYieldPending
                0x000000002000077c        0x4 ./Middlewares/Third_Party/FreeRTOS/Source/tasks.o
 .bss.xNumOfOverflows
                0x0000000020000780        0x4 ./Middlewares/Third_Party/FreeRTOS/Source/tasks.o
 .bss.uxTaskNumber
                0x0000000020000784        0x4 ./Middlewares/Third_Party/FreeRTOS/Source/tasks.o
 .bss.xNextTaskUnblockTime
                0x0000000020000788        0x4 ./Middlewares/Third_Party/FreeRTOS/Source/tasks.o
 .bss.xIdleTaskHandle
                0x000000002000078c        0x4 ./Middlewares/Third_Party/FreeRTOS/Source/tasks.o
 .bss.uxSchedulerSuspended
                0x0000000020000790        0x4 ./Middlewares/Third_Party/FreeRTOS/Source/tasks.o
 .bss.ucMaxSysCallPriority
                0x0000000020000794        0x1 ./Middlewares/Third_Party/FreeRTOS/Source/portable/GCC/ARM_CM7/r0p1/port.o
 *fill*         0x0000000020000795        0x3 
 .bss.ulMaxPRIGROUPValue
                0x0000000020000798        0x4 ./Middlewares/Third_Party/FreeRTOS/Source/portable/GCC/ARM_CM7/r0p1/port.o
 .bss.ucHeap    0x000000002000079c     0x3c00 ./Middlewares/Third_Party/FreeRTOS/Source/portable/MemMang/heap_4.o
 .bss.xStart    0x000000002000439c        0x8 ./Middlewares/Third_Party/FreeRTOS/Source/portable/MemMang/heap_4.o
 .bss.pxEnd     0x00000000200043a4        0x4 ./Middlewares/Third_Party/FreeRTOS/Source/portable/MemMang/heap_4.o
 .bss.xFreeBytesRemaining
                0x00000000200043a8        0x4 ./Middlewares/Third_Party/FreeRTOS/Source/portable/MemMang/heap_4.o
 .bss.xMinimumEverFreeBytesRemaining
                0x00000000200043ac        0x4 ./Middlewares/Third_Party/FreeRTOS/Source/portable/MemMang/heap_4.o
 .bss.xBlockAllocatedBit
                0x00000000200043b0        0x4 ./Middlewares/Third_Party/FreeRTOS/Source/portable/MemMang/heap_4.o
 *(COMMON)
                0x00000000200043b4                . = ALIGN (0x4)
                0x00000000200043b4                _ebss = .
                0x00000000200043b4                __bss_end__ = _ebss

._user_heap_stack
                0x00000000200043b4      0x604 load address 0x000000000800937c
                0x00000000200043b8                . = ALIGN (0x8)
 *fill*         0x00000000200043b4        0x4 
                [!provide]                        PROVIDE (end = .)
                0x00000000200043b8                PROVIDE (_end = .)
                0x00000000200045b8                . = (. + _Min_Heap_Size)
 *fill*         0x00000000200043b8      0x200 
                0x00000000200049b8                . = (. + _Min_Stack_Size)
 *fill*         0x00000000200045b8      0x400 
                0x00000000200049b8                . = ALIGN (0x8)

/DISCARD/
 libc.a(*)
 libm.a(*)
 libgcc.a(*)

.ARM.attributes
                0x0000000000000000       0x2e
 *(.ARM.attributes)
 .ARM.attributes
                0x0000000000000000       0x1e c:/st/stm32cubeide_1.9.0/stm32cubeide/plugins/com.st.stm32cube.ide.mcu.externaltools.gnu-tools-for-stm32.10.3-2021.10.win32_1.0.200.202301161003/tools/bin/../lib/gcc/arm-none-eabi/10.3.1/thumb/v7e-m+dp/hard/crti.o
 .ARM.attributes
                0x000000000000001e       0x32 c:/st/stm32cubeide_1.9.0/stm32cubeide/plugins/com.st.stm32cube.ide.mcu.externaltools.gnu-tools-for-stm32.10.3-2021.10.win32_1.0.200.202301161003/tools/bin/../lib/gcc/arm-none-eabi/10.3.1/thumb/v7e-m+dp/hard/crtbegin.o
 .ARM.attributes
                0x0000000000000050       0x32 ./Core/Src/main.o
 .ARM.attributes
                0x0000000000000082       0x32 ./Core/Src/stm32f7xx_hal_msp.o
 .ARM.attributes
                0x00000000000000b4       0x32 ./Core/Src/stm32f7xx_hal_timebase_tim.o
 .ARM.attributes
                0x00000000000000e6       0x32 ./Core/Src/stm32f7xx_it.o
 .ARM.attributes
                0x0000000000000118       0x32 ./Core/Src/system_stm32f7xx.o
 .ARM.attributes
                0x000000000000014a       0x21 ./Core/Startup/startup_stm32f767bitx.o
 .ARM.attributes
                0x000000000000016b       0x32 ./Drivers/STM32F7xx_HAL_Driver/Src/stm32f7xx_hal.o
 .ARM.attributes
                0x000000000000019d       0x32 ./Drivers/STM32F7xx_HAL_Driver/Src/stm32f7xx_hal_cortex.o
 .ARM.attributes
                0x00000000000001cf       0x32 ./Drivers/STM32F7xx_HAL_Driver/Src/stm32f7xx_hal_gpio.o
 .ARM.attributes
                0x0000000000000201       0x32 ./Drivers/STM32F7xx_HAL_Driver/Src/stm32f7xx_hal_i2c.o
 .ARM.attributes
                0x0000000000000233       0x32 ./Drivers/STM32F7xx_HAL_Driver/Src/stm32f7xx_hal_i2c_ex.o
 .ARM.attributes
                0x0000000000000265       0x32 ./Drivers/STM32F7xx_HAL_Driver/Src/stm32f7xx_hal_pwr_ex.o
 .ARM.attributes
                0x0000000000000297       0x32 ./Drivers/STM32F7xx_HAL_Driver/Src/stm32f7xx_hal_rcc.o
 .ARM.attributes
                0x00000000000002c9       0x32 ./Drivers/STM32F7xx_HAL_Driver/Src/stm32f7xx_hal_rcc_ex.o
 .ARM.attributes
                0x00000000000002fb       0x32 ./Drivers/STM32F7xx_HAL_Driver/Src/stm32f7xx_hal_spi.o
 .ARM.attributes
                0x000000000000032d       0x32 ./Drivers/STM32F7xx_HAL_Driver/Src/stm32f7xx_hal_tim.o
 .ARM.attributes
                0x000000000000035f       0x32 ./Drivers/STM32F7xx_HAL_Driver/Src/stm32f7xx_hal_tim_ex.o
 .ARM.attributes
                0x0000000000000391       0x32 ./Middlewares/Third_Party/FreeRTOS/Source/CMSIS_RTOS/cmsis_os.o
 .ARM.attributes
                0x00000000000003c3       0x32 ./Middlewares/Third_Party/FreeRTOS/Source/list.o
 .ARM.attributes
                0x00000000000003f5       0x32 ./Middlewares/Third_Party/FreeRTOS/Source/queue.o
 .ARM.attributes
                0x0000000000000427       0x32 ./Middlewares/Third_Party/FreeRTOS/Source/tasks.o
 .ARM.attributes
                0x0000000000000459       0x32 ./Middlewares/Third_Party/FreeRTOS/Source/portable/GCC/ARM_CM7/r0p1/port.o
 .ARM.attributes
                0x000000000000048b       0x32 ./Middlewares/Third_Party/FreeRTOS/Source/portable/MemMang/heap_4.o
 .ARM.attributes
                0x00000000000004bd       0x32 ./Tools/MAX581x.o
 .ARM.attributes
                0x00000000000004ef       0x32 ./Tools/PID.o
 .ARM.attributes
                0x0000000000000521       0x32 ./Tools/board.o
 .ARM.attributes
                0x0000000000000553       0x32 ./Tools/encoder.o
 .ARM.attributes
                0x0000000000000585       0x32 ./Tools/motor.o
 .ARM.attributes
                0x00000000000005b7       0x32 ./Tools/nrf24.o
 .ARM.attributes
                0x00000000000005e9       0x32 ./Tools/vl6180x.o
 .ARM.attributes
                0x000000000000061b       0x32 c:/st/stm32cubeide_1.9.0/stm32cubeide/plugins/com.st.stm32cube.ide.mcu.externaltools.gnu-tools-for-stm32.10.3-2021.10.win32_1.0.200.202301161003/tools/bin/../lib/gcc/arm-none-eabi/10.3.1/../../../../arm-none-eabi/lib/thumb/v7e-m+dp/hard\libc_nano.a(lib_a-errno.o)
 .ARM.attributes
                0x000000000000064d       0x32 c:/st/stm32cubeide_1.9.0/stm32cubeide/plugins/com.st.stm32cube.ide.mcu.externaltools.gnu-tools-for-stm32.10.3-2021.10.win32_1.0.200.202301161003/tools/bin/../lib/gcc/arm-none-eabi/10.3.1/../../../../arm-none-eabi/lib/thumb/v7e-m+dp/hard\libc_nano.a(lib_a-impure.o)
 .ARM.attributes
                0x000000000000067f       0x32 c:/st/stm32cubeide_1.9.0/stm32cubeide/plugins/com.st.stm32cube.ide.mcu.externaltools.gnu-tools-for-stm32.10.3-2021.10.win32_1.0.200.202301161003/tools/bin/../lib/gcc/arm-none-eabi/10.3.1/../../../../arm-none-eabi/lib/thumb/v7e-m+dp/hard\libc_nano.a(lib_a-init.o)
 .ARM.attributes
                0x00000000000006b1       0x32 c:/st/stm32cubeide_1.9.0/stm32cubeide/plugins/com.st.stm32cube.ide.mcu.externaltools.gnu-tools-for-stm32.10.3-2021.10.win32_1.0.200.202301161003/tools/bin/../lib/gcc/arm-none-eabi/10.3.1/../../../../arm-none-eabi/lib/thumb/v7e-m+dp/hard\libc_nano.a(lib_a-memcpy-stub.o)
 .ARM.attributes
                0x00000000000006e3       0x32 c:/st/stm32cubeide_1.9.0/stm32cubeide/plugins/com.st.stm32cube.ide.mcu.externaltools.gnu-tools-for-stm32.10.3-2021.10.win32_1.0.200.202301161003/tools/bin/../lib/gcc/arm-none-eabi/10.3.1/../../../../arm-none-eabi/lib/thumb/v7e-m+dp/hard\libc_nano.a(lib_a-memset.o)
 .ARM.attributes
                0x0000000000000715       0x32 c:/st/stm32cubeide_1.9.0/stm32cubeide/plugins/com.st.stm32cube.ide.mcu.externaltools.gnu-tools-for-stm32.10.3-2021.10.win32_1.0.200.202301161003/tools/bin/../lib/gcc/arm-none-eabi/10.3.1/../../../../arm-none-eabi/lib/thumb/v7e-m+dp/hard\libm.a(lib_a-w_sqrt.o)
 .ARM.attributes
                0x0000000000000747       0x32 c:/st/stm32cubeide_1.9.0/stm32cubeide/plugins/com.st.stm32cube.ide.mcu.externaltools.gnu-tools-for-stm32.10.3-2021.10.win32_1.0.200.202301161003/tools/bin/../lib/gcc/arm-none-eabi/10.3.1/../../../../arm-none-eabi/lib/thumb/v7e-m+dp/hard\libm.a(lib_a-e_sqrt.o)
 .ARM.attributes
                0x0000000000000779       0x1e c:/st/stm32cubeide_1.9.0/stm32cubeide/plugins/com.st.stm32cube.ide.mcu.externaltools.gnu-tools-for-stm32.10.3-2021.10.win32_1.0.200.202301161003/tools/bin/../lib/gcc/arm-none-eabi/10.3.1/thumb/v7e-m+dp/hard\libgcc.a(_aeabi_uldivmod.o)
 .ARM.attributes
                0x0000000000000797       0x32 c:/st/stm32cubeide_1.9.0/stm32cubeide/plugins/com.st.stm32cube.ide.mcu.externaltools.gnu-tools-for-stm32.10.3-2021.10.win32_1.0.200.202301161003/tools/bin/../lib/gcc/arm-none-eabi/10.3.1/thumb/v7e-m+dp/hard\libgcc.a(_udivmoddi4.o)
 .ARM.attributes
                0x00000000000007c9       0x1e c:/st/stm32cubeide_1.9.0/stm32cubeide/plugins/com.st.stm32cube.ide.mcu.externaltools.gnu-tools-for-stm32.10.3-2021.10.win32_1.0.200.202301161003/tools/bin/../lib/gcc/arm-none-eabi/10.3.1/thumb/v7e-m+dp/hard\libgcc.a(_dvmd_tls.o)
 .ARM.attributes
                0x00000000000007e7       0x1e c:/st/stm32cubeide_1.9.0/stm32cubeide/plugins/com.st.stm32cube.ide.mcu.externaltools.gnu-tools-for-stm32.10.3-2021.10.win32_1.0.200.202301161003/tools/bin/../lib/gcc/arm-none-eabi/10.3.1/thumb/v7e-m+dp/hard/crtn.o
OUTPUT(robot-firmware.elf elf32-littlearm)
LOAD linker stubs
LOAD c:/st/stm32cubeide_1.9.0/stm32cubeide/plugins/com.st.stm32cube.ide.mcu.externaltools.gnu-tools-for-stm32.10.3-2021.10.win32_1.0.200.202301161003/tools/bin/../lib/gcc/arm-none-eabi/10.3.1/../../../../arm-none-eabi/lib/thumb/v7e-m+dp/hard\libc.a
LOAD c:/st/stm32cubeide_1.9.0/stm32cubeide/plugins/com.st.stm32cube.ide.mcu.externaltools.gnu-tools-for-stm32.10.3-2021.10.win32_1.0.200.202301161003/tools/bin/../lib/gcc/arm-none-eabi/10.3.1/../../../../arm-none-eabi/lib/thumb/v7e-m+dp/hard\libm.a
LOAD c:/st/stm32cubeide_1.9.0/stm32cubeide/plugins/com.st.stm32cube.ide.mcu.externaltools.gnu-tools-for-stm32.10.3-2021.10.win32_1.0.200.202301161003/tools/bin/../lib/gcc/arm-none-eabi/10.3.1/thumb/v7e-m+dp/hard\libgcc.a

.debug_info     0x0000000000000000    0x1b5d4
 .debug_info    0x0000000000000000     0x29ea ./Core/Src/main.o
 .debug_info    0x00000000000029ea     0x1892 ./Core/Src/stm32f7xx_hal_msp.o
 .debug_info    0x000000000000427c      0xd6f ./Core/Src/stm32f7xx_hal_timebase_tim.o
 .debug_info    0x0000000000004feb      0x75f ./Core/Src/stm32f7xx_it.o
 .debug_info    0x000000000000574a      0x72c ./Core/Src/system_stm32f7xx.o
 .debug_info    0x0000000000005e76       0x22 ./Core/Startup/startup_stm32f767bitx.o
 .debug_info    0x0000000000005e98      0xa82 ./Drivers/STM32F7xx_HAL_Driver/Src/stm32f7xx_hal.o
 .debug_info    0x000000000000691a     0x109c ./Drivers/STM32F7xx_HAL_Driver/Src/stm32f7xx_hal_cortex.o
 .debug_info    0x00000000000079b6      0x7a2 ./Drivers/STM32F7xx_HAL_Driver/Src/stm32f7xx_hal_gpio.o
 .debug_info    0x0000000000008158     0x22d3 ./Drivers/STM32F7xx_HAL_Driver/Src/stm32f7xx_hal_i2c.o
 .debug_info    0x000000000000a42b      0x9e2 ./Drivers/STM32F7xx_HAL_Driver/Src/stm32f7xx_hal_i2c_ex.o
 .debug_info    0x000000000000ae0d      0x92e ./Drivers/STM32F7xx_HAL_Driver/Src/stm32f7xx_hal_pwr_ex.o
 .debug_info    0x000000000000b73b      0x9f8 ./Drivers/STM32F7xx_HAL_Driver/Src/stm32f7xx_hal_rcc.o
 .debug_info    0x000000000000c133      0x78b ./Drivers/STM32F7xx_HAL_Driver/Src/stm32f7xx_hal_rcc_ex.o
 .debug_info    0x000000000000c8be     0x1802 ./Drivers/STM32F7xx_HAL_Driver/Src/stm32f7xx_hal_spi.o
 .debug_info    0x000000000000e0c0     0x2d3e ./Drivers/STM32F7xx_HAL_Driver/Src/stm32f7xx_hal_tim.o
 .debug_info    0x0000000000010dfe     0x1805 ./Drivers/STM32F7xx_HAL_Driver/Src/stm32f7xx_hal_tim_ex.o
 .debug_info    0x0000000000012603     0x181a ./Middlewares/Third_Party/FreeRTOS/Source/CMSIS_RTOS/cmsis_os.o
 .debug_info    0x0000000000013e1d      0x2d1 ./Middlewares/Third_Party/FreeRTOS/Source/list.o
 .debug_info    0x00000000000140ee     0x15c2 ./Middlewares/Third_Party/FreeRTOS/Source/queue.o
 .debug_info    0x00000000000156b0     0x1b3c ./Middlewares/Third_Party/FreeRTOS/Source/tasks.o
 .debug_info    0x00000000000171ec      0x4ca ./Middlewares/Third_Party/FreeRTOS/Source/portable/GCC/ARM_CM7/r0p1/port.o
 .debug_info    0x00000000000176b6      0x3e8 ./Middlewares/Third_Party/FreeRTOS/Source/portable/MemMang/heap_4.o
 .debug_info    0x0000000000017a9e      0x9a5 ./Tools/MAX581x.o
 .debug_info    0x0000000000018443      0x2f5 ./Tools/PID.o
 .debug_info    0x0000000000018738      0x283 ./Tools/board.o
 .debug_info    0x00000000000189bb      0x25b ./Tools/encoder.o
 .debug_info    0x0000000000018c16      0xcac ./Tools/motor.o
 .debug_info    0x00000000000198c2     0x11de ./Tools/nrf24.o
 .debug_info    0x000000000001aaa0      0xb34 ./Tools/vl6180x.o

.debug_abbrev   0x0000000000000000     0x3c9b
 .debug_abbrev  0x0000000000000000      0x35c ./Core/Src/main.o
 .debug_abbrev  0x000000000000035c      0x238 ./Core/Src/stm32f7xx_hal_msp.o
 .debug_abbrev  0x0000000000000594      0x1e6 ./Core/Src/stm32f7xx_hal_timebase_tim.o
 .debug_abbrev  0x000000000000077a      0x171 ./Core/Src/stm32f7xx_it.o
 .debug_abbrev  0x00000000000008eb      0x136 ./Core/Src/system_stm32f7xx.o
 .debug_abbrev  0x0000000000000a21       0x12 ./Core/Startup/startup_stm32f767bitx.o
 .debug_abbrev  0x0000000000000a33      0x20d ./Drivers/STM32F7xx_HAL_Driver/Src/stm32f7xx_hal.o
 .debug_abbrev  0x0000000000000c40      0x316 ./Drivers/STM32F7xx_HAL_Driver/Src/stm32f7xx_hal_cortex.o
 .debug_abbrev  0x0000000000000f56      0x1c4 ./Drivers/STM32F7xx_HAL_Driver/Src/stm32f7xx_hal_gpio.o
 .debug_abbrev  0x000000000000111a      0x243 ./Drivers/STM32F7xx_HAL_Driver/Src/stm32f7xx_hal_i2c.o
 .debug_abbrev  0x000000000000135d      0x18e ./Drivers/STM32F7xx_HAL_Driver/Src/stm32f7xx_hal_i2c_ex.o
 .debug_abbrev  0x00000000000014eb      0x1cb ./Drivers/STM32F7xx_HAL_Driver/Src/stm32f7xx_hal_pwr_ex.o
 .debug_abbrev  0x00000000000016b6      0x2d1 ./Drivers/STM32F7xx_HAL_Driver/Src/stm32f7xx_hal_rcc.o
 .debug_abbrev  0x0000000000001987      0x1b9 ./Drivers/STM32F7xx_HAL_Driver/Src/stm32f7xx_hal_rcc_ex.o
 .debug_abbrev  0x0000000000001b40      0x254 ./Drivers/STM32F7xx_HAL_Driver/Src/stm32f7xx_hal_spi.o
 .debug_abbrev  0x0000000000001d94      0x264 ./Drivers/STM32F7xx_HAL_Driver/Src/stm32f7xx_hal_tim.o
 .debug_abbrev  0x0000000000001ff8      0x26c ./Drivers/STM32F7xx_HAL_Driver/Src/stm32f7xx_hal_tim_ex.o
 .debug_abbrev  0x0000000000002264      0x389 ./Middlewares/Third_Party/FreeRTOS/Source/CMSIS_RTOS/cmsis_os.o
 .debug_abbrev  0x00000000000025ed       0xf2 ./Middlewares/Third_Party/FreeRTOS/Source/list.o
 .debug_abbrev  0x00000000000026df      0x341 ./Middlewares/Third_Party/FreeRTOS/Source/queue.o
 .debug_abbrev  0x0000000000002a20      0x33d ./Middlewares/Third_Party/FreeRTOS/Source/tasks.o
 .debug_abbrev  0x0000000000002d5d      0x26f ./Middlewares/Third_Party/FreeRTOS/Source/portable/GCC/ARM_CM7/r0p1/port.o
 .debug_abbrev  0x0000000000002fcc      0x1ff ./Middlewares/Third_Party/FreeRTOS/Source/portable/MemMang/heap_4.o
 .debug_abbrev  0x00000000000031cb      0x16b ./Tools/MAX581x.o
 .debug_abbrev  0x0000000000003336       0xfb ./Tools/PID.o
 .debug_abbrev  0x0000000000003431      0x150 ./Tools/board.o
 .debug_abbrev  0x0000000000003581      0x146 ./Tools/encoder.o
 .debug_abbrev  0x00000000000036c7      0x191 ./Tools/motor.o
 .debug_abbrev  0x0000000000003858      0x24b ./Tools/nrf24.o
 .debug_abbrev  0x0000000000003aa3      0x1f8 ./Tools/vl6180x.o

.debug_aranges  0x0000000000000000     0x1880
 .debug_aranges
                0x0000000000000000       0xb8 ./Core/Src/main.o
 .debug_aranges
                0x00000000000000b8       0x50 ./Core/Src/stm32f7xx_hal_msp.o
 .debug_aranges
                0x0000000000000108       0x30 ./Core/Src/stm32f7xx_hal_timebase_tim.o
 .debug_aranges
                0x0000000000000138       0x50 ./Core/Src/stm32f7xx_it.o
 .debug_aranges
                0x0000000000000188       0x28 ./Core/Src/system_stm32f7xx.o
 .debug_aranges
                0x00000000000001b0       0x28 ./Core/Startup/startup_stm32f767bitx.o
 .debug_aranges
                0x00000000000001d8      0x110 ./Drivers/STM32F7xx_HAL_Driver/Src/stm32f7xx_hal.o
 .debug_aranges
                0x00000000000002e8      0x118 ./Drivers/STM32F7xx_HAL_Driver/Src/stm32f7xx_hal_cortex.o
 .debug_aranges
                0x0000000000000400       0x58 ./Drivers/STM32F7xx_HAL_Driver/Src/stm32f7xx_hal_gpio.o
 .debug_aranges
                0x0000000000000458      0x2a0 ./Drivers/STM32F7xx_HAL_Driver/Src/stm32f7xx_hal_i2c.o
 .debug_aranges
                0x00000000000006f8       0x38 ./Drivers/STM32F7xx_HAL_Driver/Src/stm32f7xx_hal_i2c_ex.o
 .debug_aranges
                0x0000000000000730       0x80 ./Drivers/STM32F7xx_HAL_Driver/Src/stm32f7xx_hal_pwr_ex.o
 .debug_aranges
                0x00000000000007b0       0x88 ./Drivers/STM32F7xx_HAL_Driver/Src/stm32f7xx_hal_rcc.o
 .debug_aranges
                0x0000000000000838       0x50 ./Drivers/STM32F7xx_HAL_Driver/Src/stm32f7xx_hal_rcc_ex.o
 .debug_aranges
                0x0000000000000888      0x1d8 ./Drivers/STM32F7xx_HAL_Driver/Src/stm32f7xx_hal_spi.o
 .debug_aranges
                0x0000000000000a60      0x3e0 ./Drivers/STM32F7xx_HAL_Driver/Src/stm32f7xx_hal_tim.o
 .debug_aranges
                0x0000000000000e40      0x180 ./Drivers/STM32F7xx_HAL_Driver/Src/stm32f7xx_hal_tim_ex.o
 .debug_aranges
                0x0000000000000fc0      0x1d8 ./Middlewares/Third_Party/FreeRTOS/Source/CMSIS_RTOS/cmsis_os.o
 .debug_aranges
                0x0000000000001198       0x40 ./Middlewares/Third_Party/FreeRTOS/Source/list.o
 .debug_aranges
                0x00000000000011d8       0xf8 ./Middlewares/Third_Party/FreeRTOS/Source/queue.o
 .debug_aranges
                0x00000000000012d0      0x1a8 ./Middlewares/Third_Party/FreeRTOS/Source/tasks.o
 .debug_aranges
                0x0000000000001478       0x80 ./Middlewares/Third_Party/FreeRTOS/Source/portable/GCC/ARM_CM7/r0p1/port.o
 .debug_aranges
                0x00000000000014f8       0x50 ./Middlewares/Third_Party/FreeRTOS/Source/portable/MemMang/heap_4.o
 .debug_aranges
                0x0000000000001548       0x78 ./Tools/MAX581x.o
 .debug_aranges
                0x00000000000015c0       0x40 ./Tools/PID.o
 .debug_aranges
                0x0000000000001600       0x38 ./Tools/board.o
 .debug_aranges
                0x0000000000001638       0x30 ./Tools/encoder.o
 .debug_aranges
                0x0000000000001668       0x48 ./Tools/motor.o
 .debug_aranges
                0x00000000000016b0      0x130 ./Tools/nrf24.o
 .debug_aranges
                0x00000000000017e0       0xa0 ./Tools/vl6180x.o

.debug_ranges   0x0000000000000000     0x16a8
 .debug_ranges  0x0000000000000000       0xa8 ./Core/Src/main.o
 .debug_ranges  0x00000000000000a8       0x40 ./Core/Src/stm32f7xx_hal_msp.o
 .debug_ranges  0x00000000000000e8       0x20 ./Core/Src/stm32f7xx_hal_timebase_tim.o
 .debug_ranges  0x0000000000000108       0x40 ./Core/Src/stm32f7xx_it.o
 .debug_ranges  0x0000000000000148       0x18 ./Core/Src/system_stm32f7xx.o
 .debug_ranges  0x0000000000000160       0x20 ./Core/Startup/startup_stm32f767bitx.o
 .debug_ranges  0x0000000000000180      0x100 ./Drivers/STM32F7xx_HAL_Driver/Src/stm32f7xx_hal.o
 .debug_ranges  0x0000000000000280      0x108 ./Drivers/STM32F7xx_HAL_Driver/Src/stm32f7xx_hal_cortex.o
 .debug_ranges  0x0000000000000388       0x48 ./Drivers/STM32F7xx_HAL_Driver/Src/stm32f7xx_hal_gpio.o
 .debug_ranges  0x00000000000003d0      0x290 ./Drivers/STM32F7xx_HAL_Driver/Src/stm32f7xx_hal_i2c.o
 .debug_ranges  0x0000000000000660       0x28 ./Drivers/STM32F7xx_HAL_Driver/Src/stm32f7xx_hal_i2c_ex.o
 .debug_ranges  0x0000000000000688       0x70 ./Drivers/STM32F7xx_HAL_Driver/Src/stm32f7xx_hal_pwr_ex.o
 .debug_ranges  0x00000000000006f8       0x78 ./Drivers/STM32F7xx_HAL_Driver/Src/stm32f7xx_hal_rcc.o
 .debug_ranges  0x0000000000000770       0x40 ./Drivers/STM32F7xx_HAL_Driver/Src/stm32f7xx_hal_rcc_ex.o
 .debug_ranges  0x00000000000007b0      0x1c8 ./Drivers/STM32F7xx_HAL_Driver/Src/stm32f7xx_hal_spi.o
 .debug_ranges  0x0000000000000978      0x3d0 ./Drivers/STM32F7xx_HAL_Driver/Src/stm32f7xx_hal_tim.o
 .debug_ranges  0x0000000000000d48      0x170 ./Drivers/STM32F7xx_HAL_Driver/Src/stm32f7xx_hal_tim_ex.o
 .debug_ranges  0x0000000000000eb8      0x1c8 ./Middlewares/Third_Party/FreeRTOS/Source/CMSIS_RTOS/cmsis_os.o
 .debug_ranges  0x0000000000001080       0x30 ./Middlewares/Third_Party/FreeRTOS/Source/list.o
 .debug_ranges  0x00000000000010b0       0xe8 ./Middlewares/Third_Party/FreeRTOS/Source/queue.o
 .debug_ranges  0x0000000000001198      0x198 ./Middlewares/Third_Party/FreeRTOS/Source/tasks.o
 .debug_ranges  0x0000000000001330       0x70 ./Middlewares/Third_Party/FreeRTOS/Source/portable/GCC/ARM_CM7/r0p1/port.o
 .debug_ranges  0x00000000000013a0       0x40 ./Middlewares/Third_Party/FreeRTOS/Source/portable/MemMang/heap_4.o
 .debug_ranges  0x00000000000013e0       0x68 ./Tools/MAX581x.o
 .debug_ranges  0x0000000000001448       0x30 ./Tools/PID.o
 .debug_ranges  0x0000000000001478       0x28 ./Tools/board.o
 .debug_ranges  0x00000000000014a0       0x20 ./Tools/encoder.o
 .debug_ranges  0x00000000000014c0       0x38 ./Tools/motor.o
 .debug_ranges  0x00000000000014f8      0x120 ./Tools/nrf24.o
 .debug_ranges  0x0000000000001618       0x90 ./Tools/vl6180x.o

.debug_macro    0x0000000000000000     0x59a5
 .debug_macro   0x0000000000000000      0x4c8 ./Core/Src/main.o
 .debug_macro   0x00000000000004c8       0xea ./Core/Src/main.o
 .debug_macro   0x00000000000005b2       0x91 ./Core/Src/main.o
 .debug_macro   0x0000000000000643       0x86 ./Core/Src/main.o
 .debug_macro   0x00000000000006c9       0x69 ./Core/Src/main.o
 .debug_macro   0x0000000000000732       0x19 ./Core/Src/main.o
 .debug_macro   0x000000000000074b       0xcf ./Core/Src/main.o
 .debug_macro   0x000000000000081a      0x160 ./Core/Src/main.o
 .debug_macro   0x000000000000097a       0x6a ./Core/Src/main.o
 .debug_macro   0x00000000000009e4       0x52 ./Core/Src/main.o
 .debug_macro   0x0000000000000a36       0x1d ./Core/Src/main.o
 .debug_macro   0x0000000000000a53       0x3c ./Core/Src/main.o
 .debug_macro   0x0000000000000a8f       0x34 ./Core/Src/main.o
 .debug_macro   0x0000000000000ac3       0x16 ./Core/Src/main.o
 .debug_macro   0x0000000000000ad9       0x43 ./Core/Src/main.o
 .debug_macro   0x0000000000000b1c       0x34 ./Core/Src/main.o
 .debug_macro   0x0000000000000b50       0x10 ./Core/Src/main.o
 .debug_macro   0x0000000000000b60       0x58 ./Core/Src/main.o
 .debug_macro   0x0000000000000bb8       0x71 ./Core/Src/main.o
 .debug_macro   0x0000000000000c29       0x1c ./Core/Src/main.o
 .debug_macro   0x0000000000000c45      0x12a ./Core/Src/main.o
 .debug_macro   0x0000000000000d6f      0x341 ./Core/Src/main.o
 .debug_macro   0x00000000000010b0       0x10 ./Core/Src/main.o
 .debug_macro   0x00000000000010c0       0x35 ./Core/Src/main.o
 .debug_macro   0x00000000000010f5       0x20 ./Core/Src/main.o
 .debug_macro   0x0000000000001115       0x16 ./Core/Src/main.o
 .debug_macro   0x000000000000112b      0x19b ./Core/Src/main.o
 .debug_macro   0x00000000000012c6       0xe2 ./Core/Src/main.o
 .debug_macro   0x00000000000013a8       0x4c ./Core/Src/main.o
 .debug_macro   0x00000000000013f4       0xdc ./Core/Src/main.o
 .debug_macro   0x00000000000014d0       0x22 ./Core/Src/main.o
 .debug_macro   0x00000000000014f2       0x1c ./Core/Src/main.o
 .debug_macro   0x000000000000150e       0x10 ./Core/Src/main.o
 .debug_macro   0x000000000000151e       0x10 ./Core/Src/main.o
 .debug_macro   0x000000000000152e       0x1c ./Core/Src/main.o
 .debug_macro   0x000000000000154a       0x52 ./Core/Src/main.o
 .debug_macro   0x000000000000159c       0x22 ./Core/Src/main.o
 .debug_macro   0x00000000000015be       0x10 ./Core/Src/main.o
 .debug_macro   0x00000000000015ce       0x52 ./Core/Src/main.o
 .debug_macro   0x0000000000001620       0xd5 ./Core/Src/main.o
 .debug_macro   0x00000000000016f5       0x1c ./Core/Src/main.o
 .debug_macro   0x0000000000001711       0x3d ./Core/Src/main.o
 .debug_macro   0x000000000000174e       0x16 ./Core/Src/main.o
 .debug_macro   0x0000000000001764      0x145 ./Core/Src/main.o
 .debug_macro   0x00000000000018a9      0x1ee ./Core/Src/stm32f7xx_hal_msp.o
 .debug_macro   0x0000000000001a97      0x1e4 ./Core/Src/stm32f7xx_hal_timebase_tim.o
 .debug_macro   0x0000000000001c7b      0x1f8 ./Core/Src/stm32f7xx_it.o
 .debug_macro   0x0000000000001e73      0x1ea ./Core/Src/system_stm32f7xx.o