Archive member included to satisfy reference by file (symbol)

c:/st/stm32cubeide_1.9.0/stm32cubeide/plugins/com.st.stm32cube.ide.mcu.externaltools.gnu-tools-for-stm32.10.3-2021.10.win32_1.0.0.202111181127/tools/bin/../lib/gcc/arm-none-eabi/10.3.1/../../../../arm-none-eabi/lib/thumb/v7e-m+dp/hard\libc_nano.a(lib_a-errno.o)
                              ./Core/Src/syscalls.o (__errno)
c:/st/stm32cubeide_1.9.0/stm32cubeide/plugins/com.st.stm32cube.ide.mcu.externaltools.gnu-tools-for-stm32.10.3-2021.10.win32_1.0.0.202111181127/tools/bin/../lib/gcc/arm-none-eabi/10.3.1/../../../../arm-none-eabi/lib/thumb/v7e-m+dp/hard\libc_nano.a(lib_a-exit.o)
                              c:/st/stm32cubeide_1.9.0/stm32cubeide/plugins/com.st.stm32cube.ide.mcu.externaltools.gnu-tools-for-stm32.10.3-2021.10.win32_1.0.0.202111181127/tools/bin/../lib/gcc/arm-none-eabi/10.3.1/../../../../arm-none-eabi/lib/thumb/v7e-m+dp/hard/crt0.o (exit)
c:/st/stm32cubeide_1.9.0/stm32cubeide/plugins/com.st.stm32cube.ide.mcu.externaltools.gnu-tools-for-stm32.10.3-2021.10.win32_1.0.0.202111181127/tools/bin/../lib/gcc/arm-none-eabi/10.3.1/../../../../arm-none-eabi/lib/thumb/v7e-m+dp/hard\libc_nano.a(lib_a-impure.o)
                              c:/st/stm32cubeide_1.9.0/stm32cubeide/plugins/com.st.stm32cube.ide.mcu.externaltools.gnu-tools-for-stm32.10.3-2021.10.win32_1.0.0.202111181127/tools/bin/../lib/gcc/arm-none-eabi/10.3.1/../../../../arm-none-eabi/lib/thumb/v7e-m+dp/hard\libc_nano.a(lib_a-exit.o) (_global_impure_ptr)
c:/st/stm32cubeide_1.9.0/stm32cubeide/plugins/com.st.stm32cube.ide.mcu.externaltools.gnu-tools-for-stm32.10.3-2021.10.win32_1.0.0.202111181127/tools/bin/../lib/gcc/arm-none-eabi/10.3.1/../../../../arm-none-eabi/lib/thumb/v7e-m+dp/hard\libc_nano.a(lib_a-init.o)
                              c:/st/stm32cubeide_1.9.0/stm32cubeide/plugins/com.st.stm32cube.ide.mcu.externaltools.gnu-tools-for-stm32.10.3-2021.10.win32_1.0.0.202111181127/tools/bin/../lib/gcc/arm-none-eabi/10.3.1/../../../../arm-none-eabi/lib/thumb/v7e-m+dp/hard/crt0.o (__libc_init_array)
c:/st/stm32cubeide_1.9.0/stm32cubeide/plugins/com.st.stm32cube.ide.mcu.externaltools.gnu-tools-for-stm32.10.3-2021.10.win32_1.0.0.202111181127/tools/bin/../lib/gcc/arm-none-eabi/10.3.1/../../../../arm-none-eabi/lib/thumb/v7e-m+dp/hard\libc_nano.a(lib_a-memcpy-stub.o)
                              ./Middlewares/Third_Party/FreeRTOS/Source/queue.o (memcpy)
c:/st/stm32cubeide_1.9.0/stm32cubeide/plugins/com.st.stm32cube.ide.mcu.externaltools.gnu-tools-for-stm32.10.3-2021.10.win32_1.0.0.202111181127/tools/bin/../lib/gcc/arm-none-eabi/10.3.1/../../../../arm-none-eabi/lib/thumb/v7e-m+dp/hard\libc_nano.a(lib_a-memset.o)
                              c:/st/stm32cubeide_1.9.0/stm32cubeide/plugins/com.st.stm32cube.ide.mcu.externaltools.gnu-tools-for-stm32.10.3-2021.10.win32_1.0.0.202111181127/tools/bin/../lib/gcc/arm-none-eabi/10.3.1/../../../../arm-none-eabi/lib/thumb/v7e-m+dp/hard/crt0.o (memset)
c:/st/stm32cubeide_1.9.0/stm32cubeide/plugins/com.st.stm32cube.ide.mcu.externaltools.gnu-tools-for-stm32.10.3-2021.10.win32_1.0.0.202111181127/tools/bin/../lib/gcc/arm-none-eabi/10.3.1/../../../../arm-none-eabi/lib/thumb/v7e-m+dp/hard\libm.a(lib_a-sf_floor.o)
                              ./Tools/encoder.o (floorf)
c:/st/stm32cubeide_1.9.0/stm32cubeide/plugins/com.st.stm32cube.ide.mcu.externaltools.gnu-tools-for-stm32.10.3-2021.10.win32_1.0.0.202111181127/tools/bin/../lib/gcc/arm-none-eabi/10.3.1/../../../../arm-none-eabi/lib/thumb/v7e-m+dp/hard\libm.a(lib_a-w_sqrt.o)
                              ./Core/Src/main.o (sqrt)
c:/st/stm32cubeide_1.9.0/stm32cubeide/plugins/com.st.stm32cube.ide.mcu.externaltools.gnu-tools-for-stm32.10.3-2021.10.win32_1.0.0.202111181127/tools/bin/../lib/gcc/arm-none-eabi/10.3.1/../../../../arm-none-eabi/lib/thumb/v7e-m+dp/hard\libm.a(lib_a-e_sqrt.o)
                              c:/st/stm32cubeide_1.9.0/stm32cubeide/plugins/com.st.stm32cube.ide.mcu.externaltools.gnu-tools-for-stm32.10.3-2021.10.win32_1.0.0.202111181127/tools/bin/../lib/gcc/arm-none-eabi/10.3.1/../../../../arm-none-eabi/lib/thumb/v7e-m+dp/hard\libm.a(lib_a-w_sqrt.o) (__ieee754_sqrt)
c:/st/stm32cubeide_1.9.0/stm32cubeide/plugins/com.st.stm32cube.ide.mcu.externaltools.gnu-tools-for-stm32.10.3-2021.10.win32_1.0.0.202111181127/tools/bin/../lib/gcc/arm-none-eabi/10.3.1/thumb/v7e-m+dp/hard\libgcc.a(_aeabi_uldivmod.o)
                              ./Drivers/STM32F7xx_HAL_Driver/Src/stm32f7xx_hal_rcc.o (__aeabi_uldivmod)
c:/st/stm32cubeide_1.9.0/stm32cubeide/plugins/com.st.stm32cube.ide.mcu.externaltools.gnu-tools-for-stm32.10.3-2021.10.win32_1.0.0.202111181127/tools/bin/../lib/gcc/arm-none-eabi/10.3.1/thumb/v7e-m+dp/hard\libgcc.a(_udivmoddi4.o)
                              c:/st/stm32cubeide_1.9.0/stm32cubeide/plugins/com.st.stm32cube.ide.mcu.externaltools.gnu-tools-for-stm32.10.3-2021.10.win32_1.0.0.202111181127/tools/bin/../lib/gcc/arm-none-eabi/10.3.1/thumb/v7e-m+dp/hard\libgcc.a(_aeabi_uldivmod.o) (__udivmoddi4)
[...]
Memory Configuration

Name             Origin             Length             Attributes
RAM              0x0000000020000000 0x0000000000080000 xrw
FLASH            0x0000000008000000 0x0000000000200000 xr
*default*        0x0000000000000000 0xffffffffffffffff

Linker script and memory map

LOAD c:/st/stm32cubeide_1.9.0/stm32cubeide/plugins/com.st.stm32cube.ide.mcu.externaltools.gnu-tools-for-stm32.10.3-2021.10.win32_1.0.0.202111181127/tools/bin/../lib/gcc/arm-none-eabi/10.3.1/thumb/v7e-m+dp/hard/crti.o
LOAD c:/st/stm32cubeide_1.9.0/stm32cubeide/plugins/com.st.stm32cube.ide.mcu.externaltools.gnu-tools-for-stm32.10.3-2021.10.win32_1.0.0.202111181127/tools/bin/../lib/gcc/arm-none-eabi/10.3.1/thumb/v7e-m+dp/hard/crtbegin.o
LOAD c:/st/stm32cubeide_1.9.0/stm32cubeide/plugins/com.st.stm32cube.ide.mcu.externaltools.gnu-tools-for-stm32.10.3-2021.10.win32_1.0.0.202111181127/tools/bin/../lib/gcc/arm-none-eabi/10.3.1/../../../../arm-none-eabi/lib/thumb/v7e-m+dp/hard/crt0.o
LOAD ./Core/Src/freertos.o
LOAD ./Core/Src/main.o
LOAD ./Core/Src/nrf24.o
LOAD ./Core/Src/nrf24_hal.o
LOAD ./Core/Src/stm32f7xx_hal_msp.o
LOAD ./Core/Src/stm32f7xx_hal_timebase_tim.o
LOAD ./Core/Src/stm32f7xx_it.o
LOAD ./Core/Src/syscalls.o
LOAD ./Core/Src/sysmem.o
LOAD ./Core/Src/system_stm32f7xx.o
LOAD ./Core/Startup/startup_stm32f767bitx.o
LOAD ./Drivers/STM32F7xx_HAL_Driver/Src/stm32f7xx_hal.o
LOAD ./Drivers/STM32F7xx_HAL_Driver/Src/stm32f7xx_hal_cortex.o
LOAD ./Drivers/STM32F7xx_HAL_Driver/Src/stm32f7xx_hal_dma.o
LOAD ./Drivers/STM32F7xx_HAL_Driver/Src/stm32f7xx_hal_dma_ex.o
LOAD ./Drivers/STM32F7xx_HAL_Driver/Src/stm32f7xx_hal_exti.o
LOAD ./Drivers/STM32F7xx_HAL_Driver/Src/stm32f7xx_hal_flash.o
LOAD ./Drivers/STM32F7xx_HAL_Driver/Src/stm32f7xx_hal_flash_ex.o
LOAD ./Drivers/STM32F7xx_HAL_Driver/Src/stm32f7xx_hal_gpio.o
LOAD ./Drivers/STM32F7xx_HAL_Driver/Src/stm32f7xx_hal_i2c.o
LOAD ./Drivers/STM32F7xx_HAL_Driver/Src/stm32f7xx_hal_i2c_ex.o
LOAD ./Drivers/STM32F7xx_HAL_Driver/Src/stm32f7xx_hal_pwr.o
LOAD ./Drivers/STM32F7xx_HAL_Driver/Src/stm32f7xx_hal_pwr_ex.o
LOAD ./Drivers/STM32F7xx_HAL_Driver/Src/stm32f7xx_hal_rcc.o
LOAD ./Drivers/STM32F7xx_HAL_Driver/Src/stm32f7xx_hal_rcc_ex.o
LOAD ./Drivers/STM32F7xx_HAL_Driver/Src/stm32f7xx_hal_spi.o
LOAD ./Drivers/STM32F7xx_HAL_Driver/Src/stm32f7xx_hal_spi_ex.o
LOAD ./Drivers/STM32F7xx_HAL_Driver/Src/stm32f7xx_hal_tim.o
LOAD ./Drivers/STM32F7xx_HAL_Driver/Src/stm32f7xx_hal_tim_ex.o
LOAD ./Middlewares/Third_Party/FreeRTOS/Source/CMSIS_RTOS/cmsis_os.o
LOAD ./Middlewares/Third_Party/FreeRTOS/Source/croutine.o
LOAD ./Middlewares/Third_Party/FreeRTOS/Source/event_groups.o
LOAD ./Middlewares/Third_Party/FreeRTOS/Source/list.o
LOAD ./Middlewares/Third_Party/FreeRTOS/Source/queue.o
LOAD ./Middlewares/Third_Party/FreeRTOS/Source/stream_buffer.o
LOAD ./Middlewares/Third_Party/FreeRTOS/Source/tasks.o
LOAD ./Middlewares/Third_Party/FreeRTOS/Source/timers.o
LOAD ./Middlewares/Third_Party/FreeRTOS/Source/portable/GCC/ARM_CM7/r0p1/port.o
LOAD ./Middlewares/Third_Party/FreeRTOS/Source/portable/MemMang/heap_4.o
LOAD ./Tools/MAX5814.o
LOAD ./Tools/MAX581x.o
LOAD ./Tools/PID.o
LOAD ./Tools/board.o
LOAD ./Tools/encoder.o
LOAD ./Tools/motor.o
START GROUP
LOAD c:/st/stm32cubeide_1.9.0/stm32cubeide/plugins/com.st.stm32cube.ide.mcu.externaltools.gnu-tools-for-stm32.10.3-2021.10.win32_1.0.0.202111181127/tools/bin/../lib/gcc/arm-none-eabi/10.3.1/../../../../arm-none-eabi/lib/thumb/v7e-m+dp/hard\libc_nano.a
LOAD c:/st/stm32cubeide_1.9.0/stm32cubeide/plugins/com.st.stm32cube.ide.mcu.externaltools.gnu-tools-for-stm32.10.3-2021.10.win32_1.0.0.202111181127/tools/bin/../lib/gcc/arm-none-eabi/10.3.1/../../../../arm-none-eabi/lib/thumb/v7e-m+dp/hard\libm.a
END GROUP
START GROUP
LOAD c:/st/stm32cubeide_1.9.0/stm32cubeide/plugins/com.st.stm32cube.ide.mcu.externaltools.gnu-tools-for-stm32.10.3-2021.10.win32_1.0.0.202111181127/tools/bin/../lib/gcc/arm-none-eabi/10.3.1/thumb/v7e-m+dp/hard\libgcc.a
LOAD c:/st/stm32cubeide_1.9.0/stm32cubeide/plugins/com.st.stm32cube.ide.mcu.externaltools.gnu-tools-for-stm32.10.3-2021.10.win32_1.0.0.202111181127/tools/bin/../lib/gcc/arm-none-eabi/10.3.1/../../../../arm-none-eabi/lib/thumb/v7e-m+dp/hard\libc_nano.a
END GROUP
START GROUP
LOAD c:/st/stm32cubeide_1.9.0/stm32cubeide/plugins/com.st.stm32cube.ide.mcu.externaltools.gnu-tools-for-stm32.10.3-2021.10.win32_1.0.0.202111181127/tools/bin/../lib/gcc/arm-none-eabi/10.3.1/thumb/v7e-m+dp/hard\libgcc.a
LOAD c:/st/stm32cubeide_1.9.0/stm32cubeide/plugins/com.st.stm32cube.ide.mcu.externaltools.gnu-tools-for-stm32.10.3-2021.10.win32_1.0.0.202111181127/tools/bin/../lib/gcc/arm-none-eabi/10.3.1/../../../../arm-none-eabi/lib/thumb/v7e-m+dp/hard\libc_nano.a
LOAD c:/st/stm32cubeide_1.9.0/stm32cubeide/plugins/com.st.stm32cube.ide.mcu.externaltools.gnu-tools-for-stm32.10.3-2021.10.win32_1.0.0.202111181127/tools/bin/../lib/gcc/arm-none-eabi/10.3.1/../../../../arm-none-eabi/lib/thumb/v7e-m+dp/hard\libnosys.a
END GROUP
START GROUP
LOAD c:/st/stm32cubeide_1.9.0/stm32cubeide/plugins/com.st.stm32cube.ide.mcu.externaltools.gnu-tools-for-stm32.10.3-2021.10.win32_1.0.0.202111181127/tools/bin/../lib/gcc/arm-none-eabi/10.3.1/thumb/v7e-m+dp/hard\libgcc.a
LOAD c:/st/stm32cubeide_1.9.0/stm32cubeide/plugins/com.st.stm32cube.ide.mcu.externaltools.gnu-tools-for-stm32.10.3-2021.10.win32_1.0.0.202111181127/tools/bin/../lib/gcc/arm-none-eabi/10.3.1/../../../../arm-none-eabi/lib/thumb/v7e-m+dp/hard\libc_nano.a
LOAD c:/st/stm32cubeide_1.9.0/stm32cubeide/plugins/com.st.stm32cube.ide.mcu.externaltools.gnu-tools-for-stm32.10.3-2021.10.win32_1.0.0.202111181127/tools/bin/../lib/gcc/arm-none-eabi/10.3.1/../../../../arm-none-eabi/lib/thumb/v7e-m+dp/hard\libnosys.a
END GROUP
LOAD c:/st/stm32cubeide_1.9.0/stm32cubeide/plugins/com.st.stm32cube.ide.mcu.externaltools.gnu-tools-for-stm32.10.3-2021.10.win32_1.0.0.202111181127/tools/bin/../lib/gcc/arm-none-eabi/10.3.1/thumb/v7e-m+dp/hard/crtend.o
LOAD c:/st/stm32cubeide_1.9.0/stm32cubeide/plugins/com.st.stm32cube.ide.mcu.externaltools.gnu-tools-for-stm32.10.3-2021.10.win32_1.0.0.202111181127/tools/bin/../lib/gcc/arm-none-eabi/10.3.1/thumb/v7e-m+dp/hard/crtn.o
                0x0000000020080000                _estack = (ORIGIN (RAM) + LENGTH (RAM))
                0x0000000000000200                _Min_Heap_Size = 0x200
                0x0000000000000400                _Min_Stack_Size = 0x400

.isr_vector     0x0000000008000000      0x1f8
                0x0000000008000000                . = ALIGN (0x4)
 *(.isr_vector)
 .isr_vector    0x0000000008000000      0x1f8 ./Core/Startup/startup_stm32f767bitx.o
                0x0000000008000000                g_pfnVectors
                0x00000000080001f8                . = ALIGN (0x4)

.text           0x0000000008000200     0x7d50
                0x0000000008000200                . = ALIGN (0x4)
 *(.text)
 .text          0x0000000008000200       0x40 c:/st/stm32cubeide_1.9.0/stm32cubeide/plugins/com.st.stm32cube.ide.mcu.externaltools.gnu-tools-for-stm32.10.3-2021.10.win32_1.0.0.202111181127/tools/bin/../lib/gcc/arm-none-eabi/10.3.1/thumb/v7e-m+dp/hard/crtbegin.o
 .text          0x0000000008000240       0x30 c:/st/stm32cubeide_1.9.0/stm32cubeide/plugins/com.st.stm32cube.ide.mcu.externaltools.gnu-tools-for-stm32.10.3-2021.10.win32_1.0.0.202111181127/tools/bin/../lib/gcc/arm-none-eabi/10.3.1/thumb/v7e-m+dp/hard\libgcc.a(_aeabi_uldivmod.o)
                0x0000000008000240                __aeabi_uldivmod
 .text          0x0000000008000270      0x2d0 c:/st/stm32cubeide_1.9.0/stm32cubeide/plugins/com.st.stm32cube.ide.mcu.externaltools.gnu-tools-for-stm32.10.3-2021.10.win32_1.0.0.202111181127/tools/bin/../lib/gcc/arm-none-eabi/10.3.1/thumb/v7e-m+dp/hard\libgcc.a(_udivmoddi4.o)
                0x0000000008000270                __udivmoddi4
 .text          0x0000000008000540        0x4 c:/st/stm32cubeide_1.9.0/stm32cubeide/plugins/com.st.stm32cube.ide.mcu.externaltools.gnu-tools-for-stm32.10.3-2021.10.win32_1.0.0.202111181127/tools/bin/../lib/gcc/arm-none-eabi/10.3.1/thumb/v7e-m+dp/hard\libgcc.a(_dvmd_tls.o)
                0x0000000008000540                __aeabi_idiv0
                0x0000000008000540                __aeabi_ldiv0
 *(.text*)
 .text.main     0x0000000008000544      0x1a4 ./Core/Src/main.o
                0x0000000008000544                main
 .text.SystemClock_Config
                0x00000000080006e8       0xdc ./Core/Src/main.o
                0x00000000080006e8                SystemClock_Config
 .text.MX_I2C1_Init
                0x00000000080007c4       0x80 ./Core/Src/main.o
 .text.MX_I2C2_Init
                0x0000000008000844       0x80 ./Core/Src/main.o
 .text.MX_SPI1_Init
                0x00000000080008c4       0x84 ./Core/Src/main.o
 .text.MX_TIM2_Init
                0x0000000008000948       0xa8 ./Core/Src/main.o
 .text.MX_TIM3_Init
                0x00000000080009f0       0xac ./Core/Src/main.o
 .text.MX_TIM5_Init
                0x0000000008000a9c       0xac ./Core/Src/main.o
 .text.MX_TIM8_Init
                0x0000000008000b48       0xb4 ./Core/Src/main.o
 .text.MX_GPIO_Init
                0x0000000008000bfc      0x330 ./Core/Src/main.o
 .text.setSpeed
                0x0000000008000f2c      0x2ec ./Core/Src/main.o
                0x0000000008000f2c                setSpeed
 .text.getDribblerSpeed
                0x0000000008001218       0x24 ./Core/Src/main.o
                0x0000000008001218                getDribblerSpeed
 .text.getKickerStatus
                0x000000000800123c       0x20 ./Core/Src/main.o
                0x000000000800123c                getKickerStatus
 .text.DriveFunction
                0x000000000800125c      0x440 ./Core/Src/main.o
                0x000000000800125c                DriveFunction
 .text.RadioFunction
                0x000000000800169c      0x100 ./Core/Src/main.o
                0x000000000800169c                RadioFunction
 .text.KickFunction
                0x000000000800179c       0x4c ./Core/Src/main.o
                0x000000000800179c                KickFunction
 .text.HAL_TIM_PeriodElapsedCallback
                0x00000000080017e8       0x24 ./Core/Src/main.o
                0x00000000080017e8                HAL_TIM_PeriodElapsedCallback
 .text.Error_Handler
                0x000000000800180c        0xe ./Core/Src/main.o
                0x000000000800180c                Error_Handler
 *fill*         0x000000000800181a        0x2 
 .text.nRF24_ReadReg
                0x000000000800181c       0x48 ./Core/Src/nrf24.o
                0x000000000800181c                nRF24_ReadReg
 .text.nRF24_WriteReg
                0x0000000008001864       0x84 ./Core/Src/nrf24.o
                0x0000000008001864                nRF24_WriteReg
 .text.nRF24_ReadMBReg
                0x00000000080018e8       0x58 ./Core/Src/nrf24.o
                0x00000000080018e8                nRF24_ReadMBReg
 .text.nRF24_Init
                0x0000000008001940       0xa4 ./Core/Src/nrf24.o
                0x0000000008001940                nRF24_Init
 .text.nRF24_SetPowerMode
                0x00000000080019e4       0x3e ./Core/Src/nrf24.o
                0x00000000080019e4                nRF24_SetPowerMode
 .text.nRF24_SetOperationalMode
                0x0000000008001a22       0x42 ./Core/Src/nrf24.o
                0x0000000008001a22                nRF24_SetOperationalMode
 .text.nRF24_SetRXPipe
                0x0000000008001a64       0xa8 ./Core/Src/nrf24.o
                0x0000000008001a64                nRF24_SetRXPipe
 .text.nRF24_DisableAA
                0x0000000008001b0c       0x4e ./Core/Src/nrf24.o
                0x0000000008001b0c                nRF24_DisableAA
 .text.nRF24_GetStatus
                0x0000000008001b5a       0x10 ./Core/Src/nrf24.o
                0x0000000008001b5a                nRF24_GetStatus
 .text.nRF24_FlushTX
                0x0000000008001b6a       0x10 ./Core/Src/nrf24.o
                0x0000000008001b6a                nRF24_FlushTX
 .text.nRF24_FlushRX
                0x0000000008001b7a       0x10 ./Core/Src/nrf24.o
                0x0000000008001b7a                nRF24_FlushRX
 .text.nRF24_ClearIRQFlags
                0x0000000008001b8a       0x2a ./Core/Src/nrf24.o
                0x0000000008001b8a                nRF24_ClearIRQFlags
 .text.nRF24_ReadPayload
                0x0000000008001bb4       0x64 ./Core/Src/nrf24.o
                0x0000000008001bb4                nRF24_ReadPayload
 .text.nRF24_GPIO_Init
                0x0000000008001c18       0x24 ./Core/Src/nrf24_hal.o
                0x0000000008001c18                nRF24_GPIO_Init
 .text.nRF24_LL_RW
                0x0000000008001c3c       0x2c ./Core/Src/nrf24_hal.o
                0x0000000008001c3c                nRF24_LL_RW
 .text.HAL_MspInit
                0x0000000008001c68       0x50 ./Core/Src/stm32f7xx_hal_msp.o
                0x0000000008001c68                HAL_MspInit
 .text.HAL_I2C_MspInit
                0x0000000008001cb8      0x14c ./Core/Src/stm32f7xx_hal_msp.o
                0x0000000008001cb8                HAL_I2C_MspInit
 .text.HAL_SPI_MspInit
                0x0000000008001e04       0x88 ./Core/Src/stm32f7xx_hal_msp.o
                0x0000000008001e04                HAL_SPI_MspInit
 .text.HAL_TIM_Encoder_MspInit
                0x0000000008001e8c      0x1b0 ./Core/Src/stm32f7xx_hal_msp.o
                0x0000000008001e8c                HAL_TIM_Encoder_MspInit
 .text.HAL_InitTick
                0x000000000800203c       0xb0 ./Core/Src/stm32f7xx_hal_timebase_tim.o
                0x000000000800203c                HAL_InitTick
 .text.NMI_Handler
                0x00000000080020ec        0xe ./Core/Src/stm32f7xx_it.o
                0x00000000080020ec                NMI_Handler
 .text.HardFault_Handler
                0x00000000080020fa        0x6 ./Core/Src/stm32f7xx_it.o
                0x00000000080020fa                HardFault_Handler
 .text.MemManage_Handler
                0x0000000008002100        0x6 ./Core/Src/stm32f7xx_it.o
                0x0000000008002100                MemManage_Handler
 .text.BusFault_Handler
                0x0000000008002106        0x6 ./Core/Src/stm32f7xx_it.o
                0x0000000008002106                BusFault_Handler
 .text.UsageFault_Handler
                0x000000000800210c        0x6 ./Core/Src/stm32f7xx_it.o
                0x000000000800210c                UsageFault_Handler
 .text.DebugMon_Handler
                0x0000000008002112        0xe ./Core/Src/stm32f7xx_it.o
                0x0000000008002112                DebugMon_Handler
 .text.TIM1_UP_TIM10_IRQHandler
                0x0000000008002120       0x14 ./Core/Src/stm32f7xx_it.o
                0x0000000008002120                TIM1_UP_TIM10_IRQHandler
 .text.SystemInit
                0x0000000008002134       0x6c ./Core/Src/system_stm32f7xx.o
                0x0000000008002134                SystemInit
 .text.Reset_Handler
                0x00000000080021a0       0x50 ./Core/Startup/startup_stm32f767bitx.o
                0x00000000080021a0                Reset_Handler
 .text.Default_Handler
                0x00000000080021f0        0x2 ./Core/Startup/startup_stm32f767bitx.o
                0x00000000080021f0                RTC_Alarm_IRQHandler
                0x00000000080021f0                EXTI2_IRQHandler
                0x00000000080021f0                TIM8_CC_IRQHandler
                0x00000000080021f0                UART8_IRQHandler
                0x00000000080021f0                SPI4_IRQHandler
                0x00000000080021f0                TIM1_CC_IRQHandler
                0x00000000080021f0                DMA2_Stream5_IRQHandler
                0x00000000080021f0                JPEG_IRQHandler
                0x00000000080021f0                DMA1_Stream5_IRQHandler
                0x00000000080021f0                CAN3_RX1_IRQHandler
                0x00000000080021f0                PVD_IRQHandler
                0x00000000080021f0                TAMP_STAMP_IRQHandler
                0x00000000080021f0                CAN2_RX1_IRQHandler
                0x00000000080021f0                EXTI3_IRQHandler
                0x00000000080021f0                TIM8_TRG_COM_TIM14_IRQHandler
                0x00000000080021f0                DFSDM1_FLT1_IRQHandler
                0x00000000080021f0                TIM8_UP_TIM13_IRQHandler
                0x00000000080021f0                I2C3_ER_IRQHandler
                0x00000000080021f0                DFSDM1_FLT2_IRQHandler
                0x00000000080021f0                EXTI0_IRQHandler
                0x00000000080021f0                I2C2_EV_IRQHandler
                0x00000000080021f0                DMA1_Stream2_IRQHandler
                0x00000000080021f0                CAN1_RX0_IRQHandler
                0x00000000080021f0                FPU_IRQHandler
                0x00000000080021f0                OTG_HS_WKUP_IRQHandler
                0x00000000080021f0                CAN3_SCE_IRQHandler
                0x00000000080021f0                LTDC_ER_IRQHandler
                0x00000000080021f0                CAN2_SCE_IRQHandler
                0x00000000080021f0                DMA2_Stream2_IRQHandler
                0x00000000080021f0                SPI1_IRQHandler
                0x00000000080021f0                TIM6_DAC_IRQHandler
                0x00000000080021f0                TIM1_BRK_TIM9_IRQHandler
                0x00000000080021f0                DCMI_IRQHandler
                0x00000000080021f0                CAN2_RX0_IRQHandler
                0x00000000080021f0                DMA2_Stream3_IRQHandler
                0x00000000080021f0                SAI2_IRQHandler
                0x00000000080021f0                DFSDM1_FLT3_IRQHandler
                0x00000000080021f0                USART6_IRQHandler
                0x00000000080021f0                CAN3_RX0_IRQHandler
                0x00000000080021f0                USART3_IRQHandler
                0x00000000080021f0                CAN1_RX1_IRQHandler
                0x00000000080021f0                UART5_IRQHandler
                0x00000000080021f0                DMA2_Stream0_IRQHandler
                0x00000000080021f0                TIM4_IRQHandler
                0x00000000080021f0                QUADSPI_IRQHandler
                0x00000000080021f0                I2C1_EV_IRQHandler
                0x00000000080021f0                DMA1_Stream6_IRQHandler
                0x00000000080021f0                DMA1_Stream1_IRQHandler
                0x00000000080021f0                UART4_IRQHandler
                0x00000000080021f0                TIM3_IRQHandler
                0x00000000080021f0                RCC_IRQHandler
                0x00000000080021f0                TIM8_BRK_TIM12_IRQHandler
                0x00000000080021f0                Default_Handler
                0x00000000080021f0                CEC_IRQHandler
                0x00000000080021f0                EXTI15_10_IRQHandler
                0x00000000080021f0                ADC_IRQHandler
                0x00000000080021f0                DMA1_Stream7_IRQHandler
                0x00000000080021f0                SPI5_IRQHandler
                0x00000000080021f0                TIM7_IRQHandler
                0x00000000080021f0                SDMMC1_IRQHandler
                0x00000000080021f0                CAN2_TX_IRQHandler
                0x00000000080021f0                TIM5_IRQHandler
                0x00000000080021f0                DMA2_Stream7_IRQHandler
                0x00000000080021f0                I2C3_EV_IRQHandler
                0x00000000080021f0                EXTI9_5_IRQHandler
                0x00000000080021f0                RTC_WKUP_IRQHandler
                0x00000000080021f0                LTDC_IRQHandler
                0x00000000080021f0                ETH_WKUP_IRQHandler
                0x00000000080021f0                SPDIF_RX_IRQHandler
                0x00000000080021f0                SPI2_IRQHandler
                0x00000000080021f0                OTG_HS_EP1_IN_IRQHandler
                0x00000000080021f0                DMA1_Stream0_IRQHandler
                0x00000000080021f0                CAN1_TX_IRQHandler
                0x00000000080021f0                EXTI4_IRQHandler
                0x00000000080021f0                RNG_IRQHandler
                0x00000000080021f0                ETH_IRQHandler
                0x00000000080021f0                OTG_HS_EP1_OUT_IRQHandler
                0x00000000080021f0                WWDG_IRQHandler
                0x00000000080021f0                SPI6_IRQHandler
                0x00000000080021f0                MDIOS_IRQHandler
                0x00000000080021f0                I2C4_EV_IRQHandler
                0x00000000080021f0                CAN3_TX_IRQHandler
                0x00000000080021f0                TIM2_IRQHandler
                0x00000000080021f0                OTG_FS_WKUP_IRQHandler
                0x00000000080021f0                TIM1_TRG_COM_TIM11_IRQHandler
                0x00000000080021f0                OTG_HS_IRQHandler
                0x00000000080021f0                DMA2D_IRQHandler
                0x00000000080021f0                EXTI1_IRQHandler
                0x00000000080021f0                SDMMC2_IRQHandler
                0x00000000080021f0                UART7_IRQHandler
                0x00000000080021f0                USART2_IRQHandler
                0x00000000080021f0                DFSDM1_FLT0_IRQHandler
                0x00000000080021f0                I2C2_ER_IRQHandler
                0x00000000080021f0                DMA2_Stream1_IRQHandler
                0x00000000080021f0                CAN1_SCE_IRQHandler
                0x00000000080021f0                FLASH_IRQHandler
                0x00000000080021f0                DMA2_Stream4_IRQHandler
                0x00000000080021f0                USART1_IRQHandler
                0x00000000080021f0                OTG_FS_IRQHandler
                0x00000000080021f0                SPI3_IRQHandler
                0x00000000080021f0                DMA1_Stream4_IRQHandler
                0x00000000080021f0                I2C1_ER_IRQHandler
                0x00000000080021f0                FMC_IRQHandler
                0x00000000080021f0                LPTIM1_IRQHandler
                0x00000000080021f0                I2C4_ER_IRQHandler
                0x00000000080021f0                DMA2_Stream6_IRQHandler
                0x00000000080021f0                SAI1_IRQHandler
                0x00000000080021f0                DMA1_Stream3_IRQHandler
 .text.HAL_Init
                0x00000000080021f2       0x1a ./Drivers/STM32F7xx_HAL_Driver/Src/stm32f7xx_hal.o
                0x00000000080021f2                HAL_Init
 .text.HAL_IncTick
                0x000000000800220c       0x28 ./Drivers/STM32F7xx_HAL_Driver/Src/stm32f7xx_hal.o
                0x000000000800220c                HAL_IncTick
 .text.HAL_GetTick
                0x0000000008002234       0x18 ./Drivers/STM32F7xx_HAL_Driver/Src/stm32f7xx_hal.o
                0x0000000008002234                HAL_GetTick
 .text.HAL_Delay
                0x000000000800224c       0x48 ./Drivers/STM32F7xx_HAL_Driver/Src/stm32f7xx_hal.o
                0x000000000800224c                HAL_Delay
 .text.__NVIC_SetPriorityGrouping
                0x0000000008002294       0x48 ./Drivers/STM32F7xx_HAL_Driver/Src/stm32f7xx_hal_cortex.o
 .text.__NVIC_GetPriorityGrouping
                0x00000000080022dc       0x1c ./Drivers/STM32F7xx_HAL_Driver/Src/stm32f7xx_hal_cortex.o
 .text.__NVIC_EnableIRQ
                0x00000000080022f8       0x3c ./Drivers/STM32F7xx_HAL_Driver/Src/stm32f7xx_hal_cortex.o
 .text.__NVIC_SetPriority
                0x0000000008002334       0x54 ./Drivers/STM32F7xx_HAL_Driver/Src/stm32f7xx_hal_cortex.o
 .text.NVIC_EncodePriority
                0x0000000008002388       0x66 ./Drivers/STM32F7xx_HAL_Driver/Src/stm32f7xx_hal_cortex.o
 .text.HAL_NVIC_SetPriorityGrouping
                0x00000000080023ee       0x16 ./Drivers/STM32F7xx_HAL_Driver/Src/stm32f7xx_hal_cortex.o
                0x00000000080023ee                HAL_NVIC_SetPriorityGrouping
 .text.HAL_NVIC_SetPriority
                0x0000000008002404       0x38 ./Drivers/STM32F7xx_HAL_Driver/Src/stm32f7xx_hal_cortex.o
                0x0000000008002404                HAL_NVIC_SetPriority
 .text.HAL_NVIC_EnableIRQ
                0x000000000800243c       0x1c ./Drivers/STM32F7xx_HAL_Driver/Src/stm32f7xx_hal_cortex.o
                0x000000000800243c                HAL_NVIC_EnableIRQ
 .text.HAL_GPIO_Init
                0x0000000008002458      0x358 ./Drivers/STM32F7xx_HAL_Driver/Src/stm32f7xx_hal_gpio.o
                0x0000000008002458                HAL_GPIO_Init
 .text.HAL_GPIO_ReadPin
                0x00000000080027b0       0x30 ./Drivers/STM32F7xx_HAL_Driver/Src/stm32f7xx_hal_gpio.o
                0x00000000080027b0                HAL_GPIO_ReadPin
 .text.HAL_GPIO_WritePin
                0x00000000080027e0       0x32 ./Drivers/STM32F7xx_HAL_Driver/Src/stm32f7xx_hal_gpio.o
                0x00000000080027e0                HAL_GPIO_WritePin
 .text.HAL_GPIO_TogglePin
                0x0000000008002812       0x34 ./Drivers/STM32F7xx_HAL_Driver/Src/stm32f7xx_hal_gpio.o
                0x0000000008002812                HAL_GPIO_TogglePin
 *fill*         0x0000000008002846        0x2 
 .text.HAL_I2C_Init
                0x0000000008002848      0x120 ./Drivers/STM32F7xx_HAL_Driver/Src/stm32f7xx_hal_i2c.o
                0x0000000008002848                HAL_I2C_Init
 .text.HAL_I2C_Master_Transmit
                0x0000000008002968      0x1e8 ./Drivers/STM32F7xx_HAL_Driver/Src/stm32f7xx_hal_i2c.o
                0x0000000008002968                HAL_I2C_Master_Transmit
 .text.I2C_Flush_TXDR
                0x0000000008002b50       0x48 ./Drivers/STM32F7xx_HAL_Driver/Src/stm32f7xx_hal_i2c.o
 .text.I2C_WaitOnFlagUntilTimeout
                0x0000000008002b98       0x80 ./Drivers/STM32F7xx_HAL_Driver/Src/stm32f7xx_hal_i2c.o
 .text.I2C_WaitOnTXISFlagUntilTimeout
                0x0000000008002c18       0x80 ./Drivers/STM32F7xx_HAL_Driver/Src/stm32f7xx_hal_i2c.o
 .text.I2C_WaitOnSTOPFlagUntilTimeout
                0x0000000008002c98       0x78 ./Drivers/STM32F7xx_HAL_Driver/Src/stm32f7xx_hal_i2c.o
 .text.I2C_IsErrorOccurred
                0x0000000008002d10      0x1d8 ./Drivers/STM32F7xx_HAL_Driver/Src/stm32f7xx_hal_i2c.o
 .text.I2C_TransferConfig
                0x0000000008002ee8       0x64 ./Drivers/STM32F7xx_HAL_Driver/Src/stm32f7xx_hal_i2c.o
 .text.HAL_I2CEx_ConfigAnalogFilter
                0x0000000008002f4c       0x96 ./Drivers/STM32F7xx_HAL_Driver/Src/stm32f7xx_hal_i2c_ex.o
                0x0000000008002f4c                HAL_I2CEx_ConfigAnalogFilter
 .text.HAL_I2CEx_ConfigDigitalFilter
                0x0000000008002fe2       0x98 ./Drivers/STM32F7xx_HAL_Driver/Src/stm32f7xx_hal_i2c_ex.o
                0x0000000008002fe2                HAL_I2CEx_ConfigDigitalFilter
 *fill*         0x000000000800307a        0x2 
 .text.HAL_PWREx_EnableOverDrive
                0x000000000800307c       0xa0 ./Drivers/STM32F7xx_HAL_Driver/Src/stm32f7xx_hal_pwr_ex.o
                0x000000000800307c                HAL_PWREx_EnableOverDrive
 .text.HAL_RCC_OscConfig
                0x000000000800311c      0x55c ./Drivers/STM32F7xx_HAL_Driver/Src/stm32f7xx_hal_rcc.o
                0x000000000800311c                HAL_RCC_OscConfig
 .text.HAL_RCC_ClockConfig
                0x0000000008003678      0x1d8 ./Drivers/STM32F7xx_HAL_Driver/Src/stm32f7xx_hal_rcc.o
                0x0000000008003678                HAL_RCC_ClockConfig
 .text.HAL_RCC_GetSysClockFreq
                0x0000000008003850      0x20c ./Drivers/STM32F7xx_HAL_Driver/Src/stm32f7xx_hal_rcc.o
                0x0000000008003850                HAL_RCC_GetSysClockFreq
 .text.HAL_RCC_GetHCLKFreq
                0x0000000008003a5c       0x18 ./Drivers/STM32F7xx_HAL_Driver/Src/stm32f7xx_hal_rcc.o
                0x0000000008003a5c                HAL_RCC_GetHCLKFreq
 .text.HAL_RCC_GetPCLK2Freq
                0x0000000008003a74       0x28 ./Drivers/STM32F7xx_HAL_Driver/Src/stm32f7xx_hal_rcc.o
                0x0000000008003a74                HAL_RCC_GetPCLK2Freq
 .text.HAL_RCC_GetClockConfig
                0x0000000008003a9c       0x64 ./Drivers/STM32F7xx_HAL_Driver/Src/stm32f7xx_hal_rcc.o
                0x0000000008003a9c                HAL_RCC_GetClockConfig
 .text.HAL_RCCEx_PeriphCLKConfig
                0x0000000008003b00      0x850 ./Drivers/STM32F7xx_HAL_Driver/Src/stm32f7xx_hal_rcc_ex.o
                0x0000000008003b00                HAL_RCCEx_PeriphCLKConfig
 .text.HAL_SPI_Init
                0x0000000008004350      0x156 ./Drivers/STM32F7xx_HAL_Driver/Src/stm32f7xx_hal_spi.o
                0x0000000008004350                HAL_SPI_Init
 .text.HAL_SPI_TransmitReceive
                0x00000000080044a6      0x426 ./Drivers/STM32F7xx_HAL_Driver/Src/stm32f7xx_hal_spi.o
                0x00000000080044a6                HAL_SPI_TransmitReceive
 .text.SPI_WaitFlagStateUntilTimeout
                0x00000000080048cc      0x110 ./Drivers/STM32F7xx_HAL_Driver/Src/stm32f7xx_hal_spi.o
 .text.SPI_WaitFifoStateUntilTimeout
                0x00000000080049dc      0x12c ./Drivers/STM32F7xx_HAL_Driver/Src/stm32f7xx_hal_spi.o
 .text.SPI_EndRxTxTransaction
                0x0000000008004b08       0xd4 ./Drivers/STM32F7xx_HAL_Driver/Src/stm32f7xx_hal_spi.o
 .text.HAL_TIM_Base_Init
                0x0000000008004bdc       0xae ./Drivers/STM32F7xx_HAL_Driver/Src/stm32f7xx_hal_tim.o
                0x0000000008004bdc                HAL_TIM_Base_Init
 .text.HAL_TIM_Base_MspInit
                0x0000000008004c8a       0x14 ./Drivers/STM32F7xx_HAL_Driver/Src/stm32f7xx_hal_tim.o
                0x0000000008004c8a                HAL_TIM_Base_MspInit
 *fill*         0x0000000008004c9e        0x2 
 .text.HAL_TIM_Base_Start_IT
                0x0000000008004ca0       0xf0 ./Drivers/STM32F7xx_HAL_Driver/Src/stm32f7xx_hal_tim.o
                0x0000000008004ca0                HAL_TIM_Base_Start_IT
 .text.HAL_TIM_Encoder_Init
                0x0000000008004d90      0x14c ./Drivers/STM32F7xx_HAL_Driver/Src/stm32f7xx_hal_tim.o
                0x0000000008004d90                HAL_TIM_Encoder_Init
 .text.HAL_TIM_IRQHandler
                0x0000000008004edc      0x23e ./Drivers/STM32F7xx_HAL_Driver/Src/stm32f7xx_hal_tim.o
                0x0000000008004edc                HAL_TIM_IRQHandler
 .text.HAL_TIM_OC_DelayElapsedCallback
                0x000000000800511a       0x14 ./Drivers/STM32F7xx_HAL_Driver/Src/stm32f7xx_hal_tim.o
                0x000000000800511a                HAL_TIM_OC_DelayElapsedCallback
 .text.HAL_TIM_IC_CaptureCallback
                0x000000000800512e       0x14 ./Drivers/STM32F7xx_HAL_Driver/Src/stm32f7xx_hal_tim.o
                0x000000000800512e                HAL_TIM_IC_CaptureCallback
 .text.HAL_TIM_PWM_PulseFinishedCallback
                0x0000000008005142       0x14 ./Drivers/STM32F7xx_HAL_Driver/Src/stm32f7xx_hal_tim.o
                0x0000000008005142                HAL_TIM_PWM_PulseFinishedCallback
 .text.HAL_TIM_TriggerCallback
                0x0000000008005156       0x14 ./Drivers/STM32F7xx_HAL_Driver/Src/stm32f7xx_hal_tim.o
                0x0000000008005156                HAL_TIM_TriggerCallback
 *fill*         0x000000000800516a        0x2 
 .text.TIM_Base_SetConfig
                0x000000000800516c      0x140 ./Drivers/STM32F7xx_HAL_Driver/Src/stm32f7xx_hal_tim.o
                0x000000000800516c                TIM_Base_SetConfig
 .text.HAL_TIMEx_MasterConfigSynchronization
                0x00000000080052ac      0x11c ./Drivers/STM32F7xx_HAL_Driver/Src/stm32f7xx_hal_tim_ex.o
                0x00000000080052ac                HAL_TIMEx_MasterConfigSynchronization
 .text.HAL_TIMEx_CommutCallback
                0x00000000080053c8       0x14 ./Drivers/STM32F7xx_HAL_Driver/Src/stm32f7xx_hal_tim_ex.o
                0x00000000080053c8                HAL_TIMEx_CommutCallback
 .text.HAL_TIMEx_BreakCallback
                0x00000000080053dc       0x14 ./Drivers/STM32F7xx_HAL_Driver/Src/stm32f7xx_hal_tim_ex.o
                0x00000000080053dc                HAL_TIMEx_BreakCallback
 .text.HAL_TIMEx_Break2Callback
                0x00000000080053f0       0x14 ./Drivers/STM32F7xx_HAL_Driver/Src/stm32f7xx_hal_tim_ex.o
                0x00000000080053f0                HAL_TIMEx_Break2Callback
 .text.makeFreeRtosPriority
                0x0000000008005404       0x30 ./Middlewares/Third_Party/FreeRTOS/Source/CMSIS_RTOS/cmsis_os.o
 .text.inHandlerMode
                0x0000000008005434       0x24 ./Middlewares/Third_Party/FreeRTOS/Source/CMSIS_RTOS/cmsis_os.o
 .text.osKernelStart
                0x0000000008005458        0xe ./Middlewares/Third_Party/FreeRTOS/Source/CMSIS_RTOS/cmsis_os.o
                0x0000000008005458                osKernelStart
 .text.osKernelSysTick
                0x0000000008005466       0x20 ./Middlewares/Third_Party/FreeRTOS/Source/CMSIS_RTOS/cmsis_os.o
                0x0000000008005466                osKernelSysTick
 .text.osThreadCreate
                0x0000000008005486       0x4e ./Middlewares/Third_Party/FreeRTOS/Source/CMSIS_RTOS/cmsis_os.o
                0x0000000008005486                osThreadCreate
 .text.osDelay  0x00000000080054d4       0x28 ./Middlewares/Third_Party/FreeRTOS/Source/CMSIS_RTOS/cmsis_os.o
                0x00000000080054d4                osDelay
 .text.osMessageCreate
                0x00000000080054fc       0x24 ./Middlewares/Third_Party/FreeRTOS/Source/CMSIS_RTOS/cmsis_os.o
                0x00000000080054fc                osMessageCreate
 .text.osMessagePut
                0x0000000008005520       0x80 ./Middlewares/Third_Party/FreeRTOS/Source/CMSIS_RTOS/cmsis_os.o
                0x0000000008005520                osMessagePut
 .text.osMessageGet
                0x00000000080055a0       0xe8 ./Middlewares/Third_Party/FreeRTOS/Source/CMSIS_RTOS/cmsis_os.o
                0x00000000080055a0                osMessageGet
 .text.osDelayUntil
                0x0000000008005688       0x2c ./Middlewares/Third_Party/FreeRTOS/Source/CMSIS_RTOS/cmsis_os.o
                0x0000000008005688                osDelayUntil
 .text.vListInitialise
                0x00000000080056b4       0x40 ./Middlewares/Third_Party/FreeRTOS/Source/list.o
                0x00000000080056b4                vListInitialise
 .text.vListInitialiseItem
                0x00000000080056f4       0x1a ./Middlewares/Third_Party/FreeRTOS/Source/list.o
                0x00000000080056f4                vListInitialiseItem
 .text.vListInsertEnd
                0x000000000800570e       0x48 ./Middlewares/Third_Party/FreeRTOS/Source/list.o
                0x000000000800570e                vListInsertEnd
 .text.vListInsert
                0x0000000008005756       0x72 ./Middlewares/Third_Party/FreeRTOS/Source/list.o
                0x0000000008005756                vListInsert
 .text.uxListRemove
                0x00000000080057c8       0x54 ./Middlewares/Third_Party/FreeRTOS/Source/list.o
                0x00000000080057c8                uxListRemove
 .text.xQueueGenericReset
                0x000000000800581c       0xd4 ./Middlewares/Third_Party/FreeRTOS/Source/queue.o
                0x000000000800581c                xQueueGenericReset
 .text.xQueueGenericCreate
                0x00000000080058f0       0x7c ./Middlewares/Third_Party/FreeRTOS/Source/queue.o
                0x00000000080058f0                xQueueGenericCreate
 .text.prvInitialiseNewQueue
                0x000000000800596c       0x3e ./Middlewares/Third_Party/FreeRTOS/Source/queue.o
 *fill*         0x00000000080059aa        0x2 
 .text.xQueueGenericSend
                0x00000000080059ac      0x20c ./Middlewares/Third_Party/FreeRTOS/Source/queue.o
                0x00000000080059ac                xQueueGenericSend
 .text.xQueueGenericSendFromISR
                0x0000000008005bb8      0x140 ./Middlewares/Third_Party/FreeRTOS/Source/queue.o
                0x0000000008005bb8                xQueueGenericSendFromISR
 .text.xQueueReceive
                0x0000000008005cf8      0x1cc ./Middlewares/Third_Party/FreeRTOS/Source/queue.o
                0x0000000008005cf8                xQueueReceive
 .text.xQueueReceiveFromISR
                0x0000000008005ec4      0x10c ./Middlewares/Third_Party/FreeRTOS/Source/queue.o
                0x0000000008005ec4                xQueueReceiveFromISR
 .text.prvCopyDataToQueue
                0x0000000008005fd0       0xd4 ./Middlewares/Third_Party/FreeRTOS/Source/queue.o
 .text.prvCopyDataFromQueue
                0x00000000080060a4       0x4c ./Middlewares/Third_Party/FreeRTOS/Source/queue.o
 .text.prvUnlockQueue
                0x00000000080060f0       0xa4 ./Middlewares/Third_Party/FreeRTOS/Source/queue.o
 .text.prvIsQueueEmpty
                0x0000000008006194       0x2c ./Middlewares/Third_Party/FreeRTOS/Source/queue.o
 .text.prvIsQueueFull
                0x00000000080061c0       0x30 ./Middlewares/Third_Party/FreeRTOS/Source/queue.o
 .text.xTaskCreate
                0x00000000080061f0       0x82 ./Middlewares/Third_Party/FreeRTOS/Source/tasks.o
                0x00000000080061f0                xTaskCreate
 .text.prvInitialiseNewTask
                0x0000000008006272      0x112 ./Middlewares/Third_Party/FreeRTOS/Source/tasks.o
 .text.prvAddNewTaskToReadyList
                0x0000000008006384       0xd4 ./Middlewares/Third_Party/FreeRTOS/Source/tasks.o
 .text.vTaskDelayUntil
                0x0000000008006458      0x108 ./Middlewares/Third_Party/FreeRTOS/Source/tasks.o
                0x0000000008006458                vTaskDelayUntil
 .text.vTaskDelay
                0x0000000008006560       0x6c ./Middlewares/Third_Party/FreeRTOS/Source/tasks.o
                0x0000000008006560                vTaskDelay
 .text.vTaskStartScheduler
                0x00000000080065cc       0x98 ./Middlewares/Third_Party/FreeRTOS/Source/tasks.o
                0x00000000080065cc                vTaskStartScheduler
 .text.vTaskSuspendAll
                0x0000000008006664       0x1c ./Middlewares/Third_Party/FreeRTOS/Source/tasks.o
                0x0000000008006664                vTaskSuspendAll
 .text.xTaskResumeAll
                0x0000000008006680      0x13c ./Middlewares/Third_Party/FreeRTOS/Source/tasks.o
                0x0000000008006680                xTaskResumeAll
 .text.xTaskGetTickCount
                0x00000000080067bc       0x20 ./Middlewares/Third_Party/FreeRTOS/Source/tasks.o
                0x00000000080067bc                xTaskGetTickCount
 .text.xTaskGetTickCountFromISR
                0x00000000080067dc       0x24 ./Middlewares/Third_Party/FreeRTOS/Source/tasks.o
                0x00000000080067dc                xTaskGetTickCountFromISR
 .text.xTaskIncrementTick
                0x0000000008006800      0x174 ./Middlewares/Third_Party/FreeRTOS/Source/tasks.o
                0x0000000008006800                xTaskIncrementTick
 .text.vTaskSwitchContext
                0x0000000008006974       0xbc ./Middlewares/Third_Party/FreeRTOS/Source/tasks.o
                0x0000000008006974                vTaskSwitchContext
 .text.vTaskPlaceOnEventList
                0x0000000008006a30       0x4c ./Middlewares/Third_Party/FreeRTOS/Source/tasks.o
                0x0000000008006a30                vTaskPlaceOnEventList
 .text.xTaskRemoveFromEventList
                0x0000000008006a7c       0xc8 ./Middlewares/Third_Party/FreeRTOS/Source/tasks.o
                0x0000000008006a7c                xTaskRemoveFromEventList
 .text.vTaskInternalSetTimeOutState
                0x0000000008006b44       0x2c ./Middlewares/Third_Party/FreeRTOS/Source/tasks.o
                0x0000000008006b44                vTaskInternalSetTimeOutState
 .text.xTaskCheckForTimeOut
                0x0000000008006b70       0xcc ./Middlewares/Third_Party/FreeRTOS/Source/tasks.o
                0x0000000008006b70                xTaskCheckForTimeOut
 .text.vTaskMissedYield
                0x0000000008006c3c       0x18 ./Middlewares/Third_Party/FreeRTOS/Source/tasks.o
                0x0000000008006c3c                vTaskMissedYield
 .text.prvIdleTask
                0x0000000008006c54       0x30 ./Middlewares/Third_Party/FreeRTOS/Source/tasks.o
 .text.prvInitialiseTaskLists
                0x0000000008006c84       0x80 ./Middlewares/Third_Party/FreeRTOS/Source/tasks.o
 .text.prvCheckTasksWaitingTermination
                0x0000000008006d04       0x5c ./Middlewares/Third_Party/FreeRTOS/Source/tasks.o
 .text.prvDeleteTCB
                0x0000000008006d60       0x20 ./Middlewares/Third_Party/FreeRTOS/Source/tasks.o
 .text.prvResetNextTaskUnblockTime
                0x0000000008006d80       0x40 ./Middlewares/Third_Party/FreeRTOS/Source/tasks.o
 .text.xTaskGetSchedulerState
                0x0000000008006dc0       0x3c ./Middlewares/Third_Party/FreeRTOS/Source/tasks.o
                0x0000000008006dc0                xTaskGetSchedulerState
 .text.xTaskPriorityDisinherit
                0x0000000008006dfc      0x114 ./Middlewares/Third_Party/FreeRTOS/Source/tasks.o
                0x0000000008006dfc                xTaskPriorityDisinherit
 .text.prvAddCurrentTaskToDelayedList
                0x0000000008006f10       0xcc ./Middlewares/Third_Party/FreeRTOS/Source/tasks.o
 .text.pxPortInitialiseStack
                0x0000000008006fdc       0x68 ./Middlewares/Third_Party/FreeRTOS/Source/portable/GCC/ARM_CM7/r0p1/port.o
                0x0000000008006fdc                pxPortInitialiseStack
 .text.prvTaskExitError
                0x0000000008007044       0x60 ./Middlewares/Third_Party/FreeRTOS/Source/portable/GCC/ARM_CM7/r0p1/port.o
 *fill*         0x00000000080070a4        0xc 
 .text.SVC_Handler
                0x00000000080070b0       0x28 ./Middlewares/Third_Party/FreeRTOS/Source/portable/GCC/ARM_CM7/r0p1/port.o
                0x00000000080070b0                SVC_Handler
 .text.prvPortStartFirstTask
                0x00000000080070d8       0x28 ./Middlewares/Third_Party/FreeRTOS/Source/portable/GCC/ARM_CM7/r0p1/port.o
 .text.xPortStartScheduler
                0x0000000008007100       0xfc ./Middlewares/Third_Party/FreeRTOS/Source/portable/GCC/ARM_CM7/r0p1/port.o
                0x0000000008007100                xPortStartScheduler
 .text.vPortEnterCritical
                0x00000000080071fc       0x68 ./Middlewares/Third_Party/FreeRTOS/Source/portable/GCC/ARM_CM7/r0p1/port.o
                0x00000000080071fc                vPortEnterCritical
 .text.vPortExitCritical
                0x0000000008007264       0x58 ./Middlewares/Third_Party/FreeRTOS/Source/portable/GCC/ARM_CM7/r0p1/port.o
                0x0000000008007264                vPortExitCritical
 *fill*         0x00000000080072bc        0x4 
 .text.PendSV_Handler
                0x00000000080072c0       0x68 ./Middlewares/Third_Party/FreeRTOS/Source/portable/GCC/ARM_CM7/r0p1/port.o
                0x00000000080072c0                PendSV_Handler
 .text.SysTick_Handler
                0x0000000008007328       0x48 ./Middlewares/Third_Party/FreeRTOS/Source/portable/GCC/ARM_CM7/r0p1/port.o
                0x0000000008007328                SysTick_Handler
 .text.vPortSetupTimerInterrupt
                0x0000000008007370       0x48 ./Middlewares/Third_Party/FreeRTOS/Source/portable/GCC/ARM_CM7/r0p1/port.o
                0x0000000008007370                vPortSetupTimerInterrupt
 .text.vPortEnableVFP
                0x00000000080073b8       0x14 ./Middlewares/Third_Party/FreeRTOS/Source/portable/GCC/ARM_CM7/r0p1/port.o
 .text.vPortValidateInterruptPriority
                0x00000000080073cc       0x88 ./Middlewares/Third_Party/FreeRTOS/Source/portable/GCC/ARM_CM7/r0p1/port.o
                0x00000000080073cc                vPortValidateInterruptPriority
 .text.pvPortMalloc
                0x0000000008007454      0x194 ./Middlewares/Third_Party/FreeRTOS/Source/portable/MemMang/heap_4.o
                0x0000000008007454                pvPortMalloc
 .text.vPortFree
                0x00000000080075e8       0xbc ./Middlewares/Third_Party/FreeRTOS/Source/portable/MemMang/heap_4.o
                0x00000000080075e8                vPortFree
 .text.prvHeapInit
                0x00000000080076a4       0xc4 ./Middlewares/Third_Party/FreeRTOS/Source/portable/MemMang/heap_4.o
 .text.prvInsertBlockIntoFreeList
                0x0000000008007768       0xb4 ./Middlewares/Third_Party/FreeRTOS/Source/portable/MemMang/heap_4.o
 .text.MAX581x_WriteCommand
                0x000000000800781c       0x30 ./Tools/MAX581x.o
                0x000000000800781c                MAX581x_WriteCommand
 .text.MAX581x_Init
                0x000000000800784c       0x36 ./Tools/MAX581x.o
                0x000000000800784c                MAX581x_Init
 .text.MAX581x_Config
                0x0000000008007882       0x36 ./Tools/MAX581x.o
                0x0000000008007882                MAX581x_Config
 .text.MAX581x_Reference
                0x00000000080078b8       0x32 ./Tools/MAX581x.o
                0x00000000080078b8                MAX581x_Reference
 .text.MAX581x_Code
                0x00000000080078ea       0x40 ./Tools/MAX581x.o
                0x00000000080078ea                MAX581x_Code
 .text.MAX581x_CodeLoad
                0x000000000800792a       0x46 ./Tools/MAX581x.o
                0x000000000800792a                MAX581x_CodeLoad
 .text.PID_Init
                0x0000000008007970       0x66 ./Tools/PID.o
                0x0000000008007970                PID_Init
 .text.PID_CloseLoop
                0x00000000080079d6      0x13e ./Tools/PID.o
                0x00000000080079d6                PID_CloseLoop
 .text.Board_LedToggle
                0x0000000008007b14       0x1e ./Tools/board.o
                0x0000000008007b14                Board_LedToggle
 *fill*         0x0000000008007b32        0x2 
 .text.Board_GetID
                0x0000000008007b34       0x88 ./Tools/board.o
                0x0000000008007b34                Board_GetID
 .text.Encoder_Update
                0x0000000008007bbc       0x78 ./Tools/encoder.o
                0x0000000008007bbc                Encoder_Update
 .text.Motor_Init
                0x0000000008007c34       0x42 ./Tools/motor.o
                0x0000000008007c34                Motor_Init
 *fill*         0x0000000008007c76        0x2 
 .text.Motor_CLDrive
                0x0000000008007c78       0xcc ./Tools/motor.o
                0x0000000008007c78                Motor_CLDrive
 .text.Motor_Enable
                0x0000000008007d44       0x48 ./Tools/motor.o
                0x0000000008007d44                Motor_Enable
 .text.Motor_SetBrake
                0x0000000008007d8c       0x40 ./Tools/motor.o
                0x0000000008007d8c                Motor_SetBrake
 .text.Motor_SetVoltage
                0x0000000008007dcc       0x9e ./Tools/motor.o
                0x0000000008007dcc                Motor_SetVoltage
 *fill*         0x0000000008007e6a        0x2 
 .text.__errno  0x0000000008007e6c        0xc c:/st/stm32cubeide_1.9.0/stm32cubeide/plugins/com.st.stm32cube.ide.mcu.externaltools.gnu-tools-for-stm32.10.3-2021.10.win32_1.0.0.202111181127/tools/bin/../lib/gcc/arm-none-eabi/10.3.1/../../../../arm-none-eabi/lib/thumb/v7e-m+dp/hard\libc_nano.a(lib_a-errno.o)
                0x0000000008007e6c                __errno
 .text.__libc_init_array
                0x0000000008007e78       0x48 c:/st/stm32cubeide_1.9.0/stm32cubeide/plugins/com.st.stm32cube.ide.mcu.externaltools.gnu-tools-for-stm32.10.3-2021.10.win32_1.0.0.202111181127/tools/bin/../lib/gcc/arm-none-eabi/10.3.1/../../../../arm-none-eabi/lib/thumb/v7e-m+dp/hard\libc_nano.a(lib_a-init.o)
                0x0000000008007e78                __libc_init_array
 .text.memcpy   0x0000000008007ec0       0x1c c:/st/stm32cubeide_1.9.0/stm32cubeide/plugins/com.st.stm32cube.ide.mcu.externaltools.gnu-tools-for-stm32.10.3-2021.10.win32_1.0.0.202111181127/tools/bin/../lib/gcc/arm-none-eabi/10.3.1/../../../../arm-none-eabi/lib/thumb/v7e-m+dp/hard\libc_nano.a(lib_a-memcpy-stub.o)
                0x0000000008007ec0                memcpy
 .text.memset   0x0000000008007edc       0x10 c:/st/stm32cubeide_1.9.0/stm32cubeide/plugins/com.st.stm32cube.ide.mcu.externaltools.gnu-tools-for-stm32.10.3-2021.10.win32_1.0.0.202111181127/tools/bin/../lib/gcc/arm-none-eabi/10.3.1/../../../../arm-none-eabi/lib/thumb/v7e-m+dp/hard\libc_nano.a(lib_a-memset.o)
                0x0000000008007edc                memset
 *fill*         0x0000000008007eec        0x4 
 .text.sqrt     0x0000000008007ef0       0x40 c:/st/stm32cubeide_1.9.0/stm32cubeide/plugins/com.st.stm32cube.ide.mcu.externaltools.gnu-tools-for-stm32.10.3-2021.10.win32_1.0.0.202111181127/tools/bin/../lib/gcc/arm-none-eabi/10.3.1/../../../../arm-none-eabi/lib/thumb/v7e-m+dp/hard\libm.a(lib_a-w_sqrt.o)
                0x0000000008007ef0                sqrt
 .text.__ieee754_sqrt
                0x0000000008007f30        0x6 c:/st/stm32cubeide_1.9.0/stm32cubeide/plugins/com.st.stm32cube.ide.mcu.externaltools.gnu-tools-for-stm32.10.3-2021.10.win32_1.0.0.202111181127/tools/bin/../lib/gcc/arm-none-eabi/10.3.1/../../../../arm-none-eabi/lib/thumb/v7e-m+dp/hard\libm.a(lib_a-e_sqrt.o)
                0x0000000008007f30                __ieee754_sqrt
 *(.glue_7)
 .glue_7        0x0000000008007f36        0x0 linker stubs
 *(.glue_7t)
 .glue_7t       0x0000000008007f36        0x0 linker stubs
 *(.eh_frame)
 *fill*         0x0000000008007f36        0x2 
 .eh_frame      0x0000000008007f38        0x0 c:/st/stm32cubeide_1.9.0/stm32cubeide/plugins/com.st.stm32cube.ide.mcu.externaltools.gnu-tools-for-stm32.10.3-2021.10.win32_1.0.0.202111181127/tools/bin/../lib/gcc/arm-none-eabi/10.3.1/thumb/v7e-m+dp/hard/crtbegin.o
 *(.init)
 .init          0x0000000008007f38        0x4 c:/st/stm32cubeide_1.9.0/stm32cubeide/plugins/com.st.stm32cube.ide.mcu.externaltools.gnu-tools-for-stm32.10.3-2021.10.win32_1.0.0.202111181127/tools/bin/../lib/gcc/arm-none-eabi/10.3.1/thumb/v7e-m+dp/hard/crti.o
                0x0000000008007f38                _init
 .init          0x0000000008007f3c        0x8 c:/st/stm32cubeide_1.9.0/stm32cubeide/plugins/com.st.stm32cube.ide.mcu.externaltools.gnu-tools-for-stm32.10.3-2021.10.win32_1.0.0.202111181127/tools/bin/../lib/gcc/arm-none-eabi/10.3.1/thumb/v7e-m+dp/hard/crtn.o
 *(.fini)
 .fini          0x0000000008007f44        0x4 c:/st/stm32cubeide_1.9.0/stm32cubeide/plugins/com.st.stm32cube.ide.mcu.externaltools.gnu-tools-for-stm32.10.3-2021.10.win32_1.0.0.202111181127/tools/bin/../lib/gcc/arm-none-eabi/10.3.1/thumb/v7e-m+dp/hard/crti.o
                0x0000000008007f44                _fini
 .fini          0x0000000008007f48        0x8 c:/st/stm32cubeide_1.9.0/stm32cubeide/plugins/com.st.stm32cube.ide.mcu.externaltools.gnu-tools-for-stm32.10.3-2021.10.win32_1.0.0.202111181127/tools/bin/../lib/gcc/arm-none-eabi/10.3.1/thumb/v7e-m+dp/hard/crtn.o
                0x0000000008007f50                . = ALIGN (0x4)
                0x0000000008007f50                _etext = .

.vfp11_veneer   0x0000000008007f50        0x0
 .vfp11_veneer  0x0000000008007f50        0x0 linker stubs

.v4_bx          0x0000000008007f50        0x0
 .v4_bx         0x0000000008007f50        0x0 linker stubs

.iplt           0x0000000008007f50        0x0
 .iplt          0x0000000008007f50        0x0 c:/st/stm32cubeide_1.9.0/stm32cubeide/plugins/com.st.stm32cube.ide.mcu.externaltools.gnu-tools-for-stm32.10.3-2021.10.win32_1.0.0.202111181127/tools/bin/../lib/gcc/arm-none-eabi/10.3.1/thumb/v7e-m+dp/hard/crtbegin.o

.rodata         0x0000000008007f50       0xa0
                0x0000000008007f50                . = ALIGN (0x4)
 *(.rodata)
 .rodata        0x0000000008007f50       0x68 ./Core/Src/main.o
 .rodata        0x0000000008007fb8        0x5 ./Middlewares/Third_Party/FreeRTOS/Source/tasks.o
 *(.rodata*)
 *fill*         0x0000000008007fbd        0x3 
 .rodata.Dribbler_SpeedSet
                0x0000000008007fc0       0x10 ./Core/Src/main.o
                0x0000000008007fc0                Dribbler_SpeedSet
 .rodata.nRF24_RX_PW_PIPE
                0x0000000008007fd0        0x6 ./Core/Src/nrf24.o
 *fill*         0x0000000008007fd6        0x2 
 .rodata.AHBPrescTable
                0x0000000008007fd8       0x10 ./Core/Src/system_stm32f7xx.o
                0x0000000008007fd8                AHBPrescTable
 .rodata.APBPrescTable
                0x0000000008007fe8        0x8 ./Core/Src/system_stm32f7xx.o
                0x0000000008007fe8                APBPrescTable
                0x0000000008007ff0                . = ALIGN (0x4)

.ARM.extab      0x0000000008007ff0        0x0
                0x0000000008007ff0                . = ALIGN (0x4)
 *(.ARM.extab* .gnu.linkonce.armextab.*)
                0x0000000008007ff0                . = ALIGN (0x4)

.ARM            0x0000000008007ff0        0x8
                0x0000000008007ff0                . = ALIGN (0x4)
                0x0000000008007ff0                __exidx_start = .
 *(.ARM.exidx*)
 .ARM.exidx     0x0000000008007ff0        0x8 c:/st/stm32cubeide_1.9.0/stm32cubeide/plugins/com.st.stm32cube.ide.mcu.externaltools.gnu-tools-for-stm32.10.3-2021.10.win32_1.0.0.202111181127/tools/bin/../lib/gcc/arm-none-eabi/10.3.1/thumb/v7e-m+dp/hard\libgcc.a(_udivmoddi4.o)
                0x0000000008007ff8                __exidx_end = .
                0x0000000008007ff8                . = ALIGN (0x4)

.rel.dyn        0x0000000008007ff8        0x0
 .rel.iplt      0x0000000008007ff8        0x0 c:/st/stm32cubeide_1.9.0/stm32cubeide/plugins/com.st.stm32cube.ide.mcu.externaltools.gnu-tools-for-stm32.10.3-2021.10.win32_1.0.0.202111181127/tools/bin/../lib/gcc/arm-none-eabi/10.3.1/thumb/v7e-m+dp/hard/crtbegin.o

.preinit_array  0x0000000008007ff8        0x0
                0x0000000008007ff8                . = ALIGN (0x4)
                0x0000000008007ff8                PROVIDE (__preinit_array_start = .)
 *(.preinit_array*)
                0x0000000008007ff8                PROVIDE (__preinit_array_end = .)
                0x0000000008007ff8                . = ALIGN (0x4)

.init_array     0x0000000008007ff8        0x4
                0x0000000008007ff8                . = ALIGN (0x4)
                0x0000000008007ff8                PROVIDE (__init_array_start = .)
 *(SORT_BY_NAME(.init_array.*))
 *(.init_array*)
 .init_array    0x0000000008007ff8        0x4 c:/st/stm32cubeide_1.9.0/stm32cubeide/plugins/com.st.stm32cube.ide.mcu.externaltools.gnu-tools-for-stm32.10.3-2021.10.win32_1.0.0.202111181127/tools/bin/../lib/gcc/arm-none-eabi/10.3.1/thumb/v7e-m+dp/hard/crtbegin.o
                0x0000000008007ffc                PROVIDE (__init_array_end = .)
                0x0000000008007ffc                . = ALIGN (0x4)

.fini_array     0x0000000008007ffc        0x4
                0x0000000008007ffc                . = ALIGN (0x4)
                [!provide]                        PROVIDE (__fini_array_start = .)
 *(SORT_BY_NAME(.fini_array.*))
 *(.fini_array*)
 .fini_array    0x0000000008007ffc        0x4 c:/st/stm32cubeide_1.9.0/stm32cubeide/plugins/com.st.stm32cube.ide.mcu.externaltools.gnu-tools-for-stm32.10.3-2021.10.win32_1.0.0.202111181127/tools/bin/../lib/gcc/arm-none-eabi/10.3.1/thumb/v7e-m+dp/hard/crtbegin.o
                [!provide]                        PROVIDE (__fini_array_end = .)
                0x0000000008008000                . = ALIGN (0x4)
                0x0000000008008000                _sidata = LOADADDR (.data)

.data           0x0000000020000000       0x74 load address 0x0000000008008000
                0x0000000020000000                . = ALIGN (0x4)
                0x0000000020000000                _sdata = .
 *(.data)
 *(.data*)
 .data.SystemCoreClock
                0x0000000020000000        0x4 ./Core/Src/system_stm32f7xx.o
                0x0000000020000000                SystemCoreClock
 .data.uwTickPrio
                0x0000000020000004        0x4 ./Drivers/STM32F7xx_HAL_Driver/Src/stm32f7xx_hal.o
                0x0000000020000004                uwTickPrio
 .data.uwTickFreq
                0x0000000020000008        0x1 ./Drivers/STM32F7xx_HAL_Driver/Src/stm32f7xx_hal.o
                0x0000000020000008                uwTickFreq
 *fill*         0x0000000020000009        0x3 
 .data.uxCriticalNesting
                0x000000002000000c        0x4 ./Middlewares/Third_Party/FreeRTOS/Source/portable/GCC/ARM_CM7/r0p1/port.o
 .data._impure_ptr
                0x0000000020000010        0x4 c:/st/stm32cubeide_1.9.0/stm32cubeide/plugins/com.st.stm32cube.ide.mcu.externaltools.gnu-tools-for-stm32.10.3-2021.10.win32_1.0.0.202111181127/tools/bin/../lib/gcc/arm-none-eabi/10.3.1/../../../../arm-none-eabi/lib/thumb/v7e-m+dp/hard\libc_nano.a(lib_a-impure.o)
                0x0000000020000010                _impure_ptr
 .data.impure_data
                0x0000000020000014       0x60 c:/st/stm32cubeide_1.9.0/stm32cubeide/plugins/com.st.stm32cube.ide.mcu.externaltools.gnu-tools-for-stm32.10.3-2021.10.win32_1.0.0.202111181127/tools/bin/../lib/gcc/arm-none-eabi/10.3.1/../../../../arm-none-eabi/lib/thumb/v7e-m+dp/hard\libc_nano.a(lib_a-impure.o)
 *(.RamFunc)
 *(.RamFunc*)
                0x0000000020000074                . = ALIGN (0x4)
                0x0000000020000074                _edata = .

.igot.plt       0x0000000020000074        0x0 load address 0x0000000008008074
 .igot.plt      0x0000000020000074        0x0 c:/st/stm32cubeide_1.9.0/stm32cubeide/plugins/com.st.stm32cube.ide.mcu.externaltools.gnu-tools-for-stm32.10.3-2021.10.win32_1.0.0.202111181127/tools/bin/../lib/gcc/arm-none-eabi/10.3.1/thumb/v7e-m+dp/hard/crtbegin.o
                0x0000000020000074                . = ALIGN (0x4)

.bss            0x0000000020000074     0x4264 load address 0x0000000008008074
                0x0000000020000074                _sbss = .
                0x0000000020000074                __bss_start__ = _sbss
 *(.bss)
 .bss           0x0000000020000074       0x1c c:/st/stm32cubeide_1.9.0/stm32cubeide/plugins/com.st.stm32cube.ide.mcu.externaltools.gnu-tools-for-stm32.10.3-2021.10.win32_1.0.0.202111181127/tools/bin/../lib/gcc/arm-none-eabi/10.3.1/thumb/v7e-m+dp/hard/crtbegin.o
 *(.bss*)
 .bss.hi2c1     0x0000000020000090       0x4c ./Core/Src/main.o
                0x0000000020000090                hi2c1
 .bss.hi2c2     0x00000000200000dc       0x4c ./Core/Src/main.o
                0x00000000200000dc                hi2c2
 .bss.hspi1     0x0000000020000128       0x64 ./Core/Src/main.o
                0x0000000020000128                hspi1
 .bss.htim2     0x000000002000018c       0x4c ./Core/Src/main.o
                0x000000002000018c                htim2
 .bss.htim3     0x00000000200001d8       0x4c ./Core/Src/main.o
                0x00000000200001d8                htim3
 .bss.htim5     0x0000000020000224       0x4c ./Core/Src/main.o
                0x0000000020000224                htim5
 .bss.htim8     0x0000000020000270       0x4c ./Core/Src/main.o
                0x0000000020000270                htim8
 .bss.driveTaskHandle
                0x00000000200002bc        0x4 ./Core/Src/main.o
                0x00000000200002bc                driveTaskHandle
 .bss.radioTaskHandle
                0x00000000200002c0        0x4 ./Core/Src/main.o
                0x00000000200002c0                radioTaskHandle
 .bss.kickTaskHandle
                0x00000000200002c4        0x4 ./Core/Src/main.o
                0x00000000200002c4                kickTaskHandle
 .bss.kickQueueHandle
                0x00000000200002c8        0x4 ./Core/Src/main.o
                0x00000000200002c8                kickQueueHandle
 .bss.nrf24CheckHandle
                0x00000000200002cc        0x4 ./Core/Src/main.o
                0x00000000200002cc                nrf24CheckHandle
 .bss.rxBuffer  0x00000000200002d0       0x20 ./Core/Src/main.o
                0x00000000200002d0                rxBuffer
 .bss.rxLen     0x00000000200002f0        0x1 ./Core/Src/main.o
                0x00000000200002f0                rxLen
 .bss.status    0x00000000200002f1        0x1 ./Core/Src/main.o
                0x00000000200002f1                status
 *fill*         0x00000000200002f2        0x2 
 .bss.direction
                0x00000000200002f4        0x4 ./Core/Src/main.o
                0x00000000200002f4                direction
 .bss.speed     0x00000000200002f8       0x10 ./Core/Src/main.o
                0x00000000200002f8                speed
 .bss.kinematic
                0x0000000020000308       0x30 ./Core/Src/main.o
                0x0000000020000308                kinematic
 .bss.motor     0x0000000020000338      0x1f0 ./Core/Src/main.o
                0x0000000020000338                motor
 .bss.robotID   0x0000000020000528        0x2 ./Core/Src/main.o
                0x0000000020000528                robotID
 *fill*         0x000000002000052a        0x2 
 .bss.v_vel     0x000000002000052c        0xc ./Core/Src/main.o
                0x000000002000052c                v_vel
 .bss.dribblerSel
                0x0000000020000538        0x1 ./Core/Src/main.o
                0x0000000020000538                dribblerSel
 .bss.kickSel   0x0000000020000539        0x1 ./Core/Src/main.o
                0x0000000020000539                kickSel
 .bss.kickDelay
                0x000000002000053a        0x2 ./Core/Src/main.o
                0x000000002000053a                kickDelay
 .bss.htim1     0x000000002000053c       0x4c ./Core/Src/stm32f7xx_hal_timebase_tim.o
                0x000000002000053c                htim1
 .bss.uwTick    0x0000000020000588        0x4 ./Drivers/STM32F7xx_HAL_Driver/Src/stm32f7xx_hal.o
                0x0000000020000588                uwTick
 .bss.pxCurrentTCB
                0x000000002000058c        0x4 ./Middlewares/Third_Party/FreeRTOS/Source/tasks.o
                0x000000002000058c                pxCurrentTCB
 .bss.pxReadyTasksLists
                0x0000000020000590       0x8c ./Middlewares/Third_Party/FreeRTOS/Source/tasks.o
 .bss.xDelayedTaskList1
                0x000000002000061c       0x14 ./Middlewares/Third_Party/FreeRTOS/Source/tasks.o
 .bss.xDelayedTaskList2
                0x0000000020000630       0x14 ./Middlewares/Third_Party/FreeRTOS/Source/tasks.o
 .bss.pxDelayedTaskList
                0x0000000020000644        0x4 ./Middlewares/Third_Party/FreeRTOS/Source/tasks.o
 .bss.pxOverflowDelayedTaskList
                0x0000000020000648        0x4 ./Middlewares/Third_Party/FreeRTOS/Source/tasks.o
 .bss.xPendingReadyList
                0x000000002000064c       0x14 ./Middlewares/Third_Party/FreeRTOS/Source/tasks.o
 .bss.xTasksWaitingTermination
                0x0000000020000660       0x14 ./Middlewares/Third_Party/FreeRTOS/Source/tasks.o
 .bss.uxDeletedTasksWaitingCleanUp
                0x0000000020000674        0x4 ./Middlewares/Third_Party/FreeRTOS/Source/tasks.o
 .bss.xSuspendedTaskList
                0x0000000020000678       0x14 ./Middlewares/Third_Party/FreeRTOS/Source/tasks.o
 .bss.uxCurrentNumberOfTasks
                0x000000002000068c        0x4 ./Middlewares/Third_Party/FreeRTOS/Source/tasks.o
 .bss.xTickCount
                0x0000000020000690        0x4 ./Middlewares/Third_Party/FreeRTOS/Source/tasks.o
 .bss.uxTopReadyPriority
                0x0000000020000694        0x4 ./Middlewares/Third_Party/FreeRTOS/Source/tasks.o
 .bss.xSchedulerRunning
                0x0000000020000698        0x4 ./Middlewares/Third_Party/FreeRTOS/Source/tasks.o
 .bss.uxPendedTicks
                0x000000002000069c        0x4 ./Middlewares/Third_Party/FreeRTOS/Source/tasks.o
 .bss.xYieldPending
                0x00000000200006a0        0x4 ./Middlewares/Third_Party/FreeRTOS/Source/tasks.o
 .bss.xNumOfOverflows
                0x00000000200006a4        0x4 ./Middlewares/Third_Party/FreeRTOS/Source/tasks.o
 .bss.uxTaskNumber
                0x00000000200006a8        0x4 ./Middlewares/Third_Party/FreeRTOS/Source/tasks.o
 .bss.xNextTaskUnblockTime
                0x00000000200006ac        0x4 ./Middlewares/Third_Party/FreeRTOS/Source/tasks.o
 .bss.xIdleTaskHandle
                0x00000000200006b0        0x4 ./Middlewares/Third_Party/FreeRTOS/Source/tasks.o
 .bss.uxSchedulerSuspended
                0x00000000200006b4        0x4 ./Middlewares/Third_Party/FreeRTOS/Source/tasks.o
 .bss.ucMaxSysCallPriority
                0x00000000200006b8        0x1 ./Middlewares/Third_Party/FreeRTOS/Source/portable/GCC/ARM_CM7/r0p1/port.o
 *fill*         0x00000000200006b9        0x3 
 .bss.ulMaxPRIGROUPValue
                0x00000000200006bc        0x4 ./Middlewares/Third_Party/FreeRTOS/Source/portable/GCC/ARM_CM7/r0p1/port.o
 .bss.ucHeap    0x00000000200006c0     0x3c00 ./Middlewares/Third_Party/FreeRTOS/Source/portable/MemMang/heap_4.o
 .bss.xStart    0x00000000200042c0        0x8 ./Middlewares/Third_Party/FreeRTOS/Source/portable/MemMang/heap_4.o
 .bss.pxEnd     0x00000000200042c8        0x4 ./Middlewares/Third_Party/FreeRTOS/Source/portable/MemMang/heap_4.o
 .bss.xFreeBytesRemaining
                0x00000000200042cc        0x4 ./Middlewares/Third_Party/FreeRTOS/Source/portable/MemMang/heap_4.o
 .bss.xMinimumEverFreeBytesRemaining
                0x00000000200042d0        0x4 ./Middlewares/Third_Party/FreeRTOS/Source/portable/MemMang/heap_4.o
 .bss.xBlockAllocatedBit
                0x00000000200042d4        0x4 ./Middlewares/Third_Party/FreeRTOS/Source/portable/MemMang/heap_4.o
 *(COMMON)
                0x00000000200042d8                . = ALIGN (0x4)
                0x00000000200042d8                _ebss = .
                0x00000000200042d8                __bss_end__ = _ebss

._user_heap_stack
                0x00000000200042d8      0x600 load address 0x0000000008008074
                0x00000000200042d8                . = ALIGN (0x8)
                [!provide]                        PROVIDE (end = .)
                0x00000000200042d8                PROVIDE (_end = .)
                0x00000000200044d8                . = (. + _Min_Heap_Size)
 *fill*         0x00000000200042d8      0x200 
                0x00000000200048d8                . = (. + _Min_Stack_Size)
 *fill*         0x00000000200044d8      0x400 
                0x00000000200048d8                . = ALIGN (0x8)

/DISCARD/
 libc.a(*)
 libm.a(*)
 libgcc.a(*)

.ARM.attributes
                0x0000000000000000       0x2e
 *(.ARM.attributes)
 .ARM.attributes
                0x0000000000000000       0x1e c:/st/stm32cubeide_1.9.0/stm32cubeide/plugins/com.st.stm32cube.ide.mcu.externaltools.gnu-tools-for-stm32.10.3-2021.10.win32_1.0.0.202111181127/tools/bin/../lib/gcc/arm-none-eabi/10.3.1/thumb/v7e-m+dp/hard/crti.o
 .ARM.attributes
                0x000000000000001e       0x32 c:/st/stm32cubeide_1.9.0/stm32cubeide/plugins/com.st.stm32cube.ide.mcu.externaltools.gnu-tools-for-stm32.10.3-2021.10.win32_1.0.0.202111181127/tools/bin/../lib/gcc/arm-none-eabi/10.3.1/thumb/v7e-m+dp/hard/crtbegin.o
 .ARM.attributes
                0x0000000000000050       0x32 ./Core/Src/main.o
 .ARM.attributes
                0x0000000000000082       0x32 ./Core/Src/nrf24.o
 .ARM.attributes
                0x00000000000000b4       0x32 ./Core/Src/nrf24_hal.o
 .ARM.attributes
                0x00000000000000e6       0x32 ./Core/Src/stm32f7xx_hal_msp.o
 .ARM.attributes
                0x0000000000000118       0x32 ./Core/Src/stm32f7xx_hal_timebase_tim.o
 .ARM.attributes
                0x000000000000014a       0x32 ./Core/Src/stm32f7xx_it.o
 .ARM.attributes
                0x000000000000017c       0x32 ./Core/Src/system_stm32f7xx.o
 .ARM.attributes
                0x00000000000001ae       0x21 ./Core/Startup/startup_stm32f767bitx.o
 .ARM.attributes
                0x00000000000001cf       0x32 ./Drivers/STM32F7xx_HAL_Driver/Src/stm32f7xx_hal.o
 .ARM.attributes
                0x0000000000000201       0x32 ./Drivers/STM32F7xx_HAL_Driver/Src/stm32f7xx_hal_cortex.o
 .ARM.attributes
                0x0000000000000233       0x32 ./Drivers/STM32F7xx_HAL_Driver/Src/stm32f7xx_hal_gpio.o
 .ARM.attributes
                0x0000000000000265       0x32 ./Drivers/STM32F7xx_HAL_Driver/Src/stm32f7xx_hal_i2c.o
 .ARM.attributes
                0x0000000000000297       0x32 ./Drivers/STM32F7xx_HAL_Driver/Src/stm32f7xx_hal_i2c_ex.o
 .ARM.attributes
                0x00000000000002c9       0x32 ./Drivers/STM32F7xx_HAL_Driver/Src/stm32f7xx_hal_pwr_ex.o
 .ARM.attributes
                0x00000000000002fb       0x32 ./Drivers/STM32F7xx_HAL_Driver/Src/stm32f7xx_hal_rcc.o
 .ARM.attributes
                0x000000000000032d       0x32 ./Drivers/STM32F7xx_HAL_Driver/Src/stm32f7xx_hal_rcc_ex.o
 .ARM.attributes
                0x000000000000035f       0x32 ./Drivers/STM32F7xx_HAL_Driver/Src/stm32f7xx_hal_spi.o
 .ARM.attributes
                0x0000000000000391       0x32 ./Drivers/STM32F7xx_HAL_Driver/Src/stm32f7xx_hal_tim.o
 .ARM.attributes
                0x00000000000003c3       0x32 ./Drivers/STM32F7xx_HAL_Driver/Src/stm32f7xx_hal_tim_ex.o
 .ARM.attributes
                0x00000000000003f5       0x32 ./Middlewares/Third_Party/FreeRTOS/Source/CMSIS_RTOS/cmsis_os.o
 .ARM.attributes
                0x0000000000000427       0x32 ./Middlewares/Third_Party/FreeRTOS/Source/list.o
 .ARM.attributes
                0x0000000000000459       0x32 ./Middlewares/Third_Party/FreeRTOS/Source/queue.o
 .ARM.attributes
                0x000000000000048b       0x32 ./Middlewares/Third_Party/FreeRTOS/Source/tasks.o
 .ARM.attributes
                0x00000000000004bd       0x32 ./Middlewares/Third_Party/FreeRTOS/Source/portable/GCC/ARM_CM7/r0p1/port.o
 .ARM.attributes
                0x00000000000004ef       0x32 ./Middlewares/Third_Party/FreeRTOS/Source/portable/MemMang/heap_4.o
 .ARM.attributes
                0x0000000000000521       0x32 ./Tools/MAX581x.o
 .ARM.attributes
                0x0000000000000553       0x32 ./Tools/PID.o
 .ARM.attributes
                0x0000000000000585       0x32 ./Tools/board.o
 .ARM.attributes
                0x00000000000005b7       0x32 ./Tools/encoder.o
 .ARM.attributes
                0x00000000000005e9       0x32 ./Tools/motor.o
 .ARM.attributes
                0x000000000000061b       0x32 c:/st/stm32cubeide_1.9.0/stm32cubeide/plugins/com.st.stm32cube.ide.mcu.externaltools.gnu-tools-for-stm32.10.3-2021.10.win32_1.0.0.202111181127/tools/bin/../lib/gcc/arm-none-eabi/10.3.1/../../../../arm-none-eabi/lib/thumb/v7e-m+dp/hard\libc_nano.a(lib_a-errno.o)
 .ARM.attributes
                0x000000000000064d       0x32 c:/st/stm32cubeide_1.9.0/stm32cubeide/plugins/com.st.stm32cube.ide.mcu.externaltools.gnu-tools-for-stm32.10.3-2021.10.win32_1.0.0.202111181127/tools/bin/../lib/gcc/arm-none-eabi/10.3.1/../../../../arm-none-eabi/lib/thumb/v7e-m+dp/hard\libc_nano.a(lib_a-impure.o)
 .ARM.attributes
                0x000000000000067f       0x32 c:/st/stm32cubeide_1.9.0/stm32cubeide/plugins/com.st.stm32cube.ide.mcu.externaltools.gnu-tools-for-stm32.10.3-2021.10.win32_1.0.0.202111181127/tools/bin/../lib/gcc/arm-none-eabi/10.3.1/../../../../arm-none-eabi/lib/thumb/v7e-m+dp/hard\libc_nano.a(lib_a-init.o)
 .ARM.attributes
                0x00000000000006b1       0x32 c:/st/stm32cubeide_1.9.0/stm32cubeide/plugins/com.st.stm32cube.ide.mcu.externaltools.gnu-tools-for-stm32.10.3-2021.10.win32_1.0.0.202111181127/tools/bin/../lib/gcc/arm-none-eabi/10.3.1/../../../../arm-none-eabi/lib/thumb/v7e-m+dp/hard\libc_nano.a(lib_a-memcpy-stub.o)
 .ARM.attributes
                0x00000000000006e3       0x32 c:/st/stm32cubeide_1.9.0/stm32cubeide/plugins/com.st.stm32cube.ide.mcu.externaltools.gnu-tools-for-stm32.10.3-2021.10.win32_1.0.0.202111181127/tools/bin/../lib/gcc/arm-none-eabi/10.3.1/../../../../arm-none-eabi/lib/thumb/v7e-m+dp/hard\libc_nano.a(lib_a-memset.o)
 .ARM.attributes
                0x0000000000000715       0x32 c:/st/stm32cubeide_1.9.0/stm32cubeide/plugins/com.st.stm32cube.ide.mcu.externaltools.gnu-tools-for-stm32.10.3-2021.10.win32_1.0.0.202111181127/tools/bin/../lib/gcc/arm-none-eabi/10.3.1/../../../../arm-none-eabi/lib/thumb/v7e-m+dp/hard\libm.a(lib_a-w_sqrt.o)
 .ARM.attributes
                0x0000000000000747       0x32 c:/st/stm32cubeide_1.9.0/stm32cubeide/plugins/com.st.stm32cube.ide.mcu.externaltools.gnu-tools-for-stm32.10.3-2021.10.win32_1.0.0.202111181127/tools/bin/../lib/gcc/arm-none-eabi/10.3.1/../../../../arm-none-eabi/lib/thumb/v7e-m+dp/hard\libm.a(lib_a-e_sqrt.o)
 .ARM.attributes
                0x0000000000000779       0x1e c:/st/stm32cubeide_1.9.0/stm32cubeide/plugins/com.st.stm32cube.ide.mcu.externaltools.gnu-tools-for-stm32.10.3-2021.10.win32_1.0.0.202111181127/tools/bin/../lib/gcc/arm-none-eabi/10.3.1/thumb/v7e-m+dp/hard\libgcc.a(_aeabi_uldivmod.o)
 .ARM.attributes
                0x0000000000000797       0x32 c:/st/stm32cubeide_1.9.0/stm32cubeide/plugins/com.st.stm32cube.ide.mcu.externaltools.gnu-tools-for-stm32.10.3-2021.10.win32_1.0.0.202111181127/tools/bin/../lib/gcc/arm-none-eabi/10.3.1/thumb/v7e-m+dp/hard\libgcc.a(_udivmoddi4.o)
 .ARM.attributes
                0x00000000000007c9       0x1e c:/st/stm32cubeide_1.9.0/stm32cubeide/plugins/com.st.stm32cube.ide.mcu.externaltools.gnu-tools-for-stm32.10.3-2021.10.win32_1.0.0.202111181127/tools/bin/../lib/gcc/arm-none-eabi/10.3.1/thumb/v7e-m+dp/hard\libgcc.a(_dvmd_tls.o)
 .ARM.attributes
                0x00000000000007e7       0x1e c:/st/stm32cubeide_1.9.0/stm32cubeide/plugins/com.st.stm32cube.ide.mcu.externaltools.gnu-tools-for-stm32.10.3-2021.10.win32_1.0.0.202111181127/tools/bin/../lib/gcc/arm-none-eabi/10.3.1/thumb/v7e-m+dp/hard/crtn.o
OUTPUT(STM32F7_PCB_TEST.elf elf32-littlearm)
LOAD linker stubs
LOAD c:/st/stm32cubeide_1.9.0/stm32cubeide/plugins/com.st.stm32cube.ide.mcu.externaltools.gnu-tools-for-stm32.10.3-2021.10.win32_1.0.0.202111181127/tools/bin/../lib/gcc/arm-none-eabi/10.3.1/../../../../arm-none-eabi/lib/thumb/v7e-m+dp/hard\libc.a
LOAD c:/st/stm32cubeide_1.9.0/stm32cubeide/plugins/com.st.stm32cube.ide.mcu.externaltools.gnu-tools-for-stm32.10.3-2021.10.win32_1.0.0.202111181127/tools/bin/../lib/gcc/arm-none-eabi/10.3.1/../../../../arm-none-eabi/lib/thumb/v7e-m+dp/hard\libm.a
LOAD c:/st/stm32cubeide_1.9.0/stm32cubeide/plugins/com.st.stm32cube.ide.mcu.externaltools.gnu-tools-for-stm32.10.3-2021.10.win32_1.0.0.202111181127/tools/bin/../lib/gcc/arm-none-eabi/10.3.1/thumb/v7e-m+dp/hard\libgcc.a

.debug_info     0x0000000000000000    0x1a2f7
 .debug_info    0x0000000000000000     0x25ca ./Core/Src/main.o
 .debug_info    0x00000000000025ca      0x88f ./Core/Src/nrf24.o
 .debug_info    0x0000000000002e59      0x7a5 ./Core/Src/nrf24_hal.o
 .debug_info    0x00000000000035fe     0x1835 ./Core/Src/stm32f7xx_hal_msp.o
 .debug_info    0x0000000000004e33      0xd54 ./Core/Src/stm32f7xx_hal_timebase_tim.o
 .debug_info    0x0000000000005b87      0x75f ./Core/Src/stm32f7xx_it.o
 .debug_info    0x00000000000062e6      0x72c ./Core/Src/system_stm32f7xx.o
 .debug_info    0x0000000000006a12       0x22 ./Core/Startup/startup_stm32f767bitx.o
 .debug_info    0x0000000000006a34      0xa82 ./Drivers/STM32F7xx_HAL_Driver/Src/stm32f7xx_hal.o
 .debug_info    0x00000000000074b6     0x109c ./Drivers/STM32F7xx_HAL_Driver/Src/stm32f7xx_hal_cortex.o
 .debug_info    0x0000000000008552      0x7a2 ./Drivers/STM32F7xx_HAL_Driver/Src/stm32f7xx_hal_gpio.o
 .debug_info    0x0000000000008cf4     0x2231 ./Drivers/STM32F7xx_HAL_Driver/Src/stm32f7xx_hal_i2c.o
 .debug_info    0x000000000000af25      0x9c8 ./Drivers/STM32F7xx_HAL_Driver/Src/stm32f7xx_hal_i2c_ex.o
 .debug_info    0x000000000000b8ed      0x92e ./Drivers/STM32F7xx_HAL_Driver/Src/stm32f7xx_hal_pwr_ex.o
 .debug_info    0x000000000000c21b      0x9f8 ./Drivers/STM32F7xx_HAL_Driver/Src/stm32f7xx_hal_rcc.o
 .debug_info    0x000000000000cc13      0x78b ./Drivers/STM32F7xx_HAL_Driver/Src/stm32f7xx_hal_rcc_ex.o
 .debug_info    0x000000000000d39e     0x1802 ./Drivers/STM32F7xx_HAL_Driver/Src/stm32f7xx_hal_spi.o
 .debug_info    0x000000000000eba0     0x2d0a ./Drivers/STM32F7xx_HAL_Driver/Src/stm32f7xx_hal_tim.o
 .debug_info    0x00000000000118aa     0x17d1 ./Drivers/STM32F7xx_HAL_Driver/Src/stm32f7xx_hal_tim_ex.o
 .debug_info    0x000000000001307b     0x181a ./Middlewares/Third_Party/FreeRTOS/Source/CMSIS_RTOS/cmsis_os.o
 .debug_info    0x0000000000014895      0x2d1 ./Middlewares/Third_Party/FreeRTOS/Source/list.o
 .debug_info    0x0000000000014b66     0x15c2 ./Middlewares/Third_Party/FreeRTOS/Source/queue.o
 .debug_info    0x0000000000016128     0x1b3c ./Middlewares/Third_Party/FreeRTOS/Source/tasks.o
 .debug_info    0x0000000000017c64      0x4ca ./Middlewares/Third_Party/FreeRTOS/Source/portable/GCC/ARM_CM7/r0p1/port.o
 .debug_info    0x000000000001812e      0x3e8 ./Middlewares/Third_Party/FreeRTOS/Source/portable/MemMang/heap_4.o
 .debug_info    0x0000000000018516      0x98b ./Tools/MAX581x.o
 .debug_info    0x0000000000018ea1      0x2f5 ./Tools/PID.o
 .debug_info    0x0000000000019196      0x283 ./Tools/board.o
 .debug_info    0x0000000000019419      0x24c ./Tools/encoder.o
 .debug_info    0x0000000000019665      0xc92 ./Tools/motor.o

.debug_abbrev   0x0000000000000000     0x3c5d
 .debug_abbrev  0x0000000000000000      0x38b ./Core/Src/main.o
 .debug_abbrev  0x000000000000038b      0x24b ./Core/Src/nrf24.o
 .debug_abbrev  0x00000000000005d6      0x1ac ./Core/Src/nrf24_hal.o
 .debug_abbrev  0x0000000000000782      0x238 ./Core/Src/stm32f7xx_hal_msp.o
 .debug_abbrev  0x00000000000009ba      0x1d3 ./Core/Src/stm32f7xx_hal_timebase_tim.o
 .debug_abbrev  0x0000000000000b8d      0x171 ./Core/Src/stm32f7xx_it.o
 .debug_abbrev  0x0000000000000cfe      0x136 ./Core/Src/system_stm32f7xx.o
 .debug_abbrev  0x0000000000000e34       0x12 ./Core/Startup/startup_stm32f767bitx.o
 .debug_abbrev  0x0000000000000e46      0x20d ./Drivers/STM32F7xx_HAL_Driver/Src/stm32f7xx_hal.o
 .debug_abbrev  0x0000000000001053      0x316 ./Drivers/STM32F7xx_HAL_Driver/Src/stm32f7xx_hal_cortex.o
 .debug_abbrev  0x0000000000001369      0x1c4 ./Drivers/STM32F7xx_HAL_Driver/Src/stm32f7xx_hal_gpio.o
 .debug_abbrev  0x000000000000152d      0x243 ./Drivers/STM32F7xx_HAL_Driver/Src/stm32f7xx_hal_i2c.o
 .debug_abbrev  0x0000000000001770      0x18e ./Drivers/STM32F7xx_HAL_Driver/Src/stm32f7xx_hal_i2c_ex.o
 .debug_abbrev  0x00000000000018fe      0x1cb ./Drivers/STM32F7xx_HAL_Driver/Src/stm32f7xx_hal_pwr_ex.o
 .debug_abbrev  0x0000000000001ac9      0x2d1 ./Drivers/STM32F7xx_HAL_Driver/Src/stm32f7xx_hal_rcc.o
 .debug_abbrev  0x0000000000001d9a      0x1b9 ./Drivers/STM32F7xx_HAL_Driver/Src/stm32f7xx_hal_rcc_ex.o
 .debug_abbrev  0x0000000000001f53      0x254 ./Drivers/STM32F7xx_HAL_Driver/Src/stm32f7xx_hal_spi.o
 .debug_abbrev  0x00000000000021a7      0x25d ./Drivers/STM32F7xx_HAL_Driver/Src/stm32f7xx_hal_tim.o
 .debug_abbrev  0x0000000000002404      0x265 ./Drivers/STM32F7xx_HAL_Driver/Src/stm32f7xx_hal_tim_ex.o
 .debug_abbrev  0x0000000000002669      0x389 ./Middlewares/Third_Party/FreeRTOS/Source/CMSIS_RTOS/cmsis_os.o
 .debug_abbrev  0x00000000000029f2       0xf2 ./Middlewares/Third_Party/FreeRTOS/Source/list.o
 .debug_abbrev  0x0000000000002ae4      0x341 ./Middlewares/Third_Party/FreeRTOS/Source/queue.o
 .debug_abbrev  0x0000000000002e25      0x33d ./Middlewares/Third_Party/FreeRTOS/Source/tasks.o
 .debug_abbrev  0x0000000000003162      0x26f ./Middlewares/Third_Party/FreeRTOS/Source/portable/GCC/ARM_CM7/r0p1/port.o
 .debug_abbrev  0x00000000000033d1      0x1ff ./Middlewares/Third_Party/FreeRTOS/Source/portable/MemMang/heap_4.o
 .debug_abbrev  0x00000000000035d0      0x16b ./Tools/MAX581x.o
 .debug_abbrev  0x000000000000373b       0xfb ./Tools/PID.o
 .debug_abbrev  0x0000000000003836      0x150 ./Tools/board.o
 .debug_abbrev  0x0000000000003986      0x146 ./Tools/encoder.o
 .debug_abbrev  0x0000000000003acc      0x191 ./Tools/motor.o

.debug_aranges  0x0000000000000000     0x17c8
 .debug_aranges
                0x0000000000000000       0xa8 ./Core/Src/main.o
 .debug_aranges
                0x00000000000000a8      0x110 ./Core/Src/nrf24.o
 .debug_aranges
                0x00000000000001b8       0x28 ./Core/Src/nrf24_hal.o
 .debug_aranges
                0x00000000000001e0       0x50 ./Core/Src/stm32f7xx_hal_msp.o
 .debug_aranges
                0x0000000000000230       0x30 ./Core/Src/stm32f7xx_hal_timebase_tim.o
 .debug_aranges
                0x0000000000000260       0x50 ./Core/Src/stm32f7xx_it.o
 .debug_aranges
                0x00000000000002b0       0x28 ./Core/Src/system_stm32f7xx.o
 .debug_aranges
                0x00000000000002d8       0x28 ./Core/Startup/startup_stm32f767bitx.o
 .debug_aranges
                0x0000000000000300      0x110 ./Drivers/STM32F7xx_HAL_Driver/Src/stm32f7xx_hal.o
 .debug_aranges
                0x0000000000000410      0x118 ./Drivers/STM32F7xx_HAL_Driver/Src/stm32f7xx_hal_cortex.o
 .debug_aranges
                0x0000000000000528       0x58 ./Drivers/STM32F7xx_HAL_Driver/Src/stm32f7xx_hal_gpio.o
 .debug_aranges
                0x0000000000000580      0x290 ./Drivers/STM32F7xx_HAL_Driver/Src/stm32f7xx_hal_i2c.o
 .debug_aranges
                0x0000000000000810       0x38 ./Drivers/STM32F7xx_HAL_Driver/Src/stm32f7xx_hal_i2c_ex.o
 .debug_aranges
                0x0000000000000848       0x80 ./Drivers/STM32F7xx_HAL_Driver/Src/stm32f7xx_hal_pwr_ex.o
 .debug_aranges
                0x00000000000008c8       0x88 ./Drivers/STM32F7xx_HAL_Driver/Src/stm32f7xx_hal_rcc.o
 .debug_aranges
                0x0000000000000950       0x50 ./Drivers/STM32F7xx_HAL_Driver/Src/stm32f7xx_hal_rcc_ex.o
 .debug_aranges
                0x00000000000009a0      0x1d8 ./Drivers/STM32F7xx_HAL_Driver/Src/stm32f7xx_hal_spi.o
 .debug_aranges
                0x0000000000000b78      0x3e0 ./Drivers/STM32F7xx_HAL_Driver/Src/stm32f7xx_hal_tim.o
 .debug_aranges
                0x0000000000000f58      0x180 ./Drivers/STM32F7xx_HAL_Driver/Src/stm32f7xx_hal_tim_ex.o
 .debug_aranges
                0x00000000000010d8      0x1d8 ./Middlewares/Third_Party/FreeRTOS/Source/CMSIS_RTOS/cmsis_os.o
 .debug_aranges
                0x00000000000012b0       0x40 ./Middlewares/Third_Party/FreeRTOS/Source/list.o
 .debug_aranges
                0x00000000000012f0       0xf8 ./Middlewares/Third_Party/FreeRTOS/Source/queue.o
 .debug_aranges
                0x00000000000013e8      0x1a8 ./Middlewares/Third_Party/FreeRTOS/Source/tasks.o
 .debug_aranges
                0x0000000000001590       0x80 ./Middlewares/Third_Party/FreeRTOS/Source/portable/GCC/ARM_CM7/r0p1/port.o
 .debug_aranges
                0x0000000000001610       0x50 ./Middlewares/Third_Party/FreeRTOS/Source/portable/MemMang/heap_4.o
 .debug_aranges
                0x0000000000001660       0x78 ./Tools/MAX581x.o
 .debug_aranges
                0x00000000000016d8       0x40 ./Tools/PID.o
 .debug_aranges
                0x0000000000001718       0x38 ./Tools/board.o
 .debug_aranges
                0x0000000000001750       0x30 ./Tools/encoder.o
 .debug_aranges
                0x0000000000001780       0x48 ./Tools/motor.o

.debug_ranges   0x0000000000000000     0x15f0
 .debug_ranges  0x0000000000000000       0x98 ./Core/Src/main.o
 .debug_ranges  0x0000000000000098      0x100 ./Core/Src/nrf24.o
 .debug_ranges  0x0000000000000198       0x18 ./Core/Src/nrf24_hal.o
 .debug_ranges  0x00000000000001b0       0x40 ./Core/Src/stm32f7xx_hal_msp.o
 .debug_ranges  0x00000000000001f0       0x20 ./Core/Src/stm32f7xx_hal_timebase_tim.o
 .debug_ranges  0x0000000000000210       0x40 ./Core/Src/stm32f7xx_it.o
 .debug_ranges  0x0000000000000250       0x18 ./Core/Src/system_stm32f7xx.o
 .debug_ranges  0x0000000000000268       0x20 ./Core/Startup/startup_stm32f767bitx.o
 .debug_ranges  0x0000000000000288      0x100 ./Drivers/STM32F7xx_HAL_Driver/Src/stm32f7xx_hal.o
 .debug_ranges  0x0000000000000388      0x108 ./Drivers/STM32F7xx_HAL_Driver/Src/stm32f7xx_hal_cortex.o
 .debug_ranges  0x0000000000000490       0x48 ./Drivers/STM32F7xx_HAL_Driver/Src/stm32f7xx_hal_gpio.o
 .debug_ranges  0x00000000000004d8      0x280 ./Drivers/STM32F7xx_HAL_Driver/Src/stm32f7xx_hal_i2c.o
 .debug_ranges  0x0000000000000758       0x28 ./Drivers/STM32F7xx_HAL_Driver/Src/stm32f7xx_hal_i2c_ex.o
 .debug_ranges  0x0000000000000780       0x70 ./Drivers/STM32F7xx_HAL_Driver/Src/stm32f7xx_hal_pwr_ex.o
 .debug_ranges  0x00000000000007f0       0x78 ./Drivers/STM32F7xx_HAL_Driver/Src/stm32f7xx_hal_rcc.o
 .debug_ranges  0x0000000000000868       0x40 ./Drivers/STM32F7xx_HAL_Driver/Src/stm32f7xx_hal_rcc_ex.o
 .debug_ranges  0x00000000000008a8      0x1c8 ./Drivers/STM32F7xx_HAL_Driver/Src/stm32f7xx_hal_spi.o
 .debug_ranges  0x0000000000000a70      0x3d0 ./Drivers/STM32F7xx_HAL_Driver/Src/stm32f7xx_hal_tim.o
 .debug_ranges  0x0000000000000e40      0x170 ./Drivers/STM32F7xx_HAL_Driver/Src/stm32f7xx_hal_tim_ex.o
 .debug_ranges  0x0000000000000fb0      0x1c8 ./Middlewares/Third_Party/FreeRTOS/Source/CMSIS_RTOS/cmsis_os.o
 .debug_ranges  0x0000000000001178       0x30 ./Middlewares/Third_Party/FreeRTOS/Source/list.o
 .debug_ranges  0x00000000000011a8       0xe8 ./Middlewares/Third_Party/FreeRTOS/Source/queue.o
 .debug_ranges  0x0000000000001290      0x198 ./Middlewares/Third_Party/FreeRTOS/Source/tasks.o
 .debug_ranges  0x0000000000001428       0x70 ./Middlewares/Third_Party/FreeRTOS/Source/portable/GCC/ARM_CM7/r0p1/port.o
 .debug_ranges  0x0000000000001498       0x40 ./Middlewares/Third_Party/FreeRTOS/Source/portable/MemMang/heap_4.o
 .debug_ranges  0x00000000000014d8       0x68 ./Tools/MAX581x.o
 .debug_ranges  0x0000000000001540       0x30 ./Tools/PID.o
 .debug_ranges  0x0000000000001570       0x28 ./Tools/board.o
 .debug_ranges  0x0000000000001598       0x20 ./Tools/encoder.o
 .debug_ranges  0x00000000000015b8       0x38 ./Tools/motor.o

.debug_macro    0x0000000000000000     0x537f
 .debug_macro   0x0000000000000000      0x3ed ./Core/Src/main.o
 .debug_macro   0x00000000000003ed       0xea ./Core/Src/main.o
 .debug_macro   0x00000000000004d7       0x91 ./Core/Src/main.o
 .debug_macro   0x0000000000000568       0x86 ./Core/Src/main.o
 .debug_macro   0x00000000000005ee       0x69 ./Core/Src/main.o
 .debug_macro   0x0000000000000657       0x19 ./Core/Src/main.o
 .debug_macro   0x0000000000000670       0xcf ./Core/Src/main.o
 .debug_macro   0x000000000000073f       0x4c ./Core/Src/main.o
 .debug_macro   0x000000000000078b      0x15c ./Core/Src/main.o
 .debug_macro   0x00000000000008e7       0x6a ./Core/Src/main.o
 .debug_macro   0x0000000000000951       0x52 ./Core/Src/main.o
 .debug_macro   0x00000000000009a3       0x1d ./Core/Src/main.o
 .debug_macro   0x00000000000009c0       0x3c ./Core/Src/main.o
 .debug_macro   0x00000000000009fc       0x34 ./Core/Src/main.o
 .debug_macro   0x0000000000000a30       0x16 ./Core/Src/main.o
 .debug_macro   0x0000000000000a46       0x43 ./Core/Src/main.o
 .debug_macro   0x0000000000000a89       0x34 ./Core/Src/main.o
 .debug_macro   0x0000000000000abd       0x10 ./Core/Src/main.o
 .debug_macro   0x0000000000000acd       0x58 ./Core/Src/main.o
 .debug_macro   0x0000000000000b25       0x71 ./Core/Src/main.o
 .debug_macro   0x0000000000000b96       0x1c ./Core/Src/main.o
 .debug_macro   0x0000000000000bb2      0x12a ./Core/Src/main.o
 .debug_macro   0x0000000000000cdc      0x341 ./Core/Src/main.o
 .debug_macro   0x000000000000101d       0x10 ./Core/Src/main.o
 .debug_macro   0x000000000000102d       0x35 ./Core/Src/main.o
 .debug_macro   0x0000000000001062       0x20 ./Core/Src/main.o
 .debug_macro   0x0000000000001082      0x19b ./Core/Src/main.o
 .debug_macro   0x000000000000121d       0xe2 ./Core/Src/main.o
 .debug_macro   0x00000000000012ff       0x4c ./Core/Src/main.o
 .debug_macro   0x000000000000134b      0x361 ./Core/Src/nrf24.o
 .debug_macro   0x00000000000016ac       0x46 ./Core/Src/nrf24.o
 .debug_macro   0x00000000000016f2       0x16 ./Core/Src/nrf24.o
 .debug_macro   0x0000000000001708       0x10 ./Core/Src/nrf24.o
 .debug_macro   0x0000000000001718       0x10 ./Core/Src/nrf24.o
 .debug_macro   0x0000000000001728       0x1c ./Core/Src/nrf24.o
 .debug_macro   0x0000000000001744       0x52 ./Core/Src/nrf24.o
 .debug_macro   0x0000000000001796       0x22 ./Core/Src/nrf24.o
 .debug_macro   0x00000000000017b8       0x10 ./Core/Src/nrf24.o
 .debug_macro   0x00000000000017c8       0x52 ./Core/Src/nrf24.o
 .debug_macro   0x000000000000181a       0xd5 ./Core/Src/nrf24.o
 .debug_macro   0x00000000000018ef       0x1c ./Core/Src/nrf24.o
 .debug_macro   0x000000000000190b       0x3d ./Core/Src/nrf24.o
 .debug_macro   0x0000000000001948       0x16 ./Core/Src/nrf24.o
 .debug_macro   0x000000000000195e      0x145 ./Core/Src/nrf24.o
 .debug_macro   0x0000000000001aa3      0x1f3 ./Core/Src/nrf24_hal.o
 .debug_macro   0x0000000000001c96      0x1ee ./Core/Src/stm32f7xx_hal_msp.o
 .debug_macro   0x0000000000001e84      0x1e4 ./Core/Src/stm32f7xx_hal_timebase_tim.o
 .debug_macro   0x0000000000002068      0x1f8 ./Core/Src/stm32f7xx_it.o
 .debug_macro   0x0000000000002260      0x1ea ./Core/Src/system_stm32f7xx.o
 .debug_macro   0x000000000000244a      0x208 ./Drivers/STM32F7xx_HAL_Driver/Src/stm32f7xx_hal.o
 .debug_macro   0x0000000000002652      0x1e4 ./Drivers/STM32F7xx_HAL_Driver/Src/stm32f7xx_hal_cortex.o
 .debug_macro   0x0000000000002836      0x1ea ./Drivers/STM32F7xx_HAL_Driver/Src/stm32f7xx_hal_gpio.o
 .debug_macro   0x0000000000002a20      0x2b0 ./Drivers/STM32F7xx_HAL_Driver/Src/stm32f7xx_hal_i2c.o
 .debug_macro   0x0000000000002cd0      0x1e4 ./Drivers/STM32F7xx_HAL_Driver/Src/stm32f7xx_hal_i2c_ex.o
 .debug_macro   0x0000000000002eb4      0x1fc ./Drivers/STM32F7xx_HAL_Driver/Src/stm32f7xx_hal_pwr_ex.o
 .debug_macro   0x00000000000030b0      0x208 ./Drivers/STM32F7xx_HAL_Driver/Src/stm32f7xx_hal_rcc.o
 .debug_macro   0x00000000000032b8      0x1e4 ./Drivers/STM32F7xx_HAL_Driver/Src/stm32f7xx_hal_rcc_ex.o
 .debug_macro   0x000000000000349c      0x1f3 ./Drivers/STM32F7xx_HAL_Driver/Src/stm32f7xx_hal_spi.o
 .debug_macro   0x000000000000368f      0x1e5 ./Drivers/STM32F7xx_HAL_Driver/Src/stm32f7xx_hal_tim.o
 .debug_macro   0x0000000000003874      0x1e4 ./Drivers/STM32F7xx_HAL_Driver/Src/stm32f7xx_hal_tim_ex.o
 .debug_macro   0x0000000000003a58      0x1fe ./Middlewares/Third_Party/FreeRTOS/Source/CMSIS_RTOS/cmsis_os.o
 .debug_macro   0x0000000000003c56       0xc7 ./Middlewares/Third_Party/FreeRTOS/Source/CMSIS_RTOS/cmsis_os.o
 .debug_macro   0x0000000000003d1d      0x187 ./Middlewares/Third_Party/FreeRTOS/Source/list.o
 .debug_macro   0x0000000000003ea4      0x216 ./Middlewares/Third_Party/FreeRTOS/Source/queue.o
 .debug_macro   0x00000000000040ba       0x16 ./Middlewares/Third_Party/FreeRTOS/Source/queue.o
 .debug_macro   0x00000000000040d0       0x80 ./Middlewares/Third_Party/FreeRTOS/Source/queue.o
 .debug_macro   0x0000000000004150      0x279 ./Middlewares/Third_Party/FreeRTOS/Source/tasks.o
 .debug_macro   0x00000000000043c9       0x10 ./Middlewares/Third_Party/FreeRTOS/Source/tasks.o
 .debug_macro   0x00000000000043d9      0x184 ./Middlewares/Third_Party/FreeRTOS/Source/portable/GCC/ARM_CM7/r0p1/port.o
 .debug_macro   0x000000000000455d      0x1ae ./Middlewares/Third_Party/FreeRTOS/Source/portable/MemMang/heap_4.o
 .debug_macro   0x000000000000470b      0x1f3 ./Tools/MAX581x.o
 .debug_macro   0x00000000000048fe       0xdc ./Tools/MAX581x.o
 .debug_macro   0x00000000000049da      0x1ee ./Tools/PID.o
 .debug_macro   0x0000000000004bc8      0x1f3 ./Tools/board.o
 .debug_macro   0x0000000000004dbb       0x64 ./Tools/board.o
 .debug_macro   0x0000000000004e1f      0x29f ./Tools/encoder.o
 .debug_macro   0x00000000000050be      0x2c1 ./Tools/motor.o

.debug_line     0x0000000000000000    0x1c04e
 .debug_line    0x0000000000000000     0x1336 ./Core/Src/main.o
 .debug_line    0x0000000000001336      0xd4a ./Core/Src/nrf24.o
 .debug_line    0x0000000000002080      0x6f7 ./Core/Src/nrf24_hal.o
 .debug_line    0x0000000000002777      0x8b8 ./Core/Src/stm32f7xx_hal_msp.o
 .debug_line    0x000000000000302f      0x740 ./Core/Src/stm32f7xx_hal_timebase_tim.o
 .debug_line    0x000000000000376f      0x777 ./Core/Src/stm32f7xx_it.o
 .debug_line    0x0000000000003ee6      0x781 ./Core/Src/system_stm32f7xx.o
 .debug_line    0x0000000000004667       0x88 ./Core/Startup/startup_stm32f767bitx.o
 .debug_line    0x00000000000046ef      0xa21 ./Drivers/STM32F7xx_HAL_Driver/Src/stm32f7xx_hal.o
 .debug_line    0x0000000000005110      0xc77 ./Drivers/STM32F7xx_HAL_Driver/Src/stm32f7xx_hal_cortex.o
 .debug_line    0x0000000000005d87      0xb65 ./Drivers/STM32F7xx_HAL_Driver/Src/stm32f7xx_hal_gpio.o
 .debug_line    0x00000000000068ec     0x3396 ./Drivers/STM32F7xx_HAL_Driver/Src/stm32f7xx_hal_i2c.o
 .debug_line    0x0000000000009c82      0x81c ./Drivers/STM32F7xx_HAL_Driver/Src/stm32f7xx_hal_i2c_ex.o
 .debug_line    0x000000000000a49e      0x966 ./Drivers/STM32F7xx_HAL_Driver/Src/stm32f7xx_hal_pwr_ex.o
 .debug_line    0x000000000000ae04      0xe63 ./Drivers/STM32F7xx_HAL_Driver/Src/stm32f7xx_hal_rcc.o
 .debug_line    0x000000000000bc67      0xe3f ./Drivers/STM32F7xx_HAL_Driver/Src/stm32f7xx_hal_rcc_ex.o
 .debug_line    0x000000000000caa6     0x1f4f ./Drivers/STM32F7xx_HAL_Driver/Src/stm32f7xx_hal_spi.o
 .debug_line    0x000000000000e9f5     0x3bf1 ./Drivers/STM32F7xx_HAL_Driver/Src/stm32f7xx_hal_tim.o
 .debug_line    0x00000000000125e6     0x1bc9 ./Drivers/STM32F7xx_HAL_Driver/Src/stm32f7xx_hal_tim_ex.o
 .debug_line    0x00000000000141af     0x118e ./Middlewares/Third_Party/FreeRTOS/Source/CMSIS_RTOS/cmsis_os.o
 .debug_line    0x000000000001533d      0x6fc ./Middlewares/Third_Party/FreeRTOS/Source/list.o
 .debug_line    0x0000000000015a39     0x13c1 ./Middlewares/Third_Party/FreeRTOS/Source/queue.o
 .debug_line    0x0000000000016dfa     0x189f ./Middlewares/Third_Party/FreeRTOS/Source/tasks.o
 .debug_line    0x0000000000018699      0x789 ./Middlewares/Third_Party/FreeRTOS/Source/portable/GCC/ARM_CM7/r0p1/port.o
 .debug_line    0x0000000000018e22      0x8c8 ./Middlewares/Third_Party/FreeRTOS/Source/portable/MemMang/heap_4.o
 .debug_line    0x00000000000196ea      0x873 ./Tools/MAX581x.o
 .debug_line    0x0000000000019f5d      0x7d9 ./Tools/PID.o
 .debug_line    0x000000000001a736      0x741 ./Tools/board.o
 .debug_line    0x000000000001ae77      0x8bf ./Tools/encoder.o
 .debug_line    0x000000000001b736      0x918 ./Tools/motor.o

.debug_str      0x0000000000000000   0x103a89
 .debug_str     0x0000000000000000    0xfb9f9 ./Core/Src/main.o
                                      0xfc31c (size before relaxing)
 .debug_str     0x00000000000fb9f9     0x119d ./Core/Src/nrf24.o
                                      0xf5352 (size before relaxing)
 .debug_str     0x00000000000fcb96       0x3c ./Core/Src/nrf24_hal.o
                                      0xf0fa7 (size before relaxing)
 .debug_str     0x00000000000fcbd2      0x9a0 ./Core/Src/stm32f7xx_hal_msp.o
                                      0xf1e4c (size before relaxing)