../Tools/nrf24.c:4:6:nRF24_CE_State	16	static
../Tools/nrf24.c:8:6:nRF24_CSN_State	16	static
../Tools/nrf24.c:13:6:nRF24_HW_Init	24	static
../Tools/nrf24.c:28:9:nRF24_LL_RW	32	static
../Tools/nrf24.c:34:9:nRF24_ReadReg	24	static
../Tools/nrf24.c:45:6:nRF24_WriteReg	16	static
../Tools/nrf24.c:67:6:nRF24_ReadMBReg	32	static
../Tools/nrf24.c:77:6:nRF24_WriteMBReg	24	static
../Tools/nrf24.c:87:6:nRF24_Init	16	static
../Tools/nrf24.c:117:9:nRF24_Check	32	static
../Tools/nrf24.c:135:6:nRF24_SetPowerMode	24	static
../Tools/nrf24.c:152:6:nRF24_SetOperationalMode	24	static
../Tools/nrf24.c:162:6:nRF24_SetCRCScheme	24	static
../Tools/nrf24.c:172:6:nRF24_SetRFChannel	16	static
../Tools/nrf24.c:176:6:nRF24_SetAutoRetr	16	static
../Tools/nrf24.c:181:6:nRF24_SetAddrWidth	16	static
../Tools/nrf24.c:185:6:nRF24_SetAddr	32	static
../Tools/nrf24.c:293:6:nRF24_SetTXPower	24	static
../Tools/nrf24.c:303:6:nRF24_SetDataRate	24	static
../Tools/nrf24.c:313:6:nRF24_SetRXPipe	24	static
../Tools/nrf24.c:334:6:nRF24_ClosePipe	24	static
../Tools/nrf24.c:343:6:nRF24_EnableAA	24	static
../Tools/nrf24.c:352:6:nRF24_DisableAA	24	static
../Tools/nrf24.c:367:9:nRF24_GetStatus	16	static
../Tools/nrf24.c:371:9:nRF24_GetConfig	16	static
../Tools/nrf24.c:375:9:nRF24_GetIRQFlags	16	static
../Tools/nrf24.c:379:9:nRF24_GetStatus_RXFIFO	16	static
../Tools/nrf24.c:383:9:nRF24_GetStatus_TXFIFO	16	static
../Tools/nrf24.c:387:9:nRF24_GetRXSource	16	static
../Tools/nrf24.c:391:9:nRF24_GetRetransmitCounters	16	static
../Tools/nrf24.c:395:6:nRF24_ResetPLOS	24	static
../Tools/nrf24.c:403:6:nRF24_FlushTX	16	static
../Tools/nrf24.c:407:6:nRF24_FlushRX	16	static
../Tools/nrf24.c:411:6:nRF24_ClearIRQFlags	24	static
../Tools/nrf24.c:420:6:nRF24_ClearIRQFlagsTx	24	static
../Tools/nrf24.c:429:6:nRF24_ClearIRQFlagsRx	24	static
../Tools/nrf24.c:438:6:nRF24_WritePayload	24	static
../Tools/nrf24.c:442:16:nRF24_ReadPayload	32	static
