../Core/Src/main.c:112:5:main	96	static
../Core/Src/main.c:219:6:SystemClock_Config	88	static
../Core/Src/main.c:273:13:MX_I2C1_Init	8	static
../Core/Src/main.c:321:13:MX_I2C2_Init	8	static
../Core/Src/main.c:369:13:MX_SPI1_Init	8	static
../Core/Src/main.c:410:13:MX_TIM2_Init	56	static
../Core/Src/main.c:459:13:MX_TIM3_Init	56	static
../Core/Src/main.c:508:13:MX_TIM5_Init	56	static
../Core/Src/main.c:557:13:MX_TIM8_Init	56	static
../Core/Src/main.c:608:13:MX_GPIO_Init	72	static
../Core/Src/main.c:748:6:setSpeed	64	static
../Core/Src/main.c:791:9:getDribblerSpeed	24	static
../Core/Src/main.c:799:9:getKickerStatus	24	static
../Core/Src/main.c:820:6:DriveFunction	112	static
../Core/Src/main.c:957:6:RadioFunction	32	static
../Core/Src/main.c:1003:6:KickFunction	32	static
../Core/Src/main.c:1027:6:HAL_TIM_PeriodElapsedCallback	16	static
../Core/Src/main.c:1044:6:Error_Handler	4	static
