../Core/Src/main.c:142:5:main	120	static
../Core/Src/main.c:256:6:SystemClock_Config	88	static
../Core/Src/main.c:310:13:MX_I2C1_Init	8	static
../Core/Src/main.c:358:13:MX_I2C2_Init	8	static
../Core/Src/main.c:406:13:MX_I2C3_Init	8	static
../Core/Src/main.c:454:13:MX_SPI1_Init	8	static
../Core/Src/main.c:495:13:MX_TIM2_Init	56	static
../Core/Src/main.c:544:13:MX_TIM3_Init	56	static
../Core/Src/main.c:593:13:MX_TIM5_Init	56	static
../Core/Src/main.c:642:13:MX_TIM8_Init	56	static
../Core/Src/main.c:693:13:MX_GPIO_Init	72	static
../Core/Src/main.c:833:6:setSpeed	64	static
../Core/Src/main.c:876:9:getDribbler_speed	24	static
../Core/Src/main.c:884:9:getKickerStatus	24	static
../Core/Src/main.c:896:6:BallDetectorFunction	24	static
../Core/Src/main.c:930:6:DriveFunction	112	static
../Core/Src/main.c:1064:6:RadioFunction	40	static
../Core/Src/main.c:1113:6:KickFunction	40	static
../Core/Src/main.c:1151:6:HAL_TIM_PeriodElapsedCallback	16	static
../Core/Src/main.c:1168:6:Error_Handler	4	static
