../Core/Src/nrf24.c:4:9:nRF24_ReadReg	24	static
../Core/Src/nrf24.c:16:6:nRF24_WriteReg	16	static
../Core/Src/nrf24.c:39:6:nRF24_ReadMBReg	24	static
../Core/Src/nrf24.c:50:6:nRF24_WriteMBReg	16	static
../Core/Src/nrf24.c:61:6:nRF24_Init	8	static
../Core/Src/nrf24.c:92:9:nRF24_Check	24	static
../Core/Src/nrf24.c:111:6:nRF24_SetPowerMode	24	static
../Core/Src/nrf24.c:129:6:nRF24_SetOperationalMode	24	static
../Core/Src/nrf24.c:140:6:nRF24_SetCRCScheme	24	static
../Core/Src/nrf24.c:151:6:nRF24_SetRFChannel	16	static
../Core/Src/nrf24.c:156:6:nRF24_SetAutoRetr	16	static
../Core/Src/nrf24.c:162:6:nRF24_SetAddrWidth	16	static
../Core/Src/nrf24.c:167:6:nRF24_SetAddr	24	static
../Core/Src/nrf24.c:214:6:nRF24_SetTXPower	24	static
../Core/Src/nrf24.c:225:6:nRF24_SetDataRate	24	static
../Core/Src/nrf24.c:236:6:nRF24_SetRXPipe	24	static
../Core/Src/nrf24.c:258:6:nRF24_ClosePipe	24	static
../Core/Src/nrf24.c:268:6:nRF24_EnableAA	24	static
../Core/Src/nrf24.c:278:6:nRF24_DisableAA	24	static
../Core/Src/nrf24.c:294:9:nRF24_GetStatus	8	static
../Core/Src/nrf24.c:299:9:nRF24_GetIRQFlags	8	static
../Core/Src/nrf24.c:304:9:nRF24_GetStatus_RXFIFO	8	static
../Core/Src/nrf24.c:309:9:nRF24_GetStatus_TXFIFO	8	static
../Core/Src/nrf24.c:314:9:nRF24_GetRXSource	8	static
../Core/Src/nrf24.c:319:9:nRF24_GetRetransmitCounters	8	static
../Core/Src/nrf24.c:324:6:nRF24_ResetPLOS	16	static
../Core/Src/nrf24.c:333:6:nRF24_FlushTX	8	static
../Core/Src/nrf24.c:338:6:nRF24_FlushRX	8	static
../Core/Src/nrf24.c:343:6:nRF24_ClearIRQFlags	16	static
../Core/Src/nrf24.c:353:6:nRF24_WritePayload	16	static
../Core/Src/nrf24.c:358:16:nRF24_ReadPayload	24	static
