../Core/Src/system_init.c:32:6:SystemClock_Config	88	static
../Core/Src/system_init.c:83:6:MX_TIM6_Init	24	static
../Core/Src/system_init.c:115:6:MX_I2C1_Init	8	static
../Core/Src/system_init.c:163:6:MX_I2C2_Init	8	static
../Core/Src/system_init.c:211:6:MX_I2C3_Init	8	static
../Core/Src/system_init.c:259:6:MX_SPI1_Init	8	static
../Core/Src/system_init.c:301:6:MX_UART5_Init	8	static
../Core/Src/system_init.c:336:6:MX_DMA_Init	16	static
../Core/Src/system_init.c:349:6:MX_TIM2_Init	56	static
../Core/Src/system_init.c:398:6:MX_TIM3_Init	56	static
../Core/Src/system_init.c:447:6:MX_TIM5_Init	56	static
../Core/Src/system_init.c:496:6:MX_TIM8_Init	56	static
../Core/Src/system_init.c:547:6:MX_GPIO_Init	72	static
