<html>
<body>
<pre>
<h1>µVision Build Log</h1>
<h2>Tool Versions:</h2>
IDE-Version: µVision V5.28.0.0
Copyright (C) 2019 ARM Ltd and ARM Germany GmbH. All rights reserved.
License Information: Pablo Reyes Robles, UTFSM, LIC=----
 
Tool Versions:
Toolchain:       MDK-Lite  Version: 5.28.0.0
Toolchain Path:  C:\Keil_v5\ARM\ARMCC\Bin
C Compiler:      Armcc.exe V5.06 update 6 (build 750)
Assembler:       Armasm.exe V5.06 update 6 (build 750)
Linker/Locator:  ArmLink.exe V5.06 update 6 (build 750)
Library Manager: ArmAr.exe V5.06 update 6 (build 750)
Hex Converter:   FromElf.exe V5.06 update 6 (build 750)
CPU DLL:         SARMCM3.DLL V5.28.0.0
Dialog DLL:      DCM.DLL V1.17.3.0
Target DLL:      STLink\ST-LINKIII-KEIL_SWO.dll V3.0.6.0
Dialog DLL:      TCM.DLL V1.36.2.0
 
<h2>Project:</h2>
C:\Users\USUARIO\Documents\robot-firmware\MDK-ARM\STM32F7_PCB_TEST.uvprojx
Project File Date:  10/02/2019

<h2>Output:</h2>
*** Using Compiler 'V5.06 update 6 (build 750)', folder: 'C:\Keil_v5\ARM\ARMCC\Bin'
Build target 'STM32F7_PCB_TEST'
compiling sysmic_ll_spi.c...
compiling nrf24_hal.c...
compiling nrf24.c...
compiling stm32f7xx_it.c...
compiling stm32f7xx_hal_msp.c...
compiling main.c...
compiling board.c...
compiling MAX581x.c...
compiling motor.c...
compiling system_stm32f7xx.c...
compiling encoder.c...
compiling pid.c...
compiling stm32f7xx_hal_i2c_ex.c...
compiling stm32f7xx_hal_cortex.c...
compiling stm32f7xx_hal_i2c.c...
compiling stm32f7xx_hal_spi_ex.c...
compiling stm32f7xx_hal_tim.c...
compiling stm32f7xx_hal_spi.c...
compiling stm32f7xx_hal_tim_ex.c...
compiling stm32f7xx_hal_rcc.c...
compiling stm32f7xx_hal_rcc_ex.c...
compiling stm32f7xx_hal_flash.c...
compiling stm32f7xx_hal_flash_ex.c...
compiling stm32f7xx_hal_gpio.c...
compiling stm32f7xx_hal_pwr.c...
compiling stm32f7xx_hal_dma.c...
compiling stm32f7xx_hal_dma_ex.c...
compiling stm32f7xx_hal.c...
compiling stm32f7xx_hal_exti.c...
compiling stm32f7xx_hal_pwr_ex.c...
linking...
Program Size: Code=10952 RO-data=856 RW-data=28 ZI-data=1772  
FromELF: creating hex file...
"STM32F7_PCB_TEST\STM32F7_PCB_TEST.axf" - 0 Error(s), 0 Warning(s).

<h2>Software Packages used:</h2>

Package Vendor: ARM
                http://www.keil.com/pack/ARM.CMSIS.5.5.1.pack
                ARM.CMSIS.5.5.1
                CMSIS (Cortex Microcontroller Software Interface Standard)
   * Component: CORE Version: 5.2.0

Package Vendor: Keil
                http://www.keil.com/pack/Keil.STM32F7xx_DFP.2.11.0.pack
                Keil.STM32F7xx_DFP.2.11.0
                STMicroelectronics STM32F7 Series Device Support, Drivers and Examples

<h2>Collection of Component include folders:</h2>
  .\RTE\_STM32F7_PCB_TEST
  C:\Users\USUARIO\AppData\Local\Arm\Packs\ARM\CMSIS\5.5.1\CMSIS\Core\Include
  C:\Users\USUARIO\AppData\Local\Arm\Packs\Keil\STM32F7xx_DFP\2.11.0\Drivers\CMSIS\Device\ST\STM32F7xx\Include

<h2>Collection of Component Files used:</h2>

   * Component: ARM::CMSIS:CORE:5.2.0
Build Time Elapsed:  00:01:07
</pre>
</body>
</html>
