Component: ARM Compiler 5.06 update 6 (build 750) Tool: armlink [4d35ed]

==============================================================================

Section Cross References

    startup_stm32f767xx.o(RESET) refers to startup_stm32f767xx.o(STACK) for __initial_sp
    startup_stm32f767xx.o(RESET) refers to startup_stm32f767xx.o(.text) for Reset_Handler
    startup_stm32f767xx.o(RESET) refers to stm32f7xx_it.o(i.NMI_Handler) for NMI_Handler
    startup_stm32f767xx.o(RESET) refers to stm32f7xx_it.o(i.HardFault_Handler) for HardFault_Handler
    startup_stm32f767xx.o(RESET) refers to stm32f7xx_it.o(i.MemManage_Handler) for MemManage_Handler
    startup_stm32f767xx.o(RESET) refers to stm32f7xx_it.o(i.BusFault_Handler) for BusFault_Handler
    startup_stm32f767xx.o(RESET) refers to stm32f7xx_it.o(i.UsageFault_Handler) for UsageFault_Handler
    startup_stm32f767xx.o(RESET) refers to stm32f7xx_it.o(i.SVC_Handler) for SVC_Handler
    startup_stm32f767xx.o(RESET) refers to stm32f7xx_it.o(i.DebugMon_Handler) for DebugMon_Handler
    startup_stm32f767xx.o(RESET) refers to stm32f7xx_it.o(i.PendSV_Handler) for PendSV_Handler
    startup_stm32f767xx.o(RESET) refers to stm32f7xx_it.o(i.SysTick_Handler) for SysTick_Handler
    startup_stm32f767xx.o(.text) refers to system_stm32f7xx.o(i.SystemInit) for SystemInit
    startup_stm32f767xx.o(.text) refers to entry.o(.ARM.Collect$$$$00000000) for __main
    main.o(i.MX_GPIO_Init) refers to memseta.o(.text) for __aeabi_memclr4
    main.o(i.MX_GPIO_Init) refers to main.o(i.LL_AHB1_GRP1_EnableClock) for LL_AHB1_GRP1_EnableClock
    main.o(i.MX_GPIO_Init) refers to stm32f7xx_ll_gpio.o(i.LL_GPIO_Init) for LL_GPIO_Init
    main.o(i.MX_SPI1_Init) refers to memseta.o(.text) for __aeabi_memclr4
    main.o(i.MX_SPI1_Init) refers to main.o(i.LL_APB2_GRP1_EnableClock) for LL_APB2_GRP1_EnableClock
    main.o(i.MX_SPI1_Init) refers to main.o(i.LL_AHB1_GRP1_EnableClock) for LL_AHB1_GRP1_EnableClock
    main.o(i.MX_SPI1_Init) refers to stm32f7xx_ll_gpio.o(i.LL_GPIO_Init) for LL_GPIO_Init
    main.o(i.MX_SPI1_Init) refers to stm32f7xx_ll_spi.o(i.LL_SPI_Init) for LL_SPI_Init
    main.o(i.SystemClock_Config) refers to stm32f7xx_ll_utils.o(i.LL_Init1msTick) for LL_Init1msTick
    main.o(i.SystemClock_Config) refers to stm32f7xx_ll_utils.o(i.LL_SetSystemCoreClock) for LL_SetSystemCoreClock
    main.o(i.main) refers to main.o(i.LL_APB2_GRP1_EnableClock) for LL_APB2_GRP1_EnableClock
    main.o(i.main) refers to main.o(i.SystemClock_Config) for SystemClock_Config
    main.o(i.main) refers to main.o(i.MX_GPIO_Init) for MX_GPIO_Init
    main.o(i.main) refers to main.o(i.MX_SPI1_Init) for MX_SPI1_Init
    main.o(i.main) refers to nrf24_hal.o(i.nRF24_GPIO_Init) for nRF24_GPIO_Init
    main.o(i.main) refers to nrf24.o(i.nRF24_Init) for nRF24_Init
    main.o(i.main) refers to nrf24.o(i.nRF24_SetRXPipe) for nRF24_SetRXPipe
    main.o(i.main) refers to nrf24.o(i.nRF24_DisableAA) for nRF24_DisableAA
    main.o(i.main) refers to nrf24.o(i.nRF24_SetPowerMode) for nRF24_SetPowerMode
    main.o(i.main) refers to nrf24.o(i.nRF24_SetOperationalMode) for nRF24_SetOperationalMode
    main.o(i.main) refers to nrf24.o(i.nRF24_Check) for nRF24_Check
    main.o(i.main) refers to memseta.o(.text) for __aeabi_memset
    main.o(i.main) refers to nrf24.o(i.nRF24_SetAddr) for nRF24_SetAddr
    main.o(i.main) refers to stm32f7xx_ll_utils.o(i.LL_mDelay) for LL_mDelay
    main.o(i.main) refers to nrf24.o(i.nRF24_GetStatus_RXFIFO) for nRF24_GetStatus_RXFIFO
    main.o(i.main) refers to nrf24.o(i.nRF24_ReadPayload) for nRF24_ReadPayload
    main.o(i.main) refers to nrf24.o(i.nRF24_FlushRX) for nRF24_FlushRX
    main.o(i.main) refers to nrf24.o(i.nRF24_WritePayload) for nRF24_WritePayload
    main.o(i.main) refers to nrf24.o(i.nRF24_GetStatus) for nRF24_GetStatus
    main.o(i.main) refers to nrf24.o(i.nRF24_ClearIRQFlags) for nRF24_ClearIRQFlags
    main.o(i.main) refers to nrf24.o(i.nRF24_FlushTX) for nRF24_FlushTX
    main.o(i.main) refers to main.o(.data) for .data
    main.o(i.main) refers to main.o(.bss) for .bss
    nrf24.o(i.nRF24_Check) refers to nrf24.o(i.nRF24_WriteMBReg) for nRF24_WriteMBReg
    nrf24.o(i.nRF24_Check) refers to nrf24.o(i.nRF24_ReadMBReg) for nRF24_ReadMBReg
    nrf24.o(i.nRF24_ClearIRQFlags) refers to nrf24.o(i.nRF24_ReadReg) for nRF24_ReadReg
    nrf24.o(i.nRF24_ClearIRQFlags) refers to nrf24.o(i.nRF24_WriteReg) for nRF24_WriteReg
    nrf24.o(i.nRF24_ClosePipe) refers to nrf24.o(i.nRF24_ReadReg) for nRF24_ReadReg
    nrf24.o(i.nRF24_ClosePipe) refers to nrf24.o(i.nRF24_WriteReg) for nRF24_WriteReg
    nrf24.o(i.nRF24_DisableAA) refers to nrf24.o(i.nRF24_ReadReg) for nRF24_ReadReg
    nrf24.o(i.nRF24_DisableAA) refers to nrf24.o(i.nRF24_WriteReg) for nRF24_WriteReg
    nrf24.o(i.nRF24_EnableAA) refers to nrf24.o(i.nRF24_ReadReg) for nRF24_ReadReg
    nrf24.o(i.nRF24_EnableAA) refers to nrf24.o(i.nRF24_WriteReg) for nRF24_WriteReg
    nrf24.o(i.nRF24_FlushRX) refers to nrf24.o(i.nRF24_WriteReg) for nRF24_WriteReg
    nrf24.o(i.nRF24_FlushTX) refers to nrf24.o(i.nRF24_WriteReg) for nRF24_WriteReg
    nrf24.o(i.nRF24_GetIRQFlags) refers to nrf24.o(i.nRF24_ReadReg) for nRF24_ReadReg
    nrf24.o(i.nRF24_GetRXSource) refers to nrf24.o(i.nRF24_ReadReg) for nRF24_ReadReg
    nrf24.o(i.nRF24_GetRetransmitCounters) refers to nrf24.o(i.nRF24_ReadReg) for nRF24_ReadReg
    nrf24.o(i.nRF24_GetStatus) refers to nrf24.o(i.nRF24_ReadReg) for nRF24_ReadReg
    nrf24.o(i.nRF24_GetStatus_RXFIFO) refers to nrf24.o(i.nRF24_ReadReg) for nRF24_ReadReg
    nrf24.o(i.nRF24_GetStatus_TXFIFO) refers to nrf24.o(i.nRF24_ReadReg) for nRF24_ReadReg
    nrf24.o(i.nRF24_Init) refers to nrf24.o(i.nRF24_WriteReg) for nRF24_WriteReg
    nrf24.o(i.nRF24_Init) refers to nrf24.o(i.nRF24_FlushRX) for nRF24_FlushRX
    nrf24.o(i.nRF24_Init) refers to nrf24.o(i.nRF24_FlushTX) for nRF24_FlushTX
    nrf24.o(i.nRF24_Init) refers to nrf24.o(i.nRF24_ClearIRQFlags) for nRF24_ClearIRQFlags
    nrf24.o(i.nRF24_ReadMBReg) refers to nrf24_hal.o(i.nRF24_LL_RW) for nRF24_LL_RW
    nrf24.o(i.nRF24_ReadPayload) refers to nrf24.o(i.nRF24_ReadReg) for nRF24_ReadReg
    nrf24.o(i.nRF24_ReadPayload) refers to nrf24.o(i.nRF24_ReadMBReg) for nRF24_ReadMBReg
    nrf24.o(i.nRF24_ReadPayload) refers to nrf24.o(.constdata) for .constdata
    nrf24.o(i.nRF24_ReadReg) refers to nrf24_hal.o(i.nRF24_LL_RW) for nRF24_LL_RW
    nrf24.o(i.nRF24_ResetPLOS) refers to nrf24.o(i.nRF24_ReadReg) for nRF24_ReadReg
    nrf24.o(i.nRF24_ResetPLOS) refers to nrf24.o(i.nRF24_WriteReg) for nRF24_WriteReg
    nrf24.o(i.nRF24_SetAddr) refers to nrf24.o(i.nRF24_ReadReg) for nRF24_ReadReg
    nrf24.o(i.nRF24_SetAddr) refers to nrf24_hal.o(i.nRF24_LL_RW) for nRF24_LL_RW
    nrf24.o(i.nRF24_SetAddr) refers to nrf24.o(i.nRF24_WriteReg) for nRF24_WriteReg
    nrf24.o(i.nRF24_SetAddr) refers to nrf24.o(i.nRF24_WriteMBReg) for nRF24_WriteMBReg
    nrf24.o(i.nRF24_SetAddr) refers to nrf24.o(.constdata) for .constdata
    nrf24.o(i.nRF24_SetAddrWidth) refers to nrf24.o(i.nRF24_WriteReg) for nRF24_WriteReg
    nrf24.o(i.nRF24_SetAutoRetr) refers to nrf24.o(i.nRF24_WriteReg) for nRF24_WriteReg
    nrf24.o(i.nRF24_SetCRCScheme) refers to nrf24.o(i.nRF24_ReadReg) for nRF24_ReadReg
    nrf24.o(i.nRF24_SetCRCScheme) refers to nrf24.o(i.nRF24_WriteReg) for nRF24_WriteReg
    nrf24.o(i.nRF24_SetDataRate) refers to nrf24.o(i.nRF24_ReadReg) for nRF24_ReadReg
    nrf24.o(i.nRF24_SetDataRate) refers to nrf24.o(i.nRF24_WriteReg) for nRF24_WriteReg
    nrf24.o(i.nRF24_SetOperationalMode) refers to nrf24.o(i.nRF24_ReadReg) for nRF24_ReadReg
    nrf24.o(i.nRF24_SetOperationalMode) refers to nrf24.o(i.nRF24_WriteReg) for nRF24_WriteReg
    nrf24.o(i.nRF24_SetPowerMode) refers to nrf24.o(i.nRF24_ReadReg) for nRF24_ReadReg
    nrf24.o(i.nRF24_SetPowerMode) refers to nrf24.o(i.nRF24_WriteReg) for nRF24_WriteReg
    nrf24.o(i.nRF24_SetRFChannel) refers to nrf24.o(i.nRF24_WriteReg) for nRF24_WriteReg
    nrf24.o(i.nRF24_SetRXPipe) refers to nrf24.o(i.nRF24_ReadReg) for nRF24_ReadReg
    nrf24.o(i.nRF24_SetRXPipe) refers to nrf24.o(i.nRF24_WriteReg) for nRF24_WriteReg
    nrf24.o(i.nRF24_SetRXPipe) refers to nrf24.o(.constdata) for .constdata
    nrf24.o(i.nRF24_SetTXPower) refers to nrf24.o(i.nRF24_ReadReg) for nRF24_ReadReg
    nrf24.o(i.nRF24_SetTXPower) refers to nrf24.o(i.nRF24_WriteReg) for nRF24_WriteReg
    nrf24.o(i.nRF24_WriteMBReg) refers to nrf24_hal.o(i.nRF24_LL_RW) for nRF24_LL_RW
    nrf24.o(i.nRF24_WritePayload) refers to nrf24.o(i.nRF24_WriteMBReg) for nRF24_WriteMBReg
    nrf24.o(i.nRF24_WriteReg) refers to nrf24_hal.o(i.nRF24_LL_RW) for nRF24_LL_RW
    nrf24_hal.o(i.nRF24_LL_RW) refers to sysmic_ll_spi.o(i.SPI_Write) for SPI_Write
    stm32f7xx_ll_gpio.o(i.LL_GPIO_DeInit) refers to stm32f7xx_ll_gpio.o(i.LL_AHB1_GRP1_ForceReset) for LL_AHB1_GRP1_ForceReset
    stm32f7xx_ll_gpio.o(i.LL_GPIO_DeInit) refers to stm32f7xx_ll_gpio.o(i.LL_AHB1_GRP1_ReleaseReset) for LL_AHB1_GRP1_ReleaseReset
    stm32f7xx_ll_spi.o(i.LL_I2S_DeInit) refers to stm32f7xx_ll_spi.o(i.LL_SPI_DeInit) for LL_SPI_DeInit
    stm32f7xx_ll_spi.o(i.LL_I2S_Init) refers to stm32f7xx_ll_rcc.o(i.LL_RCC_GetI2SClockFreq) for LL_RCC_GetI2SClockFreq
    stm32f7xx_ll_spi.o(i.LL_SPI_DeInit) refers to stm32f7xx_ll_spi.o(i.LL_APB2_GRP1_ForceReset) for LL_APB2_GRP1_ForceReset
    stm32f7xx_ll_spi.o(i.LL_SPI_DeInit) refers to stm32f7xx_ll_spi.o(i.LL_APB2_GRP1_ReleaseReset) for LL_APB2_GRP1_ReleaseReset
    stm32f7xx_ll_dma.o(i.LL_DMA_DeInit) refers to stm32f7xx_ll_dma.o(i.LL_DMA_SetChannelSelection) for LL_DMA_SetChannelSelection
    stm32f7xx_ll_dma.o(i.LL_DMA_DeInit) refers to stm32f7xx_ll_dma.o(.constdata) for .constdata
    stm32f7xx_ll_dma.o(i.LL_DMA_Init) refers to stm32f7xx_ll_dma.o(i.LL_DMA_SetChannelSelection) for LL_DMA_SetChannelSelection
    stm32f7xx_ll_dma.o(i.LL_DMA_Init) refers to stm32f7xx_ll_dma.o(.constdata) for .constdata
    stm32f7xx_ll_dma.o(i.LL_DMA_SetChannelSelection) refers to stm32f7xx_ll_dma.o(.constdata) for .constdata
    stm32f7xx_ll_rcc.o(i.LL_RCC_DeInit) refers to stm32f7xx_ll_rcc.o(i.LL_RCC_HSI_IsReady) for LL_RCC_HSI_IsReady
    stm32f7xx_ll_rcc.o(i.LL_RCC_DeInit) refers to stm32f7xx_ll_rcc.o(i.LL_RCC_PLL_IsReady) for LL_RCC_PLL_IsReady
    stm32f7xx_ll_rcc.o(i.LL_RCC_DeInit) refers to stm32f7xx_ll_rcc.o(i.LL_RCC_PLLI2S_IsReady) for LL_RCC_PLLI2S_IsReady
    stm32f7xx_ll_rcc.o(i.LL_RCC_DeInit) refers to stm32f7xx_ll_rcc.o(i.LL_RCC_PLLSAI_IsReady) for LL_RCC_PLLSAI_IsReady
    stm32f7xx_ll_rcc.o(i.LL_RCC_GetCECClockFreq) refers to stm32f7xx_ll_rcc.o(i.LL_RCC_LSE_IsReady) for LL_RCC_LSE_IsReady
    stm32f7xx_ll_rcc.o(i.LL_RCC_GetCECClockFreq) refers to stm32f7xx_ll_rcc.o(i.LL_RCC_HSI_IsReady) for LL_RCC_HSI_IsReady
    stm32f7xx_ll_rcc.o(i.LL_RCC_GetDFSDMAudioClockFreq) refers to stm32f7xx_ll_rcc.o(i.LL_RCC_GetSAIClockFreq) for LL_RCC_GetSAIClockFreq
    stm32f7xx_ll_rcc.o(i.LL_RCC_GetDFSDMClockFreq) refers to stm32f7xx_ll_rcc.o(i.RCC_GetSystemClockFreq) for RCC_GetSystemClockFreq
    stm32f7xx_ll_rcc.o(i.LL_RCC_GetDFSDMClockFreq) refers to stm32f7xx_ll_rcc.o(i.RCC_GetHCLKClockFreq) for RCC_GetHCLKClockFreq
    stm32f7xx_ll_rcc.o(i.LL_RCC_GetDFSDMClockFreq) refers to stm32f7xx_ll_rcc.o(i.RCC_GetPCLK2ClockFreq) for RCC_GetPCLK2ClockFreq
    stm32f7xx_ll_rcc.o(i.LL_RCC_GetI2CClockFreq) refers to stm32f7xx_ll_rcc.o(i.LL_RCC_GetI2CClockSource) for LL_RCC_GetI2CClockSource
    stm32f7xx_ll_rcc.o(i.LL_RCC_GetI2CClockFreq) refers to stm32f7xx_ll_rcc.o(i.RCC_GetSystemClockFreq) for RCC_GetSystemClockFreq
    stm32f7xx_ll_rcc.o(i.LL_RCC_GetI2CClockFreq) refers to stm32f7xx_ll_rcc.o(i.RCC_GetHCLKClockFreq) for RCC_GetHCLKClockFreq
    stm32f7xx_ll_rcc.o(i.LL_RCC_GetI2CClockFreq) refers to stm32f7xx_ll_rcc.o(i.RCC_GetPCLK1ClockFreq) for RCC_GetPCLK1ClockFreq
    stm32f7xx_ll_rcc.o(i.LL_RCC_GetI2CClockFreq) refers to stm32f7xx_ll_rcc.o(i.LL_RCC_HSI_IsReady) for LL_RCC_HSI_IsReady
    stm32f7xx_ll_rcc.o(i.LL_RCC_GetI2SClockFreq) refers to stm32f7xx_ll_rcc.o(i.LL_RCC_PLLI2S_IsReady) for LL_RCC_PLLI2S_IsReady
    stm32f7xx_ll_rcc.o(i.LL_RCC_GetI2SClockFreq) refers to stm32f7xx_ll_rcc.o(i.RCC_PLLI2S_GetFreqDomain_I2S) for RCC_PLLI2S_GetFreqDomain_I2S
    stm32f7xx_ll_rcc.o(i.LL_RCC_GetLPTIMClockFreq) refers to stm32f7xx_ll_rcc.o(i.LL_RCC_LSE_IsReady) for LL_RCC_LSE_IsReady
    stm32f7xx_ll_rcc.o(i.LL_RCC_GetLPTIMClockFreq) refers to stm32f7xx_ll_rcc.o(i.LL_RCC_HSI_IsReady) for LL_RCC_HSI_IsReady
    stm32f7xx_ll_rcc.o(i.LL_RCC_GetLPTIMClockFreq) refers to stm32f7xx_ll_rcc.o(i.RCC_GetSystemClockFreq) for RCC_GetSystemClockFreq
    stm32f7xx_ll_rcc.o(i.LL_RCC_GetLPTIMClockFreq) refers to stm32f7xx_ll_rcc.o(i.RCC_GetHCLKClockFreq) for RCC_GetHCLKClockFreq
    stm32f7xx_ll_rcc.o(i.LL_RCC_GetLPTIMClockFreq) refers to stm32f7xx_ll_rcc.o(i.RCC_GetPCLK1ClockFreq) for RCC_GetPCLK1ClockFreq
    stm32f7xx_ll_rcc.o(i.LL_RCC_GetLTDCClockFreq) refers to stm32f7xx_ll_rcc.o(i.LL_RCC_PLLSAI_IsReady) for LL_RCC_PLLSAI_IsReady
    stm32f7xx_ll_rcc.o(i.LL_RCC_GetLTDCClockFreq) refers to stm32f7xx_ll_rcc.o(i.RCC_PLLSAI_GetFreqDomain_LTDC) for RCC_PLLSAI_GetFreqDomain_LTDC
    stm32f7xx_ll_rcc.o(i.LL_RCC_GetRNGClockFreq) refers to stm32f7xx_ll_rcc.o(i.LL_RCC_PLL_IsReady) for LL_RCC_PLL_IsReady
    stm32f7xx_ll_rcc.o(i.LL_RCC_GetRNGClockFreq) refers to stm32f7xx_ll_rcc.o(i.RCC_PLL_GetFreqDomain_48M) for RCC_PLL_GetFreqDomain_48M
    stm32f7xx_ll_rcc.o(i.LL_RCC_GetRNGClockFreq) refers to stm32f7xx_ll_rcc.o(i.LL_RCC_PLLSAI_IsReady) for LL_RCC_PLLSAI_IsReady
    stm32f7xx_ll_rcc.o(i.LL_RCC_GetRNGClockFreq) refers to stm32f7xx_ll_rcc.o(i.RCC_PLLSAI_GetFreqDomain_48M) for RCC_PLLSAI_GetFreqDomain_48M
    stm32f7xx_ll_rcc.o(i.LL_RCC_GetSAIClockFreq) refers to stm32f7xx_ll_rcc.o(i.RCC_PLLSAI_GetFreqDomain_SAI) for RCC_PLLSAI_GetFreqDomain_SAI
    stm32f7xx_ll_rcc.o(i.LL_RCC_GetSAIClockFreq) refers to stm32f7xx_ll_rcc.o(i.RCC_PLLI2S_GetFreqDomain_SAI) for RCC_PLLI2S_GetFreqDomain_SAI
    stm32f7xx_ll_rcc.o(i.LL_RCC_GetSAIClockFreq) refers to stm32f7xx_ll_rcc.o(i.LL_RCC_PLL_GetMainSource) for LL_RCC_PLL_GetMainSource
    stm32f7xx_ll_rcc.o(i.LL_RCC_GetSAIClockFreq) refers to stm32f7xx_ll_rcc.o(i.LL_RCC_PLLSAI_IsReady) for LL_RCC_PLLSAI_IsReady
    stm32f7xx_ll_rcc.o(i.LL_RCC_GetSAIClockFreq) refers to stm32f7xx_ll_rcc.o(i.LL_RCC_PLLI2S_IsReady) for LL_RCC_PLLI2S_IsReady
    stm32f7xx_ll_rcc.o(i.LL_RCC_GetSAIClockFreq) refers to stm32f7xx_ll_rcc.o(i.LL_RCC_HSI_IsReady) for LL_RCC_HSI_IsReady
    stm32f7xx_ll_rcc.o(i.LL_RCC_GetSDMMCClockFreq) refers to stm32f7xx_ll_rcc.o(i.LL_RCC_PLLSAI_IsReady) for LL_RCC_PLLSAI_IsReady
    stm32f7xx_ll_rcc.o(i.LL_RCC_GetSDMMCClockFreq) refers to stm32f7xx_ll_rcc.o(i.RCC_PLLSAI_GetFreqDomain_48M) for RCC_PLLSAI_GetFreqDomain_48M
    stm32f7xx_ll_rcc.o(i.LL_RCC_GetSDMMCClockFreq) refers to stm32f7xx_ll_rcc.o(i.RCC_PLL_GetFreqDomain_48M) for RCC_PLL_GetFreqDomain_48M
    stm32f7xx_ll_rcc.o(i.LL_RCC_GetSDMMCClockFreq) refers to stm32f7xx_ll_rcc.o(i.RCC_GetSystemClockFreq) for RCC_GetSystemClockFreq
    stm32f7xx_ll_rcc.o(i.LL_RCC_GetSDMMCClockFreq) refers to stm32f7xx_ll_rcc.o(i.LL_RCC_PLL_IsReady) for LL_RCC_PLL_IsReady
    stm32f7xx_ll_rcc.o(i.LL_RCC_GetSPDIFRXClockFreq) refers to stm32f7xx_ll_rcc.o(i.LL_RCC_PLLI2S_IsReady) for LL_RCC_PLLI2S_IsReady
    stm32f7xx_ll_rcc.o(i.LL_RCC_GetSPDIFRXClockFreq) refers to stm32f7xx_ll_rcc.o(i.RCC_PLLI2S_GetFreqDomain_SPDIFRX) for RCC_PLLI2S_GetFreqDomain_SPDIFRX
    stm32f7xx_ll_rcc.o(i.LL_RCC_GetSystemClocksFreq) refers to stm32f7xx_ll_rcc.o(i.RCC_GetSystemClockFreq) for RCC_GetSystemClockFreq
    stm32f7xx_ll_rcc.o(i.LL_RCC_GetSystemClocksFreq) refers to stm32f7xx_ll_rcc.o(i.RCC_GetHCLKClockFreq) for RCC_GetHCLKClockFreq
    stm32f7xx_ll_rcc.o(i.LL_RCC_GetSystemClocksFreq) refers to stm32f7xx_ll_rcc.o(i.RCC_GetPCLK1ClockFreq) for RCC_GetPCLK1ClockFreq
    stm32f7xx_ll_rcc.o(i.LL_RCC_GetSystemClocksFreq) refers to stm32f7xx_ll_rcc.o(i.RCC_GetPCLK2ClockFreq) for RCC_GetPCLK2ClockFreq
    stm32f7xx_ll_rcc.o(i.LL_RCC_GetUARTClockFreq) refers to stm32f7xx_ll_rcc.o(i.LL_RCC_GetUARTClockSource) for LL_RCC_GetUARTClockSource
    stm32f7xx_ll_rcc.o(i.LL_RCC_GetUARTClockFreq) refers to stm32f7xx_ll_rcc.o(i.RCC_GetSystemClockFreq) for RCC_GetSystemClockFreq
    stm32f7xx_ll_rcc.o(i.LL_RCC_GetUARTClockFreq) refers to stm32f7xx_ll_rcc.o(i.RCC_GetHCLKClockFreq) for RCC_GetHCLKClockFreq
    stm32f7xx_ll_rcc.o(i.LL_RCC_GetUARTClockFreq) refers to stm32f7xx_ll_rcc.o(i.RCC_GetPCLK1ClockFreq) for RCC_GetPCLK1ClockFreq
    stm32f7xx_ll_rcc.o(i.LL_RCC_GetUARTClockFreq) refers to stm32f7xx_ll_rcc.o(i.LL_RCC_LSE_IsReady) for LL_RCC_LSE_IsReady
    stm32f7xx_ll_rcc.o(i.LL_RCC_GetUARTClockFreq) refers to stm32f7xx_ll_rcc.o(i.LL_RCC_HSI_IsReady) for LL_RCC_HSI_IsReady
    stm32f7xx_ll_rcc.o(i.LL_RCC_GetUSARTClockFreq) refers to stm32f7xx_ll_rcc.o(i.LL_RCC_GetUSARTClockSource) for LL_RCC_GetUSARTClockSource
    stm32f7xx_ll_rcc.o(i.LL_RCC_GetUSARTClockFreq) refers to stm32f7xx_ll_rcc.o(i.RCC_GetSystemClockFreq) for RCC_GetSystemClockFreq
    stm32f7xx_ll_rcc.o(i.LL_RCC_GetUSARTClockFreq) refers to stm32f7xx_ll_rcc.o(i.RCC_GetHCLKClockFreq) for RCC_GetHCLKClockFreq
    stm32f7xx_ll_rcc.o(i.LL_RCC_GetUSARTClockFreq) refers to stm32f7xx_ll_rcc.o(i.RCC_GetPCLK2ClockFreq) for RCC_GetPCLK2ClockFreq
    stm32f7xx_ll_rcc.o(i.LL_RCC_GetUSARTClockFreq) refers to stm32f7xx_ll_rcc.o(i.RCC_GetPCLK1ClockFreq) for RCC_GetPCLK1ClockFreq
    stm32f7xx_ll_rcc.o(i.LL_RCC_GetUSARTClockFreq) refers to stm32f7xx_ll_rcc.o(i.LL_RCC_LSE_IsReady) for LL_RCC_LSE_IsReady
    stm32f7xx_ll_rcc.o(i.LL_RCC_GetUSARTClockFreq) refers to stm32f7xx_ll_rcc.o(i.LL_RCC_HSI_IsReady) for LL_RCC_HSI_IsReady
    stm32f7xx_ll_rcc.o(i.LL_RCC_GetUSBClockFreq) refers to stm32f7xx_ll_rcc.o(i.LL_RCC_PLL_IsReady) for LL_RCC_PLL_IsReady
    stm32f7xx_ll_rcc.o(i.LL_RCC_GetUSBClockFreq) refers to stm32f7xx_ll_rcc.o(i.RCC_PLL_GetFreqDomain_48M) for RCC_PLL_GetFreqDomain_48M
    stm32f7xx_ll_rcc.o(i.LL_RCC_GetUSBClockFreq) refers to stm32f7xx_ll_rcc.o(i.LL_RCC_PLLSAI_IsReady) for LL_RCC_PLLSAI_IsReady
    stm32f7xx_ll_rcc.o(i.LL_RCC_GetUSBClockFreq) refers to stm32f7xx_ll_rcc.o(i.RCC_PLLSAI_GetFreqDomain_48M) for RCC_PLLSAI_GetFreqDomain_48M
    stm32f7xx_ll_rcc.o(i.RCC_GetHCLKClockFreq) refers to system_stm32f7xx.o(.constdata) for AHBPrescTable
    stm32f7xx_ll_rcc.o(i.RCC_GetPCLK1ClockFreq) refers to system_stm32f7xx.o(.constdata) for APBPrescTable
    stm32f7xx_ll_rcc.o(i.RCC_GetPCLK2ClockFreq) refers to system_stm32f7xx.o(.constdata) for APBPrescTable
    stm32f7xx_ll_rcc.o(i.RCC_GetSystemClockFreq) refers to stm32f7xx_ll_rcc.o(i.RCC_PLL_GetFreqDomain_SYS) for RCC_PLL_GetFreqDomain_SYS
    stm32f7xx_ll_rcc.o(i.RCC_PLLI2S_GetFreqDomain_I2S) refers to stm32f7xx_ll_rcc.o(i.LL_RCC_PLL_GetMainSource) for LL_RCC_PLL_GetMainSource
    stm32f7xx_ll_rcc.o(i.RCC_PLLI2S_GetFreqDomain_I2S) refers to stm32f7xx_ll_rcc.o(i.LL_RCC_PLL_GetDivider) for LL_RCC_PLL_GetDivider
    stm32f7xx_ll_rcc.o(i.RCC_PLLI2S_GetFreqDomain_SAI) refers to stm32f7xx_ll_rcc.o(i.LL_RCC_PLL_GetMainSource) for LL_RCC_PLL_GetMainSource
    stm32f7xx_ll_rcc.o(i.RCC_PLLI2S_GetFreqDomain_SAI) refers to stm32f7xx_ll_rcc.o(i.LL_RCC_PLL_GetDivider) for LL_RCC_PLL_GetDivider
    stm32f7xx_ll_rcc.o(i.RCC_PLLI2S_GetFreqDomain_SPDIFRX) refers to stm32f7xx_ll_rcc.o(i.LL_RCC_PLL_GetMainSource) for LL_RCC_PLL_GetMainSource
    stm32f7xx_ll_rcc.o(i.RCC_PLLI2S_GetFreqDomain_SPDIFRX) refers to stm32f7xx_ll_rcc.o(i.LL_RCC_PLL_GetDivider) for LL_RCC_PLL_GetDivider
    stm32f7xx_ll_rcc.o(i.RCC_PLLSAI_GetFreqDomain_48M) refers to stm32f7xx_ll_rcc.o(i.LL_RCC_PLL_GetMainSource) for LL_RCC_PLL_GetMainSource
    stm32f7xx_ll_rcc.o(i.RCC_PLLSAI_GetFreqDomain_48M) refers to stm32f7xx_ll_rcc.o(i.LL_RCC_PLL_GetDivider) for LL_RCC_PLL_GetDivider
    stm32f7xx_ll_rcc.o(i.RCC_PLLSAI_GetFreqDomain_LTDC) refers to stm32f7xx_ll_rcc.o(i.LL_RCC_PLL_GetMainSource) for LL_RCC_PLL_GetMainSource
    stm32f7xx_ll_rcc.o(i.RCC_PLLSAI_GetFreqDomain_LTDC) refers to stm32f7xx_ll_rcc.o(i.LL_RCC_PLL_GetDivider) for LL_RCC_PLL_GetDivider
    stm32f7xx_ll_rcc.o(i.RCC_PLLSAI_GetFreqDomain_LTDC) refers to stm32f7xx_ll_rcc.o(.constdata) for .constdata
    stm32f7xx_ll_rcc.o(i.RCC_PLLSAI_GetFreqDomain_SAI) refers to stm32f7xx_ll_rcc.o(i.LL_RCC_PLL_GetMainSource) for LL_RCC_PLL_GetMainSource
    stm32f7xx_ll_rcc.o(i.RCC_PLLSAI_GetFreqDomain_SAI) refers to stm32f7xx_ll_rcc.o(i.LL_RCC_PLL_GetDivider) for LL_RCC_PLL_GetDivider
    stm32f7xx_ll_rcc.o(i.RCC_PLL_GetFreqDomain_48M) refers to stm32f7xx_ll_rcc.o(i.LL_RCC_PLL_GetMainSource) for LL_RCC_PLL_GetMainSource
    stm32f7xx_ll_rcc.o(i.RCC_PLL_GetFreqDomain_48M) refers to stm32f7xx_ll_rcc.o(i.LL_RCC_PLL_GetDivider) for LL_RCC_PLL_GetDivider
    stm32f7xx_ll_rcc.o(i.RCC_PLL_GetFreqDomain_SYS) refers to stm32f7xx_ll_rcc.o(i.LL_RCC_PLL_GetMainSource) for LL_RCC_PLL_GetMainSource
    stm32f7xx_ll_rcc.o(i.RCC_PLL_GetFreqDomain_SYS) refers to stm32f7xx_ll_rcc.o(i.LL_RCC_PLL_GetDivider) for LL_RCC_PLL_GetDivider
    stm32f7xx_ll_utils.o(i.LL_PLL_ConfigSystemClock_HSE) refers to stm32f7xx_ll_utils.o(i.UTILS_PLL_IsBusy) for UTILS_PLL_IsBusy
    stm32f7xx_ll_utils.o(i.LL_PLL_ConfigSystemClock_HSE) refers to stm32f7xx_ll_utils.o(i.UTILS_GetPLLOutputFrequency) for UTILS_GetPLLOutputFrequency
    stm32f7xx_ll_utils.o(i.LL_PLL_ConfigSystemClock_HSE) refers to stm32f7xx_ll_utils.o(i.LL_RCC_PLL_ConfigDomain_SYS) for LL_RCC_PLL_ConfigDomain_SYS
    stm32f7xx_ll_utils.o(i.LL_PLL_ConfigSystemClock_HSE) refers to stm32f7xx_ll_utils.o(i.UTILS_EnablePLLAndSwitchSystem) for UTILS_EnablePLLAndSwitchSystem
    stm32f7xx_ll_utils.o(i.LL_PLL_ConfigSystemClock_HSI) refers to stm32f7xx_ll_utils.o(i.UTILS_PLL_IsBusy) for UTILS_PLL_IsBusy
    stm32f7xx_ll_utils.o(i.LL_PLL_ConfigSystemClock_HSI) refers to stm32f7xx_ll_utils.o(i.UTILS_GetPLLOutputFrequency) for UTILS_GetPLLOutputFrequency
    stm32f7xx_ll_utils.o(i.LL_PLL_ConfigSystemClock_HSI) refers to stm32f7xx_ll_utils.o(i.LL_RCC_PLL_ConfigDomain_SYS) for LL_RCC_PLL_ConfigDomain_SYS
    stm32f7xx_ll_utils.o(i.LL_PLL_ConfigSystemClock_HSI) refers to stm32f7xx_ll_utils.o(i.UTILS_EnablePLLAndSwitchSystem) for UTILS_EnablePLLAndSwitchSystem
    stm32f7xx_ll_utils.o(i.LL_SetSystemCoreClock) refers to system_stm32f7xx.o(.data) for SystemCoreClock
    stm32f7xx_ll_utils.o(i.UTILS_EnablePLLAndSwitchSystem) refers to stm32f7xx_ll_utils.o(i.UTILS_SetFlashLatency) for UTILS_SetFlashLatency
    stm32f7xx_ll_utils.o(i.UTILS_EnablePLLAndSwitchSystem) refers to system_stm32f7xx.o(.data) for SystemCoreClock
    stm32f7xx_ll_utils.o(i.UTILS_EnablePLLAndSwitchSystem) refers to system_stm32f7xx.o(.constdata) for AHBPrescTable
    system_stm32f7xx.o(i.SystemCoreClockUpdate) refers to system_stm32f7xx.o(.data) for .data
    system_stm32f7xx.o(i.SystemCoreClockUpdate) refers to system_stm32f7xx.o(.constdata) for .constdata
    entry.o(.ARM.Collect$$$$00000000) refers (Special) to entry10a.o(.ARM.Collect$$$$0000000D) for __rt_final_cpp
    entry.o(.ARM.Collect$$$$00000000) refers (Special) to entry11a.o(.ARM.Collect$$$$0000000F) for __rt_final_exit
    entry.o(.ARM.Collect$$$$00000000) refers (Special) to entry7b.o(.ARM.Collect$$$$00000008) for _main_clock
    entry.o(.ARM.Collect$$$$00000000) refers (Special) to entry8b.o(.ARM.Collect$$$$0000000A) for _main_cpp_init
    entry.o(.ARM.Collect$$$$00000000) refers (Special) to entry9a.o(.ARM.Collect$$$$0000000B) for _main_init
    entry.o(.ARM.Collect$$$$00000000) refers (Special) to entry5.o(.ARM.Collect$$$$00000004) for _main_scatterload
    entry.o(.ARM.Collect$$$$00000000) refers (Special) to entry2.o(.ARM.Collect$$$$00000001) for _main_stk
    entry2.o(.ARM.Collect$$$$00000001) refers to entry2.o(.ARM.Collect$$$$00002712) for __lit__00000000
    entry2.o(.ARM.Collect$$$$00002712) refers to startup_stm32f767xx.o(STACK) for __initial_sp
    entry2.o(__vectab_stack_and_reset_area) refers to startup_stm32f767xx.o(STACK) for __initial_sp
    entry2.o(__vectab_stack_and_reset_area) refers to entry.o(.ARM.Collect$$$$00000000) for __main
    entry5.o(.ARM.Collect$$$$00000004) refers to init.o(.text) for __scatterload
    entry9a.o(.ARM.Collect$$$$0000000B) refers to main.o(i.main) for main
    entry9b.o(.ARM.Collect$$$$0000000C) refers to main.o(i.main) for main
    init.o(.text) refers to entry5.o(.ARM.Collect$$$$00000004) for __main_after_scatterload


==============================================================================

Removing Unused input sections from the image.

    Removing startup_stm32f767xx.o(HEAP), (512 bytes).
    Removing main.o(.rev16_text), (4 bytes).
    Removing main.o(.revsh_text), (4 bytes).
    Removing main.o(.rrx_text), (6 bytes).
    Removing main.o(i.Error_Handler), (2 bytes).
    Removing stm32f7xx_it.o(.rev16_text), (4 bytes).
    Removing stm32f7xx_it.o(.revsh_text), (4 bytes).
    Removing stm32f7xx_it.o(.rrx_text), (6 bytes).
    Removing nrf24.o(.rev16_text), (4 bytes).
    Removing nrf24.o(.revsh_text), (4 bytes).
    Removing nrf24.o(.rrx_text), (6 bytes).
    Removing nrf24.o(i.nRF24_ClosePipe), (30 bytes).
    Removing nrf24.o(i.nRF24_EnableAA), (28 bytes).
    Removing nrf24.o(i.nRF24_GetIRQFlags), (14 bytes).
    Removing nrf24.o(i.nRF24_GetRXSource), (14 bytes).
    Removing nrf24.o(i.nRF24_GetRetransmitCounters), (6 bytes).
    Removing nrf24.o(i.nRF24_GetStatus_TXFIFO), (14 bytes).
    Removing nrf24.o(i.nRF24_ResetPLOS), (20 bytes).
    Removing nrf24.o(i.nRF24_SetAddrWidth), (10 bytes).
    Removing nrf24.o(i.nRF24_SetAutoRetr), (12 bytes).
    Removing nrf24.o(i.nRF24_SetCRCScheme), (30 bytes).
    Removing nrf24.o(i.nRF24_SetDataRate), (26 bytes).
    Removing nrf24.o(i.nRF24_SetRFChannel), (8 bytes).
    Removing nrf24.o(i.nRF24_SetTXPower), (26 bytes).
    Removing nrf24_hal.o(.rev16_text), (4 bytes).
    Removing nrf24_hal.o(.revsh_text), (4 bytes).
    Removing nrf24_hal.o(.rrx_text), (6 bytes).
    Removing sysmic_ll_spi.o(.rev16_text), (4 bytes).
    Removing sysmic_ll_spi.o(.revsh_text), (4 bytes).
    Removing sysmic_ll_spi.o(.rrx_text), (6 bytes).
    Removing sysmic_ll_spi.o(i.SPI_ReadMultiple), (48 bytes).
    Removing sysmic_ll_spi.o(i.SPI_WriteMultiple), (46 bytes).
    Removing stm32f7xx_ll_gpio.o(.rev16_text), (4 bytes).
    Removing stm32f7xx_ll_gpio.o(.revsh_text), (4 bytes).
    Removing stm32f7xx_ll_gpio.o(.rrx_text), (6 bytes).
    Removing stm32f7xx_ll_gpio.o(i.LL_AHB1_GRP1_ForceReset), (16 bytes).
    Removing stm32f7xx_ll_gpio.o(i.LL_AHB1_GRP1_ReleaseReset), (16 bytes).
    Removing stm32f7xx_ll_gpio.o(i.LL_GPIO_DeInit), (228 bytes).
    Removing stm32f7xx_ll_gpio.o(i.LL_GPIO_StructInit), (22 bytes).
    Removing stm32f7xx_ll_spi.o(.rev16_text), (4 bytes).
    Removing stm32f7xx_ll_spi.o(.revsh_text), (4 bytes).
    Removing stm32f7xx_ll_spi.o(.rrx_text), (6 bytes).
    Removing stm32f7xx_ll_spi.o(i.LL_APB2_GRP1_ForceReset), (16 bytes).
    Removing stm32f7xx_ll_spi.o(i.LL_APB2_GRP1_ReleaseReset), (16 bytes).
    Removing stm32f7xx_ll_spi.o(i.LL_I2S_ConfigPrescaler), (16 bytes).
    Removing stm32f7xx_ll_spi.o(i.LL_I2S_DeInit), (4 bytes).
    Removing stm32f7xx_ll_spi.o(i.LL_I2S_Init), (170 bytes).
    Removing stm32f7xx_ll_spi.o(i.LL_I2S_StructInit), (18 bytes).
    Removing stm32f7xx_ll_spi.o(i.LL_SPI_DeInit), (168 bytes).
    Removing stm32f7xx_ll_spi.o(i.LL_SPI_StructInit), (30 bytes).
    Removing stm32f7xx_ll_dma.o(.rev16_text), (4 bytes).
    Removing stm32f7xx_ll_dma.o(.revsh_text), (4 bytes).
    Removing stm32f7xx_ll_dma.o(.rrx_text), (6 bytes).
    Removing stm32f7xx_ll_dma.o(i.LL_DMA_DeInit), (376 bytes).
    Removing stm32f7xx_ll_dma.o(i.LL_DMA_Init), (172 bytes).
    Removing stm32f7xx_ll_dma.o(i.LL_DMA_SetChannelSelection), (20 bytes).
    Removing stm32f7xx_ll_dma.o(i.LL_DMA_StructInit), (34 bytes).
    Removing stm32f7xx_ll_dma.o(.constdata), (8 bytes).
    Removing stm32f7xx_ll_rcc.o(.rev16_text), (4 bytes).
    Removing stm32f7xx_ll_rcc.o(.revsh_text), (4 bytes).
    Removing stm32f7xx_ll_rcc.o(.rrx_text), (6 bytes).
    Removing stm32f7xx_ll_rcc.o(i.LL_RCC_DeInit), (156 bytes).
    Removing stm32f7xx_ll_rcc.o(i.LL_RCC_GetCECClockFreq), (44 bytes).
    Removing stm32f7xx_ll_rcc.o(i.LL_RCC_GetDFSDMAudioClockFreq), (28 bytes).
    Removing stm32f7xx_ll_rcc.o(i.LL_RCC_GetDFSDMClockFreq), (44 bytes).
    Removing stm32f7xx_ll_rcc.o(i.LL_RCC_GetI2CClockFreq), (144 bytes).
    Removing stm32f7xx_ll_rcc.o(i.LL_RCC_GetI2CClockSource), (16 bytes).
    Removing stm32f7xx_ll_rcc.o(i.LL_RCC_GetI2SClockFreq), (52 bytes).
    Removing stm32f7xx_ll_rcc.o(i.LL_RCC_GetLPTIMClockFreq), (104 bytes).
    Removing stm32f7xx_ll_rcc.o(i.LL_RCC_GetLTDCClockFreq), (20 bytes).
    Removing stm32f7xx_ll_rcc.o(i.LL_RCC_GetRNGClockFreq), (44 bytes).
    Removing stm32f7xx_ll_rcc.o(i.LL_RCC_GetSAIClockFreq), (196 bytes).
    Removing stm32f7xx_ll_rcc.o(i.LL_RCC_GetSDMMCClockFreq), (100 bytes).
    Removing stm32f7xx_ll_rcc.o(i.LL_RCC_GetSPDIFRXClockFreq), (20 bytes).
    Removing stm32f7xx_ll_rcc.o(i.LL_RCC_GetSystemClocksFreq), (32 bytes).
    Removing stm32f7xx_ll_rcc.o(i.LL_RCC_GetUARTClockFreq), (188 bytes).
    Removing stm32f7xx_ll_rcc.o(i.LL_RCC_GetUARTClockSource), (16 bytes).
    Removing stm32f7xx_ll_rcc.o(i.LL_RCC_GetUSARTClockFreq), (188 bytes).
    Removing stm32f7xx_ll_rcc.o(i.LL_RCC_GetUSARTClockSource), (16 bytes).
    Removing stm32f7xx_ll_rcc.o(i.LL_RCC_GetUSBClockFreq), (44 bytes).
    Removing stm32f7xx_ll_rcc.o(i.LL_RCC_HSI_IsReady), (16 bytes).
    Removing stm32f7xx_ll_rcc.o(i.LL_RCC_LSE_IsReady), (16 bytes).
    Removing stm32f7xx_ll_rcc.o(i.LL_RCC_PLLI2S_IsReady), (16 bytes).
    Removing stm32f7xx_ll_rcc.o(i.LL_RCC_PLLSAI_IsReady), (16 bytes).
    Removing stm32f7xx_ll_rcc.o(i.LL_RCC_PLL_GetDivider), (16 bytes).
    Removing stm32f7xx_ll_rcc.o(i.LL_RCC_PLL_GetMainSource), (16 bytes).
    Removing stm32f7xx_ll_rcc.o(i.LL_RCC_PLL_IsReady), (16 bytes).
    Removing stm32f7xx_ll_rcc.o(i.RCC_GetHCLKClockFreq), (28 bytes).
    Removing stm32f7xx_ll_rcc.o(i.RCC_GetPCLK1ClockFreq), (28 bytes).
    Removing stm32f7xx_ll_rcc.o(i.RCC_GetPCLK2ClockFreq), (28 bytes).
    Removing stm32f7xx_ll_rcc.o(i.RCC_GetSystemClockFreq), (40 bytes).
    Removing stm32f7xx_ll_rcc.o(i.RCC_PLLI2S_GetFreqDomain_I2S), (64 bytes).
    Removing stm32f7xx_ll_rcc.o(i.RCC_PLLI2S_GetFreqDomain_SAI), (76 bytes).
    Removing stm32f7xx_ll_rcc.o(i.RCC_PLLI2S_GetFreqDomain_SPDIFRX), (64 bytes).
    Removing stm32f7xx_ll_rcc.o(i.RCC_PLLSAI_GetFreqDomain_48M), (64 bytes).
    Removing stm32f7xx_ll_rcc.o(i.RCC_PLLSAI_GetFreqDomain_LTDC), (84 bytes).
    Removing stm32f7xx_ll_rcc.o(i.RCC_PLLSAI_GetFreqDomain_SAI), (76 bytes).
    Removing stm32f7xx_ll_rcc.o(i.RCC_PLL_GetFreqDomain_48M), (60 bytes).
    Removing stm32f7xx_ll_rcc.o(i.RCC_PLL_GetFreqDomain_SYS), (64 bytes).
    Removing stm32f7xx_ll_rcc.o(.constdata), (4 bytes).
    Removing stm32f7xx_ll_utils.o(.rev16_text), (4 bytes).
    Removing stm32f7xx_ll_utils.o(.revsh_text), (4 bytes).
    Removing stm32f7xx_ll_utils.o(.rrx_text), (6 bytes).
    Removing stm32f7xx_ll_utils.o(i.LL_PLL_ConfigSystemClock_HSE), (108 bytes).
    Removing stm32f7xx_ll_utils.o(i.LL_PLL_ConfigSystemClock_HSI), (84 bytes).
    Removing stm32f7xx_ll_utils.o(i.LL_RCC_PLL_ConfigDomain_SYS), (32 bytes).
    Removing stm32f7xx_ll_utils.o(i.UTILS_EnablePLLAndSwitchSystem), (152 bytes).
    Removing stm32f7xx_ll_utils.o(i.UTILS_GetPLLOutputFrequency), (34 bytes).
    Removing stm32f7xx_ll_utils.o(i.UTILS_PLL_IsBusy), (44 bytes).
    Removing stm32f7xx_ll_utils.o(i.UTILS_SetFlashLatency), (196 bytes).
    Removing stm32f7xx_ll_exti.o(.rev16_text), (4 bytes).
    Removing stm32f7xx_ll_exti.o(.revsh_text), (4 bytes).
    Removing stm32f7xx_ll_exti.o(.rrx_text), (6 bytes).
    Removing stm32f7xx_ll_exti.o(i.LL_EXTI_DeInit), (40 bytes).
    Removing stm32f7xx_ll_exti.o(i.LL_EXTI_Init), (164 bytes).
    Removing stm32f7xx_ll_exti.o(i.LL_EXTI_StructInit), (14 bytes).
    Removing system_stm32f7xx.o(.rev16_text), (4 bytes).
    Removing system_stm32f7xx.o(.revsh_text), (4 bytes).
    Removing system_stm32f7xx.o(.rrx_text), (6 bytes).
    Removing system_stm32f7xx.o(i.SystemCoreClockUpdate), (128 bytes).
    Removing system_stm32f7xx.o(.constdata), (16 bytes).
    Removing system_stm32f7xx.o(.constdata), (8 bytes).

122 unused section(s) (total 5608 bytes) removed from the image.

==============================================================================

Image Symbol Table

    Local Symbols

    Symbol Name                              Value     Ov Type        Size  Object(Section)

    ../Drivers/STM32F7xx_HAL_Driver/Src/stm32f7xx_ll_dma.c 0x00000000   Number         0  stm32f7xx_ll_dma.o ABSOLUTE
    ../Drivers/STM32F7xx_HAL_Driver/Src/stm32f7xx_ll_exti.c 0x00000000   Number         0  stm32f7xx_ll_exti.o ABSOLUTE
    ../Drivers/STM32F7xx_HAL_Driver/Src/stm32f7xx_ll_gpio.c 0x00000000   Number         0  stm32f7xx_ll_gpio.o ABSOLUTE
    ../Drivers/STM32F7xx_HAL_Driver/Src/stm32f7xx_ll_rcc.c 0x00000000   Number         0  stm32f7xx_ll_rcc.o ABSOLUTE
    ../Drivers/STM32F7xx_HAL_Driver/Src/stm32f7xx_ll_spi.c 0x00000000   Number         0  stm32f7xx_ll_spi.o ABSOLUTE
    ../Drivers/STM32F7xx_HAL_Driver/Src/stm32f7xx_ll_utils.c 0x00000000   Number         0  stm32f7xx_ll_utils.o ABSOLUTE
    ../Src/main.c                            0x00000000   Number         0  main.o ABSOLUTE
    ../Src/stm32f7xx_it.c                    0x00000000   Number         0  stm32f7xx_it.o ABSOLUTE
    ../Src/system_stm32f7xx.c                0x00000000   Number         0  system_stm32f7xx.o ABSOLUTE
    ../clib/microlib/init/entry.s            0x00000000   Number         0  entry11b.o ABSOLUTE
    ../clib/microlib/init/entry.s            0x00000000   Number         0  entry11a.o ABSOLUTE
    ../clib/microlib/init/entry.s            0x00000000   Number         0  entry10b.o ABSOLUTE
    ../clib/microlib/init/entry.s            0x00000000   Number         0  entry10a.o ABSOLUTE
    ../clib/microlib/init/entry.s            0x00000000   Number         0  entry9b.o ABSOLUTE
    ../clib/microlib/init/entry.s            0x00000000   Number         0  entry8b.o ABSOLUTE
    ../clib/microlib/init/entry.s            0x00000000   Number         0  entry8a.o ABSOLUTE
    ../clib/microlib/init/entry.s            0x00000000   Number         0  entry7b.o ABSOLUTE
    ../clib/microlib/init/entry.s            0x00000000   Number         0  entry7a.o ABSOLUTE
    ../clib/microlib/init/entry.s            0x00000000   Number         0  entry5.o ABSOLUTE
    ../clib/microlib/init/entry.s            0x00000000   Number         0  entry2.o ABSOLUTE
    ../clib/microlib/init/entry.s            0x00000000   Number         0  entry9a.o ABSOLUTE
    ../clib/microlib/init/entry.s            0x00000000   Number         0  entry.o ABSOLUTE
    ../clib/microlib/string/memset.c         0x00000000   Number         0  memseta.o ABSOLUTE
    ..\Drivers\STM32F7xx_HAL_Driver\Src\stm32f7xx_ll_dma.c 0x00000000   Number         0  stm32f7xx_ll_dma.o ABSOLUTE
    ..\Drivers\STM32F7xx_HAL_Driver\Src\stm32f7xx_ll_exti.c 0x00000000   Number         0  stm32f7xx_ll_exti.o ABSOLUTE
    ..\Drivers\STM32F7xx_HAL_Driver\Src\stm32f7xx_ll_gpio.c 0x00000000   Number         0  stm32f7xx_ll_gpio.o ABSOLUTE
    ..\Drivers\STM32F7xx_HAL_Driver\Src\stm32f7xx_ll_rcc.c 0x00000000   Number         0  stm32f7xx_ll_rcc.o ABSOLUTE
    ..\Drivers\STM32F7xx_HAL_Driver\Src\stm32f7xx_ll_spi.c 0x00000000   Number         0  stm32f7xx_ll_spi.o ABSOLUTE
    ..\Drivers\STM32F7xx_HAL_Driver\Src\stm32f7xx_ll_utils.c 0x00000000   Number         0  stm32f7xx_ll_utils.o ABSOLUTE
    ..\Src\main.c                            0x00000000   Number         0  main.o ABSOLUTE
    ..\Src\nrf24.c                           0x00000000   Number         0  nrf24.o ABSOLUTE
    ..\Src\nrf24_hal.c                       0x00000000   Number         0  nrf24_hal.o ABSOLUTE
    ..\Src\stm32f7xx_it.c                    0x00000000   Number         0  stm32f7xx_it.o ABSOLUTE
    ..\Src\sysmic_ll_spi.c                   0x00000000   Number         0  sysmic_ll_spi.o ABSOLUTE
    ..\Src\system_stm32f7xx.c                0x00000000   Number         0  system_stm32f7xx.o ABSOLUTE
    ..\\Src\\nrf24.c                         0x00000000   Number         0  nrf24.o ABSOLUTE
    ..\\Src\\nrf24_hal.c                     0x00000000   Number         0  nrf24_hal.o ABSOLUTE
    ..\\Src\\sysmic_ll_spi.c                 0x00000000   Number         0  sysmic_ll_spi.o ABSOLUTE
    dc.s                                     0x00000000   Number         0  dc.o ABSOLUTE
    handlers.s                               0x00000000   Number         0  handlers.o ABSOLUTE
    init.s                                   0x00000000   Number         0  init.o ABSOLUTE
    startup_stm32f767xx.s                    0x00000000   Number         0  startup_stm32f767xx.o ABSOLUTE
    RESET                                    0x08000000   Section      504  startup_stm32f767xx.o(RESET)
    .ARM.Collect$$$$00000000                 0x080001f8   Section        0  entry.o(.ARM.Collect$$$$00000000)
    .ARM.Collect$$$$00000001                 0x080001f8   Section        4  entry2.o(.ARM.Collect$$$$00000001)
    .ARM.Collect$$$$00000004                 0x080001fc   Section        4  entry5.o(.ARM.Collect$$$$00000004)
    .ARM.Collect$$$$00000008                 0x08000200   Section        0  entry7b.o(.ARM.Collect$$$$00000008)
    .ARM.Collect$$$$0000000A                 0x08000200   Section        0  entry8b.o(.ARM.Collect$$$$0000000A)
    .ARM.Collect$$$$0000000B                 0x08000200   Section        8  entry9a.o(.ARM.Collect$$$$0000000B)
    .ARM.Collect$$$$0000000D                 0x08000208   Section        0  entry10a.o(.ARM.Collect$$$$0000000D)
    .ARM.Collect$$$$0000000F                 0x08000208   Section        0  entry11a.o(.ARM.Collect$$$$0000000F)
    .ARM.Collect$$$$00002712                 0x08000208   Section        4  entry2.o(.ARM.Collect$$$$00002712)
    __lit__00000000                          0x08000208   Data           4  entry2.o(.ARM.Collect$$$$00002712)
    .text                                    0x0800020c   Section       36  startup_stm32f767xx.o(.text)
    $v0                                      0x0800020c   Number         0  startup_stm32f767xx.o(.text)
    .text                                    0x08000230   Section        0  memseta.o(.text)
    .text                                    0x08000254   Section       36  init.o(.text)
    i.BusFault_Handler                       0x08000278   Section        0  stm32f7xx_it.o(i.BusFault_Handler)
    i.DebugMon_Handler                       0x0800027a   Section        0  stm32f7xx_it.o(i.DebugMon_Handler)
    i.HardFault_Handler                      0x0800027c   Section        0  stm32f7xx_it.o(i.HardFault_Handler)
    i.LL_AHB1_GRP1_EnableClock               0x08000280   Section        0  main.o(i.LL_AHB1_GRP1_EnableClock)
    LL_AHB1_GRP1_EnableClock                 0x08000281   Thumb Code    18  main.o(i.LL_AHB1_GRP1_EnableClock)
    i.LL_APB2_GRP1_EnableClock               0x08000298   Section        0  main.o(i.LL_APB2_GRP1_EnableClock)
    LL_APB2_GRP1_EnableClock                 0x08000299   Thumb Code    18  main.o(i.LL_APB2_GRP1_EnableClock)
    i.LL_GPIO_Init                           0x080002b0   Section        0  stm32f7xx_ll_gpio.o(i.LL_GPIO_Init)
    i.LL_Init1msTick                         0x080003e6   Section        0  stm32f7xx_ll_utils.o(i.LL_Init1msTick)
    i.LL_SPI_Init                            0x08000400   Section        0  stm32f7xx_ll_spi.o(i.LL_SPI_Init)
    i.LL_SetSystemCoreClock                  0x08000468   Section        0  stm32f7xx_ll_utils.o(i.LL_SetSystemCoreClock)
    i.LL_mDelay                              0x08000474   Section        0  stm32f7xx_ll_utils.o(i.LL_mDelay)
    i.MX_GPIO_Init                           0x08000494   Section        0  main.o(i.MX_GPIO_Init)
    MX_GPIO_Init                             0x08000495   Thumb Code   190  main.o(i.MX_GPIO_Init)
    i.MX_SPI1_Init                           0x0800055c   Section        0  main.o(i.MX_SPI1_Init)
    MX_SPI1_Init                             0x0800055d   Thumb Code   184  main.o(i.MX_SPI1_Init)
    i.MemManage_Handler                      0x0800061c   Section        0  stm32f7xx_it.o(i.MemManage_Handler)
    i.NMI_Handler                            0x0800061e   Section        0  stm32f7xx_it.o(i.NMI_Handler)
    i.PendSV_Handler                         0x08000620   Section        0  stm32f7xx_it.o(i.PendSV_Handler)
    i.SPI_Write                              0x08000622   Section        0  sysmic_ll_spi.o(i.SPI_Write)
    i.SVC_Handler                            0x08000648   Section        0  stm32f7xx_it.o(i.SVC_Handler)
    i.SysTick_Handler                        0x0800064a   Section        0  stm32f7xx_it.o(i.SysTick_Handler)
    i.SystemClock_Config                     0x0800064c   Section        0  main.o(i.SystemClock_Config)
    i.SystemInit                             0x08000718   Section        0  system_stm32f7xx.o(i.SystemInit)
    i.UsageFault_Handler                     0x0800076c   Section        0  stm32f7xx_it.o(i.UsageFault_Handler)
    i.__scatterload_copy                     0x0800076e   Section       14  handlers.o(i.__scatterload_copy)
    i.__scatterload_null                     0x0800077c   Section        2  handlers.o(i.__scatterload_null)
    i.__scatterload_zeroinit                 0x0800077e   Section       14  handlers.o(i.__scatterload_zeroinit)
    i.main                                   0x0800078c   Section        0  main.o(i.main)
    i.nRF24_Check                            0x08000904   Section        0  nrf24.o(i.nRF24_Check)
    i.nRF24_ClearIRQFlags                    0x08000944   Section        0  nrf24.o(i.nRF24_ClearIRQFlags)
    i.nRF24_DisableAA                        0x0800095a   Section        0  nrf24.o(i.nRF24_DisableAA)
    i.nRF24_FlushRX                          0x0800097e   Section        0  nrf24.o(i.nRF24_FlushRX)
    i.nRF24_FlushTX                          0x08000986   Section        0  nrf24.o(i.nRF24_FlushTX)
    i.nRF24_GPIO_Init                        0x08000990   Section        0  nrf24_hal.o(i.nRF24_GPIO_Init)
    i.nRF24_GetStatus                        0x080009a4   Section        0  nrf24.o(i.nRF24_GetStatus)
    i.nRF24_GetStatus_RXFIFO                 0x080009aa   Section        0  nrf24.o(i.nRF24_GetStatus_RXFIFO)
    i.nRF24_Init                             0x080009b8   Section        0  nrf24.o(i.nRF24_Init)
    i.nRF24_LL_RW                            0x08000a54   Section        0  nrf24_hal.o(i.nRF24_LL_RW)
    i.nRF24_ReadMBReg                        0x08000a60   Section        0  nrf24.o(i.nRF24_ReadMBReg)
    nRF24_ReadMBReg                          0x08000a61   Thumb Code    46  nrf24.o(i.nRF24_ReadMBReg)
    i.nRF24_ReadPayload                      0x08000a94   Section        0  nrf24.o(i.nRF24_ReadPayload)
    i.nRF24_ReadReg                          0x08000ad0   Section        0  nrf24.o(i.nRF24_ReadReg)
    nRF24_ReadReg                            0x08000ad1   Thumb Code    30  nrf24.o(i.nRF24_ReadReg)
    i.nRF24_SetAddr                          0x08000af4   Section        0  nrf24.o(i.nRF24_SetAddr)
    i.nRF24_SetOperationalMode               0x08000b94   Section        0  nrf24.o(i.nRF24_SetOperationalMode)
    i.nRF24_SetPowerMode                     0x08000bb2   Section        0  nrf24.o(i.nRF24_SetPowerMode)
    i.nRF24_SetRXPipe                        0x08000bd4   Section        0  nrf24.o(i.nRF24_SetRXPipe)
    i.nRF24_WriteMBReg                       0x08000c24   Section        0  nrf24.o(i.nRF24_WriteMBReg)
    nRF24_WriteMBReg                         0x08000c25   Thumb Code    40  nrf24.o(i.nRF24_WriteMBReg)
    i.nRF24_WritePayload                     0x08000c50   Section        0  nrf24.o(i.nRF24_WritePayload)
    i.nRF24_WriteReg                         0x08000c5c   Section        0  nrf24.o(i.nRF24_WriteReg)
    nRF24_WriteReg                           0x08000c5d   Thumb Code    70  nrf24.o(i.nRF24_WriteReg)
    .constdata                               0x08000ca8   Section       13  nrf24.o(.constdata)
    nRF24_RX_PW_PIPE                         0x08000ca8   Data           6  nrf24.o(.constdata)
    nRF24_ADDR_REGS                          0x08000cae   Data           7  nrf24.o(.constdata)
    .data                                    0x20000000   Section       13  main.o(.data)
    .data                                    0x20000010   Section        4  system_stm32f7xx.o(.data)
    .bss                                     0x20000014   Section       32  main.o(.bss)
    STACK                                    0x20000038   Section     1024  startup_stm32f767xx.o(STACK)

    Global Symbols

    Symbol Name                              Value     Ov Type        Size  Object(Section)

    BuildAttributes$$THM_ISAv4$E$P$D$K$B$S$7EM$VFPv5_D16$PE$PLD8$A:L22UL41UL21$X:L11$S22US41US21$IEEE1$IW$USESV6$~STKCKD$USESV7$~SHL$OSPACE$EBA8$MICROLIB$REQ8$PRES8$EABIv2 0x00000000   Number         0  anon$$obj.o ABSOLUTE
    __ARM_use_no_argv                        0x00000000   Number         0  main.o ABSOLUTE
    __cpp_initialize__aeabi_                  - Undefined Weak Reference
    __cxa_finalize                            - Undefined Weak Reference
    __decompress                              - Undefined Weak Reference
    _clock_init                               - Undefined Weak Reference
    _microlib_exit                            - Undefined Weak Reference
    __Vectors_Size                           0x000001f8   Number         0  startup_stm32f767xx.o ABSOLUTE
    __Vectors                                0x08000000   Data           4  startup_stm32f767xx.o(RESET)
    __Vectors_End                            0x080001f8   Data           0  startup_stm32f767xx.o(RESET)
    __main                                   0x080001f9   Thumb Code     0  entry.o(.ARM.Collect$$$$00000000)
    _main_stk                                0x080001f9   Thumb Code     0  entry2.o(.ARM.Collect$$$$00000001)
    _main_scatterload                        0x080001fd   Thumb Code     0  entry5.o(.ARM.Collect$$$$00000004)
    __main_after_scatterload                 0x08000201   Thumb Code     0  entry5.o(.ARM.Collect$$$$00000004)
    _main_clock                              0x08000201   Thumb Code     0  entry7b.o(.ARM.Collect$$$$00000008)
    _main_cpp_init                           0x08000201   Thumb Code     0  entry8b.o(.ARM.Collect$$$$0000000A)
    _main_init                               0x08000201   Thumb Code     0  entry9a.o(.ARM.Collect$$$$0000000B)
    __rt_final_cpp                           0x08000209   Thumb Code     0  entry10a.o(.ARM.Collect$$$$0000000D)
    __rt_final_exit                          0x08000209   Thumb Code     0  entry11a.o(.ARM.Collect$$$$0000000F)
    Reset_Handler                            0x0800020d   Thumb Code     8  startup_stm32f767xx.o(.text)
    ADC_IRQHandler                           0x08000227   Thumb Code     0  startup_stm32f767xx.o(.text)
    CAN1_RX0_IRQHandler                      0x08000227   Thumb Code     0  startup_stm32f767xx.o(.text)
    CAN1_RX1_IRQHandler                      0x08000227   Thumb Code     0  startup_stm32f767xx.o(.text)
    CAN1_SCE_IRQHandler                      0x08000227   Thumb Code     0  startup_stm32f767xx.o(.text)
    CAN1_TX_IRQHandler                       0x08000227   Thumb Code     0  startup_stm32f767xx.o(.text)
    CAN2_RX0_IRQHandler                      0x08000227   Thumb Code     0  startup_stm32f767xx.o(.text)
    CAN2_RX1_IRQHandler                      0x08000227   Thumb Code     0  startup_stm32f767xx.o(.text)
    CAN2_SCE_IRQHandler                      0x08000227   Thumb Code     0  startup_stm32f767xx.o(.text)
    CAN2_TX_IRQHandler                       0x08000227   Thumb Code     0  startup_stm32f767xx.o(.text)
    CAN3_RX0_IRQHandler                      0x08000227   Thumb Code     0  startup_stm32f767xx.o(.text)
    CAN3_RX1_IRQHandler                      0x08000227   Thumb Code     0  startup_stm32f767xx.o(.text)
    CAN3_SCE_IRQHandler                      0x08000227   Thumb Code     0  startup_stm32f767xx.o(.text)
    CAN3_TX_IRQHandler                       0x08000227   Thumb Code     0  startup_stm32f767xx.o(.text)
    CEC_IRQHandler                           0x08000227   Thumb Code     0  startup_stm32f767xx.o(.text)
    DCMI_IRQHandler                          0x08000227   Thumb Code     0  startup_stm32f767xx.o(.text)
    DFSDM1_FLT0_IRQHandler                   0x08000227   Thumb Code     0  startup_stm32f767xx.o(.text)
    DFSDM1_FLT1_IRQHandler                   0x08000227   Thumb Code     0  startup_stm32f767xx.o(.text)
    DFSDM1_FLT2_IRQHandler                   0x08000227   Thumb Code     0  startup_stm32f767xx.o(.text)
    DFSDM1_FLT3_IRQHandler                   0x08000227   Thumb Code     0  startup_stm32f767xx.o(.text)
    DMA1_Stream0_IRQHandler                  0x08000227   Thumb Code     0  startup_stm32f767xx.o(.text)
    DMA1_Stream1_IRQHandler                  0x08000227   Thumb Code     0  startup_stm32f767xx.o(.text)
    DMA1_Stream2_IRQHandler                  0x08000227   Thumb Code     0  startup_stm32f767xx.o(.text)
    DMA1_Stream3_IRQHandler                  0x08000227   Thumb Code     0  startup_stm32f767xx.o(.text)
    DMA1_Stream4_IRQHandler                  0x08000227   Thumb Code     0  startup_stm32f767xx.o(.text)
    DMA1_Stream5_IRQHandler                  0x08000227   Thumb Code     0  startup_stm32f767xx.o(.text)
    DMA1_Stream6_IRQHandler                  0x08000227   Thumb Code     0  startup_stm32f767xx.o(.text)
    DMA1_Stream7_IRQHandler                  0x08000227   Thumb Code     0  startup_stm32f767xx.o(.text)
    DMA2D_IRQHandler                         0x08000227   Thumb Code     0  startup_stm32f767xx.o(.text)
    DMA2_Stream0_IRQHandler                  0x08000227   Thumb Code     0  startup_stm32f767xx.o(.text)
    DMA2_Stream1_IRQHandler                  0x08000227   Thumb Code     0  startup_stm32f767xx.o(.text)
    DMA2_Stream2_IRQHandler                  0x08000227   Thumb Code     0  startup_stm32f767xx.o(.text)
    DMA2_Stream3_IRQHandler                  0x08000227   Thumb Code     0  startup_stm32f767xx.o(.text)
    DMA2_Stream4_IRQHandler                  0x08000227   Thumb Code     0  startup_stm32f767xx.o(.text)
    DMA2_Stream5_IRQHandler                  0x08000227   Thumb Code     0  startup_stm32f767xx.o(.text)
    DMA2_Stream6_IRQHandler                  0x08000227   Thumb Code     0  startup_stm32f767xx.o(.text)
    DMA2_Stream7_IRQHandler                  0x08000227   Thumb Code     0  startup_stm32f767xx.o(.text)
    ETH_IRQHandler                           0x08000227   Thumb Code     0  startup_stm32f767xx.o(.text)
    ETH_WKUP_IRQHandler                      0x08000227   Thumb Code     0  startup_stm32f767xx.o(.text)
    EXTI0_IRQHandler                         0x08000227   Thumb Code     0  startup_stm32f767xx.o(.text)
    EXTI15_10_IRQHandler                     0x08000227   Thumb Code     0  startup_stm32f767xx.o(.text)
    EXTI1_IRQHandler                         0x08000227   Thumb Code     0  startup_stm32f767xx.o(.text)
    EXTI2_IRQHandler                         0x08000227   Thumb Code     0  startup_stm32f767xx.o(.text)
    EXTI3_IRQHandler                         0x08000227   Thumb Code     0  startup_stm32f767xx.o(.text)
    EXTI4_IRQHandler                         0x08000227   Thumb Code     0  startup_stm32f767xx.o(.text)
    EXTI9_5_IRQHandler                       0x08000227   Thumb Code     0  startup_stm32f767xx.o(.text)
    FLASH_IRQHandler                         0x08000227   Thumb Code     0  startup_stm32f767xx.o(.text)
    FMC_IRQHandler                           0x08000227   Thumb Code     0  startup_stm32f767xx.o(.text)
    FPU_IRQHandler                           0x08000227   Thumb Code     0  startup_stm32f767xx.o(.text)
    I2C1_ER_IRQHandler                       0x08000227   Thumb Code     0  startup_stm32f767xx.o(.text)
    I2C1_EV_IRQHandler                       0x08000227   Thumb Code     0  startup_stm32f767xx.o(.text)
    I2C2_ER_IRQHandler                       0x08000227   Thumb Code     0  startup_stm32f767xx.o(.text)
    I2C2_EV_IRQHandler                       0x08000227   Thumb Code     0  startup_stm32f767xx.o(.text)
    I2C3_ER_IRQHandler                       0x08000227   Thumb Code     0  startup_stm32f767xx.o(.text)
    I2C3_EV_IRQHandler                       0x08000227   Thumb Code     0  startup_stm32f767xx.o(.text)
    I2C4_ER_IRQHandler                       0x08000227   Thumb Code     0  startup_stm32f767xx.o(.text)
    I2C4_EV_IRQHandler                       0x08000227   Thumb Code     0  startup_stm32f767xx.o(.text)
    JPEG_IRQHandler                          0x08000227   Thumb Code     0  startup_stm32f767xx.o(.text)
    LPTIM1_IRQHandler                        0x08000227   Thumb Code     0  startup_stm32f767xx.o(.text)
    LTDC_ER_IRQHandler                       0x08000227   Thumb Code     0  startup_stm32f767xx.o(.text)
    LTDC_IRQHandler                          0x08000227   Thumb Code     0  startup_stm32f767xx.o(.text)
    MDIOS_IRQHandler                         0x08000227   Thumb Code     0  startup_stm32f767xx.o(.text)
    OTG_FS_IRQHandler                        0x08000227   Thumb Code     0  startup_stm32f767xx.o(.text)
    OTG_FS_WKUP_IRQHandler                   0x08000227   Thumb Code     0  startup_stm32f767xx.o(.text)
    OTG_HS_EP1_IN_IRQHandler                 0x08000227   Thumb Code     0  startup_stm32f767xx.o(.text)
    OTG_HS_EP1_OUT_IRQHandler                0x08000227   Thumb Code     0  startup_stm32f767xx.o(.text)
    OTG_HS_IRQHandler                        0x08000227   Thumb Code     0  startup_stm32f767xx.o(.text)
    OTG_HS_WKUP_IRQHandler                   0x08000227   Thumb Code     0  startup_stm32f767xx.o(.text)
    PVD_IRQHandler                           0x08000227   Thumb Code     0  startup_stm32f767xx.o(.text)
    QUADSPI_IRQHandler                       0x08000227   Thumb Code     0  startup_stm32f767xx.o(.text)
    RCC_IRQHandler                           0x08000227   Thumb Code     0  startup_stm32f767xx.o(.text)
    RNG_IRQHandler                           0x08000227   Thumb Code     0  startup_stm32f767xx.o(.text)
    RTC_Alarm_IRQHandler                     0x08000227   Thumb Code     0  startup_stm32f767xx.o(.text)
    RTC_WKUP_IRQHandler                      0x08000227   Thumb Code     0  startup_stm32f767xx.o(.text)
    SAI1_IRQHandler                          0x08000227   Thumb Code     0  startup_stm32f767xx.o(.text)
    SAI2_IRQHandler                          0x08000227   Thumb Code     0  startup_stm32f767xx.o(.text)
    SDMMC1_IRQHandler                        0x08000227   Thumb Code     0  startup_stm32f767xx.o(.text)
    SDMMC2_IRQHandler                        0x08000227   Thumb Code     0  startup_stm32f767xx.o(.text)
    SPDIF_RX_IRQHandler                      0x08000227   Thumb Code     0  startup_stm32f767xx.o(.text)
    SPI1_IRQHandler                          0x08000227   Thumb Code     0  startup_stm32f767xx.o(.text)
    SPI2_IRQHandler                          0x08000227   Thumb Code     0  startup_stm32f767xx.o(.text)
    SPI3_IRQHandler                          0x08000227   Thumb Code     0  startup_stm32f767xx.o(.text)
    SPI4_IRQHandler                          0x08000227   Thumb Code     0  startup_stm32f767xx.o(.text)
    SPI5_IRQHandler                          0x08000227   Thumb Code     0  startup_stm32f767xx.o(.text)
    SPI6_IRQHandler                          0x08000227   Thumb Code     0  startup_stm32f767xx.o(.text)
    TAMP_STAMP_IRQHandler                    0x08000227   Thumb Code     0  startup_stm32f767xx.o(.text)
    TIM1_BRK_TIM9_IRQHandler                 0x08000227   Thumb Code     0  startup_stm32f767xx.o(.text)
    TIM1_CC_IRQHandler                       0x08000227   Thumb Code     0  startup_stm32f767xx.o(.text)
    TIM1_TRG_COM_TIM11_IRQHandler            0x08000227   Thumb Code     0  startup_stm32f767xx.o(.text)
    TIM1_UP_TIM10_IRQHandler                 0x08000227   Thumb Code     0  startup_stm32f767xx.o(.text)
    TIM2_IRQHandler                          0x08000227   Thumb Code     0  startup_stm32f767xx.o(.text)
    TIM3_IRQHandler                          0x08000227   Thumb Code     0  startup_stm32f767xx.o(.text)
    TIM4_IRQHandler                          0x08000227   Thumb Code     0  startup_stm32f767xx.o(.text)
    TIM5_IRQHandler                          0x08000227   Thumb Code     0  startup_stm32f767xx.o(.text)
    TIM6_DAC_IRQHandler                      0x08000227   Thumb Code     0  startup_stm32f767xx.o(.text)
    TIM7_IRQHandler                          0x08000227   Thumb Code     0  startup_stm32f767xx.o(.text)
    TIM8_BRK_TIM12_IRQHandler                0x08000227   Thumb Code     0  startup_stm32f767xx.o(.text)
    TIM8_CC_IRQHandler                       0x08000227   Thumb Code     0  startup_stm32f767xx.o(.text)
    TIM8_TRG_COM_TIM14_IRQHandler            0x08000227   Thumb Code     0  startup_stm32f767xx.o(.text)
    TIM8_UP_TIM13_IRQHandler                 0x08000227   Thumb Code     0  startup_stm32f767xx.o(.text)
    UART4_IRQHandler                         0x08000227   Thumb Code     0  startup_stm32f767xx.o(.text)
    UART5_IRQHandler                         0x08000227   Thumb Code     0  startup_stm32f767xx.o(.text)
    UART7_IRQHandler                         0x08000227   Thumb Code     0  startup_stm32f767xx.o(.text)
    UART8_IRQHandler                         0x08000227   Thumb Code     0  startup_stm32f767xx.o(.text)
    USART1_IRQHandler                        0x08000227   Thumb Code     0  startup_stm32f767xx.o(.text)
    USART2_IRQHandler                        0x08000227   Thumb Code     0  startup_stm32f767xx.o(.text)
    USART3_IRQHandler                        0x08000227   Thumb Code     0  startup_stm32f767xx.o(.text)
    USART6_IRQHandler                        0x08000227   Thumb Code     0  startup_stm32f767xx.o(.text)
    WWDG_IRQHandler                          0x08000227   Thumb Code     0  startup_stm32f767xx.o(.text)
    __aeabi_memset                           0x08000231   Thumb Code    14  memseta.o(.text)
    __aeabi_memset4                          0x08000231   Thumb Code     0  memseta.o(.text)
    __aeabi_memset8                          0x08000231   Thumb Code     0  memseta.o(.text)
    __aeabi_memclr                           0x0800023f   Thumb Code     4  memseta.o(.text)
    __aeabi_memclr4                          0x0800023f   Thumb Code     0  memseta.o(.text)
    __aeabi_memclr8                          0x0800023f   Thumb Code     0  memseta.o(.text)
    _memset$wrapper                          0x08000243   Thumb Code    18  memseta.o(.text)
    __scatterload                            0x08000255   Thumb Code    28  init.o(.text)
    __scatterload_rt2                        0x08000255   Thumb Code     0  init.o(.text)
    BusFault_Handler                         0x08000279   Thumb Code     2  stm32f7xx_it.o(i.BusFault_Handler)
    DebugMon_Handler                         0x0800027b   Thumb Code     2  stm32f7xx_it.o(i.DebugMon_Handler)
    HardFault_Handler                        0x0800027d   Thumb Code     2  stm32f7xx_it.o(i.HardFault_Handler)
    LL_GPIO_Init                             0x080002b1   Thumb Code   310  stm32f7xx_ll_gpio.o(i.LL_GPIO_Init)
    LL_Init1msTick                           0x080003e7   Thumb Code    26  stm32f7xx_ll_utils.o(i.LL_Init1msTick)
    LL_SPI_Init                              0x08000401   Thumb Code   102  stm32f7xx_ll_spi.o(i.LL_SPI_Init)
    LL_SetSystemCoreClock                    0x08000469   Thumb Code     6  stm32f7xx_ll_utils.o(i.LL_SetSystemCoreClock)
    LL_mDelay                                0x08000475   Thumb Code    30  stm32f7xx_ll_utils.o(i.LL_mDelay)
    MemManage_Handler                        0x0800061d   Thumb Code     2  stm32f7xx_it.o(i.MemManage_Handler)
    NMI_Handler                              0x0800061f   Thumb Code     2  stm32f7xx_it.o(i.NMI_Handler)
    PendSV_Handler                           0x08000621   Thumb Code     2  stm32f7xx_it.o(i.PendSV_Handler)
    SPI_Write                                0x08000623   Thumb Code    38  sysmic_ll_spi.o(i.SPI_Write)
    SVC_Handler                              0x08000649   Thumb Code     2  stm32f7xx_it.o(i.SVC_Handler)
    SysTick_Handler                          0x0800064b   Thumb Code     2  stm32f7xx_it.o(i.SysTick_Handler)
    SystemClock_Config                       0x0800064d   Thumb Code   178  main.o(i.SystemClock_Config)
    SystemInit                               0x08000719   Thumb Code    68  system_stm32f7xx.o(i.SystemInit)
    UsageFault_Handler                       0x0800076d   Thumb Code     2  stm32f7xx_it.o(i.UsageFault_Handler)
    __scatterload_copy                       0x0800076f   Thumb Code    14  handlers.o(i.__scatterload_copy)
    __scatterload_null                       0x0800077d   Thumb Code     2  handlers.o(i.__scatterload_null)
    __scatterload_zeroinit                   0x0800077f   Thumb Code    14  handlers.o(i.__scatterload_zeroinit)
    main                                     0x0800078d   Thumb Code   342  main.o(i.main)
    nRF24_Check                              0x08000905   Thumb Code    54  nrf24.o(i.nRF24_Check)
    nRF24_ClearIRQFlags                      0x08000945   Thumb Code    22  nrf24.o(i.nRF24_ClearIRQFlags)
    nRF24_DisableAA                          0x0800095b   Thumb Code    36  nrf24.o(i.nRF24_DisableAA)
    nRF24_FlushRX                            0x0800097f   Thumb Code     8  nrf24.o(i.nRF24_FlushRX)
    nRF24_FlushTX                            0x08000987   Thumb Code     8  nrf24.o(i.nRF24_FlushTX)
    nRF24_GPIO_Init                          0x08000991   Thumb Code    14  nrf24_hal.o(i.nRF24_GPIO_Init)
    nRF24_GetStatus                          0x080009a5   Thumb Code     6  nrf24.o(i.nRF24_GetStatus)
    nRF24_GetStatus_RXFIFO                   0x080009ab   Thumb Code    14  nrf24.o(i.nRF24_GetStatus_RXFIFO)
    nRF24_Init                               0x080009b9   Thumb Code   152  nrf24.o(i.nRF24_Init)
    nRF24_LL_RW                              0x08000a55   Thumb Code     8  nrf24_hal.o(i.nRF24_LL_RW)
    nRF24_ReadPayload                        0x08000a95   Thumb Code    54  nrf24.o(i.nRF24_ReadPayload)
    nRF24_SetAddr                            0x08000af5   Thumb Code   152  nrf24.o(i.nRF24_SetAddr)
    nRF24_SetOperationalMode                 0x08000b95   Thumb Code    30  nrf24.o(i.nRF24_SetOperationalMode)
    nRF24_SetPowerMode                       0x08000bb3   Thumb Code    34  nrf24.o(i.nRF24_SetPowerMode)
    nRF24_SetRXPipe                          0x08000bd5   Thumb Code    74  nrf24.o(i.nRF24_SetRXPipe)
    nRF24_WritePayload                       0x08000c51   Thumb Code    10  nrf24.o(i.nRF24_WritePayload)
    Region$$Table$$Base                      0x08000cb8   Number         0  anon$$obj.o(Region$$Table)
    Region$$Table$$Limit                     0x08000cd8   Number         0  anon$$obj.o(Region$$Table)
    rxLen                                    0x20000000   Data           1  main.o(.data)
    checkSPI                                 0x20000004   Data           4  main.o(.data)
    rxAddr                                   0x20000008   Data           5  main.o(.data)
    SystemCoreClock                          0x20000010   Data           4  system_stm32f7xx.o(.data)
    rxBuffer                                 0x20000014   Data          32  main.o(.bss)
    __initial_sp                             0x20000438   Data           0  startup_stm32f767xx.o(STACK)



==============================================================================

Memory Map of the image

  Image Entry point : 0x080001f9

  Load Region LR_IROM1 (Base: 0x08000000, Size: 0x00000cec, Max: 0x00200000, ABSOLUTE)

    Execution Region ER_IROM1 (Exec base: 0x08000000, Load base: 0x08000000, Size: 0x00000cd8, Max: 0x00200000, ABSOLUTE)

    Exec Addr    Load Addr    Size         Type   Attr      Idx    E Section Name        Object

    0x08000000   0x08000000   0x000001f8   Data   RO            3    RESET               startup_stm32f767xx.o
    0x080001f8   0x080001f8   0x00000000   Code   RO         1092  * .ARM.Collect$$$$00000000  mc_w.l(entry.o)
    0x080001f8   0x080001f8   0x00000004   Code   RO         1097    .ARM.Collect$$$$00000001  mc_w.l(entry2.o)
    0x080001fc   0x080001fc   0x00000004   Code   RO         1100    .ARM.Collect$$$$00000004  mc_w.l(entry5.o)
    0x08000200   0x08000200   0x00000000   Code   RO         1102    .ARM.Collect$$$$00000008  mc_w.l(entry7b.o)
    0x08000200   0x08000200   0x00000000   Code   RO         1104    .ARM.Collect$$$$0000000A  mc_w.l(entry8b.o)
    0x08000200   0x08000200   0x00000008   Code   RO         1105    .ARM.Collect$$$$0000000B  mc_w.l(entry9a.o)
    0x08000208   0x08000208   0x00000000   Code   RO         1107    .ARM.Collect$$$$0000000D  mc_w.l(entry10a.o)
    0x08000208   0x08000208   0x00000000   Code   RO         1109    .ARM.Collect$$$$0000000F  mc_w.l(entry11a.o)
    0x08000208   0x08000208   0x00000004   Code   RO         1098    .ARM.Collect$$$$00002712  mc_w.l(entry2.o)
    0x0800020c   0x0800020c   0x00000024   Code   RO            4    .text               startup_stm32f767xx.o
    0x08000230   0x08000230   0x00000024   Code   RO         1095    .text               mc_w.l(memseta.o)
    0x08000254   0x08000254   0x00000024   Code   RO         1111    .text               mc_w.l(init.o)
    0x08000278   0x08000278   0x00000002   Code   RO          148    i.BusFault_Handler  stm32f7xx_it.o
    0x0800027a   0x0800027a   0x00000002   Code   RO          149    i.DebugMon_Handler  stm32f7xx_it.o
    0x0800027c   0x0800027c   0x00000002   Code   RO          150    i.HardFault_Handler  stm32f7xx_it.o
    0x0800027e   0x0800027e   0x00000002   PAD
    0x08000280   0x08000280   0x00000018   Code   RO           14    i.LL_AHB1_GRP1_EnableClock  main.o
    0x08000298   0x08000298   0x00000018   Code   RO           15    i.LL_APB2_GRP1_EnableClock  main.o
    0x080002b0   0x080002b0   0x00000136   Code   RO          527    i.LL_GPIO_Init      stm32f7xx_ll_gpio.o
    0x080003e6   0x080003e6   0x0000001a   Code   RO          936    i.LL_Init1msTick    stm32f7xx_ll_utils.o
    0x08000400   0x08000400   0x00000066   Code   RO          583    i.LL_SPI_Init       stm32f7xx_ll_spi.o
    0x08000466   0x08000466   0x00000002   PAD
    0x08000468   0x08000468   0x0000000c   Code   RO          940    i.LL_SetSystemCoreClock  stm32f7xx_ll_utils.o
    0x08000474   0x08000474   0x0000001e   Code   RO          941    i.LL_mDelay         stm32f7xx_ll_utils.o
    0x08000492   0x08000492   0x00000002   PAD
    0x08000494   0x08000494   0x000000c8   Code   RO           16    i.MX_GPIO_Init      main.o
    0x0800055c   0x0800055c   0x000000c0   Code   RO           17    i.MX_SPI1_Init      main.o
    0x0800061c   0x0800061c   0x00000002   Code   RO          151    i.MemManage_Handler  stm32f7xx_it.o
    0x0800061e   0x0800061e   0x00000002   Code   RO          152    i.NMI_Handler       stm32f7xx_it.o
    0x08000620   0x08000620   0x00000002   Code   RO          153    i.PendSV_Handler    stm32f7xx_it.o
    0x08000622   0x08000622   0x00000026   Code   RO          486    i.SPI_Write         sysmic_ll_spi.o
    0x08000648   0x08000648   0x00000002   Code   RO          154    i.SVC_Handler       stm32f7xx_it.o
    0x0800064a   0x0800064a   0x00000002   Code   RO          155    i.SysTick_Handler   stm32f7xx_it.o
    0x0800064c   0x0800064c   0x000000cc   Code   RO           18    i.SystemClock_Config  main.o
    0x08000718   0x08000718   0x00000054   Code   RO         1058    i.SystemInit        system_stm32f7xx.o
    0x0800076c   0x0800076c   0x00000002   Code   RO          156    i.UsageFault_Handler  stm32f7xx_it.o
    0x0800076e   0x0800076e   0x0000000e   Code   RO         1115    i.__scatterload_copy  mc_w.l(handlers.o)
    0x0800077c   0x0800077c   0x00000002   Code   RO         1116    i.__scatterload_null  mc_w.l(handlers.o)
    0x0800077e   0x0800077e   0x0000000e   Code   RO         1117    i.__scatterload_zeroinit  mc_w.l(handlers.o)
    0x0800078c   0x0800078c   0x00000178   Code   RO           19    i.main              main.o
    0x08000904   0x08000904   0x00000040   Code   RO          248    i.nRF24_Check       nrf24.o
    0x08000944   0x08000944   0x00000016   Code   RO          249    i.nRF24_ClearIRQFlags  nrf24.o
    0x0800095a   0x0800095a   0x00000024   Code   RO          251    i.nRF24_DisableAA   nrf24.o
    0x0800097e   0x0800097e   0x00000008   Code   RO          253    i.nRF24_FlushRX     nrf24.o
    0x08000986   0x08000986   0x00000008   Code   RO          254    i.nRF24_FlushTX     nrf24.o
    0x0800098e   0x0800098e   0x00000002   PAD
    0x08000990   0x08000990   0x00000014   Code   RO          455    i.nRF24_GPIO_Init   nrf24_hal.o
    0x080009a4   0x080009a4   0x00000006   Code   RO          258    i.nRF24_GetStatus   nrf24.o
    0x080009aa   0x080009aa   0x0000000e   Code   RO          259    i.nRF24_GetStatus_RXFIFO  nrf24.o
    0x080009b8   0x080009b8   0x0000009c   Code   RO          261    i.nRF24_Init        nrf24.o
    0x08000a54   0x08000a54   0x0000000c   Code   RO          456    i.nRF24_LL_RW       nrf24_hal.o
    0x08000a60   0x08000a60   0x00000034   Code   RO          262    i.nRF24_ReadMBReg   nrf24.o
    0x08000a94   0x08000a94   0x0000003c   Code   RO          263    i.nRF24_ReadPayload  nrf24.o
    0x08000ad0   0x08000ad0   0x00000024   Code   RO          264    i.nRF24_ReadReg     nrf24.o
    0x08000af4   0x08000af4   0x000000a0   Code   RO          266    i.nRF24_SetAddr     nrf24.o
    0x08000b94   0x08000b94   0x0000001e   Code   RO          271    i.nRF24_SetOperationalMode  nrf24.o
    0x08000bb2   0x08000bb2   0x00000022   Code   RO          272    i.nRF24_SetPowerMode  nrf24.o
    0x08000bd4   0x08000bd4   0x00000050   Code   RO          274    i.nRF24_SetRXPipe   nrf24.o
    0x08000c24   0x08000c24   0x0000002c   Code   RO          276    i.nRF24_WriteMBReg  nrf24.o
    0x08000c50   0x08000c50   0x0000000a   Code   RO          277    i.nRF24_WritePayload  nrf24.o
    0x08000c5a   0x08000c5a   0x00000002   PAD
    0x08000c5c   0x08000c5c   0x0000004c   Code   RO          278    i.nRF24_WriteReg    nrf24.o
    0x08000ca8   0x08000ca8   0x0000000d   Data   RO          279    .constdata          nrf24.o
    0x08000cb5   0x08000cb5   0x00000003   PAD
    0x08000cb8   0x08000cb8   0x00000020   Data   RO         1113    Region$$Table       anon$$obj.o


    Execution Region RW_IRAM1 (Exec base: 0x20000000, Load base: 0x08000cd8, Size: 0x00000438, Max: 0x00080000, ABSOLUTE)

    Exec Addr    Load Addr    Size         Type   Attr      Idx    E Section Name        Object

    0x20000000   0x08000cd8   0x0000000d   Data   RW           21    .data               main.o
    0x2000000d   0x08000ce5   0x00000003   PAD
    0x20000010   0x08000ce8   0x00000004   Data   RW         1061    .data               system_stm32f7xx.o
    0x20000014        -       0x00000020   Zero   RW           20    .bss                main.o
    0x20000034   0x08000cec   0x00000004   PAD
    0x20000038        -       0x00000400   Zero   RW            1    STACK               startup_stm32f767xx.o


==============================================================================

Image component sizes


      Code (inc. data)   RO Data    RW Data    ZI Data      Debug   Object Name

      1020         90          0         13         32     795892   main.o
       896         64         13          0          0      15313   nrf24.o
        32         10          0          0          0       1108   nrf24_hal.o
        36          8        504          0       1024        840   startup_stm32f767xx.o
        18          0          0          0          0       4142   stm32f7xx_it.o
       310          0          0          0          0       7255   stm32f7xx_ll_gpio.o
       102          0          0          0          0      17186   stm32f7xx_ll_spi.o
        68          6          0          0          0       9401   stm32f7xx_ll_utils.o
        38          0          0          0          0      13292   sysmic_ll_spi.o
        84         16          0          4          0       1239   system_stm32f7xx.o

    ----------------------------------------------------------------------
      2614        194        552         20       1060     865668   Object Totals
         0          0         32          0          0          0   (incl. Generated)
        10          0          3          3          4          0   (incl. Padding)

    ----------------------------------------------------------------------

      Code (inc. data)   RO Data    RW Data    ZI Data      Debug   Library Member Name

         0          0          0          0          0          0   entry.o
         0          0          0          0          0          0   entry10a.o
         0          0          0          0          0          0   entry11a.o
         8          4          0          0          0          0   entry2.o
         4          0          0          0          0          0   entry5.o
         0          0          0          0          0          0   entry7b.o
         0          0          0          0          0          0   entry8b.o
         8          4          0          0          0          0   entry9a.o
        30          0          0          0          0          0   handlers.o
        36          8          0          0          0         68   init.o
        36          0          0          0          0        108   memseta.o

    ----------------------------------------------------------------------
       122         16          0          0          0        176   Library Totals
         0          0          0          0          0          0   (incl. Padding)

    ----------------------------------------------------------------------

      Code (inc. data)   RO Data    RW Data    ZI Data      Debug   Library Name

       122         16          0          0          0        176   mc_w.l

    ----------------------------------------------------------------------
       122         16          0          0          0        176   Library Totals

    ----------------------------------------------------------------------

==============================================================================


      Code (inc. data)   RO Data    RW Data    ZI Data      Debug   

      2736        210        552         20       1060     862448   Grand Totals
      2736        210        552         20       1060     862448   ELF Image Totals
      2736        210        552         20          0          0   ROM Totals

==============================================================================

    Total RO  Size (Code + RO Data)                 3288 (   3.21kB)
    Total RW  Size (RW Data + ZI Data)              1080 (   1.05kB)
    Total ROM Size (Code + RO Data + RW Data)       3308 (   3.23kB)

==============================================================================

