Component: ARM Compiler 5.06 update 6 (build 750) Tool: armlink [4d35ed]

==============================================================================

Section Cross References

    startup_stm32f767xx.o(RESET) refers to startup_stm32f767xx.o(STACK) for __initial_sp
    startup_stm32f767xx.o(RESET) refers to startup_stm32f767xx.o(.text) for Reset_Handler
    startup_stm32f767xx.o(RESET) refers to stm32f7xx_it.o(i.NMI_Handler) for NMI_Handler
    startup_stm32f767xx.o(RESET) refers to stm32f7xx_it.o(i.HardFault_Handler) for HardFault_Handler
    startup_stm32f767xx.o(RESET) refers to stm32f7xx_it.o(i.MemManage_Handler) for MemManage_Handler
    startup_stm32f767xx.o(RESET) refers to stm32f7xx_it.o(i.BusFault_Handler) for BusFault_Handler
    startup_stm32f767xx.o(RESET) refers to stm32f7xx_it.o(i.UsageFault_Handler) for UsageFault_Handler
    startup_stm32f767xx.o(RESET) refers to stm32f7xx_it.o(i.SVC_Handler) for SVC_Handler
    startup_stm32f767xx.o(RESET) refers to stm32f7xx_it.o(i.DebugMon_Handler) for DebugMon_Handler
    startup_stm32f767xx.o(RESET) refers to stm32f7xx_it.o(i.PendSV_Handler) for PendSV_Handler
    startup_stm32f767xx.o(RESET) refers to stm32f7xx_it.o(i.SysTick_Handler) for SysTick_Handler
    startup_stm32f767xx.o(.text) refers to system_stm32f7xx.o(i.SystemInit) for SystemInit
    startup_stm32f767xx.o(.text) refers to entry.o(.ARM.Collect$$$$00000000) for __main
    nrf24.o(i.nRF24_Check) refers to nrf24.o(i.nRF24_WriteMBReg) for nRF24_WriteMBReg
    nrf24.o(i.nRF24_Check) refers to nrf24.o(i.nRF24_ReadMBReg) for nRF24_ReadMBReg
    nrf24.o(i.nRF24_ClearIRQFlags) refers to nrf24.o(i.nRF24_ReadReg) for nRF24_ReadReg
    nrf24.o(i.nRF24_ClearIRQFlags) refers to nrf24.o(i.nRF24_WriteReg) for nRF24_WriteReg
    nrf24.o(i.nRF24_ClosePipe) refers to nrf24.o(i.nRF24_ReadReg) for nRF24_ReadReg
    nrf24.o(i.nRF24_ClosePipe) refers to nrf24.o(i.nRF24_WriteReg) for nRF24_WriteReg
    nrf24.o(i.nRF24_DisableAA) refers to nrf24.o(i.nRF24_ReadReg) for nRF24_ReadReg
    nrf24.o(i.nRF24_DisableAA) refers to nrf24.o(i.nRF24_WriteReg) for nRF24_WriteReg
    nrf24.o(i.nRF24_EnableAA) refers to nrf24.o(i.nRF24_ReadReg) for nRF24_ReadReg
    nrf24.o(i.nRF24_EnableAA) refers to nrf24.o(i.nRF24_WriteReg) for nRF24_WriteReg
    nrf24.o(i.nRF24_FlushRX) refers to nrf24.o(i.nRF24_WriteReg) for nRF24_WriteReg
    nrf24.o(i.nRF24_FlushTX) refers to nrf24.o(i.nRF24_WriteReg) for nRF24_WriteReg
    nrf24.o(i.nRF24_GetIRQFlags) refers to nrf24.o(i.nRF24_ReadReg) for nRF24_ReadReg
    nrf24.o(i.nRF24_GetRXSource) refers to nrf24.o(i.nRF24_ReadReg) for nRF24_ReadReg
    nrf24.o(i.nRF24_GetRetransmitCounters) refers to nrf24.o(i.nRF24_ReadReg) for nRF24_ReadReg
    nrf24.o(i.nRF24_GetStatus) refers to nrf24.o(i.nRF24_ReadReg) for nRF24_ReadReg
    nrf24.o(i.nRF24_GetStatus_RXFIFO) refers to nrf24.o(i.nRF24_ReadReg) for nRF24_ReadReg
    nrf24.o(i.nRF24_GetStatus_TXFIFO) refers to nrf24.o(i.nRF24_ReadReg) for nRF24_ReadReg
    nrf24.o(i.nRF24_Init) refers to nrf24.o(i.nRF24_WriteReg) for nRF24_WriteReg
    nrf24.o(i.nRF24_Init) refers to nrf24.o(i.nRF24_FlushRX) for nRF24_FlushRX
    nrf24.o(i.nRF24_Init) refers to nrf24.o(i.nRF24_FlushTX) for nRF24_FlushTX
    nrf24.o(i.nRF24_Init) refers to nrf24.o(i.nRF24_ClearIRQFlags) for nRF24_ClearIRQFlags
    nrf24.o(i.nRF24_Init) refers to stm32f7xx_hal_gpio.o(i.HAL_GPIO_WritePin) for HAL_GPIO_WritePin
    nrf24.o(i.nRF24_ReadMBReg) refers to stm32f7xx_hal_gpio.o(i.HAL_GPIO_WritePin) for HAL_GPIO_WritePin
    nrf24.o(i.nRF24_ReadMBReg) refers to nrf24_hal.o(i.nRF24_LL_RW) for nRF24_LL_RW
    nrf24.o(i.nRF24_ReadPayload) refers to nrf24.o(i.nRF24_ReadReg) for nRF24_ReadReg
    nrf24.o(i.nRF24_ReadPayload) refers to nrf24.o(i.nRF24_ReadMBReg) for nRF24_ReadMBReg
    nrf24.o(i.nRF24_ReadPayload) refers to nrf24.o(.constdata) for .constdata
    nrf24.o(i.nRF24_ReadReg) refers to stm32f7xx_hal_gpio.o(i.HAL_GPIO_WritePin) for HAL_GPIO_WritePin
    nrf24.o(i.nRF24_ReadReg) refers to nrf24_hal.o(i.nRF24_LL_RW) for nRF24_LL_RW
    nrf24.o(i.nRF24_ResetPLOS) refers to nrf24.o(i.nRF24_ReadReg) for nRF24_ReadReg
    nrf24.o(i.nRF24_ResetPLOS) refers to nrf24.o(i.nRF24_WriteReg) for nRF24_WriteReg
    nrf24.o(i.nRF24_SetAddr) refers to nrf24.o(i.nRF24_ReadReg) for nRF24_ReadReg
    nrf24.o(i.nRF24_SetAddr) refers to stm32f7xx_hal_gpio.o(i.HAL_GPIO_WritePin) for HAL_GPIO_WritePin
    nrf24.o(i.nRF24_SetAddr) refers to nrf24_hal.o(i.nRF24_LL_RW) for nRF24_LL_RW
    nrf24.o(i.nRF24_SetAddr) refers to nrf24.o(i.nRF24_WriteReg) for nRF24_WriteReg
    nrf24.o(i.nRF24_SetAddr) refers to nrf24.o(i.nRF24_WriteMBReg) for nRF24_WriteMBReg
    nrf24.o(i.nRF24_SetAddr) refers to nrf24.o(.constdata) for .constdata
    nrf24.o(i.nRF24_SetAddrWidth) refers to nrf24.o(i.nRF24_WriteReg) for nRF24_WriteReg
    nrf24.o(i.nRF24_SetAutoRetr) refers to nrf24.o(i.nRF24_WriteReg) for nRF24_WriteReg
    nrf24.o(i.nRF24_SetCRCScheme) refers to nrf24.o(i.nRF24_ReadReg) for nRF24_ReadReg
[...]
    Removing max581x.o(.revsh_text), (4 bytes).
    Removing max581x.o(.rrx_text), (6 bytes).
    Removing max581x.o(i.MAX581x_CodeAll), (16 bytes).
    Removing max581x.o(i.MAX581x_CodeAllLoadAll), (16 bytes).
    Removing max581x.o(i.MAX581x_CodeLoadAll), (18 bytes).
    Removing max581x.o(i.MAX581x_Load), (16 bytes).
    Removing max581x.o(i.MAX581x_LoadAll), (14 bytes).
    Removing max581x.o(i.MAX581x_ReadCommand), (26 bytes).
    Removing motor.o(.rev16_text), (4 bytes).
    Removing motor.o(.revsh_text), (4 bytes).
    Removing motor.o(.rrx_text), (6 bytes).
    Removing motor.o(i.Motor_Enable), (26 bytes).
    Removing motor.o(i.Motor_PID_Drive), (78 bytes).
    Removing encoder.o(.rev16_text), (4 bytes).
    Removing encoder.o(.revsh_text), (4 bytes).
    Removing encoder.o(.rrx_text), (6 bytes).
    Removing encoder.o(i.AngleNormalize), (40 bytes).
    Removing encoder.o(i.Encoder_Update), (84 bytes).
    Removing encoder.o(i.mod), (136 bytes).
    Removing pid.o(.rev16_text), (4 bytes).
    Removing pid.o(.revsh_text), (4 bytes).
    Removing pid.o(.rrx_text), (6 bytes).
    Removing pid.o(i.PID_CloseLoop), (150 bytes).
    Removing pid.o(i.PID_Enable), (6 bytes).
    Removing pid.o(i.PID_Init), (52 bytes).
    Removing pid.o(i.PID_UpdateController), (22 bytes).
    Removing pid.o(i.PID_UpdateLimits), (10 bytes).
    Removing system_stm32f7xx.o(.rev16_text), (4 bytes).
    Removing system_stm32f7xx.o(.revsh_text), (4 bytes).
    Removing system_stm32f7xx.o(.rrx_text), (6 bytes).
    Removing system_stm32f7xx.o(i.SystemCoreClockUpdate), (128 bytes).
    Removing system_stm32f7xx.o(.constdata), (8 bytes).
    Removing stm32f7xx_hal_cortex.o(.rev16_text), (4 bytes).
    Removing stm32f7xx_hal_cortex.o(.revsh_text), (4 bytes).
    Removing stm32f7xx_hal_cortex.o(.rrx_text), (6 bytes).
    Removing stm32f7xx_hal_cortex.o(i.HAL_MPU_ConfigRegion), (92 bytes).
    Removing stm32f7xx_hal_cortex.o(i.HAL_MPU_Disable), (28 bytes).
    Removing stm32f7xx_hal_cortex.o(i.HAL_MPU_Enable), (36 bytes).
    Removing stm32f7xx_hal_cortex.o(i.HAL_NVIC_ClearPendingIRQ), (26 bytes).
    Removing stm32f7xx_hal_cortex.o(i.HAL_NVIC_DisableIRQ), (34 bytes).
    Removing stm32f7xx_hal_cortex.o(i.HAL_NVIC_EnableIRQ), (26 bytes).
    Removing stm32f7xx_hal_cortex.o(i.HAL_NVIC_GetActive), (36 bytes).
    Removing stm32f7xx_hal_cortex.o(i.HAL_NVIC_GetPendingIRQ), (36 bytes).
    Removing stm32f7xx_hal_cortex.o(i.HAL_NVIC_GetPriority), (82 bytes).
    Removing stm32f7xx_hal_cortex.o(i.HAL_NVIC_GetPriorityGrouping), (16 bytes).
    Removing stm32f7xx_hal_cortex.o(i.HAL_NVIC_SetPendingIRQ), (26 bytes).
    Removing stm32f7xx_hal_cortex.o(i.HAL_NVIC_SystemReset), (36 bytes).
    Removing stm32f7xx_hal_cortex.o(i.HAL_SYSTICK_CLKSourceConfig), (24 bytes).
    Removing stm32f7xx_hal_cortex.o(i.HAL_SYSTICK_Callback), (2 bytes).
    Removing stm32f7xx_hal_cortex.o(i.HAL_SYSTICK_IRQHandler), (8 bytes).
    Removing stm32f7xx_hal_i2c.o(.rev16_text), (4 bytes).
    Removing stm32f7xx_hal_i2c.o(.revsh_text), (4 bytes).
    Removing stm32f7xx_hal_i2c.o(.rrx_text), (6 bytes).
    Removing stm32f7xx_hal_i2c.o(i.HAL_I2C_AbortCpltCallback), (2 bytes).
    Removing stm32f7xx_hal_i2c.o(i.HAL_I2C_AddrCallback), (2 bytes).
    Removing stm32f7xx_hal_i2c.o(i.HAL_I2C_DeInit), (52 bytes).
    Removing stm32f7xx_hal_i2c.o(i.HAL_I2C_DisableListen_IT), (54 bytes).
    Removing stm32f7xx_hal_i2c.o(i.HAL_I2C_ER_IRQHandler), (104 bytes).
    Removing stm32f7xx_hal_i2c.o(i.HAL_I2C_EV_IRQHandler), (16 bytes).
    Removing stm32f7xx_hal_i2c.o(i.HAL_I2C_EnableListen_IT), (40 bytes).
    Removing stm32f7xx_hal_i2c.o(i.HAL_I2C_ErrorCallback), (2 bytes).
    Removing stm32f7xx_hal_i2c.o(i.HAL_I2C_GetError), (4 bytes).
    Removing stm32f7xx_hal_i2c.o(i.HAL_I2C_GetMode), (6 bytes).
    Removing stm32f7xx_hal_i2c.o(i.HAL_I2C_GetState), (6 bytes).
    Removing stm32f7xx_hal_i2c.o(i.HAL_I2C_IsDeviceReady), (304 bytes).
    Removing stm32f7xx_hal_i2c.o(i.HAL_I2C_ListenCpltCallback), (2 bytes).
    Removing stm32f7xx_hal_i2c.o(i.HAL_I2C_MasterRxCpltCallback), (2 bytes).
    Removing stm32f7xx_hal_i2c.o(i.HAL_I2C_MasterTxCpltCallback), (2 bytes).
    Removing stm32f7xx_hal_i2c.o(i.HAL_I2C_Master_Abort_IT), (96 bytes).
    Removing stm32f7xx_hal_i2c.o(i.HAL_I2C_Master_Receive), (292 bytes).
    Removing stm32f7xx_hal_i2c.o(i.HAL_I2C_Master_Receive_DMA), (300 bytes).
    Removing stm32f7xx_hal_i2c.o(i.HAL_I2C_Master_Receive_IT), (132 bytes).
    Removing stm32f7xx_hal_i2c.o(i.HAL_I2C_Master_Seq_Receive_DMA), (324 bytes).
    Removing stm32f7xx_hal_i2c.o(i.HAL_I2C_Master_Seq_Receive_IT), (160 bytes).
    Removing stm32f7xx_hal_i2c.o(i.HAL_I2C_Master_Seq_Transmit_DMA), (324 bytes).
    Removing stm32f7xx_hal_i2c.o(i.HAL_I2C_Master_Seq_Transmit_IT), (160 bytes).
    Removing stm32f7xx_hal_i2c.o(i.HAL_I2C_Master_Transmit_DMA), (308 bytes).
    Removing stm32f7xx_hal_i2c.o(i.HAL_I2C_Master_Transmit_IT), (132 bytes).
    Removing stm32f7xx_hal_i2c.o(i.HAL_I2C_MemRxCpltCallback), (2 bytes).
    Removing stm32f7xx_hal_i2c.o(i.HAL_I2C_MemTxCpltCallback), (2 bytes).
    Removing stm32f7xx_hal_i2c.o(i.HAL_I2C_Mem_Read), (356 bytes).
    Removing stm32f7xx_hal_i2c.o(i.HAL_I2C_Mem_Read_DMA), (304 bytes).
    Removing stm32f7xx_hal_i2c.o(i.HAL_I2C_Mem_Read_IT), (196 bytes).
    Removing stm32f7xx_hal_i2c.o(i.HAL_I2C_Mem_Write), (344 bytes).
    Removing stm32f7xx_hal_i2c.o(i.HAL_I2C_Mem_Write_DMA), (296 bytes).
    Removing stm32f7xx_hal_i2c.o(i.HAL_I2C_Mem_Write_IT), (188 bytes).
    Removing stm32f7xx_hal_i2c.o(i.HAL_I2C_MspDeInit), (2 bytes).
    Removing stm32f7xx_hal_i2c.o(i.HAL_I2C_MspInit), (2 bytes).
    Removing stm32f7xx_hal_i2c.o(i.HAL_I2C_SlaveRxCpltCallback), (2 bytes).
    Removing stm32f7xx_hal_i2c.o(i.HAL_I2C_SlaveTxCpltCallback), (2 bytes).
    Removing stm32f7xx_hal_i2c.o(i.HAL_I2C_Slave_Receive), (296 bytes).
    Removing stm32f7xx_hal_i2c.o(i.HAL_I2C_Slave_Receive_DMA), (228 bytes).
    Removing stm32f7xx_hal_i2c.o(i.HAL_I2C_Slave_Receive_IT), (92 bytes).
    Removing stm32f7xx_hal_i2c.o(i.HAL_I2C_Slave_Seq_Receive_DMA), (356 bytes).
    Removing stm32f7xx_hal_i2c.o(i.HAL_I2C_Slave_Seq_Receive_IT), (196 bytes).
    Removing stm32f7xx_hal_i2c.o(i.HAL_I2C_Slave_Seq_Transmit_DMA), (356 bytes).
    Removing stm32f7xx_hal_i2c.o(i.HAL_I2C_Slave_Seq_Transmit_IT), (196 bytes).
    Removing stm32f7xx_hal_i2c.o(i.HAL_I2C_Slave_Transmit), (304 bytes).
    Removing stm32f7xx_hal_i2c.o(i.HAL_I2C_Slave_Transmit_DMA), (220 bytes).
    Removing stm32f7xx_hal_i2c.o(i.HAL_I2C_Slave_Transmit_IT), (92 bytes).
    Removing stm32f7xx_hal_i2c.o(i.I2C_ConvertOtherXferOptions), (26 bytes).
    Removing stm32f7xx_hal_i2c.o(i.I2C_DMAAbort), (40 bytes).
    Removing stm32f7xx_hal_i2c.o(i.I2C_DMAError), (66 bytes).
    Removing stm32f7xx_hal_i2c.o(i.I2C_DMAMasterReceiveCplt), (78 bytes).
    Removing stm32f7xx_hal_i2c.o(i.I2C_DMAMasterTransmitCplt), (78 bytes).
    Removing stm32f7xx_hal_i2c.o(i.I2C_DMASlaveReceiveCplt), (36 bytes).
    Removing stm32f7xx_hal_i2c.o(i.I2C_DMASlaveTransmitCplt), (30 bytes).
    Removing stm32f7xx_hal_i2c.o(i.I2C_Disable_IRQ), (86 bytes).
    Removing stm32f7xx_hal_i2c.o(i.I2C_Enable_IRQ), (92 bytes).
    Removing stm32f7xx_hal_i2c.o(i.I2C_ITAddrCplt), (136 bytes).
    Removing stm32f7xx_hal_i2c.o(i.I2C_ITError), (224 bytes).
    Removing stm32f7xx_hal_i2c.o(i.I2C_ITListenCplt), (100 bytes).
    Removing stm32f7xx_hal_i2c.o(i.I2C_ITMasterCplt), (188 bytes).
    Removing stm32f7xx_hal_i2c.o(i.I2C_ITMasterSeqCplt), (80 bytes).
    Removing stm32f7xx_hal_i2c.o(i.I2C_ITSlaveCplt), (240 bytes).
    Removing stm32f7xx_hal_i2c.o(i.I2C_ITSlaveSeqCplt), (84 bytes).
    Removing stm32f7xx_hal_i2c.o(i.I2C_Master_ISR_DMA), (272 bytes).
    Removing stm32f7xx_hal_i2c.o(i.I2C_Master_ISR_IT), (296 bytes).
    Removing stm32f7xx_hal_i2c.o(i.I2C_RequestMemoryRead), (100 bytes).
    Removing stm32f7xx_hal_i2c.o(i.I2C_RequestMemoryWrite), (100 bytes).
    Removing stm32f7xx_hal_i2c.o(i.I2C_Slave_ISR_DMA), (222 bytes).
    Removing stm32f7xx_hal_i2c.o(i.I2C_Slave_ISR_IT), (292 bytes).
    Removing stm32f7xx_hal_i2c.o(i.I2C_WaitOnRXNEFlagUntilTimeout), (136 bytes).
    Removing stm32f7xx_hal_i2c_ex.o(.rev16_text), (4 bytes).
    Removing stm32f7xx_hal_i2c_ex.o(.revsh_text), (4 bytes).
    Removing stm32f7xx_hal_i2c_ex.o(.rrx_text), (6 bytes).
    Removing stm32f7xx_hal_i2c_ex.o(i.HAL_I2CEx_DisableFastModePlus), (40 bytes).
    Removing stm32f7xx_hal_i2c_ex.o(i.HAL_I2CEx_EnableFastModePlus), (40 bytes).
    Removing stm32f7xx_hal_spi.o(.rev16_text), (4 bytes).
    Removing stm32f7xx_hal_spi.o(.revsh_text), (4 bytes).
    Removing stm32f7xx_hal_spi.o(.rrx_text), (6 bytes).
    Removing stm32f7xx_hal_spi.o(i.HAL_SPI_Abort), (364 bytes).
    Removing stm32f7xx_hal_spi.o(i.HAL_SPI_AbortCpltCallback), (2 bytes).
    Removing stm32f7xx_hal_spi.o(i.HAL_SPI_Abort_IT), (292 bytes).
    Removing stm32f7xx_hal_spi.o(i.HAL_SPI_DMAPause), (38 bytes).
    Removing stm32f7xx_hal_spi.o(i.HAL_SPI_DMAResume), (38 bytes).
    Removing stm32f7xx_hal_spi.o(i.HAL_SPI_DMAStop), (66 bytes).
    Removing stm32f7xx_hal_spi.o(i.HAL_SPI_DeInit), (46 bytes).
    Removing stm32f7xx_hal_spi.o(i.HAL_SPI_ErrorCallback), (2 bytes).
    Removing stm32f7xx_hal_spi.o(i.HAL_SPI_GetError), (4 bytes).
    Removing stm32f7xx_hal_spi.o(i.HAL_SPI_GetState), (6 bytes).
    Removing stm32f7xx_hal_spi.o(i.HAL_SPI_IRQHandler), (252 bytes).
    Removing stm32f7xx_hal_spi.o(i.HAL_SPI_MspDeInit), (2 bytes).
    Removing stm32f7xx_hal_spi.o(i.HAL_SPI_MspInit), (2 bytes).
    Removing stm32f7xx_hal_spi.o(i.HAL_SPI_Receive), (386 bytes).
    Removing stm32f7xx_hal_spi.o(i.HAL_SPI_Receive_DMA), (340 bytes).
    Removing stm32f7xx_hal_spi.o(i.HAL_SPI_Receive_IT), (192 bytes).
    Removing stm32f7xx_hal_spi.o(i.HAL_SPI_RxCpltCallback), (2 bytes).
    Removing stm32f7xx_hal_spi.o(i.HAL_SPI_RxHalfCpltCallback), (2 bytes).
    Removing stm32f7xx_hal_spi.o(i.HAL_SPI_Transmit), (378 bytes).
    Removing stm32f7xx_hal_spi.o(i.HAL_SPI_TransmitReceive_DMA), (448 bytes).
    Removing stm32f7xx_hal_spi.o(i.HAL_SPI_TransmitReceive_IT), (196 bytes).
    Removing stm32f7xx_hal_spi.o(i.HAL_SPI_Transmit_DMA), (272 bytes).
    Removing stm32f7xx_hal_spi.o(i.HAL_SPI_Transmit_IT), (148 bytes).
    Removing stm32f7xx_hal_spi.o(i.HAL_SPI_TxCpltCallback), (2 bytes).
    Removing stm32f7xx_hal_spi.o(i.HAL_SPI_TxHalfCpltCallback), (2 bytes).
    Removing stm32f7xx_hal_spi.o(i.HAL_SPI_TxRxCpltCallback), (2 bytes).
    Removing stm32f7xx_hal_spi.o(i.HAL_SPI_TxRxHalfCpltCallback), (2 bytes).
    Removing stm32f7xx_hal_spi.o(i.SPI_2linesRxISR_16BIT), (54 bytes).
    Removing stm32f7xx_hal_spi.o(i.SPI_2linesRxISR_8BIT), (102 bytes).
    Removing stm32f7xx_hal_spi.o(i.SPI_2linesTxISR_16BIT), (50 bytes).
    Removing stm32f7xx_hal_spi.o(i.SPI_2linesTxISR_8BIT), (72 bytes).
    Removing stm32f7xx_hal_spi.o(i.SPI_AbortRx_ISR), (132 bytes).
    Removing stm32f7xx_hal_spi.o(i.SPI_AbortTx_ISR), (216 bytes).
    Removing stm32f7xx_hal_spi.o(i.SPI_CloseRxTx_ISR), (82 bytes).
    Removing stm32f7xx_hal_spi.o(i.SPI_CloseRx_ISR), (64 bytes).
    Removing stm32f7xx_hal_spi.o(i.SPI_CloseTx_ISR), (76 bytes).
    Removing stm32f7xx_hal_spi.o(i.SPI_DMAAbortOnError), (18 bytes).
    Removing stm32f7xx_hal_spi.o(i.SPI_DMAError), (34 bytes).
    Removing stm32f7xx_hal_spi.o(i.SPI_DMAHalfReceiveCplt), (10 bytes).
    Removing stm32f7xx_hal_spi.o(i.SPI_DMAHalfTransmitCplt), (10 bytes).
    Removing stm32f7xx_hal_spi.o(i.SPI_DMAHalfTransmitReceiveCplt), (10 bytes).
    Removing stm32f7xx_hal_spi.o(i.SPI_DMAReceiveCplt), (86 bytes).
    Removing stm32f7xx_hal_spi.o(i.SPI_DMARxAbortCallback), (128 bytes).
    Removing stm32f7xx_hal_spi.o(i.SPI_DMATransmitCplt), (100 bytes).
    Removing stm32f7xx_hal_spi.o(i.SPI_DMATransmitReceiveCplt), (92 bytes).
    Removing stm32f7xx_hal_spi.o(i.SPI_DMATxAbortCallback), (124 bytes).
    Removing stm32f7xx_hal_spi.o(i.SPI_EndRxTransaction), (116 bytes).
    Removing stm32f7xx_hal_spi.o(i.SPI_RxISR_16BIT), (38 bytes).
    Removing stm32f7xx_hal_spi.o(i.SPI_RxISR_8BIT), (38 bytes).
    Removing stm32f7xx_hal_spi.o(i.SPI_TxISR_16BIT), (32 bytes).
    Removing stm32f7xx_hal_spi.o(i.SPI_TxISR_8BIT), (32 bytes).
    Removing stm32f7xx_hal_spi_ex.o(.rev16_text), (4 bytes).
    Removing stm32f7xx_hal_spi_ex.o(.revsh_text), (4 bytes).
    Removing stm32f7xx_hal_spi_ex.o(.rrx_text), (6 bytes).
    Removing stm32f7xx_hal_spi_ex.o(i.HAL_SPIEx_FlushRxFifo), (36 bytes).
    Removing stm32f7xx_hal_tim.o(.rev16_text), (4 bytes).
    Removing stm32f7xx_hal_tim.o(.revsh_text), (4 bytes).
    Removing stm32f7xx_hal_tim.o(.rrx_text), (6 bytes).
    Removing stm32f7xx_hal_tim_ex.o(.rev16_text), (4 bytes).
    Removing stm32f7xx_hal_tim_ex.o(.revsh_text), (4 bytes).
    Removing stm32f7xx_hal_tim_ex.o(.rrx_text), (6 bytes).
    Removing stm32f7xx_hal_rcc.o(.rev16_text), (4 bytes).
    Removing stm32f7xx_hal_rcc.o(.revsh_text), (4 bytes).
    Removing stm32f7xx_hal_rcc.o(.rrx_text), (6 bytes).
    Removing stm32f7xx_hal_rcc.o(i.HAL_RCC_CSSCallback), (2 bytes).
    Removing stm32f7xx_hal_rcc.o(i.HAL_RCC_DeInit), (320 bytes).
    Removing stm32f7xx_hal_rcc.o(i.HAL_RCC_DisableCSS), (16 bytes).
    Removing stm32f7xx_hal_rcc.o(i.HAL_RCC_EnableCSS), (16 bytes).
    Removing stm32f7xx_hal_rcc.o(i.HAL_RCC_GetClockConfig), (64 bytes).
    Removing stm32f7xx_hal_rcc.o(i.HAL_RCC_GetHCLKFreq), (12 bytes).
    Removing stm32f7xx_hal_rcc.o(i.HAL_RCC_GetOscConfig), (196 bytes).
    Removing stm32f7xx_hal_rcc.o(i.HAL_RCC_GetPCLK1Freq), (32 bytes).
    Removing stm32f7xx_hal_rcc.o(i.HAL_RCC_GetPCLK2Freq), (32 bytes).
    Removing stm32f7xx_hal_rcc.o(i.HAL_RCC_MCOConfig), (148 bytes).
    Removing stm32f7xx_hal_rcc.o(i.HAL_RCC_NMI_IRQHandler), (28 bytes).
    Removing stm32f7xx_hal_rcc_ex.o(.rev16_text), (4 bytes).
    Removing stm32f7xx_hal_rcc_ex.o(.revsh_text), (4 bytes).
    Removing stm32f7xx_hal_rcc_ex.o(.rrx_text), (6 bytes).
    Removing stm32f7xx_hal_rcc_ex.o(i.HAL_RCCEx_DisablePLLI2S), (48 bytes).
    Removing stm32f7xx_hal_rcc_ex.o(i.HAL_RCCEx_DisablePLLSAI), (52 bytes).
    Removing stm32f7xx_hal_rcc_ex.o(i.HAL_RCCEx_EnablePLLI2S), (112 bytes).
    Removing stm32f7xx_hal_rcc_ex.o(i.HAL_RCCEx_EnablePLLSAI), (120 bytes).
    Removing stm32f7xx_hal_rcc_ex.o(i.HAL_RCCEx_GetPeriphCLKConfig), (336 bytes).
    Removing stm32f7xx_hal_rcc_ex.o(i.HAL_RCCEx_GetPeriphCLKFreq), (272 bytes).
    Removing stm32f7xx_hal_flash.o(.rev16_text), (4 bytes).
    Removing stm32f7xx_hal_flash.o(.revsh_text), (4 bytes).
    Removing stm32f7xx_hal_flash.o(.rrx_text), (6 bytes).
    Removing stm32f7xx_hal_flash.o(i.FLASH_Program_Byte), (36 bytes).
    Removing stm32f7xx_hal_flash.o(i.FLASH_Program_DoubleWord), (44 bytes).
    Removing stm32f7xx_hal_flash.o(i.FLASH_Program_HalfWord), (40 bytes).
    Removing stm32f7xx_hal_flash.o(i.FLASH_Program_Word), (40 bytes).
    Removing stm32f7xx_hal_flash.o(i.FLASH_SetErrorCode), (88 bytes).
    Removing stm32f7xx_hal_flash.o(i.FLASH_WaitForLastOperation), (84 bytes).
    Removing stm32f7xx_hal_flash.o(i.HAL_FLASH_EndOfOperationCallback), (2 bytes).
    Removing stm32f7xx_hal_flash.o(i.HAL_FLASH_GetError), (12 bytes).
    Removing stm32f7xx_hal_flash.o(i.HAL_FLASH_IRQHandler), (248 bytes).
    Removing stm32f7xx_hal_flash.o(i.HAL_FLASH_Lock), (20 bytes).
    Removing stm32f7xx_hal_flash.o(i.HAL_FLASH_OB_Launch), (24 bytes).
    Removing stm32f7xx_hal_flash.o(i.HAL_FLASH_OB_Lock), (20 bytes).
    Removing stm32f7xx_hal_flash.o(i.HAL_FLASH_OB_Unlock), (40 bytes).
    Removing stm32f7xx_hal_flash.o(i.HAL_FLASH_OperationErrorCallback), (2 bytes).
    Removing stm32f7xx_hal_flash.o(i.HAL_FLASH_Program), (132 bytes).
    Removing stm32f7xx_hal_flash.o(i.HAL_FLASH_Program_IT), (132 bytes).
    Removing stm32f7xx_hal_flash.o(i.HAL_FLASH_Unlock), (48 bytes).
    Removing stm32f7xx_hal_flash.o(.bss), (28 bytes).
    Removing stm32f7xx_hal_flash_ex.o(.rev16_text), (4 bytes).
    Removing stm32f7xx_hal_flash_ex.o(.revsh_text), (4 bytes).
    Removing stm32f7xx_hal_flash_ex.o(.rrx_text), (6 bytes).
    Removing stm32f7xx_hal_flash_ex.o(i.FLASH_Erase_Sector), (92 bytes).
    Removing stm32f7xx_hal_flash_ex.o(i.FLASH_MassErase), (68 bytes).
    Removing stm32f7xx_hal_flash_ex.o(i.FLASH_OB_BootAddressConfig), (48 bytes).
    Removing stm32f7xx_hal_flash_ex.o(i.FLASH_OB_GetBootAddress), (20 bytes).
    Removing stm32f7xx_hal_flash_ex.o(i.HAL_FLASHEx_Erase), (144 bytes).
    Removing stm32f7xx_hal_flash_ex.o(i.HAL_FLASHEx_Erase_IT), (104 bytes).
    Removing stm32f7xx_hal_flash_ex.o(i.HAL_FLASHEx_OBGetConfig), (84 bytes).
    Removing stm32f7xx_hal_flash_ex.o(i.HAL_FLASHEx_OBProgram), (256 bytes).
    Removing stm32f7xx_hal_gpio.o(.rev16_text), (4 bytes).
    Removing stm32f7xx_hal_gpio.o(.revsh_text), (4 bytes).
    Removing stm32f7xx_hal_gpio.o(.rrx_text), (6 bytes).
    Removing stm32f7xx_hal_gpio.o(i.HAL_GPIO_DeInit), (388 bytes).
    Removing stm32f7xx_hal_gpio.o(i.HAL_GPIO_EXTI_Callback), (2 bytes).
    Removing stm32f7xx_hal_gpio.o(i.HAL_GPIO_EXTI_IRQHandler), (24 bytes).
    Removing stm32f7xx_hal_gpio.o(i.HAL_GPIO_LockPin), (34 bytes).
    Removing stm32f7xx_hal_gpio.o(i.HAL_GPIO_ReadPin), (10 bytes).
    Removing stm32f7xx_hal_dma.o(.rev16_text), (4 bytes).
    Removing stm32f7xx_hal_dma.o(.revsh_text), (4 bytes).
    Removing stm32f7xx_hal_dma.o(.rrx_text), (6 bytes).
    Removing stm32f7xx_hal_dma.o(i.DMA_CalcBaseAndBitshift), (40 bytes).
    Removing stm32f7xx_hal_dma.o(i.DMA_CheckFifoParam), (84 bytes).
    Removing stm32f7xx_hal_dma.o(i.DMA_SetConfig), (40 bytes).
    Removing stm32f7xx_hal_dma.o(i.HAL_DMA_Abort), (146 bytes).
    Removing stm32f7xx_hal_dma.o(i.HAL_DMA_Abort_IT), (36 bytes).
    Removing stm32f7xx_hal_dma.o(i.HAL_DMA_DeInit), (98 bytes).
    Removing stm32f7xx_hal_dma.o(i.HAL_DMA_GetError), (4 bytes).
    Removing stm32f7xx_hal_dma.o(i.HAL_DMA_GetState), (6 bytes).
    Removing stm32f7xx_hal_dma.o(i.HAL_DMA_IRQHandler), (416 bytes).
    Removing stm32f7xx_hal_dma.o(i.HAL_DMA_Init), (228 bytes).
    Removing stm32f7xx_hal_dma.o(i.HAL_DMA_PollForTransfer), (292 bytes).
    Removing stm32f7xx_hal_dma.o(i.HAL_DMA_RegisterCallback), (80 bytes).
    Removing stm32f7xx_hal_dma.o(i.HAL_DMA_Start), (74 bytes).
    Removing stm32f7xx_hal_dma.o(i.HAL_DMA_Start_IT), (122 bytes).
    Removing stm32f7xx_hal_dma.o(i.HAL_DMA_UnRegisterCallback), (96 bytes).
    Removing stm32f7xx_hal_dma.o(.constdata), (8 bytes).
    Removing stm32f7xx_hal_dma_ex.o(.rev16_text), (4 bytes).
    Removing stm32f7xx_hal_dma_ex.o(.revsh_text), (4 bytes).
    Removing stm32f7xx_hal_dma_ex.o(.rrx_text), (6 bytes).
    Removing stm32f7xx_hal_dma_ex.o(i.DMA_MultiBufferSetConfig), (30 bytes).
    Removing stm32f7xx_hal_dma_ex.o(i.HAL_DMAEx_ChangeMemory), (14 bytes).
    Removing stm32f7xx_hal_dma_ex.o(i.HAL_DMAEx_MultiBufferStart), (100 bytes).
    Removing stm32f7xx_hal_dma_ex.o(i.HAL_DMAEx_MultiBufferStart_IT), (2428 bytes).
    Removing stm32f7xx_hal_pwr.o(.rev16_text), (4 bytes).
    Removing stm32f7xx_hal_pwr.o(.revsh_text), (4 bytes).
    Removing stm32f7xx_hal_pwr.o(.rrx_text), (6 bytes).
    Removing stm32f7xx_hal_pwr.o(i.HAL_PWR_ConfigPVD), (124 bytes).
    Removing stm32f7xx_hal_pwr.o(i.HAL_PWR_DeInit), (24 bytes).
    Removing stm32f7xx_hal_pwr.o(i.HAL_PWR_DisableBkUpAccess), (16 bytes).
    Removing stm32f7xx_hal_pwr.o(i.HAL_PWR_DisablePVD), (16 bytes).
    Removing stm32f7xx_hal_pwr.o(i.HAL_PWR_DisableSEVOnPend), (16 bytes).
    Removing stm32f7xx_hal_pwr.o(i.HAL_PWR_DisableSleepOnExit), (16 bytes).
    Removing stm32f7xx_hal_pwr.o(i.HAL_PWR_DisableWakeUpPin), (16 bytes).
    Removing stm32f7xx_hal_pwr.o(i.HAL_PWR_EnableBkUpAccess), (16 bytes).
    Removing stm32f7xx_hal_pwr.o(i.HAL_PWR_EnablePVD), (16 bytes).
    Removing stm32f7xx_hal_pwr.o(i.HAL_PWR_EnableSEVOnPend), (16 bytes).
    Removing stm32f7xx_hal_pwr.o(i.HAL_PWR_EnableSleepOnExit), (16 bytes).
    Removing stm32f7xx_hal_pwr.o(i.HAL_PWR_EnableWakeUpPin), (28 bytes).
    Removing stm32f7xx_hal_pwr.o(i.HAL_PWR_EnterSLEEPMode), (40 bytes).
    Removing stm32f7xx_hal_pwr.o(i.HAL_PWR_EnterSTANDBYMode), (32 bytes).
    Removing stm32f7xx_hal_pwr.o(i.HAL_PWR_EnterSTOPMode), (64 bytes).
    Removing stm32f7xx_hal_pwr.o(i.HAL_PWR_PVDCallback), (2 bytes).
    Removing stm32f7xx_hal_pwr.o(i.HAL_PWR_PVD_IRQHandler), (28 bytes).
    Removing stm32f7xx_hal_pwr_ex.o(.rev16_text), (4 bytes).
    Removing stm32f7xx_hal_pwr_ex.o(.revsh_text), (4 bytes).
    Removing stm32f7xx_hal_pwr_ex.o(.rrx_text), (6 bytes).
    Removing stm32f7xx_hal_pwr_ex.o(i.HAL_PWREx_ControlVoltageScaling), (176 bytes).
    Removing stm32f7xx_hal_pwr_ex.o(i.HAL_PWREx_DisableBkUpReg), (64 bytes).
    Removing stm32f7xx_hal_pwr_ex.o(i.HAL_PWREx_DisableFlashPowerDown), (16 bytes).
    Removing stm32f7xx_hal_pwr_ex.o(i.HAL_PWREx_DisableLowRegulatorLowVoltage), (16 bytes).
    Removing stm32f7xx_hal_pwr_ex.o(i.HAL_PWREx_DisableMainRegulatorLowVoltage), (16 bytes).
    Removing stm32f7xx_hal_pwr_ex.o(i.HAL_PWREx_DisableOverDrive), (108 bytes).
    Removing stm32f7xx_hal_pwr_ex.o(i.HAL_PWREx_EnableBkUpReg), (64 bytes).
    Removing stm32f7xx_hal_pwr_ex.o(i.HAL_PWREx_EnableFlashPowerDown), (16 bytes).
    Removing stm32f7xx_hal_pwr_ex.o(i.HAL_PWREx_EnableLowRegulatorLowVoltage), (16 bytes).
    Removing stm32f7xx_hal_pwr_ex.o(i.HAL_PWREx_EnableMainRegulatorLowVoltage), (16 bytes).
    Removing stm32f7xx_hal_pwr_ex.o(i.HAL_PWREx_EnterUnderDriveSTOPMode), (144 bytes).
    Removing stm32f7xx_hal_pwr_ex.o(i.HAL_PWREx_GetVoltageRange), (16 bytes).
    Removing stm32f7xx_hal.o(.rev16_text), (4 bytes).
    Removing stm32f7xx_hal.o(.revsh_text), (4 bytes).
    Removing stm32f7xx_hal.o(.rrx_text), (6 bytes).
    Removing stm32f7xx_hal.o(i.HAL_DBGMCU_DisableDBGSleepMode), (16 bytes).
    Removing stm32f7xx_hal.o(i.HAL_DBGMCU_DisableDBGStandbyMode), (16 bytes).
    Removing stm32f7xx_hal.o(i.HAL_DBGMCU_DisableDBGStopMode), (16 bytes).
    Removing stm32f7xx_hal.o(i.HAL_DBGMCU_EnableDBGSleepMode), (16 bytes).
    Removing stm32f7xx_hal.o(i.HAL_DBGMCU_EnableDBGStandbyMode), (16 bytes).
    Removing stm32f7xx_hal.o(i.HAL_DBGMCU_EnableDBGStopMode), (16 bytes).
    Removing stm32f7xx_hal.o(i.HAL_DeInit), (52 bytes).
    Removing stm32f7xx_hal.o(i.HAL_DisableCompensationCell), (16 bytes).
    Removing stm32f7xx_hal.o(i.HAL_DisableFMCMemorySwapping), (16 bytes).
    Removing stm32f7xx_hal.o(i.HAL_DisableMemorySwappingBank), (16 bytes).
    Removing stm32f7xx_hal.o(i.HAL_EnableCompensationCell), (16 bytes).
    Removing stm32f7xx_hal.o(i.HAL_EnableFMCMemorySwapping), (16 bytes).
    Removing stm32f7xx_hal.o(i.HAL_EnableMemorySwappingBank), (16 bytes).
    Removing stm32f7xx_hal.o(i.HAL_GetDEVID), (16 bytes).
    Removing stm32f7xx_hal.o(i.HAL_GetHalVersion), (8 bytes).
    Removing stm32f7xx_hal.o(i.HAL_GetREVID), (12 bytes).
    Removing stm32f7xx_hal.o(i.HAL_GetTickFreq), (12 bytes).
    Removing stm32f7xx_hal.o(i.HAL_GetTickPrio), (12 bytes).
    Removing stm32f7xx_hal.o(i.HAL_GetUIDw0), (12 bytes).
    Removing stm32f7xx_hal.o(i.HAL_GetUIDw1), (12 bytes).
    Removing stm32f7xx_hal.o(i.HAL_GetUIDw2), (12 bytes).
    Removing stm32f7xx_hal.o(i.HAL_MspDeInit), (2 bytes).
    Removing stm32f7xx_hal.o(i.HAL_MspInit), (2 bytes).
    Removing stm32f7xx_hal.o(i.HAL_ResumeTick), (14 bytes).
    Removing stm32f7xx_hal.o(i.HAL_SetTickFreq), (32 bytes).
    Removing stm32f7xx_hal.o(i.HAL_SuspendTick), (14 bytes).
    Removing stm32f7xx_hal_exti.o(.rev16_text), (4 bytes).
    Removing stm32f7xx_hal_exti.o(.revsh_text), (4 bytes).
    Removing stm32f7xx_hal_exti.o(.rrx_text), (6 bytes).
    Removing stm32f7xx_hal_exti.o(i.HAL_EXTI_ClearConfigLine), (56 bytes).
    Removing stm32f7xx_hal_exti.o(i.HAL_EXTI_ClearPending), (12 bytes).
    Removing stm32f7xx_hal_exti.o(i.HAL_EXTI_GenerateSWI), (12 bytes).
    Removing stm32f7xx_hal_exti.o(i.HAL_EXTI_GetConfigLine), (104 bytes).
    Removing stm32f7xx_hal_exti.o(i.HAL_EXTI_GetHandle), (12 bytes).
    Removing stm32f7xx_hal_exti.o(i.HAL_EXTI_GetPending), (24 bytes).
    Removing stm32f7xx_hal_exti.o(i.HAL_EXTI_IRQHandler), (28 bytes).
    Removing stm32f7xx_hal_exti.o(i.HAL_EXTI_RegisterCallback), (16 bytes).
    Removing stm32f7xx_hal_exti.o(i.HAL_EXTI_SetConfigLine), (108 bytes).

408 unused section(s) (total 28669 bytes) removed from the image.

==============================================================================

Image Symbol Table

    Local Symbols

    Symbol Name                              Value     Ov Type        Size  Object(Section)

    ../Drivers/STM32F7xx_HAL_Driver/Src/stm32f7xx_hal.c 0x00000000   Number         0  stm32f7xx_hal.o ABSOLUTE
    ../Drivers/STM32F7xx_HAL_Driver/Src/stm32f7xx_hal_cortex.c 0x00000000   Number         0  stm32f7xx_hal_cortex.o ABSOLUTE
    ../Drivers/STM32F7xx_HAL_Driver/Src/stm32f7xx_hal_dma.c 0x00000000   Number         0  stm32f7xx_hal_dma.o ABSOLUTE
    ../Drivers/STM32F7xx_HAL_Driver/Src/stm32f7xx_hal_dma_ex.c 0x00000000   Number         0  stm32f7xx_hal_dma_ex.o ABSOLUTE
    ../Drivers/STM32F7xx_HAL_Driver/Src/stm32f7xx_hal_exti.c 0x00000000   Number         0  stm32f7xx_hal_exti.o ABSOLUTE
    ../Drivers/STM32F7xx_HAL_Driver/Src/stm32f7xx_hal_flash.c 0x00000000   Number         0  stm32f7xx_hal_flash.o ABSOLUTE
    ../Drivers/STM32F7xx_HAL_Driver/Src/stm32f7xx_hal_flash_ex.c 0x00000000   Number         0  stm32f7xx_hal_flash_ex.o ABSOLUTE
    ../Drivers/STM32F7xx_HAL_Driver/Src/stm32f7xx_hal_gpio.c 0x00000000   Number         0  stm32f7xx_hal_gpio.o ABSOLUTE
    ../Drivers/STM32F7xx_HAL_Driver/Src/stm32f7xx_hal_i2c.c 0x00000000   Number         0  stm32f7xx_hal_i2c.o ABSOLUTE
    ../Drivers/STM32F7xx_HAL_Driver/Src/stm32f7xx_hal_i2c_ex.c 0x00000000   Number         0  stm32f7xx_hal_i2c_ex.o ABSOLUTE
    ../Drivers/STM32F7xx_HAL_Driver/Src/stm32f7xx_hal_pwr.c 0x00000000   Number         0  stm32f7xx_hal_pwr.o ABSOLUTE
    ../Drivers/STM32F7xx_HAL_Driver/Src/stm32f7xx_hal_pwr_ex.c 0x00000000   Number         0  stm32f7xx_hal_pwr_ex.o ABSOLUTE
    ../Drivers/STM32F7xx_HAL_Driver/Src/stm32f7xx_hal_rcc.c 0x00000000   Number         0  stm32f7xx_hal_rcc.o ABSOLUTE
    ../Drivers/STM32F7xx_HAL_Driver/Src/stm32f7xx_hal_rcc_ex.c 0x00000000   Number         0  stm32f7xx_hal_rcc_ex.o ABSOLUTE
    ../Drivers/STM32F7xx_HAL_Driver/Src/stm32f7xx_hal_spi.c 0x00000000   Number         0  stm32f7xx_hal_spi.o ABSOLUTE
    ../Drivers/STM32F7xx_HAL_Driver/Src/stm32f7xx_hal_spi_ex.c 0x00000000   Number         0  stm32f7xx_hal_spi_ex.o ABSOLUTE
    ../Drivers/STM32F7xx_HAL_Driver/Src/stm32f7xx_hal_tim.c 0x00000000   Number         0  stm32f7xx_hal_tim.o ABSOLUTE
    ../Drivers/STM32F7xx_HAL_Driver/Src/stm32f7xx_hal_tim_ex.c 0x00000000   Number         0  stm32f7xx_hal_tim_ex.o ABSOLUTE
    ../Src/main.c                            0x00000000   Number         0  main.o ABSOLUTE
    ../Src/stm32f7xx_hal_msp.c               0x00000000   Number         0  stm32f7xx_hal_msp.o ABSOLUTE
    ../Src/stm32f7xx_it.c                    0x00000000   Number         0  stm32f7xx_it.o ABSOLUTE
    ../Src/system_stm32f7xx.c                0x00000000   Number         0  system_stm32f7xx.o ABSOLUTE
    ../clib/microlib/division.c              0x00000000   Number         0  uldiv.o ABSOLUTE
    ../clib/microlib/errno.c                 0x00000000   Number         0  errno.o ABSOLUTE
    ../clib/microlib/init/entry.s            0x00000000   Number         0  entry10a.o ABSOLUTE
    ../clib/microlib/init/entry.s            0x00000000   Number         0  entry.o ABSOLUTE
    ../clib/microlib/init/entry.s            0x00000000   Number         0  entry9a.o ABSOLUTE
    ../clib/microlib/init/entry.s            0x00000000   Number         0  entry2.o ABSOLUTE
    ../clib/microlib/init/entry.s            0x00000000   Number         0  entry5.o ABSOLUTE
    ../clib/microlib/init/entry.s            0x00000000   Number         0  entry7a.o ABSOLUTE
    ../clib/microlib/init/entry.s            0x00000000   Number         0  entry7b.o ABSOLUTE
    ../clib/microlib/init/entry.s            0x00000000   Number         0  entry9b.o ABSOLUTE
    ../clib/microlib/init/entry.s            0x00000000   Number         0  entry8a.o ABSOLUTE
    ../clib/microlib/init/entry.s            0x00000000   Number         0  entry8b.o ABSOLUTE
    ../clib/microlib/init/entry.s            0x00000000   Number         0  entry11b.o ABSOLUTE
    ../clib/microlib/init/entry.s            0x00000000   Number         0  entry11a.o ABSOLUTE
    ../clib/microlib/init/entry.s            0x00000000   Number         0  entry10b.o ABSOLUTE
    ../clib/microlib/longlong.c              0x00000000   Number         0  llshl.o ABSOLUTE
    ../clib/microlib/longlong.c              0x00000000   Number         0  llushr.o ABSOLUTE
    ../clib/microlib/string/memcpy.c         0x00000000   Number         0  memcpya.o ABSOLUTE
    ../clib/microlib/string/memcpy.c         0x00000000   Number         0  memcpyb.o ABSOLUTE
    ../clib/microlib/string/memset.c         0x00000000   Number         0  memseta.o ABSOLUTE
    ../clib/microlib/stubs.s                 0x00000000   Number         0  iusefp.o ABSOLUTE
    ../mathlib/cos.c                         0x00000000   Number         0  cos.o ABSOLUTE
    ../mathlib/cos.c                         0x00000000   Number         0  cos_x.o ABSOLUTE
    ../mathlib/cos_i.c                       0x00000000   Number         0  cos_i.o ABSOLUTE
    ../mathlib/dunder.c                      0x00000000   Number         0  dunder.o ABSOLUTE
    ../mathlib/fabs.c                        0x00000000   Number         0  fabs.o ABSOLUTE
    ../mathlib/floorf.c                      0x00000000   Number         0  floorf.o ABSOLUTE
    ../mathlib/fpclassify.c                  0x00000000   Number         0  fpclassify.o ABSOLUTE
    ../mathlib/poly.c                        0x00000000   Number         0  poly.o ABSOLUTE
    ../mathlib/rred.c                        0x00000000   Number         0  rred.o ABSOLUTE
    ../mathlib/sin.c                         0x00000000   Number         0  sin.o ABSOLUTE
    ../mathlib/sin.c                         0x00000000   Number         0  sin_x.o ABSOLUTE
    ../mathlib/sin_i.c                       0x00000000   Number         0  sin_i_x.o ABSOLUTE
    ../mathlib/sin_i.c                       0x00000000   Number         0  sin_i.o ABSOLUTE
    ..\Drivers\STM32F7xx_HAL_Driver\Src\stm32f7xx_hal.c 0x00000000   Number         0  stm32f7xx_hal.o ABSOLUTE
    ..\Drivers\STM32F7xx_HAL_Driver\Src\stm32f7xx_hal_cortex.c 0x00000000   Number         0  stm32f7xx_hal_cortex.o ABSOLUTE
    ..\Drivers\STM32F7xx_HAL_Driver\Src\stm32f7xx_hal_dma.c 0x00000000   Number         0  stm32f7xx_hal_dma.o ABSOLUTE
    ..\Drivers\STM32F7xx_HAL_Driver\Src\stm32f7xx_hal_dma_ex.c 0x00000000   Number         0  stm32f7xx_hal_dma_ex.o ABSOLUTE
    ..\Drivers\STM32F7xx_HAL_Driver\Src\stm32f7xx_hal_exti.c 0x00000000   Number         0  stm32f7xx_hal_exti.o ABSOLUTE
    ..\Drivers\STM32F7xx_HAL_Driver\Src\stm32f7xx_hal_flash.c 0x00000000   Number         0  stm32f7xx_hal_flash.o ABSOLUTE
    ..\Drivers\STM32F7xx_HAL_Driver\Src\stm32f7xx_hal_flash_ex.c 0x00000000   Number         0  stm32f7xx_hal_flash_ex.o ABSOLUTE
    ..\Drivers\STM32F7xx_HAL_Driver\Src\stm32f7xx_hal_gpio.c 0x00000000   Number         0  stm32f7xx_hal_gpio.o ABSOLUTE
    ..\Drivers\STM32F7xx_HAL_Driver\Src\stm32f7xx_hal_i2c.c 0x00000000   Number         0  stm32f7xx_hal_i2c.o ABSOLUTE
    ..\Drivers\STM32F7xx_HAL_Driver\Src\stm32f7xx_hal_i2c_ex.c 0x00000000   Number         0  stm32f7xx_hal_i2c_ex.o ABSOLUTE
    ..\Drivers\STM32F7xx_HAL_Driver\Src\stm32f7xx_hal_pwr.c 0x00000000   Number         0  stm32f7xx_hal_pwr.o ABSOLUTE
    ..\Drivers\STM32F7xx_HAL_Driver\Src\stm32f7xx_hal_pwr_ex.c 0x00000000   Number         0  stm32f7xx_hal_pwr_ex.o ABSOLUTE
    ..\Drivers\STM32F7xx_HAL_Driver\Src\stm32f7xx_hal_rcc.c 0x00000000   Number         0  stm32f7xx_hal_rcc.o ABSOLUTE
    ..\Drivers\STM32F7xx_HAL_Driver\Src\stm32f7xx_hal_rcc_ex.c 0x00000000   Number         0  stm32f7xx_hal_rcc_ex.o ABSOLUTE
    ..\Drivers\STM32F7xx_HAL_Driver\Src\stm32f7xx_hal_spi.c 0x00000000   Number         0  stm32f7xx_hal_spi.o ABSOLUTE
    ..\Drivers\STM32F7xx_HAL_Driver\Src\stm32f7xx_hal_spi_ex.c 0x00000000   Number         0  stm32f7xx_hal_spi_ex.o ABSOLUTE
    ..\Drivers\STM32F7xx_HAL_Driver\Src\stm32f7xx_hal_tim.c 0x00000000   Number         0  stm32f7xx_hal_tim.o ABSOLUTE
    ..\Drivers\STM32F7xx_HAL_Driver\Src\stm32f7xx_hal_tim_ex.c 0x00000000   Number         0  stm32f7xx_hal_tim_ex.o ABSOLUTE
    ..\Src\main.c                            0x00000000   Number         0  main.o ABSOLUTE
    ..\Src\nrf24.c                           0x00000000   Number         0  nrf24.o ABSOLUTE
    ..\Src\nrf24_hal.c                       0x00000000   Number         0  nrf24_hal.o ABSOLUTE
    ..\Src\stm32f7xx_hal_msp.c               0x00000000   Number         0  stm32f7xx_hal_msp.o ABSOLUTE
    ..\Src\stm32f7xx_it.c                    0x00000000   Number         0  stm32f7xx_it.o ABSOLUTE
    ..\Src\sysmic_ll_spi.c                   0x00000000   Number         0  sysmic_ll_spi.o ABSOLUTE
    ..\Src\system_stm32f7xx.c                0x00000000   Number         0  system_stm32f7xx.o ABSOLUTE
    ..\Tools\MAX581x.c                       0x00000000   Number         0  max581x.o ABSOLUTE
    ..\Tools\board.c                         0x00000000   Number         0  board.o ABSOLUTE
    ..\Tools\encoder.c                       0x00000000   Number         0  encoder.o ABSOLUTE
    ..\Tools\motor.c                         0x00000000   Number         0  motor.o ABSOLUTE
    ..\Tools\pid.c                           0x00000000   Number         0  pid.o ABSOLUTE
    ..\\Src\\nrf24.c                         0x00000000   Number         0  nrf24.o ABSOLUTE
    ..\\Src\\nrf24_hal.c                     0x00000000   Number         0  nrf24_hal.o ABSOLUTE
    ..\\Src\\sysmic_ll_spi.c                 0x00000000   Number         0  sysmic_ll_spi.o ABSOLUTE
    ..\\Tools\\MAX581x.c                     0x00000000   Number         0  max581x.o ABSOLUTE
    ..\\Tools\\board.c                       0x00000000   Number         0  board.o ABSOLUTE
    ..\\Tools\\encoder.c                     0x00000000   Number         0  encoder.o ABSOLUTE
    ..\\Tools\\motor.c                       0x00000000   Number         0  motor.o ABSOLUTE
    ..\\Tools\\pid.c                         0x00000000   Number         0  pid.o ABSOLUTE
    dc.s                                     0x00000000   Number         0  dc.o ABSOLUTE
    handlers.s                               0x00000000   Number         0  handlers.o ABSOLUTE
    init.s                                   0x00000000   Number         0  init.o ABSOLUTE
    startup_stm32f767xx.s                    0x00000000   Number         0  startup_stm32f767xx.o ABSOLUTE
    RESET                                    0x08000000   Section      504  startup_stm32f767xx.o(RESET)
    .ARM.Collect$$$$00000000                 0x080001f8   Section        0  entry.o(.ARM.Collect$$$$00000000)
    .ARM.Collect$$$$00000001                 0x080001f8   Section        4  entry2.o(.ARM.Collect$$$$00000001)
    .ARM.Collect$$$$00000004                 0x080001fc   Section        4  entry5.o(.ARM.Collect$$$$00000004)
    .ARM.Collect$$$$00000008                 0x08000200   Section        0  entry7b.o(.ARM.Collect$$$$00000008)
    .ARM.Collect$$$$0000000A                 0x08000200   Section        0  entry8b.o(.ARM.Collect$$$$0000000A)
    .ARM.Collect$$$$0000000B                 0x08000200   Section        8  entry9a.o(.ARM.Collect$$$$0000000B)
    .ARM.Collect$$$$0000000D                 0x08000208   Section        0  entry10a.o(.ARM.Collect$$$$0000000D)
    .ARM.Collect$$$$0000000F                 0x08000208   Section        0  entry11a.o(.ARM.Collect$$$$0000000F)
    .ARM.Collect$$$$00002712                 0x08000208   Section        4  entry2.o(.ARM.Collect$$$$00002712)
    __lit__00000000                          0x08000208   Data           4  entry2.o(.ARM.Collect$$$$00002712)
    .text                                    0x0800020c   Section       36  startup_stm32f767xx.o(.text)
    $v0                                      0x0800020c   Number         0  startup_stm32f767xx.o(.text)
    .text                                    0x08000230   Section        0  uldiv.o(.text)
    .text                                    0x08000292   Section        0  memseta.o(.text)
    .text                                    0x080002b6   Section        0  llshl.o(.text)
    .text                                    0x080002d4   Section        0  llushr.o(.text)
    .text                                    0x080002f4   Section        0  iusefp.o(.text)
    .text                                    0x080002f4   Section       36  init.o(.text)
    i.Board_LedToggle                        0x08000318   Section        0  board.o(i.Board_LedToggle)
    i.BusFault_Handler                       0x0800031c   Section        0  stm32f7xx_it.o(i.BusFault_Handler)
    i.DebugMon_Handler                       0x0800031e   Section        0  stm32f7xx_it.o(i.DebugMon_Handler)
    i.HAL_Delay                              0x08000320   Section        0  stm32f7xx_hal.o(i.HAL_Delay)
    i.HAL_GPIO_Init                          0x08000344   Section        0  stm32f7xx_hal_gpio.o(i.HAL_GPIO_Init)
    i.HAL_GPIO_TogglePin                     0x0800051c   Section        0  stm32f7xx_hal_gpio.o(i.HAL_GPIO_TogglePin)
    i.HAL_GPIO_WritePin                      0x0800052a   Section        0  stm32f7xx_hal_gpio.o(i.HAL_GPIO_WritePin)
    i.HAL_GetTick                            0x08000534   Section        0  stm32f7xx_hal.o(i.HAL_GetTick)
    i.HAL_I2CEx_ConfigAnalogFilter           0x08000540   Section        0  stm32f7xx_hal_i2c_ex.o(i.HAL_I2CEx_ConfigAnalogFilter)
    i.HAL_I2CEx_ConfigDigitalFilter          0x08000598   Section        0  stm32f7xx_hal_i2c_ex.o(i.HAL_I2CEx_ConfigDigitalFilter)
    i.HAL_I2C_Init                           0x080005ec   Section        0  stm32f7xx_hal_i2c.o(i.HAL_I2C_Init)
    i.HAL_I2C_Master_Transmit                0x080006a4   Section        0  stm32f7xx_hal_i2c.o(i.HAL_I2C_Master_Transmit)
    i.HAL_I2C_MspInit                        0x080007c8   Section        0  stm32f7xx_hal_msp.o(i.HAL_I2C_MspInit)
    i.HAL_IncTick                            0x0800082c   Section        0  stm32f7xx_hal.o(i.HAL_IncTick)
    i.HAL_Init                               0x0800083c   Section        0  stm32f7xx_hal.o(i.HAL_Init)
    i.HAL_InitTick                           0x08000854   Section        0  stm32f7xx_hal.o(i.HAL_InitTick)
    i.HAL_MspInit                            0x08000894   Section        0  stm32f7xx_hal_msp.o(i.HAL_MspInit)
    i.HAL_NVIC_SetPriority                   0x080008c4   Section        0  stm32f7xx_hal_cortex.o(i.HAL_NVIC_SetPriority)
    i.HAL_NVIC_SetPriorityGrouping           0x08000904   Section        0  stm32f7xx_hal_cortex.o(i.HAL_NVIC_SetPriorityGrouping)
    i.HAL_PWREx_EnableOverDrive              0x08000928   Section        0  stm32f7xx_hal_pwr_ex.o(i.HAL_PWREx_EnableOverDrive)
    i.HAL_RCCEx_PeriphCLKConfig              0x08000994   Section        0  stm32f7xx_hal_rcc_ex.o(i.HAL_RCCEx_PeriphCLKConfig)
    i.HAL_RCC_ClockConfig                    0x08000ed0   Section        0  stm32f7xx_hal_rcc.o(i.HAL_RCC_ClockConfig)
    i.HAL_RCC_GetSysClockFreq                0x08000ffc   Section        0  stm32f7xx_hal_rcc.o(i.HAL_RCC_GetSysClockFreq)
    i.HAL_RCC_OscConfig                      0x0800105c   Section        0  stm32f7xx_hal_rcc.o(i.HAL_RCC_OscConfig)
    i.HAL_SPI_Init                           0x08001398   Section        0  stm32f7xx_hal_spi.o(i.HAL_SPI_Init)
    i.HAL_SPI_MspInit                        0x0800145c   Section        0  stm32f7xx_hal_msp.o(i.HAL_SPI_MspInit)
    i.HAL_SPI_TransmitReceive                0x080014c0   Section        0  stm32f7xx_hal_spi.o(i.HAL_SPI_TransmitReceive)
    i.HAL_SYSTICK_Config                     0x08001720   Section        0  stm32f7xx_hal_cortex.o(i.HAL_SYSTICK_Config)
    i.HardFault_Handler                      0x08001746   Section        0  stm32f7xx_it.o(i.HardFault_Handler)
    i.I2C_Flush_TXDR                         0x08001748   Section        0  stm32f7xx_hal_i2c.o(i.I2C_Flush_TXDR)
    I2C_Flush_TXDR                           0x08001749   Thumb Code    34  stm32f7xx_hal_i2c.o(i.I2C_Flush_TXDR)
    i.I2C_IsAcknowledgeFailed                0x0800176c   Section        0  stm32f7xx_hal_i2c.o(i.I2C_IsAcknowledgeFailed)
    I2C_IsAcknowledgeFailed                  0x0800176d   Thumb Code   132  stm32f7xx_hal_i2c.o(i.I2C_IsAcknowledgeFailed)
    i.I2C_TransferConfig                     0x080017f4   Section        0  stm32f7xx_hal_i2c.o(i.I2C_TransferConfig)
    I2C_TransferConfig                       0x080017f5   Thumb Code    40  stm32f7xx_hal_i2c.o(i.I2C_TransferConfig)
    i.I2C_WaitOnFlagUntilTimeout             0x08001820   Section        0  stm32f7xx_hal_i2c.o(i.I2C_WaitOnFlagUntilTimeout)
    I2C_WaitOnFlagUntilTimeout               0x08001821   Thumb Code    90  stm32f7xx_hal_i2c.o(i.I2C_WaitOnFlagUntilTimeout)
    i.I2C_WaitOnSTOPFlagUntilTimeout         0x0800187a   Section        0  stm32f7xx_hal_i2c.o(i.I2C_WaitOnSTOPFlagUntilTimeout)
    I2C_WaitOnSTOPFlagUntilTimeout           0x0800187b   Thumb Code    78  stm32f7xx_hal_i2c.o(i.I2C_WaitOnSTOPFlagUntilTimeout)
    i.I2C_WaitOnTXISFlagUntilTimeout         0x080018c8   Section        0  stm32f7xx_hal_i2c.o(i.I2C_WaitOnTXISFlagUntilTimeout)
    I2C_WaitOnTXISFlagUntilTimeout           0x080018c9   Thumb Code    82  stm32f7xx_hal_i2c.o(i.I2C_WaitOnTXISFlagUntilTimeout)
    i.MAX581x_Code                           0x0800191a   Section        0  max581x.o(i.MAX581x_Code)
    i.MAX581x_CodeLoad                       0x08001928   Section        0  max581x.o(i.MAX581x_CodeLoad)
    i.MAX581x_Config                         0x0800193a   Section        0  max581x.o(i.MAX581x_Config)
    i.MAX581x_Init                           0x0800194a   Section        0  max581x.o(i.MAX581x_Init)
    i.MAX581x_Reference                      0x08001968   Section        0  max581x.o(i.MAX581x_Reference)
    i.MAX581x_WriteCommand                   0x08001978   Section        0  max581x.o(i.MAX581x_WriteCommand)
    i.MX_GPIO_Init                           0x08001994   Section        0  main.o(i.MX_GPIO_Init)
    MX_GPIO_Init                             0x08001995   Thumb Code   340  main.o(i.MX_GPIO_Init)
    i.MX_I2C1_Init                           0x08001b04   Section        0  main.o(i.MX_I2C1_Init)
    MX_I2C1_Init                             0x08001b05   Thumb Code    54  main.o(i.MX_I2C1_Init)
    i.MX_SPI1_Init                           0x08001b48   Section        0  main.o(i.MX_SPI1_Init)
    MX_SPI1_Init                             0x08001b49   Thumb Code    62  main.o(i.MX_SPI1_Init)
    i.MemManage_Handler                      0x08001b90   Section        0  stm32f7xx_it.o(i.MemManage_Handler)
    i.Motor_Init                             0x08001b94   Section        0  motor.o(i.Motor_Init)
    i.Motor_OpenLoop_Drive                   0x08001bb0   Section        0  motor.o(i.Motor_OpenLoop_Drive)
    i.Motor_SetBrake                         0x08001be0   Section        0  motor.o(i.Motor_SetBrake)
    i.Motor_SetVoltage                       0x08001bf8   Section        0  motor.o(i.Motor_SetVoltage)
    i.NMI_Handler                            0x08001c6c   Section        0  stm32f7xx_it.o(i.NMI_Handler)
    i.PendSV_Handler                         0x08001c6e   Section        0  stm32f7xx_it.o(i.PendSV_Handler)
    i.SPI_EndRxTxTransaction                 0x08001c70   Section        0  stm32f7xx_hal_spi.o(i.SPI_EndRxTxTransaction)
    SPI_EndRxTxTransaction                   0x08001c71   Thumb Code    72  stm32f7xx_hal_spi.o(i.SPI_EndRxTxTransaction)
    i.SPI_WaitFifoStateUntilTimeout          0x08001cb8   Section        0  stm32f7xx_hal_spi.o(i.SPI_WaitFifoStateUntilTimeout)
    SPI_WaitFifoStateUntilTimeout            0x08001cb9   Thumb Code   150  stm32f7xx_hal_spi.o(i.SPI_WaitFifoStateUntilTimeout)
    i.SPI_WaitFlagStateUntilTimeout          0x08001d4e   Section        0  stm32f7xx_hal_spi.o(i.SPI_WaitFlagStateUntilTimeout)
    SPI_WaitFlagStateUntilTimeout            0x08001d4f   Thumb Code   148  stm32f7xx_hal_spi.o(i.SPI_WaitFlagStateUntilTimeout)
    i.SVC_Handler                            0x08001de2   Section        0  stm32f7xx_it.o(i.SVC_Handler)
    i.SysTick_Handler                        0x08001de4   Section        0  stm32f7xx_it.o(i.SysTick_Handler)
    i.SystemClock_Config                     0x08001de8   Section        0  main.o(i.SystemClock_Config)
    i.SystemInit                             0x08001e84   Section        0  system_stm32f7xx.o(i.SystemInit)
    i.UsageFault_Handler                     0x08001ed8   Section        0  stm32f7xx_it.o(i.UsageFault_Handler)
    i.__ARM_fpclassify                       0x08001eda   Section        0  fpclassify.o(i.__ARM_fpclassify)
    i.__NVIC_SetPriority                     0x08001f0a   Section        0  stm32f7xx_hal_cortex.o(i.__NVIC_SetPriority)
    __NVIC_SetPriority                       0x08001f0b   Thumb Code    34  stm32f7xx_hal_cortex.o(i.__NVIC_SetPriority)
    i.__hardfp_cos                           0x08001f30   Section        0  cos.o(i.__hardfp_cos)
    i.__hardfp_sin                           0x08001fe0   Section        0  sin.o(i.__hardfp_sin)
    i.__ieee754_rem_pio2                     0x08002090   Section        0  rred.o(i.__ieee754_rem_pio2)
    i.__kernel_cos                           0x080023a0   Section        0  cos_i.o(i.__kernel_cos)
    i.__kernel_poly                          0x08002480   Section        0  poly.o(i.__kernel_poly)
    i.__kernel_sin                           0x080024f0   Section        0  sin_i.o(i.__kernel_sin)
    i.__mathlib_dbl_invalid                  0x08002598   Section        0  dunder.o(i.__mathlib_dbl_invalid)
    i.__mathlib_dbl_underflow                0x080025b0   Section        0  dunder.o(i.__mathlib_dbl_underflow)
    i.__scatterload_copy                     0x080025c8   Section       14  handlers.o(i.__scatterload_copy)
    i.__scatterload_null                     0x080025d6   Section        2  handlers.o(i.__scatterload_null)
    i.__scatterload_zeroinit                 0x080025d8   Section       14  handlers.o(i.__scatterload_zeroinit)
    i.__set_errno                            0x080025e8   Section        0  errno.o(i.__set_errno)
    i.fabs                                   0x080025f4   Section        0  fabs.o(i.fabs)
    i.main                                   0x0800260c   Section        0  main.o(i.main)
    i.nRF24_ClearIRQFlags                    0x080028b4   Section        0  nrf24.o(i.nRF24_ClearIRQFlags)
    i.nRF24_DisableAA                        0x080028ca   Section        0  nrf24.o(i.nRF24_DisableAA)
    i.nRF24_FlushRX                          0x080028ee   Section        0  nrf24.o(i.nRF24_FlushRX)
    i.nRF24_FlushTX                          0x080028f6   Section        0  nrf24.o(i.nRF24_FlushTX)
    i.nRF24_GPIO_Init                        0x08002900   Section        0  nrf24_hal.o(i.nRF24_GPIO_Init)
    i.nRF24_GetStatus                        0x08002920   Section        0  nrf24.o(i.nRF24_GetStatus)
    i.nRF24_Init                             0x08002928   Section        0  nrf24.o(i.nRF24_Init)
    i.nRF24_LL_RW                            0x080029c8   Section        0  nrf24_hal.o(i.nRF24_LL_RW)
    i.nRF24_ReadMBReg                        0x080029e8   Section        0  nrf24.o(i.nRF24_ReadMBReg)
    nRF24_ReadMBReg                          0x080029e9   Thumb Code    66  nrf24.o(i.nRF24_ReadMBReg)
    i.nRF24_ReadPayload                      0x08002a30   Section        0  nrf24.o(i.nRF24_ReadPayload)
    i.nRF24_ReadReg                          0x08002a6c   Section        0  nrf24.o(i.nRF24_ReadReg)
    nRF24_ReadReg                            0x08002a6d   Thumb Code    50  nrf24.o(i.nRF24_ReadReg)
    i.nRF24_SetOperationalMode               0x08002aa4   Section        0  nrf24.o(i.nRF24_SetOperationalMode)
    i.nRF24_SetPowerMode                     0x08002ac2   Section        0  nrf24.o(i.nRF24_SetPowerMode)
    i.nRF24_SetRXPipe                        0x08002ae4   Section        0  nrf24.o(i.nRF24_SetRXPipe)
    i.nRF24_WriteReg                         0x08002b34   Section        0  nrf24.o(i.nRF24_WriteReg)
    nRF24_WriteReg                           0x08002b35   Thumb Code    84  nrf24.o(i.nRF24_WriteReg)
    i.setSpeed                               0x08002b8c   Section        0  main.o(i.setSpeed)
    .constdata                               0x08002c78   Section       13  nrf24.o(.constdata)
    nRF24_RX_PW_PIPE                         0x08002c78   Data           6  nrf24.o(.constdata)
    nRF24_ADDR_REGS                          0x08002c7e   Data           7  nrf24.o(.constdata)
    .constdata                               0x08002c85   Section       16  system_stm32f7xx.o(.constdata)
    .constdata                               0x08002c98   Section       48  cos_i.o(.constdata)
    C                                        0x08002c98   Data          48  cos_i.o(.constdata)
    .constdata                               0x08002cc8   Section      200  rred.o(.constdata)
    pio2s                                    0x08002cc8   Data          48  rred.o(.constdata)
    twooverpi                                0x08002cf8   Data         152  rred.o(.constdata)
    .constdata                               0x08002d90   Section       40  sin_i.o(.constdata)
    S                                        0x08002d90   Data          40  sin_i.o(.constdata)
    .data                                    0x20000000   Section        6  main.o(.data)
    .data                                    0x20000008   Section        4  system_stm32f7xx.o(.data)
    .data                                    0x2000000c   Section       12  stm32f7xx_hal.o(.data)
    .data                                    0x20000018   Section        4  errno.o(.data)
    _errno                                   0x20000018   Data           4  errno.o(.data)
    .bss                                     0x2000001c   Section      748  main.o(.bss)
    STACK                                    0x20000308   Section     1024  startup_stm32f767xx.o(STACK)

    Global Symbols

    Symbol Name                              Value     Ov Type        Size  Object(Section)

    BuildAttributes$$THM_ISAv4$E$P$D$K$B$S$7EM$VFPv5_D16$PE$PLD8$A:L22UL41UL21$X:L11$S22US41US21$IEEE1$IW$USESV6$~STKCKD$USESV7$~SHL$OTIME$ROPI$IEEEX$EBA8$MICROLIB$REQ8$PRES8$EABIv2 0x00000000   Number         0  anon$$obj.o ABSOLUTE
    __ARM_use_no_argv                        0x00000000   Number         0  main.o ABSOLUTE
    __cpp_initialize__aeabi_                  - Undefined Weak Reference
    __cxa_finalize                            - Undefined Weak Reference
    __decompress                              - Undefined Weak Reference
    _clock_init                               - Undefined Weak Reference
    _microlib_exit                            - Undefined Weak Reference
    __Vectors_Size                           0x000001f8   Number         0  startup_stm32f767xx.o ABSOLUTE
    __Vectors                                0x08000000   Data           4  startup_stm32f767xx.o(RESET)
    __Vectors_End                            0x080001f8   Data           0  startup_stm32f767xx.o(RESET)
    __main                                   0x080001f9   Thumb Code     0  entry.o(.ARM.Collect$$$$00000000)
    _main_stk                                0x080001f9   Thumb Code     0  entry2.o(.ARM.Collect$$$$00000001)
    _main_scatterload                        0x080001fd   Thumb Code     0  entry5.o(.ARM.Collect$$$$00000004)
    __main_after_scatterload                 0x08000201   Thumb Code     0  entry5.o(.ARM.Collect$$$$00000004)
    _main_clock                              0x08000201   Thumb Code     0  entry7b.o(.ARM.Collect$$$$00000008)
    _main_cpp_init                           0x08000201   Thumb Code     0  entry8b.o(.ARM.Collect$$$$0000000A)
    _main_init                               0x08000201   Thumb Code     0  entry9a.o(.ARM.Collect$$$$0000000B)
    __rt_final_cpp                           0x08000209   Thumb Code     0  entry10a.o(.ARM.Collect$$$$0000000D)
    __rt_final_exit                          0x08000209   Thumb Code     0  entry11a.o(.ARM.Collect$$$$0000000F)
    Reset_Handler                            0x0800020d   Thumb Code     8  startup_stm32f767xx.o(.text)
    ADC_IRQHandler                           0x08000227   Thumb Code     0  startup_stm32f767xx.o(.text)
    CAN1_RX0_IRQHandler                      0x08000227   Thumb Code     0  startup_stm32f767xx.o(.text)
    CAN1_RX1_IRQHandler                      0x08000227   Thumb Code     0  startup_stm32f767xx.o(.text)
    CAN1_SCE_IRQHandler                      0x08000227   Thumb Code     0  startup_stm32f767xx.o(.text)
    CAN1_TX_IRQHandler                       0x08000227   Thumb Code     0  startup_stm32f767xx.o(.text)
    CAN2_RX0_IRQHandler                      0x08000227   Thumb Code     0  startup_stm32f767xx.o(.text)
    CAN2_RX1_IRQHandler                      0x08000227   Thumb Code     0  startup_stm32f767xx.o(.text)
    CAN2_SCE_IRQHandler                      0x08000227   Thumb Code     0  startup_stm32f767xx.o(.text)
    CAN2_TX_IRQHandler                       0x08000227   Thumb Code     0  startup_stm32f767xx.o(.text)
    CAN3_RX0_IRQHandler                      0x08000227   Thumb Code     0  startup_stm32f767xx.o(.text)
    CAN3_RX1_IRQHandler                      0x08000227   Thumb Code     0  startup_stm32f767xx.o(.text)
    CAN3_SCE_IRQHandler                      0x08000227   Thumb Code     0  startup_stm32f767xx.o(.text)
    CAN3_TX_IRQHandler                       0x08000227   Thumb Code     0  startup_stm32f767xx.o(.text)
    CEC_IRQHandler                           0x08000227   Thumb Code     0  startup_stm32f767xx.o(.text)
    DCMI_IRQHandler                          0x08000227   Thumb Code     0  startup_stm32f767xx.o(.text)
    DFSDM1_FLT0_IRQHandler                   0x08000227   Thumb Code     0  startup_stm32f767xx.o(.text)
    DFSDM1_FLT1_IRQHandler                   0x08000227   Thumb Code     0  startup_stm32f767xx.o(.text)
    DFSDM1_FLT2_IRQHandler                   0x08000227   Thumb Code     0  startup_stm32f767xx.o(.text)
    DFSDM1_FLT3_IRQHandler                   0x08000227   Thumb Code     0  startup_stm32f767xx.o(.text)
    DMA1_Stream0_IRQHandler                  0x08000227   Thumb Code     0  startup_stm32f767xx.o(.text)
    DMA1_Stream1_IRQHandler                  0x08000227   Thumb Code     0  startup_stm32f767xx.o(.text)
    DMA1_Stream2_IRQHandler                  0x08000227   Thumb Code     0  startup_stm32f767xx.o(.text)
    DMA1_Stream3_IRQHandler                  0x08000227   Thumb Code     0  startup_stm32f767xx.o(.text)
    DMA1_Stream4_IRQHandler                  0x08000227   Thumb Code     0  startup_stm32f767xx.o(.text)
    DMA1_Stream5_IRQHandler                  0x08000227   Thumb Code     0  startup_stm32f767xx.o(.text)
    DMA1_Stream6_IRQHandler                  0x08000227   Thumb Code     0  startup_stm32f767xx.o(.text)
    DMA1_Stream7_IRQHandler                  0x08000227   Thumb Code     0  startup_stm32f767xx.o(.text)
    DMA2D_IRQHandler                         0x08000227   Thumb Code     0  startup_stm32f767xx.o(.text)
    DMA2_Stream0_IRQHandler                  0x08000227   Thumb Code     0  startup_stm32f767xx.o(.text)
    DMA2_Stream1_IRQHandler                  0x08000227   Thumb Code     0  startup_stm32f767xx.o(.text)
    DMA2_Stream2_IRQHandler                  0x08000227   Thumb Code     0  startup_stm32f767xx.o(.text)
    DMA2_Stream3_IRQHandler                  0x08000227   Thumb Code     0  startup_stm32f767xx.o(.text)
    DMA2_Stream4_IRQHandler                  0x08000227   Thumb Code     0  startup_stm32f767xx.o(.text)
    DMA2_Stream5_IRQHandler                  0x08000227   Thumb Code     0  startup_stm32f767xx.o(.text)
    DMA2_Stream6_IRQHandler                  0x08000227   Thumb Code     0  startup_stm32f767xx.o(.text)
    DMA2_Stream7_IRQHandler                  0x08000227   Thumb Code     0  startup_stm32f767xx.o(.text)
    ETH_IRQHandler                           0x08000227   Thumb Code     0  startup_stm32f767xx.o(.text)
    ETH_WKUP_IRQHandler                      0x08000227   Thumb Code     0  startup_stm32f767xx.o(.text)
    EXTI0_IRQHandler                         0x08000227   Thumb Code     0  startup_stm32f767xx.o(.text)
    EXTI15_10_IRQHandler                     0x08000227   Thumb Code     0  startup_stm32f767xx.o(.text)
    EXTI1_IRQHandler                         0x08000227   Thumb Code     0  startup_stm32f767xx.o(.text)
    EXTI2_IRQHandler                         0x08000227   Thumb Code     0  startup_stm32f767xx.o(.text)
    EXTI3_IRQHandler                         0x08000227   Thumb Code     0  startup_stm32f767xx.o(.text)
    EXTI4_IRQHandler                         0x08000227   Thumb Code     0  startup_stm32f767xx.o(.text)
    EXTI9_5_IRQHandler                       0x08000227   Thumb Code     0  startup_stm32f767xx.o(.text)
    FLASH_IRQHandler                         0x08000227   Thumb Code     0  startup_stm32f767xx.o(.text)
    FMC_IRQHandler                           0x08000227   Thumb Code     0  startup_stm32f767xx.o(.text)
    FPU_IRQHandler                           0x08000227   Thumb Code     0  startup_stm32f767xx.o(.text)
    I2C1_ER_IRQHandler                       0x08000227   Thumb Code     0  startup_stm32f767xx.o(.text)
    I2C1_EV_IRQHandler                       0x08000227   Thumb Code     0  startup_stm32f767xx.o(.text)
    I2C2_ER_IRQHandler                       0x08000227   Thumb Code     0  startup_stm32f767xx.o(.text)
    I2C2_EV_IRQHandler                       0x08000227   Thumb Code     0  startup_stm32f767xx.o(.text)
    I2C3_ER_IRQHandler                       0x08000227   Thumb Code     0  startup_stm32f767xx.o(.text)
    I2C3_EV_IRQHandler                       0x08000227   Thumb Code     0  startup_stm32f767xx.o(.text)
    I2C4_ER_IRQHandler                       0x08000227   Thumb Code     0  startup_stm32f767xx.o(.text)
    I2C4_EV_IRQHandler                       0x08000227   Thumb Code     0  startup_stm32f767xx.o(.text)
    JPEG_IRQHandler                          0x08000227   Thumb Code     0  startup_stm32f767xx.o(.text)
    LPTIM1_IRQHandler                        0x08000227   Thumb Code     0  startup_stm32f767xx.o(.text)
    LTDC_ER_IRQHandler                       0x08000227   Thumb Code     0  startup_stm32f767xx.o(.text)
    LTDC_IRQHandler                          0x08000227   Thumb Code     0  startup_stm32f767xx.o(.text)
    MDIOS_IRQHandler                         0x08000227   Thumb Code     0  startup_stm32f767xx.o(.text)
    OTG_FS_IRQHandler                        0x08000227   Thumb Code     0  startup_stm32f767xx.o(.text)
    OTG_FS_WKUP_IRQHandler                   0x08000227   Thumb Code     0  startup_stm32f767xx.o(.text)
    OTG_HS_EP1_IN_IRQHandler                 0x08000227   Thumb Code     0  startup_stm32f767xx.o(.text)
    OTG_HS_EP1_OUT_IRQHandler                0x08000227   Thumb Code     0  startup_stm32f767xx.o(.text)
    OTG_HS_IRQHandler                        0x08000227   Thumb Code     0  startup_stm32f767xx.o(.text)
    OTG_HS_WKUP_IRQHandler                   0x08000227   Thumb Code     0  startup_stm32f767xx.o(.text)
    PVD_IRQHandler                           0x08000227   Thumb Code     0  startup_stm32f767xx.o(.text)
    QUADSPI_IRQHandler                       0x08000227   Thumb Code     0  startup_stm32f767xx.o(.text)
    RCC_IRQHandler                           0x08000227   Thumb Code     0  startup_stm32f767xx.o(.text)
    RNG_IRQHandler                           0x08000227   Thumb Code     0  startup_stm32f767xx.o(.text)
    RTC_Alarm_IRQHandler                     0x08000227   Thumb Code     0  startup_stm32f767xx.o(.text)
    RTC_WKUP_IRQHandler                      0x08000227   Thumb Code     0  startup_stm32f767xx.o(.text)
    SAI1_IRQHandler                          0x08000227   Thumb Code     0  startup_stm32f767xx.o(.text)
    SAI2_IRQHandler                          0x08000227   Thumb Code     0  startup_stm32f767xx.o(.text)
    SDMMC1_IRQHandler                        0x08000227   Thumb Code     0  startup_stm32f767xx.o(.text)
    SDMMC2_IRQHandler                        0x08000227   Thumb Code     0  startup_stm32f767xx.o(.text)
    SPDIF_RX_IRQHandler                      0x08000227   Thumb Code     0  startup_stm32f767xx.o(.text)
    SPI1_IRQHandler                          0x08000227   Thumb Code     0  startup_stm32f767xx.o(.text)
    SPI2_IRQHandler                          0x08000227   Thumb Code     0  startup_stm32f767xx.o(.text)
    SPI3_IRQHandler                          0x08000227   Thumb Code     0  startup_stm32f767xx.o(.text)
    SPI4_IRQHandler                          0x08000227   Thumb Code     0  startup_stm32f767xx.o(.text)
    SPI5_IRQHandler                          0x08000227   Thumb Code     0  startup_stm32f767xx.o(.text)
    SPI6_IRQHandler                          0x08000227   Thumb Code     0  startup_stm32f767xx.o(.text)
    TAMP_STAMP_IRQHandler                    0x08000227   Thumb Code     0  startup_stm32f767xx.o(.text)
    TIM1_BRK_TIM9_IRQHandler                 0x08000227   Thumb Code     0  startup_stm32f767xx.o(.text)
    TIM1_CC_IRQHandler                       0x08000227   Thumb Code     0  startup_stm32f767xx.o(.text)
    TIM1_TRG_COM_TIM11_IRQHandler            0x08000227   Thumb Code     0  startup_stm32f767xx.o(.text)
    TIM1_UP_TIM10_IRQHandler                 0x08000227   Thumb Code     0  startup_stm32f767xx.o(.text)
    TIM2_IRQHandler                          0x08000227   Thumb Code     0  startup_stm32f767xx.o(.text)
    TIM3_IRQHandler                          0x08000227   Thumb Code     0  startup_stm32f767xx.o(.text)
    TIM4_IRQHandler                          0x08000227   Thumb Code     0  startup_stm32f767xx.o(.text)
    TIM5_IRQHandler                          0x08000227   Thumb Code     0  startup_stm32f767xx.o(.text)
    TIM6_DAC_IRQHandler                      0x08000227   Thumb Code     0  startup_stm32f767xx.o(.text)
    TIM7_IRQHandler                          0x08000227   Thumb Code     0  startup_stm32f767xx.o(.text)
    TIM8_BRK_TIM12_IRQHandler                0x08000227   Thumb Code     0  startup_stm32f767xx.o(.text)
    TIM8_CC_IRQHandler                       0x08000227   Thumb Code     0  startup_stm32f767xx.o(.text)
    TIM8_TRG_COM_TIM14_IRQHandler            0x08000227   Thumb Code     0  startup_stm32f767xx.o(.text)
    TIM8_UP_TIM13_IRQHandler                 0x08000227   Thumb Code     0  startup_stm32f767xx.o(.text)
    UART4_IRQHandler                         0x08000227   Thumb Code     0  startup_stm32f767xx.o(.text)
    UART5_IRQHandler                         0x08000227   Thumb Code     0  startup_stm32f767xx.o(.text)
    UART7_IRQHandler                         0x08000227   Thumb Code     0  startup_stm32f767xx.o(.text)
    UART8_IRQHandler                         0x08000227   Thumb Code     0  startup_stm32f767xx.o(.text)
    USART1_IRQHandler                        0x08000227   Thumb Code     0  startup_stm32f767xx.o(.text)
    USART2_IRQHandler                        0x08000227   Thumb Code     0  startup_stm32f767xx.o(.text)
    USART3_IRQHandler                        0x08000227   Thumb Code     0  startup_stm32f767xx.o(.text)
    USART6_IRQHandler                        0x08000227   Thumb Code     0  startup_stm32f767xx.o(.text)
    WWDG_IRQHandler                          0x08000227   Thumb Code     0  startup_stm32f767xx.o(.text)
    __aeabi_uldivmod                         0x08000231   Thumb Code    98  uldiv.o(.text)
    __aeabi_memset                           0x08000293   Thumb Code    14  memseta.o(.text)
    __aeabi_memset4                          0x08000293   Thumb Code     0  memseta.o(.text)
    __aeabi_memset8                          0x08000293   Thumb Code     0  memseta.o(.text)
    __aeabi_memclr                           0x080002a1   Thumb Code     4  memseta.o(.text)
    __aeabi_memclr4                          0x080002a1   Thumb Code     0  memseta.o(.text)
    __aeabi_memclr8                          0x080002a1   Thumb Code     0  memseta.o(.text)
    _memset$wrapper                          0x080002a5   Thumb Code    18  memseta.o(.text)
    __aeabi_llsl                             0x080002b7   Thumb Code    30  llshl.o(.text)
    _ll_shift_l                              0x080002b7   Thumb Code     0  llshl.o(.text)
    __aeabi_llsr                             0x080002d5   Thumb Code    32  llushr.o(.text)
    _ll_ushift_r                             0x080002d5   Thumb Code     0  llushr.o(.text)
    __I$use$fp                               0x080002f5   Thumb Code     0  iusefp.o(.text)
    __scatterload                            0x080002f5   Thumb Code    28  init.o(.text)
    __scatterload_rt2                        0x080002f5   Thumb Code     0  init.o(.text)
    Board_LedToggle                          0x08000319   Thumb Code     4  board.o(i.Board_LedToggle)
    BusFault_Handler                         0x0800031d   Thumb Code     2  stm32f7xx_it.o(i.BusFault_Handler)
    DebugMon_Handler                         0x0800031f   Thumb Code     2  stm32f7xx_it.o(i.DebugMon_Handler)
    HAL_Delay                                0x08000321   Thumb Code    32  stm32f7xx_hal.o(i.HAL_Delay)
    HAL_GPIO_Init                            0x08000345   Thumb Code   418  stm32f7xx_hal_gpio.o(i.HAL_GPIO_Init)
    HAL_GPIO_TogglePin                       0x0800051d   Thumb Code    14  stm32f7xx_hal_gpio.o(i.HAL_GPIO_TogglePin)
    HAL_GPIO_WritePin                        0x0800052b   Thumb Code    10  stm32f7xx_hal_gpio.o(i.HAL_GPIO_WritePin)
    HAL_GetTick                              0x08000535   Thumb Code     6  stm32f7xx_hal.o(i.HAL_GetTick)
    HAL_I2CEx_ConfigAnalogFilter             0x08000541   Thumb Code    88  stm32f7xx_hal_i2c_ex.o(i.HAL_I2CEx_ConfigAnalogFilter)
    HAL_I2CEx_ConfigDigitalFilter            0x08000599   Thumb Code    84  stm32f7xx_hal_i2c_ex.o(i.HAL_I2CEx_ConfigDigitalFilter)
    HAL_I2C_Init                             0x080005ed   Thumb Code   180  stm32f7xx_hal_i2c.o(i.HAL_I2C_Init)
    HAL_I2C_Master_Transmit                  0x080006a5   Thumb Code   282  stm32f7xx_hal_i2c.o(i.HAL_I2C_Master_Transmit)
    HAL_I2C_MspInit                          0x080007c9   Thumb Code    86  stm32f7xx_hal_msp.o(i.HAL_I2C_MspInit)
    HAL_IncTick                              0x0800082d   Thumb Code    12  stm32f7xx_hal.o(i.HAL_IncTick)
    HAL_Init                                 0x0800083d   Thumb Code    22  stm32f7xx_hal.o(i.HAL_Init)
    HAL_InitTick                             0x08000855   Thumb Code    54  stm32f7xx_hal.o(i.HAL_InitTick)
    HAL_MspInit                              0x08000895   Thumb Code    42  stm32f7xx_hal_msp.o(i.HAL_MspInit)
    HAL_NVIC_SetPriority                     0x080008c5   Thumb Code    60  stm32f7xx_hal_cortex.o(i.HAL_NVIC_SetPriority)
    HAL_NVIC_SetPriorityGrouping             0x08000905   Thumb Code    28  stm32f7xx_hal_cortex.o(i.HAL_NVIC_SetPriorityGrouping)
    HAL_PWREx_EnableOverDrive                0x08000929   Thumb Code   100  stm32f7xx_hal_pwr_ex.o(i.HAL_PWREx_EnableOverDrive)
    HAL_RCCEx_PeriphCLKConfig                0x08000995   Thumb Code  1336  stm32f7xx_hal_rcc_ex.o(i.HAL_RCCEx_PeriphCLKConfig)
    HAL_RCC_ClockConfig                      0x08000ed1   Thumb Code   282  stm32f7xx_hal_rcc.o(i.HAL_RCC_ClockConfig)
    HAL_RCC_GetSysClockFreq                  0x08000ffd   Thumb Code    88  stm32f7xx_hal_rcc.o(i.HAL_RCC_GetSysClockFreq)
    HAL_RCC_OscConfig                        0x0800105d   Thumb Code   814  stm32f7xx_hal_rcc.o(i.HAL_RCC_OscConfig)
    HAL_SPI_Init                             0x08001399   Thumb Code   196  stm32f7xx_hal_spi.o(i.HAL_SPI_Init)
    HAL_SPI_MspInit                          0x0800145d   Thumb Code    86  stm32f7xx_hal_msp.o(i.HAL_SPI_MspInit)
    HAL_SPI_TransmitReceive                  0x080014c1   Thumb Code   608  stm32f7xx_hal_spi.o(i.HAL_SPI_TransmitReceive)
    HAL_SYSTICK_Config                       0x08001721   Thumb Code    38  stm32f7xx_hal_cortex.o(i.HAL_SYSTICK_Config)
    HardFault_Handler                        0x08001747   Thumb Code     2  stm32f7xx_it.o(i.HardFault_Handler)
    MAX581x_Code                             0x0800191b   Thumb Code    14  max581x.o(i.MAX581x_Code)
    MAX581x_CodeLoad                         0x08001929   Thumb Code    18  max581x.o(i.MAX581x_CodeLoad)
    MAX581x_Config                           0x0800193b   Thumb Code    16  max581x.o(i.MAX581x_Config)
    MAX581x_Init                             0x0800194b   Thumb Code    30  max581x.o(i.MAX581x_Init)
    MAX581x_Reference                        0x08001969   Thumb Code    16  max581x.o(i.MAX581x_Reference)
    MAX581x_WriteCommand                     0x08001979   Thumb Code    26  max581x.o(i.MAX581x_WriteCommand)
    MemManage_Handler                        0x08001b91   Thumb Code     2  stm32f7xx_it.o(i.MemManage_Handler)
    Motor_Init                               0x08001b95   Thumb Code    22  motor.o(i.Motor_Init)
    Motor_OpenLoop_Drive                     0x08001bb1   Thumb Code    42  motor.o(i.Motor_OpenLoop_Drive)
    Motor_SetBrake                           0x08001be1   Thumb Code    22  motor.o(i.Motor_SetBrake)
    Motor_SetVoltage                         0x08001bf9   Thumb Code   104  motor.o(i.Motor_SetVoltage)
    NMI_Handler                              0x08001c6d   Thumb Code     2  stm32f7xx_it.o(i.NMI_Handler)
    PendSV_Handler                           0x08001c6f   Thumb Code     2  stm32f7xx_it.o(i.PendSV_Handler)
    SVC_Handler                              0x08001de3   Thumb Code     2  stm32f7xx_it.o(i.SVC_Handler)
    SysTick_Handler                          0x08001de5   Thumb Code     4  stm32f7xx_it.o(i.SysTick_Handler)
    SystemClock_Config                       0x08001de9   Thumb Code   146  main.o(i.SystemClock_Config)
    SystemInit                               0x08001e85   Thumb Code    68  system_stm32f7xx.o(i.SystemInit)
    UsageFault_Handler                       0x08001ed9   Thumb Code     2  stm32f7xx_it.o(i.UsageFault_Handler)
    __ARM_fpclassify                         0x08001edb   Thumb Code    48  fpclassify.o(i.__ARM_fpclassify)
    __hardfp_cos                             0x08001f31   Thumb Code   158  cos.o(i.__hardfp_cos)
    __hardfp_sin                             0x08001fe1   Thumb Code   158  sin.o(i.__hardfp_sin)
    __ieee754_rem_pio2                       0x08002091   Thumb Code   646  rred.o(i.__ieee754_rem_pio2)
    __kernel_cos                             0x080023a1   Thumb Code   182  cos_i.o(i.__kernel_cos)
    __kernel_poly                            0x08002481   Thumb Code   112  poly.o(i.__kernel_poly)
    __kernel_sin                             0x080024f1   Thumb Code   144  sin_i.o(i.__kernel_sin)
    __mathlib_dbl_invalid                    0x08002599   Thumb Code    10  dunder.o(i.__mathlib_dbl_invalid)
    __mathlib_dbl_underflow                  0x080025b1   Thumb Code    10  dunder.o(i.__mathlib_dbl_underflow)
    __scatterload_copy                       0x080025c9   Thumb Code    14  handlers.o(i.__scatterload_copy)
    __scatterload_null                       0x080025d7   Thumb Code     2  handlers.o(i.__scatterload_null)
    __scatterload_zeroinit                   0x080025d9   Thumb Code    14  handlers.o(i.__scatterload_zeroinit)
    __set_errno                              0x080025e9   Thumb Code     6  errno.o(i.__set_errno)
    fabs                                     0x080025f5   Thumb Code    24  fabs.o(i.fabs)
    main                                     0x0800260d   Thumb Code   608  main.o(i.main)
    nRF24_ClearIRQFlags                      0x080028b5   Thumb Code    22  nrf24.o(i.nRF24_ClearIRQFlags)
    nRF24_DisableAA                          0x080028cb   Thumb Code    36  nrf24.o(i.nRF24_DisableAA)
    nRF24_FlushRX                            0x080028ef   Thumb Code     8  nrf24.o(i.nRF24_FlushRX)
    nRF24_FlushTX                            0x080028f7   Thumb Code     8  nrf24.o(i.nRF24_FlushTX)
    nRF24_GPIO_Init                          0x08002901   Thumb Code    28  nrf24_hal.o(i.nRF24_GPIO_Init)
    nRF24_GetStatus                          0x08002921   Thumb Code     6  nrf24.o(i.nRF24_GetStatus)
    nRF24_Init                               0x08002929   Thumb Code   156  nrf24.o(i.nRF24_Init)
    nRF24_LL_RW                              0x080029c9   Thumb Code    28  nrf24_hal.o(i.nRF24_LL_RW)
    nRF24_ReadPayload                        0x08002a31   Thumb Code    54  nrf24.o(i.nRF24_ReadPayload)
    nRF24_SetOperationalMode                 0x08002aa5   Thumb Code    30  nrf24.o(i.nRF24_SetOperationalMode)
    nRF24_SetPowerMode                       0x08002ac3   Thumb Code    34  nrf24.o(i.nRF24_SetPowerMode)
    nRF24_SetRXPipe                          0x08002ae5   Thumb Code    74  nrf24.o(i.nRF24_SetRXPipe)
    setSpeed                                 0x08002b8d   Thumb Code   212  main.o(i.setSpeed)
    AHBPrescTable                            0x08002c85   Data          16  system_stm32f7xx.o(.constdata)
    Region$$Table$$Base                      0x08002db8   Number         0  anon$$obj.o(Region$$Table)
    Region$$Table$$Limit                     0x08002dd8   Number         0  anon$$obj.o(Region$$Table)
    rxLen                                    0x20000000   Data           1  main.o(.data)
    status                                   0x20000001   Data           1  main.o(.data)
    direction                                0x20000002   Data           4  main.o(.data)
    SystemCoreClock                          0x20000008   Data           4  system_stm32f7xx.o(.data)
    uwTickFreq                               0x2000000c   Data           1  stm32f7xx_hal.o(.data)
    uwTickPrio                               0x20000010   Data           4  stm32f7xx_hal.o(.data)
    uwTick                                   0x20000014   Data           4  stm32f7xx_hal.o(.data)
    hi2c1                                    0x2000001c   Data          76  main.o(.bss)
    hspi1                                    0x20000068   Data         100  main.o(.bss)
    rxBuffer                                 0x200000cc   Data          32  main.o(.bss)
    speed                                    0x200000ec   Data          16  main.o(.bss)
    kinematic                                0x200000fc   Data          48  main.o(.bss)
    motor                                    0x2000012c   Data         464  main.o(.bss)
    v_vel                                    0x200002fc   Data          12  main.o(.bss)
    __initial_sp                             0x20000708   Data           0  startup_stm32f767xx.o(STACK)



==============================================================================

Memory Map of the image

  Image Entry point : 0x080001f9

  Load Region LR_IROM1 (Base: 0x08000000, Size: 0x00002df4, Max: 0x00200000, ABSOLUTE)

    Execution Region ER_IROM1 (Exec base: 0x08000000, Load base: 0x08000000, Size: 0x00002dd8, Max: 0x00200000, ABSOLUTE)

    Exec Addr    Load Addr    Size         Type   Attr      Idx    E Section Name        Object

    0x08000000   0x08000000   0x000001f8   Data   RO            3    RESET               startup_stm32f767xx.o
    0x080001f8   0x080001f8   0x00000000   Code   RO         3013  * .ARM.Collect$$$$00000000  mc_w.l(entry.o)
    0x080001f8   0x080001f8   0x00000004   Code   RO         3052    .ARM.Collect$$$$00000001  mc_w.l(entry2.o)
    0x080001fc   0x080001fc   0x00000004   Code   RO         3055    .ARM.Collect$$$$00000004  mc_w.l(entry5.o)
    0x08000200   0x08000200   0x00000000   Code   RO         3057    .ARM.Collect$$$$00000008  mc_w.l(entry7b.o)
    0x08000200   0x08000200   0x00000000   Code   RO         3059    .ARM.Collect$$$$0000000A  mc_w.l(entry8b.o)
    0x08000200   0x08000200   0x00000008   Code   RO         3060    .ARM.Collect$$$$0000000B  mc_w.l(entry9a.o)
    0x08000208   0x08000208   0x00000000   Code   RO         3062    .ARM.Collect$$$$0000000D  mc_w.l(entry10a.o)
    0x08000208   0x08000208   0x00000000   Code   RO         3064    .ARM.Collect$$$$0000000F  mc_w.l(entry11a.o)
    0x08000208   0x08000208   0x00000004   Code   RO         3053    .ARM.Collect$$$$00002712  mc_w.l(entry2.o)
    0x0800020c   0x0800020c   0x00000024   Code   RO            4    .text               startup_stm32f767xx.o
    0x08000230   0x08000230   0x00000062   Code   RO         3016    .text               mc_w.l(uldiv.o)
    0x08000292   0x08000292   0x00000024   Code   RO         3020    .text               mc_w.l(memseta.o)
    0x080002b6   0x080002b6   0x0000001e   Code   RO         3066    .text               mc_w.l(llshl.o)
    0x080002d4   0x080002d4   0x00000020   Code   RO         3068    .text               mc_w.l(llushr.o)
    0x080002f4   0x080002f4   0x00000000   Code   RO         3077    .text               mc_w.l(iusefp.o)
    0x080002f4   0x080002f4   0x00000024   Code   RO         3088    .text               mc_w.l(init.o)
    0x08000318   0x08000318   0x00000004   Code   RO          612    i.Board_LedToggle   board.o
    0x0800031c   0x0800031c   0x00000002   Code   RO          487    i.BusFault_Handler  stm32f7xx_it.o
    0x0800031e   0x0800031e   0x00000002   Code   RO          488    i.DebugMon_Handler  stm32f7xx_it.o
    0x08000320   0x08000320   0x00000024   Code   RO         2711    i.HAL_Delay         stm32f7xx_hal.o
    0x08000344   0x08000344   0x000001d8   Code   RO         2278    i.HAL_GPIO_Init     stm32f7xx_hal_gpio.o
    0x0800051c   0x0800051c   0x0000000e   Code   RO         2281    i.HAL_GPIO_TogglePin  stm32f7xx_hal_gpio.o
    0x0800052a   0x0800052a   0x0000000a   Code   RO         2282    i.HAL_GPIO_WritePin  stm32f7xx_hal_gpio.o
    0x08000534   0x08000534   0x0000000c   Code   RO         2721    i.HAL_GetTick       stm32f7xx_hal.o
    0x08000540   0x08000540   0x00000058   Code   RO         1502    i.HAL_I2CEx_ConfigAnalogFilter  stm32f7xx_hal_i2c_ex.o
    0x08000598   0x08000598   0x00000054   Code   RO         1503    i.HAL_I2CEx_ConfigDigitalFilter  stm32f7xx_hal_i2c_ex.o
    0x080005ec   0x080005ec   0x000000b8   Code   RO         1056    i.HAL_I2C_Init      stm32f7xx_hal_i2c.o
    0x080006a4   0x080006a4   0x00000124   Code   RO         1069    i.HAL_I2C_Master_Transmit  stm32f7xx_hal_i2c.o
    0x080007c8   0x080007c8   0x00000064   Code   RO          563    i.HAL_I2C_MspInit   stm32f7xx_hal_msp.o
    0x0800082c   0x0800082c   0x00000010   Code   RO         2727    i.HAL_IncTick       stm32f7xx_hal.o
    0x0800083c   0x0800083c   0x00000016   Code   RO         2728    i.HAL_Init          stm32f7xx_hal.o
    0x08000852   0x08000852   0x00000002   PAD
    0x08000854   0x08000854   0x00000040   Code   RO         2729    i.HAL_InitTick      stm32f7xx_hal.o
    0x08000894   0x08000894   0x00000030   Code   RO          564    i.HAL_MspInit       stm32f7xx_hal_msp.o
    0x080008c4   0x080008c4   0x00000040   Code   RO          921    i.HAL_NVIC_SetPriority  stm32f7xx_hal_cortex.o
    0x08000904   0x08000904   0x00000024   Code   RO          922    i.HAL_NVIC_SetPriorityGrouping  stm32f7xx_hal_cortex.o
    0x08000928   0x08000928   0x0000006c   Code   RO         2618    i.HAL_PWREx_EnableOverDrive  stm32f7xx_hal_pwr_ex.o
    0x08000994   0x08000994   0x0000053c   Code   RO         2039    i.HAL_RCCEx_PeriphCLKConfig  stm32f7xx_hal_rcc_ex.o
    0x08000ed0   0x08000ed0   0x0000012c   Code   RO         1932    i.HAL_RCC_ClockConfig  stm32f7xx_hal_rcc.o
    0x08000ffc   0x08000ffc   0x00000060   Code   RO         1941    i.HAL_RCC_GetSysClockFreq  stm32f7xx_hal_rcc.o
    0x0800105c   0x0800105c   0x0000033c   Code   RO         1944    i.HAL_RCC_OscConfig  stm32f7xx_hal_rcc.o
    0x08001398   0x08001398   0x000000c4   Code   RO         1555    i.HAL_SPI_Init      stm32f7xx_hal_spi.o
    0x0800145c   0x0800145c   0x00000064   Code   RO          566    i.HAL_SPI_MspInit   stm32f7xx_hal_msp.o
    0x080014c0   0x080014c0   0x00000260   Code   RO         1564    i.HAL_SPI_TransmitReceive  stm32f7xx_hal_spi.o
    0x08001720   0x08001720   0x00000026   Code   RO          926    i.HAL_SYSTICK_Config  stm32f7xx_hal_cortex.o
    0x08001746   0x08001746   0x00000002   Code   RO          489    i.HardFault_Handler  stm32f7xx_it.o
    0x08001748   0x08001748   0x00000022   Code   RO         1103    i.I2C_Flush_TXDR    stm32f7xx_hal_i2c.o
    0x0800176a   0x0800176a   0x00000002   PAD
    0x0800176c   0x0800176c   0x00000088   Code   RO         1111    i.I2C_IsAcknowledgeFailed  stm32f7xx_hal_i2c.o
    0x080017f4   0x080017f4   0x0000002c   Code   RO         1118    i.I2C_TransferConfig  stm32f7xx_hal_i2c.o
    0x08001820   0x08001820   0x0000005a   Code   RO         1119    i.I2C_WaitOnFlagUntilTimeout  stm32f7xx_hal_i2c.o
    0x0800187a   0x0800187a   0x0000004e   Code   RO         1121    i.I2C_WaitOnSTOPFlagUntilTimeout  stm32f7xx_hal_i2c.o
    0x080018c8   0x080018c8   0x00000052   Code   RO         1122    i.I2C_WaitOnTXISFlagUntilTimeout  stm32f7xx_hal_i2c.o
    0x0800191a   0x0800191a   0x0000000e   Code   RO          646    i.MAX581x_Code      max581x.o
    0x08001928   0x08001928   0x00000012   Code   RO          649    i.MAX581x_CodeLoad  max581x.o
    0x0800193a   0x0800193a   0x00000010   Code   RO          651    i.MAX581x_Config    max581x.o
    0x0800194a   0x0800194a   0x0000001e   Code   RO          652    i.MAX581x_Init      max581x.o
    0x08001968   0x08001968   0x00000010   Code   RO          656    i.MAX581x_Reference  max581x.o
    0x08001978   0x08001978   0x0000001a   Code   RO          657    i.MAX581x_WriteCommand  max581x.o
    0x08001992   0x08001992   0x00000002   PAD
    0x08001994   0x08001994   0x00000170   Code   RO          397    i.MX_GPIO_Init      main.o
    0x08001b04   0x08001b04   0x00000044   Code   RO          398    i.MX_I2C1_Init      main.o
    0x08001b48   0x08001b48   0x00000048   Code   RO          399    i.MX_SPI1_Init      main.o
    0x08001b90   0x08001b90   0x00000002   Code   RO          490    i.MemManage_Handler  stm32f7xx_it.o
    0x08001b92   0x08001b92   0x00000002   PAD
    0x08001b94   0x08001b94   0x0000001c   Code   RO          735    i.Motor_Init        motor.o
    0x08001bb0   0x08001bb0   0x00000030   Code   RO          736    i.Motor_OpenLoop_Drive  motor.o
    0x08001be0   0x08001be0   0x00000016   Code   RO          738    i.Motor_SetBrake    motor.o
    0x08001bf6   0x08001bf6   0x00000002   PAD
    0x08001bf8   0x08001bf8   0x00000074   Code   RO          739    i.Motor_SetVoltage  motor.o
    0x08001c6c   0x08001c6c   0x00000002   Code   RO          491    i.NMI_Handler       stm32f7xx_it.o
    0x08001c6e   0x08001c6e   0x00000002   Code   RO          492    i.PendSV_Handler    stm32f7xx_it.o
    0x08001c70   0x08001c70   0x00000048   Code   RO         1593    i.SPI_EndRxTxTransaction  stm32f7xx_hal_spi.o
    0x08001cb8   0x08001cb8   0x00000096   Code   RO         1598    i.SPI_WaitFifoStateUntilTimeout  stm32f7xx_hal_spi.o
    0x08001d4e   0x08001d4e   0x00000094   Code   RO         1599    i.SPI_WaitFlagStateUntilTimeout  stm32f7xx_hal_spi.o
    0x08001de2   0x08001de2   0x00000002   Code   RO          493    i.SVC_Handler       stm32f7xx_it.o
    0x08001de4   0x08001de4   0x00000004   Code   RO          494    i.SysTick_Handler   stm32f7xx_it.o
    0x08001de8   0x08001de8   0x0000009c   Code   RO          400    i.SystemClock_Config  main.o
    0x08001e84   0x08001e84   0x00000054   Code   RO          873    i.SystemInit        system_stm32f7xx.o
    0x08001ed8   0x08001ed8   0x00000002   Code   RO          495    i.UsageFault_Handler  stm32f7xx_it.o
    0x08001eda   0x08001eda   0x00000030   Code   RO         3084    i.__ARM_fpclassify  m_wv.l(fpclassify.o)
    0x08001f0a   0x08001f0a   0x00000022   Code   RO          928    i.__NVIC_SetPriority  stm32f7xx_hal_cortex.o
    0x08001f2c   0x08001f2c   0x00000004   PAD
    0x08001f30   0x08001f30   0x000000b0   Code   RO         2983    i.__hardfp_cos      m_wv.l(cos.o)
    0x08001fe0   0x08001fe0   0x000000b0   Code   RO         3001    i.__hardfp_sin      m_wv.l(sin.o)
    0x08002090   0x08002090   0x00000310   Code   RO         3041    i.__ieee754_rem_pio2  m_wv.l(rred.o)
    0x080023a0   0x080023a0   0x000000e0   Code   RO         3024    i.__kernel_cos      m_wv.l(cos_i.o)
    0x08002480   0x08002480   0x00000070   Code   RO         3086    i.__kernel_poly     m_wv.l(poly.o)
    0x080024f0   0x080024f0   0x000000a8   Code   RO         3046    i.__kernel_sin      m_wv.l(sin_i.o)
    0x08002598   0x08002598   0x00000018   Code   RO         3030    i.__mathlib_dbl_invalid  m_wv.l(dunder.o)
    0x080025b0   0x080025b0   0x00000018   Code   RO         3033    i.__mathlib_dbl_underflow  m_wv.l(dunder.o)
    0x080025c8   0x080025c8   0x0000000e   Code   RO         3092    i.__scatterload_copy  mc_w.l(handlers.o)
    0x080025d6   0x080025d6   0x00000002   Code   RO         3093    i.__scatterload_null  mc_w.l(handlers.o)
    0x080025d8   0x080025d8   0x0000000e   Code   RO         3094    i.__scatterload_zeroinit  mc_w.l(handlers.o)
    0x080025e6   0x080025e6   0x00000002   PAD
    0x080025e8   0x080025e8   0x0000000c   Code   RO         3072    i.__set_errno       mc_w.l(errno.o)
    0x080025f4   0x080025f4   0x00000018   Code   RO         3080    i.fabs              m_wv.l(fabs.o)
    0x0800260c   0x0800260c   0x000002a8   Code   RO          401    i.main              main.o
    0x080028b4   0x080028b4   0x00000016   Code   RO           14    i.nRF24_ClearIRQFlags  nrf24.o
    0x080028ca   0x080028ca   0x00000024   Code   RO           16    i.nRF24_DisableAA   nrf24.o
    0x080028ee   0x080028ee   0x00000008   Code   RO           18    i.nRF24_FlushRX     nrf24.o
    0x080028f6   0x080028f6   0x00000008   Code   RO           19    i.nRF24_FlushTX     nrf24.o
    0x080028fe   0x080028fe   0x00000002   PAD
    0x08002900   0x08002900   0x00000020   Code   RO          326    i.nRF24_GPIO_Init   nrf24_hal.o
    0x08002920   0x08002920   0x00000006   Code   RO           23    i.nRF24_GetStatus   nrf24.o
    0x08002926   0x08002926   0x00000002   PAD
    0x08002928   0x08002928   0x000000a0   Code   RO           26    i.nRF24_Init        nrf24.o
    0x080029c8   0x080029c8   0x00000020   Code   RO          327    i.nRF24_LL_RW       nrf24_hal.o
    0x080029e8   0x080029e8   0x00000048   Code   RO           27    i.nRF24_ReadMBReg   nrf24.o
    0x08002a30   0x08002a30   0x0000003c   Code   RO           28    i.nRF24_ReadPayload  nrf24.o
    0x08002a6c   0x08002a6c   0x00000038   Code   RO           29    i.nRF24_ReadReg     nrf24.o
    0x08002aa4   0x08002aa4   0x0000001e   Code   RO           36    i.nRF24_SetOperationalMode  nrf24.o
    0x08002ac2   0x08002ac2   0x00000022   Code   RO           37    i.nRF24_SetPowerMode  nrf24.o
    0x08002ae4   0x08002ae4   0x00000050   Code   RO           39    i.nRF24_SetRXPipe   nrf24.o
    0x08002b34   0x08002b34   0x00000058   Code   RO           43    i.nRF24_WriteReg    nrf24.o
    0x08002b8c   0x08002b8c   0x000000ec   Code   RO          402    i.setSpeed          main.o
    0x08002c78   0x08002c78   0x0000000d   Data   RO           44    .constdata          nrf24.o
    0x08002c85   0x08002c85   0x00000010   Data   RO          874    .constdata          system_stm32f7xx.o
    0x08002c95   0x08002c95   0x00000003   PAD
    0x08002c98   0x08002c98   0x00000030   Data   RO         3025    .constdata          m_wv.l(cos_i.o)
    0x08002cc8   0x08002cc8   0x000000c8   Data   RO         3043    .constdata          m_wv.l(rred.o)
    0x08002d90   0x08002d90   0x00000028   Data   RO         3047    .constdata          m_wv.l(sin_i.o)
    0x08002db8   0x08002db8   0x00000020   Data   RO         3090    Region$$Table       anon$$obj.o


    Execution Region RW_IRAM1 (Exec base: 0x20000000, Load base: 0x08002dd8, Size: 0x00000708, Max: 0x00080000, ABSOLUTE)

    Exec Addr    Load Addr    Size         Type   Attr      Idx    E Section Name        Object

    0x20000000   0x08002dd8   0x00000006   Data   RW          406    .data               main.o
    0x20000006   0x08002dde   0x00000002   PAD
    0x20000008   0x08002de0   0x00000004   Data   RW          876    .data               system_stm32f7xx.o
    0x2000000c   0x08002de4   0x0000000c   Data   RW         2735    .data               stm32f7xx_hal.o
    0x20000018   0x08002df0   0x00000004   Data   RW         3073    .data               mc_w.l(errno.o)
    0x2000001c        -       0x000002ec   Zero   RW          403    .bss                main.o
    0x20000308        -       0x00000400   Zero   RW            1    STACK               startup_stm32f767xx.o


==============================================================================

Image component sizes


      Code (inc. data)   RO Data    RW Data    ZI Data      Debug   Object Name

         4          0          0          0          0        782   board.o
      1580        158          0          6        748       9509   main.o
       120          0          0          0          0       3785   max581x.o
       214         24          0          0          0       2772   motor.o
       660         32         13          0          0     832341   nrf24.o
        64          8          0          0          0       1044   nrf24_hal.o
        36          8        504          0       1024        840   startup_stm32f767xx.o
       150         24          0         12          0       9221   stm32f7xx_hal.o
       172         12          0          0          0      38318   stm32f7xx_hal_cortex.o
       496         54          0          0          0       3209   stm32f7xx_hal_gpio.o
       940         22          0          0          0       8645   stm32f7xx_hal_i2c.o
       172          0          0          0          0       1979   stm32f7xx_hal_i2c_ex.o
       248         34          0          0          0       2262   stm32f7xx_hal_msp.o
       108          8          0          0          0       1276   stm32f7xx_hal_pwr_ex.o
      1224         40          0          0          0       3934   stm32f7xx_hal_rcc.o
      1340         22          0          0          0       2332   stm32f7xx_hal_rcc_ex.o
      1174          0          0          0          0       6097   stm32f7xx_hal_spi.o
        20          0          0          0          0       4130   stm32f7xx_it.o
        84         16         16          4          0       1239   system_stm32f7xx.o

    ----------------------------------------------------------------------
      8824        462        568         24       1772     933715   Object Totals
         0          0         32          0          0          0   (incl. Generated)
        18          0          3          2          0          0   (incl. Padding)

    ----------------------------------------------------------------------

      Code (inc. data)   RO Data    RW Data    ZI Data      Debug   Library Member Name

       176         18          0          0          0        156   cos.o
       224         42         48          0          0        184   cos_i.o
        48         28          0          0          0        232   dunder.o
        24          0          0          0          0        124   fabs.o
        48          0          0          0          0        124   fpclassify.o
       112          0          0          0          0        116   poly.o
       784        138        200          0          0        172   rred.o
       176         18          0          0          0        160   sin.o
       168         24         40          0          0        196   sin_i.o
         0          0          0          0          0          0   entry.o
         0          0          0          0          0          0   entry10a.o
         0          0          0          0          0          0   entry11a.o
         8          4          0          0          0          0   entry2.o
         4          0          0          0          0          0   entry5.o
         0          0          0          0          0          0   entry7b.o
         0          0          0          0          0          0   entry8b.o
         8          4          0          0          0          0   entry9a.o
        12          6          0          4          0         68   errno.o
        30          0          0          0          0          0   handlers.o
        36          8          0          0          0         68   init.o
         0          0          0          0          0          0   iusefp.o
        30          0          0          0          0         68   llshl.o
        32          0          0          0          0         68   llushr.o
        36          0          0          0          0        108   memseta.o
        98          0          0          0          0         92   uldiv.o

    ----------------------------------------------------------------------
      2056        290        288          4          0       1936   Library Totals
         2          0          0          0          0          0   (incl. Padding)

    ----------------------------------------------------------------------

      Code (inc. data)   RO Data    RW Data    ZI Data      Debug   Library Name

      1760        268        288          0          0       1464   m_wv.l
       294         22          0          4          0        472   mc_w.l

    ----------------------------------------------------------------------
      2056        290        288          4          0       1936   Library Totals

    ----------------------------------------------------------------------

==============================================================================


      Code (inc. data)   RO Data    RW Data    ZI Data      Debug   

     10880        752        856         28       1772     927851   Grand Totals
     10880        752        856         28       1772     927851   ELF Image Totals
     10880        752        856         28          0          0   ROM Totals

==============================================================================

    Total RO  Size (Code + RO Data)                11736 (  11.46kB)
    Total RW  Size (RW Data + ZI Data)              1800 (   1.76kB)
    Total ROM Size (Code + RO Data + RW Data)      11764 (  11.49kB)

==============================================================================

