Component: ARM Compiler 5.06 update 6 (build 750) Tool: armlink [4d35ed]

==============================================================================

Section Cross References

    startup_stm32f767xx.o(RESET) refers to startup_stm32f767xx.o(STACK) for __initial_sp
    startup_stm32f767xx.o(RESET) refers to startup_stm32f767xx.o(.text) for Reset_Handler
    startup_stm32f767xx.o(RESET) refers to stm32f7xx_it.o(i.NMI_Handler) for NMI_Handler
    startup_stm32f767xx.o(RESET) refers to stm32f7xx_it.o(i.HardFault_Handler) for HardFault_Handler
    startup_stm32f767xx.o(RESET) refers to stm32f7xx_it.o(i.MemManage_Handler) for MemManage_Handler
    startup_stm32f767xx.o(RESET) refers to stm32f7xx_it.o(i.BusFault_Handler) for BusFault_Handler
    startup_stm32f767xx.o(RESET) refers to stm32f7xx_it.o(i.UsageFault_Handler) for UsageFault_Handler
    startup_stm32f767xx.o(RESET) refers to port.o(.emb_text) for SVC_Handler
    startup_stm32f767xx.o(RESET) refers to stm32f7xx_it.o(i.DebugMon_Handler) for DebugMon_Handler
    startup_stm32f767xx.o(RESET) refers to port.o(i.SysTick_Handler) for SysTick_Handler
    startup_stm32f767xx.o(RESET) refers to stm32f7xx_it.o(i.TIM1_UP_TIM10_IRQHandler) for TIM1_UP_TIM10_IRQHandler
    startup_stm32f767xx.o(.text) refers to system_stm32f7xx.o(i.SystemInit) for SystemInit
    startup_stm32f767xx.o(.text) refers to entry.o(.ARM.Collect$$$$00000000) for __main
    nrf24.o(i.nRF24_Check) refers to nrf24.o(i.nRF24_WriteMBReg) for nRF24_WriteMBReg
    nrf24.o(i.nRF24_Check) refers to nrf24.o(i.nRF24_ReadMBReg) for nRF24_ReadMBReg
    nrf24.o(i.nRF24_ClearIRQFlags) refers to nrf24.o(i.nRF24_ReadReg) for nRF24_ReadReg
    nrf24.o(i.nRF24_ClearIRQFlags) refers to nrf24.o(i.nRF24_WriteReg) for nRF24_WriteReg
    nrf24.o(i.nRF24_ClosePipe) refers to nrf24.o(i.nRF24_ReadReg) for nRF24_ReadReg
    nrf24.o(i.nRF24_ClosePipe) refers to nrf24.o(i.nRF24_WriteReg) for nRF24_WriteReg
    nrf24.o(i.nRF24_DisableAA) refers to nrf24.o(i.nRF24_ReadReg) for nRF24_ReadReg
    nrf24.o(i.nRF24_DisableAA) refers to nrf24.o(i.nRF24_WriteReg) for nRF24_WriteReg
    nrf24.o(i.nRF24_EnableAA) refers to nrf24.o(i.nRF24_ReadReg) for nRF24_ReadReg
    nrf24.o(i.nRF24_EnableAA) refers to nrf24.o(i.nRF24_WriteReg) for nRF24_WriteReg
    nrf24.o(i.nRF24_FlushRX) refers to nrf24.o(i.nRF24_WriteReg) for nRF24_WriteReg
    nrf24.o(i.nRF24_FlushTX) refers to nrf24.o(i.nRF24_WriteReg) for nRF24_WriteReg
    nrf24.o(i.nRF24_GetIRQFlags) refers to nrf24.o(i.nRF24_ReadReg) for nRF24_ReadReg
    nrf24.o(i.nRF24_GetRXSource) refers to nrf24.o(i.nRF24_ReadReg) for nRF24_ReadReg
    nrf24.o(i.nRF24_GetRetransmitCounters) refers to nrf24.o(i.nRF24_ReadReg) for nRF24_ReadReg
    nrf24.o(i.nRF24_GetStatus) refers to nrf24.o(i.nRF24_ReadReg) for nRF24_ReadReg
    nrf24.o(i.nRF24_GetStatus_RXFIFO) refers to nrf24.o(i.nRF24_ReadReg) for nRF24_ReadReg
    nrf24.o(i.nRF24_GetStatus_TXFIFO) refers to nrf24.o(i.nRF24_ReadReg) for nRF24_ReadReg
    nrf24.o(i.nRF24_Init) refers to nrf24.o(i.nRF24_WriteReg) for nRF24_WriteReg
    nrf24.o(i.nRF24_Init) refers to nrf24.o(i.nRF24_FlushRX) for nRF24_FlushRX
    nrf24.o(i.nRF24_Init) refers to nrf24.o(i.nRF24_FlushTX) for nRF24_FlushTX
    nrf24.o(i.nRF24_Init) refers to nrf24.o(i.nRF24_ClearIRQFlags) for nRF24_ClearIRQFlags
    nrf24.o(i.nRF24_Init) refers to stm32f7xx_hal_gpio.o(i.HAL_GPIO_WritePin) for HAL_GPIO_WritePin
    nrf24.o(i.nRF24_ReadMBReg) refers to stm32f7xx_hal_gpio.o(i.HAL_GPIO_WritePin) for HAL_GPIO_WritePin
    nrf24.o(i.nRF24_ReadMBReg) refers to nrf24_hal.o(i.nRF24_LL_RW) for nRF24_LL_RW
    nrf24.o(i.nRF24_ReadPayload) refers to nrf24.o(i.nRF24_ReadReg) for nRF24_ReadReg
    nrf24.o(i.nRF24_ReadPayload) refers to nrf24.o(i.nRF24_ReadMBReg) for nRF24_ReadMBReg
    nrf24.o(i.nRF24_ReadPayload) refers to nrf24.o(.constdata) for .constdata
    nrf24.o(i.nRF24_ReadReg) refers to stm32f7xx_hal_gpio.o(i.HAL_GPIO_WritePin) for HAL_GPIO_WritePin
    nrf24.o(i.nRF24_ReadReg) refers to nrf24_hal.o(i.nRF24_LL_RW) for nRF24_LL_RW
    nrf24.o(i.nRF24_ResetPLOS) refers to nrf24.o(i.nRF24_ReadReg) for nRF24_ReadReg
    nrf24.o(i.nRF24_ResetPLOS) refers to nrf24.o(i.nRF24_WriteReg) for nRF24_WriteReg
    nrf24.o(i.nRF24_SetAddr) refers to nrf24.o(i.nRF24_ReadReg) for nRF24_ReadReg
    nrf24.o(i.nRF24_SetAddr) refers to stm32f7xx_hal_gpio.o(i.HAL_GPIO_WritePin) for HAL_GPIO_WritePin
    nrf24.o(i.nRF24_SetAddr) refers to nrf24_hal.o(i.nRF24_LL_RW) for nRF24_LL_RW
    nrf24.o(i.nRF24_SetAddr) refers to nrf24.o(i.nRF24_WriteReg) for nRF24_WriteReg
    nrf24.o(i.nRF24_SetAddr) refers to nrf24.o(i.nRF24_WriteMBReg) for nRF24_WriteMBReg
    nrf24.o(i.nRF24_SetAddr) refers to nrf24.o(.constdata) for .constdata
    nrf24.o(i.nRF24_SetAddrWidth) refers to nrf24.o(i.nRF24_WriteReg) for nRF24_WriteReg
    nrf24.o(i.nRF24_SetAutoRetr) refers to nrf24.o(i.nRF24_WriteReg) for nRF24_WriteReg
    nrf24.o(i.nRF24_SetCRCScheme) refers to nrf24.o(i.nRF24_ReadReg) for nRF24_ReadReg
[...]
    ..\Drivers\STM32F7xx_HAL_Driver\Src\stm32f7xx_hal_i2c_ex.c 0x00000000   Number         0  stm32f7xx_hal_i2c_ex.o ABSOLUTE
    ..\Drivers\STM32F7xx_HAL_Driver\Src\stm32f7xx_hal_pwr.c 0x00000000   Number         0  stm32f7xx_hal_pwr.o ABSOLUTE
    ..\Drivers\STM32F7xx_HAL_Driver\Src\stm32f7xx_hal_pwr_ex.c 0x00000000   Number         0  stm32f7xx_hal_pwr_ex.o ABSOLUTE
    ..\Drivers\STM32F7xx_HAL_Driver\Src\stm32f7xx_hal_rcc.c 0x00000000   Number         0  stm32f7xx_hal_rcc.o ABSOLUTE
    ..\Drivers\STM32F7xx_HAL_Driver\Src\stm32f7xx_hal_rcc_ex.c 0x00000000   Number         0  stm32f7xx_hal_rcc_ex.o ABSOLUTE
    ..\Drivers\STM32F7xx_HAL_Driver\Src\stm32f7xx_hal_spi.c 0x00000000   Number         0  stm32f7xx_hal_spi.o ABSOLUTE
    ..\Drivers\STM32F7xx_HAL_Driver\Src\stm32f7xx_hal_spi_ex.c 0x00000000   Number         0  stm32f7xx_hal_spi_ex.o ABSOLUTE
    ..\Drivers\STM32F7xx_HAL_Driver\Src\stm32f7xx_hal_tim.c 0x00000000   Number         0  stm32f7xx_hal_tim.o ABSOLUTE
    ..\Drivers\STM32F7xx_HAL_Driver\Src\stm32f7xx_hal_tim_ex.c 0x00000000   Number         0  stm32f7xx_hal_tim_ex.o ABSOLUTE
    ..\Middlewares\Third_Party\FreeRTOS\Source\CMSIS_RTOS\cmsis_os.c 0x00000000   Number         0  cmsis_os.o ABSOLUTE
    ..\Middlewares\Third_Party\FreeRTOS\Source\portable\RVDS\ARM_CM7\r0p1\port.c 0x00000000   Number         0  port.o ABSOLUTE
    ..\Src\freertos.c                        0x00000000   Number         0  freertos.o ABSOLUTE
    ..\Src\main.c                            0x00000000   Number         0  main.o ABSOLUTE
    ..\Src\nrf24.c                           0x00000000   Number         0  nrf24.o ABSOLUTE
    ..\Src\nrf24_hal.c                       0x00000000   Number         0  nrf24_hal.o ABSOLUTE
    ..\Src\stm32f7xx_hal_msp.c               0x00000000   Number         0  stm32f7xx_hal_msp.o ABSOLUTE
    ..\Src\stm32f7xx_hal_timebase_tim.c      0x00000000   Number         0  stm32f7xx_hal_timebase_tim.o ABSOLUTE
    ..\Src\stm32f7xx_it.c                    0x00000000   Number         0  stm32f7xx_it.o ABSOLUTE
    ..\Src\sysmic_ll_spi.c                   0x00000000   Number         0  sysmic_ll_spi.o ABSOLUTE
    ..\Src\system_stm32f7xx.c                0x00000000   Number         0  system_stm32f7xx.o ABSOLUTE
    ..\Tools\MAX581x.c                       0x00000000   Number         0  max581x.o ABSOLUTE
    ..\Tools\board.c                         0x00000000   Number         0  board.o ABSOLUTE
    ..\Tools\encoder.c                       0x00000000   Number         0  encoder.o ABSOLUTE
    ..\Tools\motor.c                         0x00000000   Number         0  motor.o ABSOLUTE
    ..\Tools\pid.c                           0x00000000   Number         0  pid.o ABSOLUTE
    ..\\Src\\nrf24.c                         0x00000000   Number         0  nrf24.o ABSOLUTE
    ..\\Src\\nrf24_hal.c                     0x00000000   Number         0  nrf24_hal.o ABSOLUTE
    ..\\Src\\sysmic_ll_spi.c                 0x00000000   Number         0  sysmic_ll_spi.o ABSOLUTE
    ..\\Tools\\MAX581x.c                     0x00000000   Number         0  max581x.o ABSOLUTE
    ..\\Tools\\board.c                       0x00000000   Number         0  board.o ABSOLUTE
    ..\\Tools\\encoder.c                     0x00000000   Number         0  encoder.o ABSOLUTE
    ..\\Tools\\motor.c                       0x00000000   Number         0  motor.o ABSOLUTE
    ..\\Tools\\pid.c                         0x00000000   Number         0  pid.o ABSOLUTE
    dc.s                                     0x00000000   Number         0  dc.o ABSOLUTE
    handlers.s                               0x00000000   Number         0  handlers.o ABSOLUTE
    init.s                                   0x00000000   Number         0  init.o ABSOLUTE
    startup_stm32f767xx.s                    0x00000000   Number         0  startup_stm32f767xx.o ABSOLUTE
    RESET                                    0x08000000   Section      504  startup_stm32f767xx.o(RESET)
    .ARM.Collect$$$$00000000                 0x080001f8   Section        0  entry.o(.ARM.Collect$$$$00000000)
    .ARM.Collect$$$$00000001                 0x080001f8   Section        4  entry2.o(.ARM.Collect$$$$00000001)
    .ARM.Collect$$$$00000004                 0x080001fc   Section        4  entry5.o(.ARM.Collect$$$$00000004)
    .ARM.Collect$$$$00000008                 0x08000200   Section        0  entry7b.o(.ARM.Collect$$$$00000008)
    .ARM.Collect$$$$0000000A                 0x08000200   Section        0  entry8b.o(.ARM.Collect$$$$0000000A)
    .ARM.Collect$$$$0000000B                 0x08000200   Section        8  entry9a.o(.ARM.Collect$$$$0000000B)
    .ARM.Collect$$$$0000000D                 0x08000208   Section        0  entry10a.o(.ARM.Collect$$$$0000000D)
    .ARM.Collect$$$$0000000F                 0x08000208   Section        0  entry11a.o(.ARM.Collect$$$$0000000F)
    .ARM.Collect$$$$00002712                 0x08000208   Section        4  entry2.o(.ARM.Collect$$$$00002712)
    __lit__00000000                          0x08000208   Data           4  entry2.o(.ARM.Collect$$$$00002712)
    .emb_text                                0x0800020c   Section      194  port.o(.emb_text)
    $v0                                      0x0800020c   Number         0  port.o(.emb_text)
    .text                                    0x080002d0   Section       36  startup_stm32f767xx.o(.text)
    $v0                                      0x080002d0   Number         0  startup_stm32f767xx.o(.text)
    .text                                    0x080002f4   Section        0  uldiv.o(.text)
    .text                                    0x08000356   Section        0  memcpya.o(.text)
    .text                                    0x0800037a   Section        0  memseta.o(.text)
    .text                                    0x0800039e   Section        0  llshl.o(.text)
    .text                                    0x080003bc   Section        0  llushr.o(.text)
    .text                                    0x080003dc   Section       36  init.o(.text)
    .text                                    0x080003dc   Section        0  iusefp.o(.text)
    i.AngleNormalize                         0x08000400   Section        0  encoder.o(i.AngleNormalize)
    i.Board_LedToggle                        0x08000434   Section        0  board.o(i.Board_LedToggle)
    i.BusFault_Handler                       0x08000438   Section        0  stm32f7xx_it.o(i.BusFault_Handler)
    i.DebugMon_Handler                       0x0800043a   Section        0  stm32f7xx_it.o(i.DebugMon_Handler)
    i.DriveFunction                          0x0800043c   Section        0  main.o(i.DriveFunction)
    i.Encoder_Update                         0x08000708   Section        0  encoder.o(i.Encoder_Update)
    i.HAL_Delay                              0x08000778   Section        0  stm32f7xx_hal.o(i.HAL_Delay)
    i.HAL_GPIO_Init                          0x0800079c   Section        0  stm32f7xx_hal_gpio.o(i.HAL_GPIO_Init)
    i.HAL_GPIO_TogglePin                     0x08000974   Section        0  stm32f7xx_hal_gpio.o(i.HAL_GPIO_TogglePin)
    i.HAL_GPIO_WritePin                      0x08000982   Section        0  stm32f7xx_hal_gpio.o(i.HAL_GPIO_WritePin)
    i.HAL_GetTick                            0x0800098c   Section        0  stm32f7xx_hal.o(i.HAL_GetTick)
    i.HAL_I2CEx_ConfigAnalogFilter           0x08000998   Section        0  stm32f7xx_hal_i2c_ex.o(i.HAL_I2CEx_ConfigAnalogFilter)
    i.HAL_I2CEx_ConfigDigitalFilter          0x080009f0   Section        0  stm32f7xx_hal_i2c_ex.o(i.HAL_I2CEx_ConfigDigitalFilter)
    i.HAL_I2C_Init                           0x08000a44   Section        0  stm32f7xx_hal_i2c.o(i.HAL_I2C_Init)
    i.HAL_I2C_Master_Transmit                0x08000afc   Section        0  stm32f7xx_hal_i2c.o(i.HAL_I2C_Master_Transmit)
    i.HAL_I2C_MspInit                        0x08000c20   Section        0  stm32f7xx_hal_msp.o(i.HAL_I2C_MspInit)
    i.HAL_IncTick                            0x08000cc8   Section        0  stm32f7xx_hal.o(i.HAL_IncTick)
    i.HAL_Init                               0x08000cd8   Section        0  stm32f7xx_hal.o(i.HAL_Init)
    i.HAL_InitTick                           0x08000cf0   Section        0  stm32f7xx_hal_timebase_tim.o(i.HAL_InitTick)
    i.HAL_MspInit                            0x08000d64   Section        0  stm32f7xx_hal_msp.o(i.HAL_MspInit)
    i.HAL_NVIC_EnableIRQ                     0x08000d9c   Section        0  stm32f7xx_hal_cortex.o(i.HAL_NVIC_EnableIRQ)
    i.HAL_NVIC_SetPriority                   0x08000db8   Section        0  stm32f7xx_hal_cortex.o(i.HAL_NVIC_SetPriority)
    i.HAL_NVIC_SetPriorityGrouping           0x08000df8   Section        0  stm32f7xx_hal_cortex.o(i.HAL_NVIC_SetPriorityGrouping)
    i.HAL_PWREx_EnableOverDrive              0x08000e1c   Section        0  stm32f7xx_hal_pwr_ex.o(i.HAL_PWREx_EnableOverDrive)
    i.HAL_RCCEx_PeriphCLKConfig              0x08000e88   Section        0  stm32f7xx_hal_rcc_ex.o(i.HAL_RCCEx_PeriphCLKConfig)
    i.HAL_RCC_ClockConfig                    0x080013c4   Section        0  stm32f7xx_hal_rcc.o(i.HAL_RCC_ClockConfig)
    i.HAL_RCC_GetClockConfig                 0x080014f0   Section        0  stm32f7xx_hal_rcc.o(i.HAL_RCC_GetClockConfig)
    i.HAL_RCC_GetPCLK2Freq                   0x08001530   Section        0  stm32f7xx_hal_rcc.o(i.HAL_RCC_GetPCLK2Freq)
    i.HAL_RCC_GetSysClockFreq                0x08001550   Section        0  stm32f7xx_hal_rcc.o(i.HAL_RCC_GetSysClockFreq)
    i.HAL_RCC_OscConfig                      0x080015b0   Section        0  stm32f7xx_hal_rcc.o(i.HAL_RCC_OscConfig)
    i.HAL_SPI_Init                           0x080018ec   Section        0  stm32f7xx_hal_spi.o(i.HAL_SPI_Init)
    i.HAL_SPI_MspInit                        0x080019b0   Section        0  stm32f7xx_hal_msp.o(i.HAL_SPI_MspInit)
    i.HAL_SPI_TransmitReceive                0x08001a14   Section        0  stm32f7xx_hal_spi.o(i.HAL_SPI_TransmitReceive)
    i.HAL_TIMEx_Break2Callback               0x08001c74   Section        0  stm32f7xx_hal_tim_ex.o(i.HAL_TIMEx_Break2Callback)
    i.HAL_TIMEx_BreakCallback                0x08001c76   Section        0  stm32f7xx_hal_tim_ex.o(i.HAL_TIMEx_BreakCallback)
    i.HAL_TIMEx_CommutCallback               0x08001c78   Section        0  stm32f7xx_hal_tim_ex.o(i.HAL_TIMEx_CommutCallback)
    i.HAL_TIMEx_MasterConfigSynchronization  0x08001c7c   Section        0  stm32f7xx_hal_tim_ex.o(i.HAL_TIMEx_MasterConfigSynchronization)
    i.HAL_TIM_Base_Init                      0x08001cdc   Section        0  stm32f7xx_hal_tim.o(i.HAL_TIM_Base_Init)
    i.HAL_TIM_Base_MspInit                   0x08001d12   Section        0  stm32f7xx_hal_tim.o(i.HAL_TIM_Base_MspInit)
    i.HAL_TIM_Base_Start_IT                  0x08001d14   Section        0  stm32f7xx_hal_tim.o(i.HAL_TIM_Base_Start_IT)
    i.HAL_TIM_Encoder_Init                   0x08001d40   Section        0  stm32f7xx_hal_tim.o(i.HAL_TIM_Encoder_Init)
    i.HAL_TIM_Encoder_MspInit                0x08001de8   Section        0  stm32f7xx_hal_msp.o(i.HAL_TIM_Encoder_MspInit)
    i.HAL_TIM_IC_CaptureCallback             0x08001f10   Section        0  stm32f7xx_hal_tim.o(i.HAL_TIM_IC_CaptureCallback)
    i.HAL_TIM_IRQHandler                     0x08001f12   Section        0  stm32f7xx_hal_tim.o(i.HAL_TIM_IRQHandler)
    i.HAL_TIM_OC_DelayElapsedCallback        0x08002094   Section        0  stm32f7xx_hal_tim.o(i.HAL_TIM_OC_DelayElapsedCallback)
    i.HAL_TIM_PWM_PulseFinishedCallback      0x08002096   Section        0  stm32f7xx_hal_tim.o(i.HAL_TIM_PWM_PulseFinishedCallback)
    i.HAL_TIM_PeriodElapsedCallback          0x08002098   Section        0  main.o(i.HAL_TIM_PeriodElapsedCallback)
    i.HAL_TIM_TriggerCallback                0x080020ac   Section        0  stm32f7xx_hal_tim.o(i.HAL_TIM_TriggerCallback)
    i.HardFault_Handler                      0x080020ae   Section        0  stm32f7xx_it.o(i.HardFault_Handler)
    i.I2C_Flush_TXDR                         0x080020b0   Section        0  stm32f7xx_hal_i2c.o(i.I2C_Flush_TXDR)
    I2C_Flush_TXDR                           0x080020b1   Thumb Code    34  stm32f7xx_hal_i2c.o(i.I2C_Flush_TXDR)
    i.I2C_IsAcknowledgeFailed                0x080020d4   Section        0  stm32f7xx_hal_i2c.o(i.I2C_IsAcknowledgeFailed)
    I2C_IsAcknowledgeFailed                  0x080020d5   Thumb Code   132  stm32f7xx_hal_i2c.o(i.I2C_IsAcknowledgeFailed)
    i.I2C_TransferConfig                     0x0800215c   Section        0  stm32f7xx_hal_i2c.o(i.I2C_TransferConfig)
    I2C_TransferConfig                       0x0800215d   Thumb Code    40  stm32f7xx_hal_i2c.o(i.I2C_TransferConfig)
    i.I2C_WaitOnFlagUntilTimeout             0x08002188   Section        0  stm32f7xx_hal_i2c.o(i.I2C_WaitOnFlagUntilTimeout)
    I2C_WaitOnFlagUntilTimeout               0x08002189   Thumb Code    90  stm32f7xx_hal_i2c.o(i.I2C_WaitOnFlagUntilTimeout)
    i.I2C_WaitOnSTOPFlagUntilTimeout         0x080021e2   Section        0  stm32f7xx_hal_i2c.o(i.I2C_WaitOnSTOPFlagUntilTimeout)
    I2C_WaitOnSTOPFlagUntilTimeout           0x080021e3   Thumb Code    78  stm32f7xx_hal_i2c.o(i.I2C_WaitOnSTOPFlagUntilTimeout)
    i.I2C_WaitOnTXISFlagUntilTimeout         0x08002230   Section        0  stm32f7xx_hal_i2c.o(i.I2C_WaitOnTXISFlagUntilTimeout)
    I2C_WaitOnTXISFlagUntilTimeout           0x08002231   Thumb Code    82  stm32f7xx_hal_i2c.o(i.I2C_WaitOnTXISFlagUntilTimeout)
    i.MAX581x_Code                           0x08002282   Section        0  max581x.o(i.MAX581x_Code)
    i.MAX581x_CodeLoad                       0x08002290   Section        0  max581x.o(i.MAX581x_CodeLoad)
    i.MAX581x_Config                         0x080022a2   Section        0  max581x.o(i.MAX581x_Config)
    i.MAX581x_Init                           0x080022b2   Section        0  max581x.o(i.MAX581x_Init)
    i.MAX581x_Reference                      0x080022d0   Section        0  max581x.o(i.MAX581x_Reference)
    i.MAX581x_WriteCommand                   0x080022e0   Section        0  max581x.o(i.MAX581x_WriteCommand)
    i.MX_GPIO_Init                           0x080022fc   Section        0  main.o(i.MX_GPIO_Init)
    MX_GPIO_Init                             0x080022fd   Thumb Code   470  main.o(i.MX_GPIO_Init)
    i.MX_I2C1_Init                           0x080024fc   Section        0  main.o(i.MX_I2C1_Init)
    MX_I2C1_Init                             0x080024fd   Thumb Code    54  main.o(i.MX_I2C1_Init)
    i.MX_I2C2_Init                           0x08002540   Section        0  main.o(i.MX_I2C2_Init)
    MX_I2C2_Init                             0x08002541   Thumb Code    54  main.o(i.MX_I2C2_Init)
    i.MX_SPI1_Init                           0x08002584   Section        0  main.o(i.MX_SPI1_Init)
    MX_SPI1_Init                             0x08002585   Thumb Code    62  main.o(i.MX_SPI1_Init)
    i.MX_TIM2_Init                           0x080025cc   Section        0  main.o(i.MX_TIM2_Init)
    MX_TIM2_Init                             0x080025cd   Thumb Code    84  main.o(i.MX_TIM2_Init)
    i.MX_TIM3_Init                           0x08002624   Section        0  main.o(i.MX_TIM3_Init)
    MX_TIM3_Init                             0x08002625   Thumb Code    84  main.o(i.MX_TIM3_Init)
    i.MX_TIM5_Init                           0x08002680   Section        0  main.o(i.MX_TIM5_Init)
    MX_TIM5_Init                             0x08002681   Thumb Code    84  main.o(i.MX_TIM5_Init)
    i.MX_TIM8_Init                           0x080026dc   Section        0  main.o(i.MX_TIM8_Init)
    MX_TIM8_Init                             0x080026dd   Thumb Code    88  main.o(i.MX_TIM8_Init)
    i.MemManage_Handler                      0x0800273c   Section        0  stm32f7xx_it.o(i.MemManage_Handler)
    i.Motor_CLDrive                          0x08002740   Section        0  motor.o(i.Motor_CLDrive)
    i.Motor_Enable                           0x080027a4   Section        0  motor.o(i.Motor_Enable)
    i.Motor_Init                             0x080027c0   Section        0  motor.o(i.Motor_Init)
    i.Motor_SetBrake                         0x080027e0   Section        0  motor.o(i.Motor_SetBrake)
    i.Motor_SetVoltage                       0x080027f6   Section        0  motor.o(i.Motor_SetVoltage)
    i.NMI_Handler                            0x0800284a   Section        0  stm32f7xx_it.o(i.NMI_Handler)
    i.PID_CloseLoop                          0x0800284c   Section        0  pid.o(i.PID_CloseLoop)
    i.PID_Init                               0x080028e4   Section        0  pid.o(i.PID_Init)
    i.RadioFunction                          0x08002918   Section        0  main.o(i.RadioFunction)
    i.SPI_EndRxTxTransaction                 0x08002984   Section        0  stm32f7xx_hal_spi.o(i.SPI_EndRxTxTransaction)
    SPI_EndRxTxTransaction                   0x08002985   Thumb Code    72  stm32f7xx_hal_spi.o(i.SPI_EndRxTxTransaction)
    i.SPI_WaitFifoStateUntilTimeout          0x080029cc   Section        0  stm32f7xx_hal_spi.o(i.SPI_WaitFifoStateUntilTimeout)
    SPI_WaitFifoStateUntilTimeout            0x080029cd   Thumb Code   150  stm32f7xx_hal_spi.o(i.SPI_WaitFifoStateUntilTimeout)
    i.SPI_WaitFlagStateUntilTimeout          0x08002a62   Section        0  stm32f7xx_hal_spi.o(i.SPI_WaitFlagStateUntilTimeout)
    SPI_WaitFlagStateUntilTimeout            0x08002a63   Thumb Code   148  stm32f7xx_hal_spi.o(i.SPI_WaitFlagStateUntilTimeout)
    i.SysTick_Handler                        0x08002af8   Section        0  port.o(i.SysTick_Handler)
    i.SystemClock_Config                     0x08002b28   Section        0  main.o(i.SystemClock_Config)
    i.SystemInit                             0x08002bc8   Section        0  system_stm32f7xx.o(i.SystemInit)
    i.TIM1_UP_TIM10_IRQHandler               0x08002c1c   Section        0  stm32f7xx_it.o(i.TIM1_UP_TIM10_IRQHandler)
    i.TIM_Base_SetConfig                     0x08002c28   Section        0  stm32f7xx_hal_tim.o(i.TIM_Base_SetConfig)
    i.UsageFault_Handler                     0x08002cf4   Section        0  stm32f7xx_it.o(i.UsageFault_Handler)
    i.__ARM_fpclassify                       0x08002cf6   Section        0  fpclassify.o(i.__ARM_fpclassify)
    i.__NVIC_SetPriority                     0x08002d26   Section        0  stm32f7xx_hal_cortex.o(i.__NVIC_SetPriority)
    __NVIC_SetPriority                       0x08002d27   Thumb Code    34  stm32f7xx_hal_cortex.o(i.__NVIC_SetPriority)
    i.__hardfp_cos                           0x08002d48   Section        0  cos.o(i.__hardfp_cos)
    i.__hardfp_floorf                        0x08002df8   Section        0  floorf.o(i.__hardfp_floorf)
    i.__hardfp_sin                           0x08002e70   Section        0  sin.o(i.__hardfp_sin)
    i.__ieee754_rem_pio2                     0x08002f20   Section        0  rred.o(i.__ieee754_rem_pio2)
    i.__kernel_cos                           0x08003230   Section        0  cos_i.o(i.__kernel_cos)
    i.__kernel_poly                          0x08003310   Section        0  poly.o(i.__kernel_poly)
    i.__kernel_sin                           0x08003380   Section        0  sin_i.o(i.__kernel_sin)
    i.__mathlib_dbl_invalid                  0x08003428   Section        0  dunder.o(i.__mathlib_dbl_invalid)
    i.__mathlib_dbl_underflow                0x08003440   Section        0  dunder.o(i.__mathlib_dbl_underflow)
    i.__scatterload_copy                     0x08003458   Section       14  handlers.o(i.__scatterload_copy)
    i.__scatterload_null                     0x08003466   Section        2  handlers.o(i.__scatterload_null)
    i.__scatterload_zeroinit                 0x08003468   Section       14  handlers.o(i.__scatterload_zeroinit)
    i.__set_errno                            0x08003478   Section        0  errno.o(i.__set_errno)
    i.fabs                                   0x08003484   Section        0  fabs.o(i.fabs)
    i.getDribblerSpeed                       0x0800349c   Section        0  main.o(i.getDribblerSpeed)
    i.inHandlerMode                          0x080034ac   Section        0  cmsis_os.o(i.inHandlerMode)
    inHandlerMode                            0x080034ad   Thumb Code    12  cmsis_os.o(i.inHandlerMode)
    i.main                                   0x080034b8   Section        0  main.o(i.main)
    i.makeFreeRtosPriority                   0x08003638   Section        0  cmsis_os.o(i.makeFreeRtosPriority)
    makeFreeRtosPriority                     0x08003639   Thumb Code    14  cmsis_os.o(i.makeFreeRtosPriority)
    i.mod                                    0x08003648   Section        0  encoder.o(i.mod)
    i.nRF24_ClearIRQFlags                    0x080036d0   Section        0  nrf24.o(i.nRF24_ClearIRQFlags)
    i.nRF24_DisableAA                        0x080036e6   Section        0  nrf24.o(i.nRF24_DisableAA)
    i.nRF24_FlushRX                          0x0800370a   Section        0  nrf24.o(i.nRF24_FlushRX)
    i.nRF24_FlushTX                          0x08003712   Section        0  nrf24.o(i.nRF24_FlushTX)
    i.nRF24_GPIO_Init                        0x0800371c   Section        0  nrf24_hal.o(i.nRF24_GPIO_Init)
    i.nRF24_GetStatus                        0x0800373c   Section        0  nrf24.o(i.nRF24_GetStatus)
    i.nRF24_Init                             0x08003744   Section        0  nrf24.o(i.nRF24_Init)
    i.nRF24_LL_RW                            0x080037e4   Section        0  nrf24_hal.o(i.nRF24_LL_RW)
    i.nRF24_ReadMBReg                        0x08003804   Section        0  nrf24.o(i.nRF24_ReadMBReg)
    nRF24_ReadMBReg                          0x08003805   Thumb Code    66  nrf24.o(i.nRF24_ReadMBReg)
    i.nRF24_ReadPayload                      0x0800384c   Section        0  nrf24.o(i.nRF24_ReadPayload)
    i.nRF24_ReadReg                          0x08003888   Section        0  nrf24.o(i.nRF24_ReadReg)
    nRF24_ReadReg                            0x08003889   Thumb Code    50  nrf24.o(i.nRF24_ReadReg)
    i.nRF24_SetOperationalMode               0x080038c0   Section        0  nrf24.o(i.nRF24_SetOperationalMode)
    i.nRF24_SetPowerMode                     0x080038de   Section        0  nrf24.o(i.nRF24_SetPowerMode)
    i.nRF24_SetRXPipe                        0x08003900   Section        0  nrf24.o(i.nRF24_SetRXPipe)
    i.nRF24_WriteReg                         0x08003950   Section        0  nrf24.o(i.nRF24_WriteReg)
    nRF24_WriteReg                           0x08003951   Thumb Code    84  nrf24.o(i.nRF24_WriteReg)
    i.osDelay                                0x080039a8   Section        0  cmsis_os.o(i.osDelay)
    i.osDelayUntil                           0x080039b6   Section        0  cmsis_os.o(i.osDelayUntil)
    i.osKernelStart                          0x080039c4   Section        0  cmsis_os.o(i.osKernelStart)
    i.osKernelSysTick                        0x080039ce   Section        0  cmsis_os.o(i.osKernelSysTick)
    i.osThreadCreate                         0x080039e6   Section        0  cmsis_os.o(i.osThreadCreate)
    i.prvAddCurrentTaskToDelayedList         0x08003a14   Section        0  tasks.o(i.prvAddCurrentTaskToDelayedList)
    prvAddCurrentTaskToDelayedList           0x08003a15   Thumb Code   102  tasks.o(i.prvAddCurrentTaskToDelayedList)
    i.prvAddNewTaskToReadyList               0x08003a84   Section        0  tasks.o(i.prvAddNewTaskToReadyList)
    prvAddNewTaskToReadyList                 0x08003a85   Thumb Code   194  tasks.o(i.prvAddNewTaskToReadyList)
    i.prvDeleteTCB                           0x08003b54   Section        0  tasks.o(i.prvDeleteTCB)
    prvDeleteTCB                             0x08003b55   Thumb Code    20  tasks.o(i.prvDeleteTCB)
    i.prvHeapInit                            0x08003b68   Section        0  heap_4.o(i.prvHeapInit)
    prvHeapInit                              0x08003b69   Thumb Code    70  heap_4.o(i.prvHeapInit)
    i.prvIdleTask                            0x08003bb8   Section        0  tasks.o(i.prvIdleTask)
    prvIdleTask                              0x08003bb9   Thumb Code    82  tasks.o(i.prvIdleTask)
    i.prvInitialiseNewTask                   0x08003c18   Section        0  tasks.o(i.prvInitialiseNewTask)
    prvInitialiseNewTask                     0x08003c19   Thumb Code   146  tasks.o(i.prvInitialiseNewTask)
    i.prvInsertBlockIntoFreeList             0x08003cac   Section        0  heap_4.o(i.prvInsertBlockIntoFreeList)
    prvInsertBlockIntoFreeList               0x08003cad   Thumb Code    72  heap_4.o(i.prvInsertBlockIntoFreeList)
    i.prvResetNextTaskUnblockTime            0x08003cf8   Section        0  tasks.o(i.prvResetNextTaskUnblockTime)
    prvResetNextTaskUnblockTime              0x08003cf9   Thumb Code    26  tasks.o(i.prvResetNextTaskUnblockTime)
    i.prvTaskExitError                       0x08003d18   Section        0  port.o(i.prvTaskExitError)
    prvTaskExitError                         0x08003d19   Thumb Code    42  port.o(i.prvTaskExitError)
    i.pvPortMalloc                           0x08003d48   Section        0  heap_4.o(i.pvPortMalloc)
    i.pxPortInitialiseStack                  0x08003e2c   Section        0  port.o(i.pxPortInitialiseStack)
    i.setSpeed                               0x08003e5c   Section        0  main.o(i.setSpeed)
    i.uxListRemove                           0x08003f48   Section        0  list.o(i.uxListRemove)
    i.vListInitialise                        0x08003f6e   Section        0  list.o(i.vListInitialise)
    i.vListInitialiseItem                    0x08003f84   Section        0  list.o(i.vListInitialiseItem)
    i.vListInsert                            0x08003f8a   Section        0  list.o(i.vListInsert)
    i.vListInsertEnd                         0x08003fba   Section        0  list.o(i.vListInsertEnd)
    i.vPortEnterCritical                     0x08003fd4   Section        0  port.o(i.vPortEnterCritical)
    i.vPortExitCritical                      0x0800401c   Section        0  port.o(i.vPortExitCritical)
    i.vPortFree                              0x08004048   Section        0  heap_4.o(i.vPortFree)
    i.vPortSetupTimerInterrupt               0x080040ac   Section        0  port.o(i.vPortSetupTimerInterrupt)
    i.vPortValidateInterruptPriority         0x080040d0   Section        0  port.o(i.vPortValidateInterruptPriority)
    i.vTaskDelay                             0x0800412c   Section        0  tasks.o(i.vTaskDelay)
    i.vTaskDelayUntil                        0x0800417c   Section        0  tasks.o(i.vTaskDelayUntil)
    i.vTaskStartScheduler                    0x08004214   Section        0  tasks.o(i.vTaskStartScheduler)
    i.vTaskSuspendAll                        0x08004284   Section        0  tasks.o(i.vTaskSuspendAll)
    i.vTaskSwitchContext                     0x08004294   Section        0  tasks.o(i.vTaskSwitchContext)
    i.xPortStartScheduler                    0x080042f4   Section        0  port.o(i.xPortStartScheduler)
    i.xTaskCreate                            0x080043b4   Section        0  tasks.o(i.xTaskCreate)
    i.xTaskGetTickCount                      0x0800440c   Section        0  tasks.o(i.xTaskGetTickCount)
    i.xTaskGetTickCountFromISR               0x08004418   Section        0  tasks.o(i.xTaskGetTickCountFromISR)
    i.xTaskIncrementTick                     0x08004428   Section        0  tasks.o(i.xTaskIncrementTick)
    i.xTaskResumeAll                         0x080044f4   Section        0  tasks.o(i.xTaskResumeAll)
    .constdata                               0x080045bc   Section       13  nrf24.o(.constdata)
    nRF24_RX_PW_PIPE                         0x080045bc   Data           6  nrf24.o(.constdata)
    nRF24_ADDR_REGS                          0x080045c2   Data           7  nrf24.o(.constdata)
    .constdata                               0x080045cc   Section       40  main.o(.constdata)
    .constdata                               0x080045f4   Section       16  system_stm32f7xx.o(.constdata)
    .constdata                               0x08004604   Section        8  system_stm32f7xx.o(.constdata)
    .constdata                               0x08004610   Section       48  cos_i.o(.constdata)
    C                                        0x08004610   Data          48  cos_i.o(.constdata)
    .constdata                               0x08004640   Section      200  rred.o(.constdata)
    pio2s                                    0x08004640   Data          48  rred.o(.constdata)
    twooverpi                                0x08004670   Data         152  rred.o(.constdata)
    .constdata                               0x08004708   Section       40  sin_i.o(.constdata)
    S                                        0x08004708   Data          40  sin_i.o(.constdata)
    .conststring                             0x08004730   Section       22  main.o(.conststring)
    .data                                    0x20000000   Section       20  main.o(.data)
    .data                                    0x20000014   Section        4  system_stm32f7xx.o(.data)
    .data                                    0x20000018   Section       12  stm32f7xx_hal.o(.data)
    .data                                    0x20000024   Section       60  tasks.o(.data)
    pxDelayedTaskList                        0x20000028   Data           4  tasks.o(.data)
    pxOverflowDelayedTaskList                0x2000002c   Data           4  tasks.o(.data)
    uxDeletedTasksWaitingCleanUp             0x20000030   Data           4  tasks.o(.data)
    uxCurrentNumberOfTasks                   0x20000034   Data           4  tasks.o(.data)
    xTickCount                               0x20000038   Data           4  tasks.o(.data)
    uxTopReadyPriority                       0x2000003c   Data           4  tasks.o(.data)
    xSchedulerRunning                        0x20000040   Data           4  tasks.o(.data)
    uxPendedTicks                            0x20000044   Data           4  tasks.o(.data)
    xYieldPending                            0x20000048   Data           4  tasks.o(.data)
    xNumOfOverflows                          0x2000004c   Data           4  tasks.o(.data)
    uxTaskNumber                             0x20000050   Data           4  tasks.o(.data)
    xNextTaskUnblockTime                     0x20000054   Data           4  tasks.o(.data)
    xIdleTaskHandle                          0x20000058   Data           4  tasks.o(.data)
    uxSchedulerSuspended                     0x2000005c   Data           4  tasks.o(.data)
    .data                                    0x20000060   Section       24  heap_4.o(.data)
    pxEnd                                    0x20000060   Data           4  heap_4.o(.data)
    xFreeBytesRemaining                      0x20000064   Data           4  heap_4.o(.data)
    xMinimumEverFreeBytesRemaining           0x20000068   Data           4  heap_4.o(.data)
    xBlockAllocatedBit                       0x2000006c   Data           4  heap_4.o(.data)
    xStart                                   0x20000070   Data           8  heap_4.o(.data)
    .data                                    0x20000078   Section       12  port.o(.data)
    ucMaxSysCallPriority                     0x20000078   Data           1  port.o(.data)
    uxCriticalNesting                        0x2000007c   Data           4  port.o(.data)
    ulMaxPRIGROUPValue                       0x20000080   Data           4  port.o(.data)
    .data                                    0x20000084   Section        4  errno.o(.data)
    _errno                                   0x20000084   Data           4  errno.o(.data)
    .bss                                     0x20000088   Section     1096  main.o(.bss)
    .bss                                     0x200004d0   Section       64  stm32f7xx_hal_timebase_tim.o(.bss)
    .bss                                     0x20000510   Section      240  tasks.o(.bss)
    pxReadyTasksLists                        0x20000510   Data         140  tasks.o(.bss)
    xDelayedTaskList1                        0x2000059c   Data          20  tasks.o(.bss)
    xDelayedTaskList2                        0x200005b0   Data          20  tasks.o(.bss)
    xPendingReadyList                        0x200005c4   Data          20  tasks.o(.bss)
    xTasksWaitingTermination                 0x200005d8   Data          20  tasks.o(.bss)
    xSuspendedTaskList                       0x200005ec   Data          20  tasks.o(.bss)
    .bss                                     0x20000600   Section    15360  heap_4.o(.bss)
    ucHeap                                   0x20000600   Data       15360  heap_4.o(.bss)
    STACK                                    0x20004200   Section     1024  startup_stm32f767xx.o(STACK)

    Global Symbols

    Symbol Name                              Value     Ov Type        Size  Object(Section)

    BuildAttributes$$THM_ISAv4$E$P$D$K$B$S$7EM$VFPv5_D16$PE$PLD8$A:L22UL41UL21$X:L11$S22US41US21$IEEE1$IW$USESV6$~STKCKD$USESV7$~SHL$OTIME$ROPI$IEEEX$EBA8$MICROLIB$REQ8$PRES8$EABIv2 0x00000000   Number         0  anon$$obj.o ABSOLUTE
    __ARM_use_no_argv                        0x00000000   Number         0  main.o ABSOLUTE
    __cpp_initialize__aeabi_                  - Undefined Weak Reference
    __cxa_finalize                            - Undefined Weak Reference
    __decompress                              - Undefined Weak Reference
    _clock_init                               - Undefined Weak Reference
    _microlib_exit                            - Undefined Weak Reference
    __Vectors_Size                           0x000001f8   Number         0  startup_stm32f767xx.o ABSOLUTE
    __Vectors                                0x08000000   Data           4  startup_stm32f767xx.o(RESET)
    __Vectors_End                            0x080001f8   Data           0  startup_stm32f767xx.o(RESET)
    __main                                   0x080001f9   Thumb Code     0  entry.o(.ARM.Collect$$$$00000000)
    _main_stk                                0x080001f9   Thumb Code     0  entry2.o(.ARM.Collect$$$$00000001)
    _main_scatterload                        0x080001fd   Thumb Code     0  entry5.o(.ARM.Collect$$$$00000004)
    __main_after_scatterload                 0x08000201   Thumb Code     0  entry5.o(.ARM.Collect$$$$00000004)
    _main_clock                              0x08000201   Thumb Code     0  entry7b.o(.ARM.Collect$$$$00000008)
    _main_cpp_init                           0x08000201   Thumb Code     0  entry8b.o(.ARM.Collect$$$$0000000A)
    _main_init                               0x08000201   Thumb Code     0  entry9a.o(.ARM.Collect$$$$0000000B)
    __rt_final_cpp                           0x08000209   Thumb Code     0  entry10a.o(.ARM.Collect$$$$0000000D)
    __rt_final_exit                          0x08000209   Thumb Code     0  entry11a.o(.ARM.Collect$$$$0000000F)
    SVC_Handler                              0x0800020d   Thumb Code    28  port.o(.emb_text)
    __asm___6_port_c_39a90d8d__prvStartFirstTask 0x0800022d   Thumb Code    36  port.o(.emb_text)
    __asm___6_port_c_39a90d8d__prvEnableVFP  0x08000255   Thumb Code    16  port.o(.emb_text)
    PendSV_Handler                           0x08000269   Thumb Code    92  port.o(.emb_text)
    vPortGetIPSR                             0x080002c9   Thumb Code     6  port.o(.emb_text)
    Reset_Handler                            0x080002d1   Thumb Code     8  startup_stm32f767xx.o(.text)
    ADC_IRQHandler                           0x080002eb   Thumb Code     0  startup_stm32f767xx.o(.text)
    CAN1_RX0_IRQHandler                      0x080002eb   Thumb Code     0  startup_stm32f767xx.o(.text)
    CAN1_RX1_IRQHandler                      0x080002eb   Thumb Code     0  startup_stm32f767xx.o(.text)
    CAN1_SCE_IRQHandler                      0x080002eb   Thumb Code     0  startup_stm32f767xx.o(.text)
    CAN1_TX_IRQHandler                       0x080002eb   Thumb Code     0  startup_stm32f767xx.o(.text)
    CAN2_RX0_IRQHandler                      0x080002eb   Thumb Code     0  startup_stm32f767xx.o(.text)
    CAN2_RX1_IRQHandler                      0x080002eb   Thumb Code     0  startup_stm32f767xx.o(.text)
    CAN2_SCE_IRQHandler                      0x080002eb   Thumb Code     0  startup_stm32f767xx.o(.text)
    CAN2_TX_IRQHandler                       0x080002eb   Thumb Code     0  startup_stm32f767xx.o(.text)
    CAN3_RX0_IRQHandler                      0x080002eb   Thumb Code     0  startup_stm32f767xx.o(.text)
    CAN3_RX1_IRQHandler                      0x080002eb   Thumb Code     0  startup_stm32f767xx.o(.text)
    CAN3_SCE_IRQHandler                      0x080002eb   Thumb Code     0  startup_stm32f767xx.o(.text)
    CAN3_TX_IRQHandler                       0x080002eb   Thumb Code     0  startup_stm32f767xx.o(.text)
    CEC_IRQHandler                           0x080002eb   Thumb Code     0  startup_stm32f767xx.o(.text)
    DCMI_IRQHandler                          0x080002eb   Thumb Code     0  startup_stm32f767xx.o(.text)
    DFSDM1_FLT0_IRQHandler                   0x080002eb   Thumb Code     0  startup_stm32f767xx.o(.text)
    DFSDM1_FLT1_IRQHandler                   0x080002eb   Thumb Code     0  startup_stm32f767xx.o(.text)
    DFSDM1_FLT2_IRQHandler                   0x080002eb   Thumb Code     0  startup_stm32f767xx.o(.text)
    DFSDM1_FLT3_IRQHandler                   0x080002eb   Thumb Code     0  startup_stm32f767xx.o(.text)
    DMA1_Stream0_IRQHandler                  0x080002eb   Thumb Code     0  startup_stm32f767xx.o(.text)
    DMA1_Stream1_IRQHandler                  0x080002eb   Thumb Code     0  startup_stm32f767xx.o(.text)
    DMA1_Stream2_IRQHandler                  0x080002eb   Thumb Code     0  startup_stm32f767xx.o(.text)
    DMA1_Stream3_IRQHandler                  0x080002eb   Thumb Code     0  startup_stm32f767xx.o(.text)
    DMA1_Stream4_IRQHandler                  0x080002eb   Thumb Code     0  startup_stm32f767xx.o(.text)
    DMA1_Stream5_IRQHandler                  0x080002eb   Thumb Code     0  startup_stm32f767xx.o(.text)
    DMA1_Stream6_IRQHandler                  0x080002eb   Thumb Code     0  startup_stm32f767xx.o(.text)
    DMA1_Stream7_IRQHandler                  0x080002eb   Thumb Code     0  startup_stm32f767xx.o(.text)
    DMA2D_IRQHandler                         0x080002eb   Thumb Code     0  startup_stm32f767xx.o(.text)
    DMA2_Stream0_IRQHandler                  0x080002eb   Thumb Code     0  startup_stm32f767xx.o(.text)
    DMA2_Stream1_IRQHandler                  0x080002eb   Thumb Code     0  startup_stm32f767xx.o(.text)
    DMA2_Stream2_IRQHandler                  0x080002eb   Thumb Code     0  startup_stm32f767xx.o(.text)
    DMA2_Stream3_IRQHandler                  0x080002eb   Thumb Code     0  startup_stm32f767xx.o(.text)
    DMA2_Stream4_IRQHandler                  0x080002eb   Thumb Code     0  startup_stm32f767xx.o(.text)
    DMA2_Stream5_IRQHandler                  0x080002eb   Thumb Code     0  startup_stm32f767xx.o(.text)
    DMA2_Stream6_IRQHandler                  0x080002eb   Thumb Code     0  startup_stm32f767xx.o(.text)
    DMA2_Stream7_IRQHandler                  0x080002eb   Thumb Code     0  startup_stm32f767xx.o(.text)
    ETH_IRQHandler                           0x080002eb   Thumb Code     0  startup_stm32f767xx.o(.text)
    ETH_WKUP_IRQHandler                      0x080002eb   Thumb Code     0  startup_stm32f767xx.o(.text)
    EXTI0_IRQHandler                         0x080002eb   Thumb Code     0  startup_stm32f767xx.o(.text)
    EXTI15_10_IRQHandler                     0x080002eb   Thumb Code     0  startup_stm32f767xx.o(.text)
    EXTI1_IRQHandler                         0x080002eb   Thumb Code     0  startup_stm32f767xx.o(.text)
    EXTI2_IRQHandler                         0x080002eb   Thumb Code     0  startup_stm32f767xx.o(.text)
    EXTI3_IRQHandler                         0x080002eb   Thumb Code     0  startup_stm32f767xx.o(.text)
    EXTI4_IRQHandler                         0x080002eb   Thumb Code     0  startup_stm32f767xx.o(.text)
    EXTI9_5_IRQHandler                       0x080002eb   Thumb Code     0  startup_stm32f767xx.o(.text)
    FLASH_IRQHandler                         0x080002eb   Thumb Code     0  startup_stm32f767xx.o(.text)
    FMC_IRQHandler                           0x080002eb   Thumb Code     0  startup_stm32f767xx.o(.text)
    FPU_IRQHandler                           0x080002eb   Thumb Code     0  startup_stm32f767xx.o(.text)
    I2C1_ER_IRQHandler                       0x080002eb   Thumb Code     0  startup_stm32f767xx.o(.text)
    I2C1_EV_IRQHandler                       0x080002eb   Thumb Code     0  startup_stm32f767xx.o(.text)
    I2C2_ER_IRQHandler                       0x080002eb   Thumb Code     0  startup_stm32f767xx.o(.text)
    I2C2_EV_IRQHandler                       0x080002eb   Thumb Code     0  startup_stm32f767xx.o(.text)
    I2C3_ER_IRQHandler                       0x080002eb   Thumb Code     0  startup_stm32f767xx.o(.text)
    I2C3_EV_IRQHandler                       0x080002eb   Thumb Code     0  startup_stm32f767xx.o(.text)
    I2C4_ER_IRQHandler                       0x080002eb   Thumb Code     0  startup_stm32f767xx.o(.text)
    I2C4_EV_IRQHandler                       0x080002eb   Thumb Code     0  startup_stm32f767xx.o(.text)
    JPEG_IRQHandler                          0x080002eb   Thumb Code     0  startup_stm32f767xx.o(.text)
    LPTIM1_IRQHandler                        0x080002eb   Thumb Code     0  startup_stm32f767xx.o(.text)
    LTDC_ER_IRQHandler                       0x080002eb   Thumb Code     0  startup_stm32f767xx.o(.text)
    LTDC_IRQHandler                          0x080002eb   Thumb Code     0  startup_stm32f767xx.o(.text)
    MDIOS_IRQHandler                         0x080002eb   Thumb Code     0  startup_stm32f767xx.o(.text)
    OTG_FS_IRQHandler                        0x080002eb   Thumb Code     0  startup_stm32f767xx.o(.text)
    OTG_FS_WKUP_IRQHandler                   0x080002eb   Thumb Code     0  startup_stm32f767xx.o(.text)
    OTG_HS_EP1_IN_IRQHandler                 0x080002eb   Thumb Code     0  startup_stm32f767xx.o(.text)
    OTG_HS_EP1_OUT_IRQHandler                0x080002eb   Thumb Code     0  startup_stm32f767xx.o(.text)
    OTG_HS_IRQHandler                        0x080002eb   Thumb Code     0  startup_stm32f767xx.o(.text)
    OTG_HS_WKUP_IRQHandler                   0x080002eb   Thumb Code     0  startup_stm32f767xx.o(.text)
    PVD_IRQHandler                           0x080002eb   Thumb Code     0  startup_stm32f767xx.o(.text)
    QUADSPI_IRQHandler                       0x080002eb   Thumb Code     0  startup_stm32f767xx.o(.text)
    RCC_IRQHandler                           0x080002eb   Thumb Code     0  startup_stm32f767xx.o(.text)
    RNG_IRQHandler                           0x080002eb   Thumb Code     0  startup_stm32f767xx.o(.text)
    RTC_Alarm_IRQHandler                     0x080002eb   Thumb Code     0  startup_stm32f767xx.o(.text)
    RTC_WKUP_IRQHandler                      0x080002eb   Thumb Code     0  startup_stm32f767xx.o(.text)
    SAI1_IRQHandler                          0x080002eb   Thumb Code     0  startup_stm32f767xx.o(.text)
    SAI2_IRQHandler                          0x080002eb   Thumb Code     0  startup_stm32f767xx.o(.text)
    SDMMC1_IRQHandler                        0x080002eb   Thumb Code     0  startup_stm32f767xx.o(.text)
    SDMMC2_IRQHandler                        0x080002eb   Thumb Code     0  startup_stm32f767xx.o(.text)
    SPDIF_RX_IRQHandler                      0x080002eb   Thumb Code     0  startup_stm32f767xx.o(.text)
    SPI1_IRQHandler                          0x080002eb   Thumb Code     0  startup_stm32f767xx.o(.text)
    SPI2_IRQHandler                          0x080002eb   Thumb Code     0  startup_stm32f767xx.o(.text)
    SPI3_IRQHandler                          0x080002eb   Thumb Code     0  startup_stm32f767xx.o(.text)
    SPI4_IRQHandler                          0x080002eb   Thumb Code     0  startup_stm32f767xx.o(.text)
    SPI5_IRQHandler                          0x080002eb   Thumb Code     0  startup_stm32f767xx.o(.text)
    SPI6_IRQHandler                          0x080002eb   Thumb Code     0  startup_stm32f767xx.o(.text)
    TAMP_STAMP_IRQHandler                    0x080002eb   Thumb Code     0  startup_stm32f767xx.o(.text)
    TIM1_BRK_TIM9_IRQHandler                 0x080002eb   Thumb Code     0  startup_stm32f767xx.o(.text)
    TIM1_CC_IRQHandler                       0x080002eb   Thumb Code     0  startup_stm32f767xx.o(.text)
    TIM1_TRG_COM_TIM11_IRQHandler            0x080002eb   Thumb Code     0  startup_stm32f767xx.o(.text)
    TIM2_IRQHandler                          0x080002eb   Thumb Code     0  startup_stm32f767xx.o(.text)
    TIM3_IRQHandler                          0x080002eb   Thumb Code     0  startup_stm32f767xx.o(.text)
    TIM4_IRQHandler                          0x080002eb   Thumb Code     0  startup_stm32f767xx.o(.text)
    TIM5_IRQHandler                          0x080002eb   Thumb Code     0  startup_stm32f767xx.o(.text)
    TIM6_DAC_IRQHandler                      0x080002eb   Thumb Code     0  startup_stm32f767xx.o(.text)
    TIM7_IRQHandler                          0x080002eb   Thumb Code     0  startup_stm32f767xx.o(.text)
    TIM8_BRK_TIM12_IRQHandler                0x080002eb   Thumb Code     0  startup_stm32f767xx.o(.text)
    TIM8_CC_IRQHandler                       0x080002eb   Thumb Code     0  startup_stm32f767xx.o(.text)
    TIM8_TRG_COM_TIM14_IRQHandler            0x080002eb   Thumb Code     0  startup_stm32f767xx.o(.text)
    TIM8_UP_TIM13_IRQHandler                 0x080002eb   Thumb Code     0  startup_stm32f767xx.o(.text)
    UART4_IRQHandler                         0x080002eb   Thumb Code     0  startup_stm32f767xx.o(.text)
    UART5_IRQHandler                         0x080002eb   Thumb Code     0  startup_stm32f767xx.o(.text)
    UART7_IRQHandler                         0x080002eb   Thumb Code     0  startup_stm32f767xx.o(.text)
    UART8_IRQHandler                         0x080002eb   Thumb Code     0  startup_stm32f767xx.o(.text)
    USART1_IRQHandler                        0x080002eb   Thumb Code     0  startup_stm32f767xx.o(.text)
    USART2_IRQHandler                        0x080002eb   Thumb Code     0  startup_stm32f767xx.o(.text)
    USART3_IRQHandler                        0x080002eb   Thumb Code     0  startup_stm32f767xx.o(.text)
    USART6_IRQHandler                        0x080002eb   Thumb Code     0  startup_stm32f767xx.o(.text)
    WWDG_IRQHandler                          0x080002eb   Thumb Code     0  startup_stm32f767xx.o(.text)
    __aeabi_uldivmod                         0x080002f5   Thumb Code    98  uldiv.o(.text)
    __aeabi_memcpy                           0x08000357   Thumb Code    36  memcpya.o(.text)
    __aeabi_memcpy4                          0x08000357   Thumb Code     0  memcpya.o(.text)
    __aeabi_memcpy8                          0x08000357   Thumb Code     0  memcpya.o(.text)
    __aeabi_memset                           0x0800037b   Thumb Code    14  memseta.o(.text)
    __aeabi_memset4                          0x0800037b   Thumb Code     0  memseta.o(.text)
    __aeabi_memset8                          0x0800037b   Thumb Code     0  memseta.o(.text)
    __aeabi_memclr                           0x08000389   Thumb Code     4  memseta.o(.text)
    __aeabi_memclr4                          0x08000389   Thumb Code     0  memseta.o(.text)
    __aeabi_memclr8                          0x08000389   Thumb Code     0  memseta.o(.text)
    memset                                   0x0800038d   Thumb Code    18  memseta.o(.text)
    __aeabi_llsl                             0x0800039f   Thumb Code    30  llshl.o(.text)
    _ll_shift_l                              0x0800039f   Thumb Code     0  llshl.o(.text)
    __aeabi_llsr                             0x080003bd   Thumb Code    32  llushr.o(.text)
    _ll_ushift_r                             0x080003bd   Thumb Code     0  llushr.o(.text)
    __I$use$fp                               0x080003dd   Thumb Code     0  iusefp.o(.text)
    __scatterload                            0x080003dd   Thumb Code    28  init.o(.text)
    __scatterload_rt2                        0x080003dd   Thumb Code     0  init.o(.text)
    AngleNormalize                           0x08000401   Thumb Code    44  encoder.o(i.AngleNormalize)
    Board_LedToggle                          0x08000435   Thumb Code     4  board.o(i.Board_LedToggle)
    BusFault_Handler                         0x08000439   Thumb Code     2  stm32f7xx_it.o(i.BusFault_Handler)
    DebugMon_Handler                         0x0800043b   Thumb Code     2  stm32f7xx_it.o(i.DebugMon_Handler)
    DriveFunction                            0x0800043d   Thumb Code   628  main.o(i.DriveFunction)
    Encoder_Update                           0x08000709   Thumb Code   104  encoder.o(i.Encoder_Update)
    HAL_Delay                                0x08000779   Thumb Code    32  stm32f7xx_hal.o(i.HAL_Delay)
    HAL_GPIO_Init                            0x0800079d   Thumb Code   418  stm32f7xx_hal_gpio.o(i.HAL_GPIO_Init)
    HAL_GPIO_TogglePin                       0x08000975   Thumb Code    14  stm32f7xx_hal_gpio.o(i.HAL_GPIO_TogglePin)
    HAL_GPIO_WritePin                        0x08000983   Thumb Code    10  stm32f7xx_hal_gpio.o(i.HAL_GPIO_WritePin)
    HAL_GetTick                              0x0800098d   Thumb Code     6  stm32f7xx_hal.o(i.HAL_GetTick)
    HAL_I2CEx_ConfigAnalogFilter             0x08000999   Thumb Code    88  stm32f7xx_hal_i2c_ex.o(i.HAL_I2CEx_ConfigAnalogFilter)
    HAL_I2CEx_ConfigDigitalFilter            0x080009f1   Thumb Code    84  stm32f7xx_hal_i2c_ex.o(i.HAL_I2CEx_ConfigDigitalFilter)
    HAL_I2C_Init                             0x08000a45   Thumb Code   180  stm32f7xx_hal_i2c.o(i.HAL_I2C_Init)
    HAL_I2C_Master_Transmit                  0x08000afd   Thumb Code   282  stm32f7xx_hal_i2c.o(i.HAL_I2C_Master_Transmit)
    HAL_I2C_MspInit                          0x08000c21   Thumb Code   148  stm32f7xx_hal_msp.o(i.HAL_I2C_MspInit)
    HAL_IncTick                              0x08000cc9   Thumb Code    12  stm32f7xx_hal.o(i.HAL_IncTick)
    HAL_Init                                 0x08000cd9   Thumb Code    22  stm32f7xx_hal.o(i.HAL_Init)
    HAL_InitTick                             0x08000cf1   Thumb Code   100  stm32f7xx_hal_timebase_tim.o(i.HAL_InitTick)
    HAL_MspInit                              0x08000d65   Thumb Code    52  stm32f7xx_hal_msp.o(i.HAL_MspInit)
    HAL_NVIC_EnableIRQ                       0x08000d9d   Thumb Code    26  stm32f7xx_hal_cortex.o(i.HAL_NVIC_EnableIRQ)
    HAL_NVIC_SetPriority                     0x08000db9   Thumb Code    60  stm32f7xx_hal_cortex.o(i.HAL_NVIC_SetPriority)
    HAL_NVIC_SetPriorityGrouping             0x08000df9   Thumb Code    28  stm32f7xx_hal_cortex.o(i.HAL_NVIC_SetPriorityGrouping)
    HAL_PWREx_EnableOverDrive                0x08000e1d   Thumb Code   100  stm32f7xx_hal_pwr_ex.o(i.HAL_PWREx_EnableOverDrive)
    HAL_RCCEx_PeriphCLKConfig                0x08000e89   Thumb Code  1336  stm32f7xx_hal_rcc_ex.o(i.HAL_RCCEx_PeriphCLKConfig)
    HAL_RCC_ClockConfig                      0x080013c5   Thumb Code   282  stm32f7xx_hal_rcc.o(i.HAL_RCC_ClockConfig)
    HAL_RCC_GetClockConfig                   0x080014f1   Thumb Code    56  stm32f7xx_hal_rcc.o(i.HAL_RCC_GetClockConfig)
    HAL_RCC_GetPCLK2Freq                     0x08001531   Thumb Code    20  stm32f7xx_hal_rcc.o(i.HAL_RCC_GetPCLK2Freq)
    HAL_RCC_GetSysClockFreq                  0x08001551   Thumb Code    88  stm32f7xx_hal_rcc.o(i.HAL_RCC_GetSysClockFreq)
    HAL_RCC_OscConfig                        0x080015b1   Thumb Code   814  stm32f7xx_hal_rcc.o(i.HAL_RCC_OscConfig)
    HAL_SPI_Init                             0x080018ed   Thumb Code   196  stm32f7xx_hal_spi.o(i.HAL_SPI_Init)
    HAL_SPI_MspInit                          0x080019b1   Thumb Code    86  stm32f7xx_hal_msp.o(i.HAL_SPI_MspInit)
    HAL_SPI_TransmitReceive                  0x08001a15   Thumb Code   608  stm32f7xx_hal_spi.o(i.HAL_SPI_TransmitReceive)
    HAL_TIMEx_Break2Callback                 0x08001c75   Thumb Code     2  stm32f7xx_hal_tim_ex.o(i.HAL_TIMEx_Break2Callback)
    HAL_TIMEx_BreakCallback                  0x08001c77   Thumb Code     2  stm32f7xx_hal_tim_ex.o(i.HAL_TIMEx_BreakCallback)
    HAL_TIMEx_CommutCallback                 0x08001c79   Thumb Code     2  stm32f7xx_hal_tim_ex.o(i.HAL_TIMEx_CommutCallback)
    HAL_TIMEx_MasterConfigSynchronization    0x08001c7d   Thumb Code    88  stm32f7xx_hal_tim_ex.o(i.HAL_TIMEx_MasterConfigSynchronization)
    HAL_TIM_Base_Init                        0x08001cdd   Thumb Code    54  stm32f7xx_hal_tim.o(i.HAL_TIM_Base_Init)
    HAL_TIM_Base_MspInit                     0x08001d13   Thumb Code     2  stm32f7xx_hal_tim.o(i.HAL_TIM_Base_MspInit)
    HAL_TIM_Base_Start_IT                    0x08001d15   Thumb Code    40  stm32f7xx_hal_tim.o(i.HAL_TIM_Base_Start_IT)
    HAL_TIM_Encoder_Init                     0x08001d41   Thumb Code   162  stm32f7xx_hal_tim.o(i.HAL_TIM_Encoder_Init)
    HAL_TIM_Encoder_MspInit                  0x08001de9   Thumb Code   264  stm32f7xx_hal_msp.o(i.HAL_TIM_Encoder_MspInit)
    HAL_TIM_IC_CaptureCallback               0x08001f11   Thumb Code     2  stm32f7xx_hal_tim.o(i.HAL_TIM_IC_CaptureCallback)
    HAL_TIM_IRQHandler                       0x08001f13   Thumb Code   386  stm32f7xx_hal_tim.o(i.HAL_TIM_IRQHandler)
    HAL_TIM_OC_DelayElapsedCallback          0x08002095   Thumb Code     2  stm32f7xx_hal_tim.o(i.HAL_TIM_OC_DelayElapsedCallback)
    HAL_TIM_PWM_PulseFinishedCallback        0x08002097   Thumb Code     2  stm32f7xx_hal_tim.o(i.HAL_TIM_PWM_PulseFinishedCallback)
    HAL_TIM_PeriodElapsedCallback            0x08002099   Thumb Code    14  main.o(i.HAL_TIM_PeriodElapsedCallback)
    HAL_TIM_TriggerCallback                  0x080020ad   Thumb Code     2  stm32f7xx_hal_tim.o(i.HAL_TIM_TriggerCallback)
    HardFault_Handler                        0x080020af   Thumb Code     2  stm32f7xx_it.o(i.HardFault_Handler)
    MAX581x_Code                             0x08002283   Thumb Code    14  max581x.o(i.MAX581x_Code)
    MAX581x_CodeLoad                         0x08002291   Thumb Code    18  max581x.o(i.MAX581x_CodeLoad)
    MAX581x_Config                           0x080022a3   Thumb Code    16  max581x.o(i.MAX581x_Config)
    MAX581x_Init                             0x080022b3   Thumb Code    30  max581x.o(i.MAX581x_Init)
    MAX581x_Reference                        0x080022d1   Thumb Code    16  max581x.o(i.MAX581x_Reference)
    MAX581x_WriteCommand                     0x080022e1   Thumb Code    26  max581x.o(i.MAX581x_WriteCommand)
    MemManage_Handler                        0x0800273d   Thumb Code     2  stm32f7xx_it.o(i.MemManage_Handler)
    Motor_CLDrive                            0x08002741   Thumb Code    94  motor.o(i.Motor_CLDrive)
    Motor_Enable                             0x080027a5   Thumb Code    26  motor.o(i.Motor_Enable)
    Motor_Init                               0x080027c1   Thumb Code    26  motor.o(i.Motor_Init)
    Motor_SetBrake                           0x080027e1   Thumb Code    22  motor.o(i.Motor_SetBrake)
    Motor_SetVoltage                         0x080027f7   Thumb Code    84  motor.o(i.Motor_SetVoltage)
    NMI_Handler                              0x0800284b   Thumb Code     2  stm32f7xx_it.o(i.NMI_Handler)
    PID_CloseLoop                            0x0800284d   Thumb Code   150  pid.o(i.PID_CloseLoop)
    PID_Init                                 0x080028e5   Thumb Code    46  pid.o(i.PID_Init)
    RadioFunction                            0x08002919   Thumb Code    94  main.o(i.RadioFunction)
    SysTick_Handler                          0x08002af9   Thumb Code    42  port.o(i.SysTick_Handler)
    SystemClock_Config                       0x08002b29   Thumb Code   150  main.o(i.SystemClock_Config)
    SystemInit                               0x08002bc9   Thumb Code    68  system_stm32f7xx.o(i.SystemInit)
    TIM1_UP_TIM10_IRQHandler                 0x08002c1d   Thumb Code     6  stm32f7xx_it.o(i.TIM1_UP_TIM10_IRQHandler)
    TIM_Base_SetConfig                       0x08002c29   Thumb Code   158  stm32f7xx_hal_tim.o(i.TIM_Base_SetConfig)
    UsageFault_Handler                       0x08002cf5   Thumb Code     2  stm32f7xx_it.o(i.UsageFault_Handler)
    __ARM_fpclassify                         0x08002cf7   Thumb Code    48  fpclassify.o(i.__ARM_fpclassify)
    __hardfp_cos                             0x08002d49   Thumb Code   158  cos.o(i.__hardfp_cos)
    __hardfp_floorf                          0x08002df9   Thumb Code   102  floorf.o(i.__hardfp_floorf)
    __hardfp_sin                             0x08002e71   Thumb Code   158  sin.o(i.__hardfp_sin)
    __ieee754_rem_pio2                       0x08002f21   Thumb Code   646  rred.o(i.__ieee754_rem_pio2)
    __kernel_cos                             0x08003231   Thumb Code   182  cos_i.o(i.__kernel_cos)
    __kernel_poly                            0x08003311   Thumb Code   112  poly.o(i.__kernel_poly)
    __kernel_sin                             0x08003381   Thumb Code   144  sin_i.o(i.__kernel_sin)
    __mathlib_dbl_invalid                    0x08003429   Thumb Code    10  dunder.o(i.__mathlib_dbl_invalid)
    __mathlib_dbl_underflow                  0x08003441   Thumb Code    10  dunder.o(i.__mathlib_dbl_underflow)
    __scatterload_copy                       0x08003459   Thumb Code    14  handlers.o(i.__scatterload_copy)
    __scatterload_null                       0x08003467   Thumb Code     2  handlers.o(i.__scatterload_null)
    __scatterload_zeroinit                   0x08003469   Thumb Code    14  handlers.o(i.__scatterload_zeroinit)
    __set_errno                              0x08003479   Thumb Code     6  errno.o(i.__set_errno)
    fabs                                     0x08003485   Thumb Code    24  fabs.o(i.fabs)
    getDribblerSpeed                         0x0800349d   Thumb Code    16  main.o(i.getDribblerSpeed)
    main                                     0x080034b9   Thumb Code   330  main.o(i.main)
    mod                                      0x08003649   Thumb Code   130  encoder.o(i.mod)
    nRF24_ClearIRQFlags                      0x080036d1   Thumb Code    22  nrf24.o(i.nRF24_ClearIRQFlags)
    nRF24_DisableAA                          0x080036e7   Thumb Code    36  nrf24.o(i.nRF24_DisableAA)
    nRF24_FlushRX                            0x0800370b   Thumb Code     8  nrf24.o(i.nRF24_FlushRX)
    nRF24_FlushTX                            0x08003713   Thumb Code     8  nrf24.o(i.nRF24_FlushTX)
    nRF24_GPIO_Init                          0x0800371d   Thumb Code    28  nrf24_hal.o(i.nRF24_GPIO_Init)
    nRF24_GetStatus                          0x0800373d   Thumb Code     6  nrf24.o(i.nRF24_GetStatus)
    nRF24_Init                               0x08003745   Thumb Code   156  nrf24.o(i.nRF24_Init)
    nRF24_LL_RW                              0x080037e5   Thumb Code    28  nrf24_hal.o(i.nRF24_LL_RW)
    nRF24_ReadPayload                        0x0800384d   Thumb Code    54  nrf24.o(i.nRF24_ReadPayload)
    nRF24_SetOperationalMode                 0x080038c1   Thumb Code    30  nrf24.o(i.nRF24_SetOperationalMode)
    nRF24_SetPowerMode                       0x080038df   Thumb Code    34  nrf24.o(i.nRF24_SetPowerMode)
    nRF24_SetRXPipe                          0x08003901   Thumb Code    74  nrf24.o(i.nRF24_SetRXPipe)
    osDelay                                  0x080039a9   Thumb Code    14  cmsis_os.o(i.osDelay)
    osDelayUntil                             0x080039b7   Thumb Code    14  cmsis_os.o(i.osDelayUntil)
    osKernelStart                            0x080039c5   Thumb Code    10  cmsis_os.o(i.osKernelStart)
    osKernelSysTick                          0x080039cf   Thumb Code    24  cmsis_os.o(i.osKernelSysTick)
    osThreadCreate                           0x080039e7   Thumb Code    46  cmsis_os.o(i.osThreadCreate)
    pvPortMalloc                             0x08003d49   Thumb Code   222  heap_4.o(i.pvPortMalloc)
    pxPortInitialiseStack                    0x08003e2d   Thumb Code    42  port.o(i.pxPortInitialiseStack)
    setSpeed                                 0x08003e5d   Thumb Code   212  main.o(i.setSpeed)
    uxListRemove                             0x08003f49   Thumb Code    38  list.o(i.uxListRemove)
    vListInitialise                          0x08003f6f   Thumb Code    22  list.o(i.vListInitialise)
    vListInitialiseItem                      0x08003f85   Thumb Code     6  list.o(i.vListInitialiseItem)
    vListInsert                              0x08003f8b   Thumb Code    48  list.o(i.vListInsert)
    vListInsertEnd                           0x08003fbb   Thumb Code    24  list.o(i.vListInsertEnd)
    vPortEnterCritical                       0x08003fd5   Thumb Code    62  port.o(i.vPortEnterCritical)
    vPortExitCritical                        0x0800401d   Thumb Code    38  port.o(i.vPortExitCritical)
    vPortFree                                0x08004049   Thumb Code    96  heap_4.o(i.vPortFree)
    vPortSetupTimerInterrupt                 0x080040ad   Thumb Code    32  port.o(i.vPortSetupTimerInterrupt)
    vPortValidateInterruptPriority           0x080040d1   Thumb Code    82  port.o(i.vPortValidateInterruptPriority)
    vTaskDelay                               0x0800412d   Thumb Code    70  tasks.o(i.vTaskDelay)
    vTaskDelayUntil                          0x0800417d   Thumb Code   144  tasks.o(i.vTaskDelayUntil)
    vTaskStartScheduler                      0x08004215   Thumb Code    94  tasks.o(i.vTaskStartScheduler)
    vTaskSuspendAll                          0x08004285   Thumb Code    10  tasks.o(i.vTaskSuspendAll)
    vTaskSwitchContext                       0x08004295   Thumb Code    86  tasks.o(i.vTaskSwitchContext)
    xPortStartScheduler                      0x080042f5   Thumb Code   176  port.o(i.xPortStartScheduler)
    xTaskCreate                              0x080043b5   Thumb Code    86  tasks.o(i.xTaskCreate)
    xTaskGetTickCount                        0x0800440d   Thumb Code     6  tasks.o(i.xTaskGetTickCount)
    xTaskGetTickCountFromISR                 0x08004419   Thumb Code    12  tasks.o(i.xTaskGetTickCountFromISR)
    xTaskIncrementTick                       0x08004429   Thumb Code   196  tasks.o(i.xTaskIncrementTick)
    xTaskResumeAll                           0x080044f5   Thumb Code   188  tasks.o(i.xTaskResumeAll)
    AHBPrescTable                            0x080045f4   Data          16  system_stm32f7xx.o(.constdata)
    APBPrescTable                            0x08004604   Data           8  system_stm32f7xx.o(.constdata)
    Region$$Table$$Base                      0x08004748   Number         0  anon$$obj.o(Region$$Table)
    Region$$Table$$Limit                     0x08004768   Number         0  anon$$obj.o(Region$$Table)
    rxLen                                    0x20000000   Data           1  main.o(.data)
    status                                   0x20000001   Data           1  main.o(.data)
    dribblerSpeed                            0x20000004   Data           4  main.o(.data)
    driveTaskHandle                          0x20000008   Data           4  main.o(.data)
    radioTaskHandle                          0x2000000c   Data           4  main.o(.data)
    direction                                0x20000010   Data           4  main.o(.data)
    SystemCoreClock                          0x20000014   Data           4  system_stm32f7xx.o(.data)
    uwTickFreq                               0x20000018   Data           1  stm32f7xx_hal.o(.data)
    uwTickPrio                               0x2000001c   Data           4  stm32f7xx_hal.o(.data)
    uwTick                                   0x20000020   Data           4  stm32f7xx_hal.o(.data)
    pxCurrentTCB                             0x20000024   Data           4  tasks.o(.data)
    hi2c1                                    0x20000088   Data          76  main.o(.bss)
    hi2c2                                    0x200000d4   Data          76  main.o(.bss)
    hspi1                                    0x20000120   Data         100  main.o(.bss)
    htim2                                    0x20000184   Data          64  main.o(.bss)
    htim3                                    0x200001c4   Data          64  main.o(.bss)
    htim5                                    0x20000204   Data          64  main.o(.bss)
    htim8                                    0x20000244   Data          64  main.o(.bss)
    rxBuffer                                 0x20000284   Data          32  main.o(.bss)
    speed                                    0x200002a4   Data          16  main.o(.bss)
    kinematic                                0x200002b4   Data          48  main.o(.bss)
    motor                                    0x200002e4   Data         480  main.o(.bss)
    v_vel                                    0x200004c4   Data          12  main.o(.bss)
    htim1                                    0x200004d0   Data          64  stm32f7xx_hal_timebase_tim.o(.bss)
    __initial_sp                             0x20004600   Data           0  startup_stm32f767xx.o(STACK)



==============================================================================

Memory Map of the image

  Image Entry point : 0x080001f9

  Load Region LR_IROM1 (Base: 0x08000000, Size: 0x000047f0, Max: 0x00200000, ABSOLUTE)

    Execution Region ER_IROM1 (Exec base: 0x08000000, Load base: 0x08000000, Size: 0x00004768, Max: 0x00200000, ABSOLUTE)

    Exec Addr    Load Addr    Size         Type   Attr      Idx    E Section Name        Object

    0x08000000   0x08000000   0x000001f8   Data   RO            3    RESET               startup_stm32f767xx.o
    0x080001f8   0x080001f8   0x00000000   Code   RO         5331  * .ARM.Collect$$$$00000000  mc_w.l(entry.o)
    0x080001f8   0x080001f8   0x00000004   Code   RO         5372    .ARM.Collect$$$$00000001  mc_w.l(entry2.o)
    0x080001fc   0x080001fc   0x00000004   Code   RO         5375    .ARM.Collect$$$$00000004  mc_w.l(entry5.o)
    0x08000200   0x08000200   0x00000000   Code   RO         5377    .ARM.Collect$$$$00000008  mc_w.l(entry7b.o)
    0x08000200   0x08000200   0x00000000   Code   RO         5379    .ARM.Collect$$$$0000000A  mc_w.l(entry8b.o)
    0x08000200   0x08000200   0x00000008   Code   RO         5380    .ARM.Collect$$$$0000000B  mc_w.l(entry9a.o)
    0x08000208   0x08000208   0x00000000   Code   RO         5382    .ARM.Collect$$$$0000000D  mc_w.l(entry10a.o)
    0x08000208   0x08000208   0x00000000   Code   RO         5384    .ARM.Collect$$$$0000000F  mc_w.l(entry11a.o)
    0x08000208   0x08000208   0x00000004   Code   RO         5373    .ARM.Collect$$$$00002712  mc_w.l(entry2.o)
    0x0800020c   0x0800020c   0x000000c2   Code   RO         5224    .emb_text           port.o
    0x080002ce   0x080002ce   0x00000002   PAD
    0x080002d0   0x080002d0   0x00000024   Code   RO            4    .text               startup_stm32f767xx.o
    0x080002f4   0x080002f4   0x00000062   Code   RO         5334    .text               mc_w.l(uldiv.o)
    0x08000356   0x08000356   0x00000024   Code   RO         5336    .text               mc_w.l(memcpya.o)
    0x0800037a   0x0800037a   0x00000024   Code   RO         5340    .text               mc_w.l(memseta.o)
    0x0800039e   0x0800039e   0x0000001e   Code   RO         5386    .text               mc_w.l(llshl.o)
    0x080003bc   0x080003bc   0x00000020   Code   RO         5388    .text               mc_w.l(llushr.o)
    0x080003dc   0x080003dc   0x00000000   Code   RO         5397    .text               mc_w.l(iusefp.o)
    0x080003dc   0x080003dc   0x00000024   Code   RO         5408    .text               mc_w.l(init.o)
    0x08000400   0x08000400   0x00000034   Code   RO          599    i.AngleNormalize    encoder.o
    0x08000434   0x08000434   0x00000004   Code   RO          404    i.Board_LedToggle   board.o
    0x08000438   0x08000438   0x00000002   Code   RO          874    i.BusFault_Handler  stm32f7xx_it.o
    0x0800043a   0x0800043a   0x00000002   Code   RO          875    i.DebugMon_Handler  stm32f7xx_it.o
    0x0800043c   0x0800043c   0x000002cc   Code   RO          683    i.DriveFunction     main.o
    0x08000708   0x08000708   0x00000070   Code   RO          600    i.Encoder_Update    encoder.o
    0x08000778   0x08000778   0x00000024   Code   RO         3796    i.HAL_Delay         stm32f7xx_hal.o
    0x0800079c   0x0800079c   0x000001d8   Code   RO         3363    i.HAL_GPIO_Init     stm32f7xx_hal_gpio.o
    0x08000974   0x08000974   0x0000000e   Code   RO         3366    i.HAL_GPIO_TogglePin  stm32f7xx_hal_gpio.o
    0x08000982   0x08000982   0x0000000a   Code   RO         3367    i.HAL_GPIO_WritePin  stm32f7xx_hal_gpio.o
    0x0800098c   0x0800098c   0x0000000c   Code   RO         3806    i.HAL_GetTick       stm32f7xx_hal.o
    0x08000998   0x08000998   0x00000058   Code   RO         1667    i.HAL_I2CEx_ConfigAnalogFilter  stm32f7xx_hal_i2c_ex.o
    0x080009f0   0x080009f0   0x00000054   Code   RO         1668    i.HAL_I2CEx_ConfigDigitalFilter  stm32f7xx_hal_i2c_ex.o
    0x08000a44   0x08000a44   0x000000b8   Code   RO         1221    i.HAL_I2C_Init      stm32f7xx_hal_i2c.o
    0x08000afc   0x08000afc   0x00000124   Code   RO         1234    i.HAL_I2C_Master_Transmit  stm32f7xx_hal_i2c.o
    0x08000c20   0x08000c20   0x000000a8   Code   RO          939    i.HAL_I2C_MspInit   stm32f7xx_hal_msp.o
    0x08000cc8   0x08000cc8   0x00000010   Code   RO         3812    i.HAL_IncTick       stm32f7xx_hal.o
    0x08000cd8   0x08000cd8   0x00000016   Code   RO         3813    i.HAL_Init          stm32f7xx_hal.o
    0x08000cee   0x08000cee   0x00000002   PAD
    0x08000cf0   0x08000cf0   0x00000074   Code   RO          998    i.HAL_InitTick      stm32f7xx_hal_timebase_tim.o
    0x08000d64   0x08000d64   0x00000038   Code   RO          940    i.HAL_MspInit       stm32f7xx_hal_msp.o
    0x08000d9c   0x08000d9c   0x0000001a   Code   RO         1080    i.HAL_NVIC_EnableIRQ  stm32f7xx_hal_cortex.o
    0x08000db6   0x08000db6   0x00000002   PAD
    0x08000db8   0x08000db8   0x00000040   Code   RO         1086    i.HAL_NVIC_SetPriority  stm32f7xx_hal_cortex.o
    0x08000df8   0x08000df8   0x00000024   Code   RO         1087    i.HAL_NVIC_SetPriorityGrouping  stm32f7xx_hal_cortex.o
    0x08000e1c   0x08000e1c   0x0000006c   Code   RO         3703    i.HAL_PWREx_EnableOverDrive  stm32f7xx_hal_pwr_ex.o
    0x08000e88   0x08000e88   0x0000053c   Code   RO         3124    i.HAL_RCCEx_PeriphCLKConfig  stm32f7xx_hal_rcc_ex.o
    0x080013c4   0x080013c4   0x0000012c   Code   RO         3017    i.HAL_RCC_ClockConfig  stm32f7xx_hal_rcc.o
    0x080014f0   0x080014f0   0x00000040   Code   RO         3021    i.HAL_RCC_GetClockConfig  stm32f7xx_hal_rcc.o
    0x08001530   0x08001530   0x00000020   Code   RO         3025    i.HAL_RCC_GetPCLK2Freq  stm32f7xx_hal_rcc.o
    0x08001550   0x08001550   0x00000060   Code   RO         3026    i.HAL_RCC_GetSysClockFreq  stm32f7xx_hal_rcc.o
    0x080015b0   0x080015b0   0x0000033c   Code   RO         3029    i.HAL_RCC_OscConfig  stm32f7xx_hal_rcc.o
    0x080018ec   0x080018ec   0x000000c4   Code   RO         1720    i.HAL_SPI_Init      stm32f7xx_hal_spi.o
    0x080019b0   0x080019b0   0x00000064   Code   RO          942    i.HAL_SPI_MspInit   stm32f7xx_hal_msp.o
    0x08001a14   0x08001a14   0x00000260   Code   RO         1729    i.HAL_SPI_TransmitReceive  stm32f7xx_hal_spi.o
    0x08001c74   0x08001c74   0x00000002   Code   RO         2747    i.HAL_TIMEx_Break2Callback  stm32f7xx_hal_tim_ex.o
    0x08001c76   0x08001c76   0x00000002   Code   RO         2748    i.HAL_TIMEx_BreakCallback  stm32f7xx_hal_tim_ex.o
    0x08001c78   0x08001c78   0x00000002   Code   RO         2749    i.HAL_TIMEx_CommutCallback  stm32f7xx_hal_tim_ex.o
    0x08001c7a   0x08001c7a   0x00000002   PAD
    0x08001c7c   0x08001c7c   0x00000060   Code   RO         2768    i.HAL_TIMEx_MasterConfigSynchronization  stm32f7xx_hal_tim_ex.o
    0x08001cdc   0x08001cdc   0x00000036   Code   RO         2062    i.HAL_TIM_Base_Init  stm32f7xx_hal_tim.o
    0x08001d12   0x08001d12   0x00000002   Code   RO         2064    i.HAL_TIM_Base_MspInit  stm32f7xx_hal_tim.o
    0x08001d14   0x08001d14   0x0000002c   Code   RO         2067    i.HAL_TIM_Base_Start_IT  stm32f7xx_hal_tim.o
    0x08001d40   0x08001d40   0x000000a8   Code   RO         2080    i.HAL_TIM_Encoder_Init  stm32f7xx_hal_tim.o
    0x08001de8   0x08001de8   0x00000128   Code   RO          944    i.HAL_TIM_Encoder_MspInit  stm32f7xx_hal_msp.o
    0x08001f10   0x08001f10   0x00000002   Code   RO         2091    i.HAL_TIM_IC_CaptureCallback  stm32f7xx_hal_tim.o
    0x08001f12   0x08001f12   0x00000182   Code   RO         2105    i.HAL_TIM_IRQHandler  stm32f7xx_hal_tim.o
    0x08002094   0x08002094   0x00000002   Code   RO         2108    i.HAL_TIM_OC_DelayElapsedCallback  stm32f7xx_hal_tim.o
    0x08002096   0x08002096   0x00000002   Code   RO         2135    i.HAL_TIM_PWM_PulseFinishedCallback  stm32f7xx_hal_tim.o
    0x08002098   0x08002098   0x00000014   Code   RO          685    i.HAL_TIM_PeriodElapsedCallback  main.o
    0x080020ac   0x080020ac   0x00000002   Code   RO         2148    i.HAL_TIM_TriggerCallback  stm32f7xx_hal_tim.o
    0x080020ae   0x080020ae   0x00000002   Code   RO          876    i.HardFault_Handler  stm32f7xx_it.o
    0x080020b0   0x080020b0   0x00000022   Code   RO         1268    i.I2C_Flush_TXDR    stm32f7xx_hal_i2c.o
    0x080020d2   0x080020d2   0x00000002   PAD
    0x080020d4   0x080020d4   0x00000088   Code   RO         1276    i.I2C_IsAcknowledgeFailed  stm32f7xx_hal_i2c.o
    0x0800215c   0x0800215c   0x0000002c   Code   RO         1283    i.I2C_TransferConfig  stm32f7xx_hal_i2c.o
    0x08002188   0x08002188   0x0000005a   Code   RO         1284    i.I2C_WaitOnFlagUntilTimeout  stm32f7xx_hal_i2c.o
    0x080021e2   0x080021e2   0x0000004e   Code   RO         1286    i.I2C_WaitOnSTOPFlagUntilTimeout  stm32f7xx_hal_i2c.o
    0x08002230   0x08002230   0x00000052   Code   RO         1287    i.I2C_WaitOnTXISFlagUntilTimeout  stm32f7xx_hal_i2c.o
    0x08002282   0x08002282   0x0000000e   Code   RO          441    i.MAX581x_Code      max581x.o
    0x08002290   0x08002290   0x00000012   Code   RO          444    i.MAX581x_CodeLoad  max581x.o
    0x080022a2   0x080022a2   0x00000010   Code   RO          446    i.MAX581x_Config    max581x.o
    0x080022b2   0x080022b2   0x0000001e   Code   RO          447    i.MAX581x_Init      max581x.o
    0x080022d0   0x080022d0   0x00000010   Code   RO          451    i.MAX581x_Reference  max581x.o
    0x080022e0   0x080022e0   0x0000001a   Code   RO          452    i.MAX581x_WriteCommand  max581x.o
    0x080022fa   0x080022fa   0x00000002   PAD
    0x080022fc   0x080022fc   0x00000200   Code   RO          686    i.MX_GPIO_Init      main.o
    0x080024fc   0x080024fc   0x00000044   Code   RO          687    i.MX_I2C1_Init      main.o
    0x08002540   0x08002540   0x00000044   Code   RO          688    i.MX_I2C2_Init      main.o
    0x08002584   0x08002584   0x00000048   Code   RO          689    i.MX_SPI1_Init      main.o
    0x080025cc   0x080025cc   0x00000058   Code   RO          690    i.MX_TIM2_Init      main.o
    0x08002624   0x08002624   0x0000005c   Code   RO          691    i.MX_TIM3_Init      main.o
    0x08002680   0x08002680   0x0000005c   Code   RO          692    i.MX_TIM5_Init      main.o
    0x080026dc   0x080026dc   0x00000060   Code   RO          693    i.MX_TIM8_Init      main.o
    0x0800273c   0x0800273c   0x00000002   Code   RO          877    i.MemManage_Handler  stm32f7xx_it.o
    0x0800273e   0x0800273e   0x00000002   PAD
    0x08002740   0x08002740   0x00000064   Code   RO          532    i.Motor_CLDrive     motor.o
    0x080027a4   0x080027a4   0x0000001a   Code   RO          533    i.Motor_Enable      motor.o
    0x080027be   0x080027be   0x00000002   PAD
    0x080027c0   0x080027c0   0x00000020   Code   RO          534    i.Motor_Init        motor.o
    0x080027e0   0x080027e0   0x00000016   Code   RO          536    i.Motor_SetBrake    motor.o
    0x080027f6   0x080027f6   0x00000054   Code   RO          537    i.Motor_SetVoltage  motor.o
    0x0800284a   0x0800284a   0x00000002   Code   RO          878    i.NMI_Handler       stm32f7xx_it.o
    0x0800284c   0x0800284c   0x00000096   Code   RO          635    i.PID_CloseLoop     pid.o
    0x080028e2   0x080028e2   0x00000002   PAD
    0x080028e4   0x080028e4   0x00000034   Code   RO          637    i.PID_Init          pid.o
    0x08002918   0x08002918   0x0000006c   Code   RO          694    i.RadioFunction     main.o
    0x08002984   0x08002984   0x00000048   Code   RO         1758    i.SPI_EndRxTxTransaction  stm32f7xx_hal_spi.o
    0x080029cc   0x080029cc   0x00000096   Code   RO         1763    i.SPI_WaitFifoStateUntilTimeout  stm32f7xx_hal_spi.o
    0x08002a62   0x08002a62   0x00000094   Code   RO         1764    i.SPI_WaitFlagStateUntilTimeout  stm32f7xx_hal_spi.o
    0x08002af6   0x08002af6   0x00000002   PAD
    0x08002af8   0x08002af8   0x00000030   Code   RO         5225    i.SysTick_Handler   port.o
    0x08002b28   0x08002b28   0x000000a0   Code   RO          695    i.SystemClock_Config  main.o
    0x08002bc8   0x08002bc8   0x00000054   Code   RO         1038    i.SystemInit        system_stm32f7xx.o
    0x08002c1c   0x08002c1c   0x0000000c   Code   RO          879    i.TIM1_UP_TIM10_IRQHandler  stm32f7xx_it.o
    0x08002c28   0x08002c28   0x000000cc   Code   RO         2150    i.TIM_Base_SetConfig  stm32f7xx_hal_tim.o
    0x08002cf4   0x08002cf4   0x00000002   Code   RO          880    i.UsageFault_Handler  stm32f7xx_it.o
    0x08002cf6   0x08002cf6   0x00000030   Code   RO         5404    i.__ARM_fpclassify  m_wv.l(fpclassify.o)
    0x08002d26   0x08002d26   0x00000022   Code   RO         1093    i.__NVIC_SetPriority  stm32f7xx_hal_cortex.o
    0x08002d48   0x08002d48   0x000000b0   Code   RO         5301    i.__hardfp_cos      m_wv.l(cos.o)
    0x08002df8   0x08002df8   0x00000078   Code   RO         5313    i.__hardfp_floorf   m_wv.l(floorf.o)
    0x08002e70   0x08002e70   0x000000b0   Code   RO         5319    i.__hardfp_sin      m_wv.l(sin.o)
    0x08002f20   0x08002f20   0x00000310   Code   RO         5361    i.__ieee754_rem_pio2  m_wv.l(rred.o)
    0x08003230   0x08003230   0x000000e0   Code   RO         5344    i.__kernel_cos      m_wv.l(cos_i.o)
    0x08003310   0x08003310   0x00000070   Code   RO         5406    i.__kernel_poly     m_wv.l(poly.o)
    0x08003380   0x08003380   0x000000a8   Code   RO         5366    i.__kernel_sin      m_wv.l(sin_i.o)
    0x08003428   0x08003428   0x00000018   Code   RO         5350    i.__mathlib_dbl_invalid  m_wv.l(dunder.o)
    0x08003440   0x08003440   0x00000018   Code   RO         5353    i.__mathlib_dbl_underflow  m_wv.l(dunder.o)
    0x08003458   0x08003458   0x0000000e   Code   RO         5412    i.__scatterload_copy  mc_w.l(handlers.o)
    0x08003466   0x08003466   0x00000002   Code   RO         5413    i.__scatterload_null  mc_w.l(handlers.o)
    0x08003468   0x08003468   0x0000000e   Code   RO         5414    i.__scatterload_zeroinit  mc_w.l(handlers.o)
    0x08003476   0x08003476   0x00000002   PAD
    0x08003478   0x08003478   0x0000000c   Code   RO         5392    i.__set_errno       mc_w.l(errno.o)
    0x08003484   0x08003484   0x00000018   Code   RO         5400    i.fabs              m_wv.l(fabs.o)
    0x0800349c   0x0800349c   0x00000010   Code   RO          696    i.getDribblerSpeed  main.o
    0x080034ac   0x080034ac   0x0000000c   Code   RO         4794    i.inHandlerMode     cmsis_os.o
    0x080034b8   0x080034b8   0x00000180   Code   RO          697    i.main              main.o
    0x08003638   0x08003638   0x0000000e   Code   RO         4796    i.makeFreeRtosPriority  cmsis_os.o
    0x08003646   0x08003646   0x00000002   PAD
    0x08003648   0x08003648   0x00000088   Code   RO          601    i.mod               encoder.o
    0x080036d0   0x080036d0   0x00000016   Code   RO           14    i.nRF24_ClearIRQFlags  nrf24.o
    0x080036e6   0x080036e6   0x00000024   Code   RO           16    i.nRF24_DisableAA   nrf24.o
    0x0800370a   0x0800370a   0x00000008   Code   RO           18    i.nRF24_FlushRX     nrf24.o
    0x08003712   0x08003712   0x00000008   Code   RO           19    i.nRF24_FlushTX     nrf24.o
    0x0800371a   0x0800371a   0x00000002   PAD
    0x0800371c   0x0800371c   0x00000020   Code   RO          332    i.nRF24_GPIO_Init   nrf24_hal.o
    0x0800373c   0x0800373c   0x00000006   Code   RO           23    i.nRF24_GetStatus   nrf24.o
    0x08003742   0x08003742   0x00000002   PAD
    0x08003744   0x08003744   0x000000a0   Code   RO           26    i.nRF24_Init        nrf24.o
    0x080037e4   0x080037e4   0x00000020   Code   RO          333    i.nRF24_LL_RW       nrf24_hal.o
    0x08003804   0x08003804   0x00000048   Code   RO           27    i.nRF24_ReadMBReg   nrf24.o
    0x0800384c   0x0800384c   0x0000003c   Code   RO           28    i.nRF24_ReadPayload  nrf24.o
    0x08003888   0x08003888   0x00000038   Code   RO           29    i.nRF24_ReadReg     nrf24.o
    0x080038c0   0x080038c0   0x0000001e   Code   RO           36    i.nRF24_SetOperationalMode  nrf24.o
    0x080038de   0x080038de   0x00000022   Code   RO           37    i.nRF24_SetPowerMode  nrf24.o
    0x08003900   0x08003900   0x00000050   Code   RO           39    i.nRF24_SetRXPipe   nrf24.o
    0x08003950   0x08003950   0x00000058   Code   RO           43    i.nRF24_WriteReg    nrf24.o
    0x080039a8   0x080039a8   0x0000000e   Code   RO         4798    i.osDelay           cmsis_os.o
    0x080039b6   0x080039b6   0x0000000e   Code   RO         4799    i.osDelayUntil      cmsis_os.o
    0x080039c4   0x080039c4   0x0000000a   Code   RO         4801    i.osKernelStart     cmsis_os.o
    0x080039ce   0x080039ce   0x00000018   Code   RO         4802    i.osKernelSysTick   cmsis_os.o
    0x080039e6   0x080039e6   0x0000002e   Code   RO         4835    i.osThreadCreate    cmsis_os.o
    0x08003a14   0x08003a14   0x00000070   Code   RO         4493    i.prvAddCurrentTaskToDelayedList  tasks.o
    0x08003a84   0x08003a84   0x000000d0   Code   RO         4494    i.prvAddNewTaskToReadyList  tasks.o
    0x08003b54   0x08003b54   0x00000014   Code   RO         4495    i.prvDeleteTCB      tasks.o
    0x08003b68   0x08003b68   0x00000050   Code   RO         5163    i.prvHeapInit       heap_4.o
    0x08003bb8   0x08003bb8   0x00000060   Code   RO         4496    i.prvIdleTask       tasks.o
    0x08003c18   0x08003c18   0x00000092   Code   RO         4497    i.prvInitialiseNewTask  tasks.o
    0x08003caa   0x08003caa   0x00000002   PAD
    0x08003cac   0x08003cac   0x0000004c   Code   RO         5164    i.prvInsertBlockIntoFreeList  heap_4.o
    0x08003cf8   0x08003cf8   0x00000020   Code   RO         4498    i.prvResetNextTaskUnblockTime  tasks.o
    0x08003d18   0x08003d18   0x00000030   Code   RO         5226    i.prvTaskExitError  port.o
    0x08003d48   0x08003d48   0x000000e4   Code   RO         5165    i.pvPortMalloc      heap_4.o
    0x08003e2c   0x08003e2c   0x00000030   Code   RO         5227    i.pxPortInitialiseStack  port.o
    0x08003e5c   0x08003e5c   0x000000ec   Code   RO          698    i.setSpeed          main.o
    0x08003f48   0x08003f48   0x00000026   Code   RO         4166    i.uxListRemove      list.o
    0x08003f6e   0x08003f6e   0x00000016   Code   RO         4167    i.vListInitialise   list.o
    0x08003f84   0x08003f84   0x00000006   Code   RO         4168    i.vListInitialiseItem  list.o
    0x08003f8a   0x08003f8a   0x00000030   Code   RO         4169    i.vListInsert       list.o
    0x08003fba   0x08003fba   0x00000018   Code   RO         4170    i.vListInsertEnd    list.o
    0x08003fd2   0x08003fd2   0x00000002   PAD
    0x08003fd4   0x08003fd4   0x00000048   Code   RO         5229    i.vPortEnterCritical  port.o
    0x0800401c   0x0800401c   0x0000002c   Code   RO         5230    i.vPortExitCritical  port.o
    0x08004048   0x08004048   0x00000064   Code   RO         5166    i.vPortFree         heap_4.o
    0x080040ac   0x080040ac   0x00000024   Code   RO         5231    i.vPortSetupTimerInterrupt  port.o
    0x080040d0   0x080040d0   0x0000005c   Code   RO         5232    i.vPortValidateInterruptPriority  port.o
    0x0800412c   0x0800412c   0x00000050   Code   RO         4506    i.vTaskDelay        tasks.o
    0x0800417c   0x0800417c   0x00000098   Code   RO         4507    i.vTaskDelayUntil   tasks.o
    0x08004214   0x08004214   0x00000070   Code   RO         4520    i.vTaskStartScheduler  tasks.o
    0x08004284   0x08004284   0x00000010   Code   RO         4522    i.vTaskSuspendAll   tasks.o
    0x08004294   0x08004294   0x00000060   Code   RO         4523    i.vTaskSwitchContext  tasks.o
    0x080042f4   0x080042f4   0x000000c0   Code   RO         5233    i.xPortStartScheduler  port.o
    0x080043b4   0x080043b4   0x00000056   Code   RO         4525    i.xTaskCreate       tasks.o
    0x0800440a   0x0800440a   0x00000002   PAD
    0x0800440c   0x0800440c   0x0000000c   Code   RO         4530    i.xTaskGetTickCount  tasks.o
    0x08004418   0x08004418   0x00000010   Code   RO         4531    i.xTaskGetTickCountFromISR  tasks.o
    0x08004428   0x08004428   0x000000cc   Code   RO         4532    i.xTaskIncrementTick  tasks.o
    0x080044f4   0x080044f4   0x000000c8   Code   RO         4538    i.xTaskResumeAll    tasks.o
    0x080045bc   0x080045bc   0x0000000d   Data   RO           44    .constdata          nrf24.o
    0x080045c9   0x080045c9   0x00000003   PAD
    0x080045cc   0x080045cc   0x00000028   Data   RO          700    .constdata          main.o
    0x080045f4   0x080045f4   0x00000010   Data   RO         1039    .constdata          system_stm32f7xx.o
    0x08004604   0x08004604   0x00000008   Data   RO         1040    .constdata          system_stm32f7xx.o
    0x0800460c   0x0800460c   0x00000004   PAD
    0x08004610   0x08004610   0x00000030   Data   RO         5345    .constdata          m_wv.l(cos_i.o)
    0x08004640   0x08004640   0x000000c8   Data   RO         5363    .constdata          m_wv.l(rred.o)
    0x08004708   0x08004708   0x00000028   Data   RO         5367    .constdata          m_wv.l(sin_i.o)
    0x08004730   0x08004730   0x00000016   Data   RO          701    .conststring        main.o
    0x08004746   0x08004746   0x00000002   PAD
    0x08004748   0x08004748   0x00000020   Data   RO         5410    Region$$Table       anon$$obj.o


    Execution Region RW_IRAM1 (Exec base: 0x20000000, Load base: 0x08004768, Size: 0x00004600, Max: 0x00080000, ABSOLUTE)

    Exec Addr    Load Addr    Size         Type   Attr      Idx    E Section Name        Object

    0x20000000   0x08004768   0x00000014   Data   RW          703    .data               main.o
    0x20000014   0x0800477c   0x00000004   Data   RW         1041    .data               system_stm32f7xx.o
    0x20000018   0x08004780   0x0000000c   Data   RW         3820    .data               stm32f7xx_hal.o
    0x20000024   0x0800478c   0x0000003c   Data   RW         4541    .data               tasks.o
    0x20000060   0x080047c8   0x00000018   Data   RW         5171    .data               heap_4.o
    0x20000078   0x080047e0   0x0000000c   Data   RW         5234    .data               port.o
    0x20000084   0x080047ec   0x00000004   Data   RW         5393    .data               mc_w.l(errno.o)
    0x20000088        -       0x00000448   Zero   RW          699    .bss                main.o
    0x200004d0        -       0x00000040   Zero   RW         1001    .bss                stm32f7xx_hal_timebase_tim.o
    0x20000510        -       0x000000f0   Zero   RW         4540    .bss                tasks.o
    0x20000600        -       0x00003c00   Zero   RW         5170    .bss                heap_4.o
    0x20004200        -       0x00000400   Zero   RW            1    STACK               startup_stm32f767xx.o


==============================================================================

Image component sizes


      Code (inc. data)   RO Data    RW Data    ZI Data      Debug   Object Name

         4          0          0          0          0        782   board.o
       134          0          0          0          0      19694   cmsis_os.o
       300         22          0          0          0       2544   encoder.o
         0          0          0          0          0       9524   event_groups.o
       484         24          0         24      15360       7411   heap_4.o
       138          0          0          0          0       3578   list.o
      2728        304         62         20       1096      32171   main.o
       120          0          0          0          0       5109   max581x.o
       264         12          0          0          0       5944   motor.o
       660         32         13          0          0     867425   nrf24.o
        64          8          0          0          0       1044   nrf24_hal.o
       202          6          0          0          0       1623   pid.o
       774         80          0         12          0      11981   port.o
        36          8        504          0       1024        840   startup_stm32f767xx.o
        86         14          0         12          0       8514   stm32f7xx_hal.o
       160         12          0          0          0      38218   stm32f7xx_hal_cortex.o
       496         54          0          0          0       3205   stm32f7xx_hal_gpio.o
       940         22          0          0          0       8645   stm32f7xx_hal_i2c.o
       172          0          0          0          0       1979   stm32f7xx_hal_i2c_ex.o
       620         70          0          0          0       3436   stm32f7xx_hal_msp.o
       108          8          0          0          0       1276   stm32f7xx_hal_pwr_ex.o
      1320         60          0          0          0       5226   stm32f7xx_hal_rcc.o
      1340         22          0          0          0       2328   stm32f7xx_hal_rcc_ex.o
      1174          0          0          0          0       6085   stm32f7xx_hal_spi.o
       866         56          0          0          0       8255   stm32f7xx_hal_tim.o
       102          8          0          0          0       3068   stm32f7xx_hal_tim_ex.o
       116         16          0          0         64       1415   stm32f7xx_hal_timebase_tim.o
        24          6          0          0          0       3228   stm32f7xx_it.o
        84         16         24          4          0       1239   system_stm32f7xx.o
      1588        126          0         60        240      17535   tasks.o

    ----------------------------------------------------------------------
     15136        986        644        132      17784    1083322   Object Totals
         0          0         32          0          0          0   (incl. Generated)
        32          0          9          0          0          0   (incl. Padding)

    ----------------------------------------------------------------------

      Code (inc. data)   RO Data    RW Data    ZI Data      Debug   Library Member Name

       176         18          0          0          0        156   cos.o
       224         42         48          0          0        184   cos_i.o
        48         28          0          0          0        232   dunder.o
        24          0          0          0          0        124   fabs.o
       120         18          0          0          0        116   floorf.o
        48          0          0          0          0        124   fpclassify.o
       112          0          0          0          0        116   poly.o
       784        138        200          0          0        172   rred.o
       176         18          0          0          0        160   sin.o
       168         24         40          0          0        196   sin_i.o
         0          0          0          0          0          0   entry.o
         0          0          0          0          0          0   entry10a.o
         0          0          0          0          0          0   entry11a.o
         8          4          0          0          0          0   entry2.o
         4          0          0          0          0          0   entry5.o
         0          0          0          0          0          0   entry7b.o
         0          0          0          0          0          0   entry8b.o
         8          4          0          0          0          0   entry9a.o
        12          6          0          4          0         68   errno.o
        30          0          0          0          0          0   handlers.o
        36          8          0          0          0         68   init.o
         0          0          0          0          0          0   iusefp.o
        30          0          0          0          0         68   llshl.o
        32          0          0          0          0         68   llushr.o
        36          0          0          0          0         68   memcpya.o
        36          0          0          0          0        108   memseta.o
        98          0          0          0          0         92   uldiv.o

    ----------------------------------------------------------------------
      2212        308        288          4          0       2120   Library Totals
         2          0          0          0          0          0   (incl. Padding)

    ----------------------------------------------------------------------

      Code (inc. data)   RO Data    RW Data    ZI Data      Debug   Library Name

      1880        286        288          0          0       1580   m_wv.l
       330         22          0          4          0        540   mc_w.l

    ----------------------------------------------------------------------
      2212        308        288          4          0       2120   Library Totals

    ----------------------------------------------------------------------

==============================================================================


      Code (inc. data)   RO Data    RW Data    ZI Data      Debug   

     17348       1294        932        136      17784    1070590   Grand Totals
     17348       1294        932        136      17784    1070590   ELF Image Totals
     17348       1294        932        136          0          0   ROM Totals

==============================================================================

    Total RO  Size (Code + RO Data)                18280 (  17.85kB)
    Total RW  Size (RW Data + ZI Data)             17920 (  17.50kB)
    Total ROM Size (Code + RO Data + RW Data)      18416 (  17.98kB)

==============================================================================

